2026-10-07 21:02:35,561 INFO 💶 Budget: dieser Lauf 0.063 $ | heute 0.00 $ | Monat 0.72 / 23 $
2026-10-07 21:02:36,013 INFO URL-Cache geladen: 27288 bekannte URLs (letzte 30 Tage)
2026-10-07 21:02:36,013 INFO === Ligaoutsider Generator startet – max. 50 Artikel ===
2026-10-07 21:02:36,013 INFO Feed: https://newsfeed.kicker.de/news/bundesliga
2026-10-07 21:02:36,221 INFO S1 Medienseite ohne Artikeltext: Torwart-Tore: Ein Derby-Held, ein brisantes Duell und 35 Sek
2026-10-07 21:02:36,221 INFO Feed: https://www.sportschau.de/fussball/bundesliga/index~rss2.xml
2026-10-07 21:02:36,950 INFO Feed: https://sportbild.bild.de/feed/sportbild-home.xml
2026-10-07 21:02:37,480 INFO S2 blacklist: Es geht um die Länderspielpause - Kovac-Wut auf BVB‑PK: „Tot
2026-10-07 21:02:37,518 INFO BL-Spielerliste geladen: 1002 Namen
2026-10-07 21:02:37,559 INFO S3 keyword miss: MagentaTV-Moderator - Kerner: Das dachte ich bei Klopps „Noc
2026-10-07 21:02:37,560 INFO Feed: https://www.bild.de/rss-feeds/rss-16725492,feed=fussball-mix.bild.html
2026-10-07 21:02:38,270 INFO S3 keyword miss: Hätten Sie es gewusst? - Ex-DFB-Star jetzt Trainer in Saudi-
2026-10-07 21:02:38,270 INFO Feed: https://www.11freunde.de/feed
2026-10-07 21:02:39,602 INFO Feed: https://www.bundesliga.com/de/bundesliga/news.rss
2026-10-07 21:02:40,435 INFO Feed: https://news.google.com/rss/topics/CAAqJggKIiBDQkFTRWdvSUwyMHZNRFp1ZEdvU0FtUmxHZ0pFUlNnQVAB?hl=de&gl=DE&ceid=DE:de
2026-10-07 21:02:40,951 INFO S2 blacklist: FC Bayern: Wichtiger Besuch für Supertalent des Rekordmeiste
2026-10-07 21:02:40,952 INFO S2 blacklist: Deutschland rutscht in FIFA-Weltrangliste ab – Portugal klet
2026-10-07 21:02:40,952 INFO S2 blacklist: DFB-Debütantin Baum und ihr besonderes Tape am Handgelenk
2026-10-07 21:02:41,081 INFO S3 keyword miss: Handball: SCM steht vor wegweisendem Duell in Kielce
2026-10-07 21:02:41,082 INFO S2 blacklist: Kader Nationalmannschaft: Musiala und Wirtz – im Klopp-Syste
2026-10-07 21:02:41,082 INFO S2 blacklist: Vor Europe-Cup-Auftakt: Überraschende Neuverpflichtung: Dies
2026-10-07 21:02:41,214 INFO S3 keyword miss: Premier League: Wut und Fassungslosigkeit über Man City
2026-10-07 21:02:41,215 INFO S2 blacklist: Wer gewinnt das Gipfeltreffen in der Regionalliga Nordost?
2026-10-07 21:02:41,395 INFO S3 keyword miss: Hessen: Wirbel bei der MT Melsungen: Johannes Golla forciert
2026-10-07 21:02:41,512 INFO S3 keyword miss: Medien: Mbappé verlässt Real Madrid – Transferziel gewählt
2026-10-07 21:02:41,513 INFO S2 blacklist: DF1 überträgt Löwen-Gastspiel in Illertissen live
2026-10-07 21:02:41,646 INFO S3 keyword miss: "Ich bin begeistert": Hornets-Coach singt Loblied auf Steinb
2026-10-07 21:02:41,647 INFO Feed: https://news.google.com/rss/search?q=Bundesliga+Testspiel+Ergebnis&hl=de&gl=DE&ceid=DE:de
2026-10-07 21:02:41,974 INFO Feed: https://news.google.com/rss/search?q=Bundesliga+Vorbereitung+Sommertour&hl=de&gl=DE&ceid=DE:de
2026-10-07 21:02:42,204 INFO Feed: https://news.google.com/rss/search?q=Bundesliga+Verletzung+Ausfall+gesperrt&hl=de&gl=DE&ceid=DE:de
2026-10-07 21:02:42,565 INFO Feed: https://news.google.com/rss/search?q=Bundesliga+Transfer+Wechsel+verpflichtet&hl=de&gl=DE&ceid=DE:de
2026-10-07 21:02:42,903 INFO Feed: https://news.google.com/rss/search?q=Bundesliga+Gerücht+Interesse+Angebot&hl=de&gl=DE&ceid=DE:de
2026-10-07 21:02:43,363 INFO Feed: https://news.google.com/rss/search?q=Bundesliga+Vertrag+verlängert+ablösefrei&hl=de&gl=DE&ceid=DE:de
2026-10-07 21:02:43,692 INFO Feed: https://news.google.com/rss/search?q=%22FC+Bayern%22+OR+%22Bayern+M%C3%BCnchen%22+when%3A1d&hl=de&gl=DE&ceid=DE:de
2026-10-07 21:02:44,270 INFO S3 keyword miss: Ex-Fußballer: Vor „Promi Big Brother“ war Christian Lell mit
2026-10-07 21:02:44,362 INFO S3 keyword miss: Maycon Cardozo könnte noch in diesem Jahr in den Spielbetrie
2026-10-07 21:02:44,364 INFO Feed: https://news.google.com/rss/search?q=BVB+OR+%22Borussia+Dortmund%22+when%3A1d&hl=de&gl=DE&ceid=DE:de
2026-10-07 21:02:44,860 INFO S2 blacklist: DHB-Pokal-Viertelfinale: Frauen von Frisch Auf Göppingen müs
2026-10-07 21:02:44,862 INFO S2 Liveticker übersprungen: Liveticker | Borussia Dortmund - Buxtehuder SV 9:6 | 5. Spie
2026-10-07 21:02:44,910 INFO S2 blacklist: Kovac-Kritik: «Länderspielpause war definitiv zu lang»
2026-10-07 21:02:44,912 INFO Feed: https://news.google.com/rss/search?q=%22Bayer+Leverkusen%22+OR+%22Bayer+04%22+when%3A1d&hl=de&gl=DE&ceid=DE:de
2026-10-07 21:02:45,369 INFO S3 keyword miss: Schock: Bundesliga-Juwel stoppt Vertragsverhandlungen
2026-10-07 21:02:45,370 INFO Feed: https://news.google.com/rss/search?q=%22RB+Leipzig%22+when%3A1d&hl=de&gl=DE&ceid=DE:de
2026-10-07 21:02:45,781 INFO Feed: https://news.google.com/rss/search?q=%22VfB+Stuttgart%22+when%3A1d&hl=de&gl=DE&ceid=DE:de
2026-10-07 21:02:46,176 INFO S2 blacklist: VfB Stuttgart U19
2026-10-07 21:02:46,256 INFO S3 keyword miss: Hans-Peter Mentzel
2026-10-07 21:02:46,290 INFO Feed: https://news.google.com/rss/search?q=%22Eintracht+Frankfurt%22+when%3A1d&hl=de&gl=DE&ceid=DE:de
2026-10-07 21:02:46,734 INFO Feed: https://news.google.com/rss/search?q=Gladbach+OR+%22Borussia+M%C3%B6nchengladbach%22+when%3A1d&hl=de&gl=DE&ceid=DE:de
2026-10-07 21:02:47,215 INFO S3 keyword miss: Christoph Kramer: Über diese Trainer-Entlassung freute ich m
2026-10-07 21:02:47,217 INFO Feed: https://news.google.com/rss/search?q=%22SC+Freiburg%22+when%3A1d&hl=de&gl=DE&ceid=DE:de
2026-10-07 21:02:47,668 INFO Feed: https://news.google.com/rss/search?q=Hoffenheim+when%3A1d&hl=de&gl=DE&ceid=DE:de
2026-10-07 21:02:48,210 INFO S2 kein BL-Klub im Titel: Preußen Münster: Für Jakob Korte wird es immer enger
2026-10-07 21:02:48,210 INFO Feed: https://news.google.com/rss/search?q=%22Mainz+05%22+when%3A1d&hl=de&gl=DE&ceid=DE:de
2026-10-07 21:02:48,669 INFO S3 keyword miss: Lieberknecht kontert: "Haben gezeigt, dass wir mehr als ein 
2026-10-07 21:02:48,749 INFO S3 keyword miss: Bernhard Gehl
2026-10-07 21:02:48,749 INFO Feed: https://news.google.com/rss/search?q=%22FC+Augsburg%22+when%3A1d&hl=de&gl=DE&ceid=DE:de
2026-10-07 21:02:49,101 INFO S2 blacklist: 5. Spieltag: Borussia Dortmund - SV Werder Bremen - Borussia
2026-10-07 21:02:49,102 INFO Feed: https://news.google.com/rss/search?q=%22Union+Berlin%22+when%3A1d&hl=de&gl=DE&ceid=DE:de
2026-10-07 21:02:49,524 INFO S2 blacklist: 5. Spieltag: 1.FC Union Berlin - SV 07 Elversberg - SV Elver
2026-10-07 21:02:49,527 INFO Feed: https://news.google.com/rss/search?q=%22Werder+Bremen%22+when%3A1d&hl=de&gl=DE&ceid=DE:de
2026-10-07 21:02:50,112 INFO S3 keyword miss: Hannes Drews
2026-10-07 21:02:50,116 INFO Feed: https://news.google.com/rss/search?q=HSV+OR+%22Hamburger+SV%22+when%3A1d&hl=de&gl=DE&ceid=DE:de
2026-10-07 21:02:50,556 INFO S2 blacklist: Handball-Bezirksoberliga Männer: Wer bleibt mit dem Derbysie
2026-10-07 21:02:50,557 INFO Feed: https://news.google.com/rss/search?q=%221.+FC+K%C3%B6ln%22+OR+%22FC+K%C3%B6ln%22+when%3A1d&hl=de&gl=DE&ceid=DE:de
2026-10-07 21:02:51,041 INFO S3 keyword miss: Kevin Ekweribe Archive
2026-10-07 21:02:51,047 INFO Feed: https://news.google.com/rss/search?q=Schalke+when%3A1d&hl=de&gl=DE&ceid=DE:de
2026-10-07 21:02:51,502 INFO Feed: https://news.google.com/rss/search?q=Elversberg+when%3A1d&hl=de&gl=DE&ceid=DE:de
2026-10-07 21:02:51,927 INFO S3 keyword miss: Ex-Trainer des TSV Steinbach Haiger coacht in der Bundesliga
2026-10-07 21:02:52,007 INFO S3 keyword miss: Jochen Kayser
2026-10-07 21:02:52,008 INFO S2 blacklist: Thore Jacobsen - Elfmetertore | Seite 2
2026-10-07 21:02:52,008 INFO Feed: https://news.google.com/rss/search?q=%22SC+Paderborn%22+when%3A1d&hl=de&gl=DE&ceid=DE:de
2026-10-07 21:02:52,397 INFO Feed: https://www.transfermarkt.de/rss/news
2026-10-07 21:02:52,461 INFO Feed: https://www.waz.de/sport/fussball/rss
2026-10-07 21:02:53,027 INFO Feed: https://www.faz.net/rss/aktuell/sport/fussball/bundesliga/
2026-10-07 21:02:53,675 INFO Feed: https://bulinews.com/rss.xml
2026-10-07 21:02:54,278 INFO Feed: https://www.abendblatt.de/sport/rss
2026-10-07 21:02:54,690 INFO Feed: https://www.merkur.de/sport/fc-bayern/rssfeed.rdf
2026-10-07 21:02:55,476 INFO Feed: https://www.eyefootball.com/rss_news_main.xml
2026-10-07 21:02:56,055 INFO S3 keyword miss: Man Utd handed boost in signing 26yo Real Madrid star
2026-10-07 21:02:56,134 INFO S3 keyword miss: 5 Things To Look Out For As The Premier League Returns
2026-10-07 21:02:56,215 INFO S3 keyword miss: Liverpool to battle Man Utd for Bournemouth star?
2026-10-07 21:02:56,295 INFO S3 keyword miss: Jules Kounde makes Barcelona transfer decision
2026-10-07 21:02:56,297 INFO Feed: https://www.ligaportal.at/international/deutsche-bundesliga?format=feed&type=rss
2026-10-07 21:02:59,076 INFO Feed: https://www.reddit.com/r/soccer/new.rss?limit=100
2026-10-07 21:03:00,156 INFO S3 keyword miss: [Sami Mokbel, BBC] Declan Rice close to agreeing new Arsenal
2026-10-07 21:03:00,257 INFO S3 keyword miss: Manuel Akanji’s comment on Swiss Media: “You guys are still 
2026-10-07 21:03:00,343 INFO S3 keyword miss: Cristiano Ronaldo’s comment on Messi’s latest Instagram Post
2026-10-07 21:03:00,343 INFO Feed: https://newsfeed.kicker.de/team/fc-bayern-muenchen
2026-10-07 21:03:00,564 INFO Feed: https://newsfeed.kicker.de/team/borussia-dortmund
2026-10-07 21:03:00,636 INFO Feed: https://newsfeed.kicker.de/team/rb-leipzig
2026-10-07 21:03:00,853 INFO Feed: https://newsfeed.kicker.de/team/bayer-04-leverkusen
2026-10-07 21:03:01,069 INFO Feed: https://newsfeed.kicker.de/team/vfb-stuttgart
2026-10-07 21:03:01,153 INFO Feed: https://newsfeed.kicker.de/team/eintracht-frankfurt
2026-10-07 21:03:01,375 INFO Feed: https://newsfeed.kicker.de/team/bor-moenchengladbach
2026-10-07 21:03:01,588 INFO Feed: https://newsfeed.kicker.de/team/sc-freiburg
2026-10-07 21:03:01,805 INFO Feed: https://newsfeed.kicker.de/team/tsg-hoffenheim
2026-10-07 21:03:02,023 INFO Feed: https://newsfeed.kicker.de/team/1-fsv-mainz-05
2026-10-07 21:03:02,247 INFO Feed: https://newsfeed.kicker.de/team/fc-augsburg
2026-10-07 21:03:02,462 INFO Feed: https://newsfeed.kicker.de/team/1-fc-union-berlin
2026-10-07 21:03:02,677 INFO Feed: https://newsfeed.kicker.de/team/werder-bremen
2026-10-07 21:03:02,891 INFO Feed: https://newsfeed.kicker.de/team/hamburger-sv
2026-10-07 21:03:03,117 INFO Feed: https://newsfeed.kicker.de/team/1-fc-koeln
2026-10-07 21:03:03,333 INFO Feed: https://newsfeed.kicker.de/team/fc-schalke-04
2026-10-07 21:03:03,549 INFO Feed: https://newsfeed.kicker.de/team/sv-elversberg
2026-10-07 21:03:03,779 INFO Feed: https://newsfeed.kicker.de/team/sc-paderborn-07
2026-10-07 21:03:04,004 INFO Feed: https://newsfeed.kicker.de/news/champions-league
2026-10-07 21:03:04,306 INFO Feed: ligainsider:themen
2026-10-07 21:03:28,997 INFO LigaInsider (Themenfinder): 150 Meldungen von 18 Vereinsseiten
2026-10-07 21:03:32,636 INFO Eingelesen: 54 Schlagzeilen nach den Gratis-Filtern
2026-10-07 21:03:34,256 INFO S5 kein Bundesliga-Spieler oder -Klub erkennbar: Füllkrugs besondere Rückkehr vor die Gelbe Wand
2026-10-07 21:03:34,259 INFO S5 schon berichtet (Gladbach vor dem Derby in Köln: 13 Auswärtssp): Gladbach spielt im Test gegen St. Pauli unentschieden
2026-10-07 21:03:34,264 INFO S5 Randthema: S04-Boss Tillmann im Interview: Das macht Schalke für Sponsoren so ein
2026-10-07 21:03:34,265 INFO S5: 50 neue Geschichten, 1 schon berichtet, 1 zu wartenden Geschichten ergänzt, 75 warten
2026-10-07 21:05:46,951 INFO S6 aussortiert (prio_0): Nach schwerer Krankheit - Bayern trauert um Heynckes-Assistenten Schmi
2026-10-07 21:05:46,951 INFO S6 aussortiert (prio_0): Macht sie wirklich weiter? Ski-Star Lindsey Vonn für Weltcup-Kader nom
2026-10-07 21:05:46,951 INFO S6 aussortiert (doppelt): Beier spricht über Gespräch mit Klopp
2026-10-07 21:05:46,952 INFO S6 aussortiert (doppelt): FC Bayern trauert um früheren Co-Trainer – Ex-Heynckes-Assistent wurde
2026-10-07 21:05:46,952 INFO S6 aussortiert (prio_1): Von Man. City zu Bayern? So entwickelte sich der Haaland-Marktwert
2026-10-07 21:05:46,952 INFO S6 aussortiert (doppelt): FC Bayern trauert um Hans-Dieter Schmidt - er war Assistent von Jupp H
2026-10-07 21:05:46,952 INFO S6 aussortiert (prio_0): Sauer über Dantes holprigen Start bei Bayern-Amateuren: "Natürlich ist
2026-10-07 21:05:46,953 INFO S6 aussortiert (prio_0): Der Sport-Tag: Links liegen gelassener BVB-Star will es Klopp "schwere
2026-10-07 21:05:46,953 INFO S6 aussortiert (prio_1): "First Dates“: Kann Schalke-Fan Dirk über Emilias BVB-Herz hinwegsehen
2026-10-07 21:05:46,953 INFO S6 aussortiert (doppelt): Nach Nicht-Nominierung: BVB-Profi will es Klopp „schwerer machen“
2026-10-07 21:05:46,953 INFO S6 aussortiert (doppelt): Fußball-Bundesliga: Weiterer Eingriff: Comeback von BVB-Kapitän Can we
2026-10-07 21:05:46,954 INFO S6 aussortiert (doppelt): Norwegens Torwarttrainer Frode Grodås verteidigt Leipzig-Keeper Ørjan 
2026-10-07 21:05:46,954 INFO S6 aussortiert (prio_1): Wie geht es nach dem Fußball weiter? Mario Götze spricht über seine Pl
2026-10-07 21:05:46,954 INFO S6 aussortiert (prio_0): Freiburger Fußballerin Cora Zicai ist zurück im Nationalteam
2026-10-07 21:05:46,954 INFO S6 aussortiert (prio_1): Exklusiver Vorverkauf
2026-10-07 21:05:46,955 INFO S6 aussortiert (prio_0): Schalke-Kaderplaner gewährt spannende Einblicke in monatelangen Transf
2026-10-07 21:05:46,955 INFO S6 aussortiert (prio_0): Wie Werder sich vor 20 Jahren gegen Messi behaupten musste
2026-10-07 21:05:46,955 INFO S6 aussortiert (doppelt): HSV und sein „europäisches Top-Talent“: ER ist eine große Investition
2026-10-07 21:05:46,955 INFO S6 aussortiert (prio_0): 1.FC Köln II
2026-10-07 21:05:46,956 INFO S6 aussortiert (prio_0): 1. FC KÖLN Karriere - Aber Das GLÜCKSRAD Bestimmt Meine TRANSFERS! 👀🍀 
2026-10-07 21:05:46,956 INFO S6 aussortiert (prio_1): Derby wirft schon Schatten voraus: BVB stichelt fies gegen Schalke
2026-10-07 21:05:46,956 INFO S6 aussortiert (prio_0): SV 07 Elversberg II
2026-10-07 21:05:48,251 INFO S7 schreiben (Prio 3, 1 Quellen): Hoffmeier macht Fortschritte im Reha-Prozess
2026-10-07 21:05:54,950 INFO S7 verworfen (zu_wenig_stoff): Hoffmeier macht Fortschritte im Reha-Prozess
2026-10-07 21:05:58,303 INFO S6.5 schon berichtet (Dortmunds Emre Can unterzieht sich weiterem E): Borussia Dortmund meldet Can-Eingriff und BVB-Aktie notiert 
2026-10-07 21:05:58,707 WARNING discarding data: None
2026-10-07 21:05:58,708 INFO S7 kein Volltext (trafilatura_returned_empty): Laimer schon da, Kane fehlt noch: So sieht es mit der Rückke
2026-10-07 21:05:58,708 INFO S7 zu wenig Stoff (0 Wörter aus 0 Quellen, Versuch 1/3): Laimer schon da, Kane fehlt noch: So sieht es mit der Rückke
2026-10-07 21:05:58,987 WARNING discarding data: None
2026-10-07 21:05:58,987 INFO S7 kein Volltext (trafilatura_returned_empty): Comeback gegen Bremen? Niko Kovac gibt Schlotterbeck-Update
2026-10-07 21:05:58,988 INFO S7 zu wenig Stoff (0 Wörter aus 0 Quellen, Versuch 2/3): Comeback gegen Bremen? Niko Kovac gibt Schlotterbeck-Update
2026-10-07 21:05:59,329 ERROR lxml parsing failed: Document is empty
2026-10-07 21:05:59,329 ERROR lxml parser bytestring Document is empty
2026-10-07 21:05:59,330 ERROR lxml parsing failed: Document is empty
2026-10-07 21:05:59,330 ERROR lxml parser bytestring Document is empty
2026-10-07 21:05:59,330 ERROR empty HTML tree: None
2026-10-07 21:05:59,330 WARNING discarding data: None
2026-10-07 21:05:59,331 INFO S7 kein Volltext (trafilatura_returned_empty): Aufstellung | FC Augsburg - Bayern München : | 5. Spieltag |
2026-10-07 21:05:59,331 INFO S7 zu wenig Stoff (0 Wörter aus 0 Quellen, Versuch 2/3): Aufstellung | FC Augsburg - Bayern München : | 5. Spieltag |
2026-10-07 21:05:59,551 ERROR lxml parsing failed: Document is empty
2026-10-07 21:05:59,551 ERROR lxml parser bytestring Document is empty
2026-10-07 21:05:59,551 ERROR lxml parsing failed: Document is empty
2026-10-07 21:05:59,551 ERROR lxml parser bytestring Document is empty
2026-10-07 21:05:59,551 ERROR empty HTML tree: None
2026-10-07 21:05:59,552 WARNING discarding data: None
2026-10-07 21:05:59,552 INFO S7 kein Volltext (trafilatura_returned_empty): Aufstellung | Borussia Dortmund - Werder Bremen : | 5. Spiel
2026-10-07 21:05:59,552 INFO S7 zu wenig Stoff (0 Wörter aus 0 Quellen, Versuch 2/3): Aufstellung | Borussia Dortmund - Werder Bremen : | 5. Spiel
2026-10-07 21:05:59,745 ERROR lxml parsing failed: Document is empty
2026-10-07 21:05:59,745 ERROR lxml parser bytestring Document is empty
2026-10-07 21:05:59,745 ERROR lxml parsing failed: Document is empty
2026-10-07 21:05:59,745 ERROR lxml parser bytestring Document is empty
2026-10-07 21:05:59,746 ERROR empty HTML tree: None
2026-10-07 21:05:59,746 WARNING discarding data: None
2026-10-07 21:05:59,746 INFO S7 kein Volltext (trafilatura_returned_empty): Aufstellung | 1. FSV Mainz 05 - Bayer 04 Leverkusen : | 5. S
2026-10-07 21:05:59,746 INFO S7 zu wenig Stoff (0 Wörter aus 0 Quellen, Versuch 2/3): Aufstellung | 1. FSV Mainz 05 - Bayer 04 Leverkusen : | 5. S
2026-10-07 21:05:59,956 ERROR lxml parsing failed: Document is empty
2026-10-07 21:05:59,957 ERROR lxml parser bytestring Document is empty
2026-10-07 21:05:59,957 ERROR lxml parsing failed: Document is empty
2026-10-07 21:05:59,957 ERROR lxml parser bytestring Document is empty
2026-10-07 21:05:59,957 ERROR empty HTML tree: None
2026-10-07 21:05:59,957 WARNING discarding data: None
2026-10-07 21:05:59,958 INFO S7 kein Volltext (trafilatura_returned_empty): Aufstellung | RB Leipzig - Eintracht Frankfurt : | 5. Spielt
2026-10-07 21:05:59,958 INFO S7 zu wenig Stoff (0 Wörter aus 0 Quellen, Versuch 2/3): Aufstellung | RB Leipzig - Eintracht Frankfurt : | 5. Spielt
2026-10-07 21:06:00,185 ERROR lxml parsing failed: Document is empty
2026-10-07 21:06:00,186 ERROR lxml parser bytestring Document is empty
2026-10-07 21:06:00,186 ERROR lxml parsing failed: Document is empty
2026-10-07 21:06:00,186 ERROR lxml parser bytestring Document is empty
2026-10-07 21:06:00,186 ERROR empty HTML tree: None
2026-10-07 21:06:00,186 WARNING discarding data: None
2026-10-07 21:06:00,187 INFO S7 kein Volltext (trafilatura_returned_empty): Aufstellung | SC Paderborn 07 - VfB Stuttgart : | 5. Spielta
2026-10-07 21:06:00,187 INFO S7 zu wenig Stoff (0 Wörter aus 0 Quellen, Versuch 2/3): Aufstellung | SC Paderborn 07 - VfB Stuttgart : | 5. Spielta
2026-10-07 21:06:00,399 ERROR lxml parsing failed: Document is empty
2026-10-07 21:06:00,399 ERROR lxml parser bytestring Document is empty
2026-10-07 21:06:00,400 ERROR lxml parsing failed: Document is empty
2026-10-07 21:06:00,400 ERROR lxml parser bytestring Document is empty
2026-10-07 21:06:00,400 ERROR empty HTML tree: None
2026-10-07 21:06:00,400 WARNING discarding data: None
2026-10-07 21:06:00,400 INFO S7 kein Volltext (trafilatura_returned_empty): Aufstellung | SC Freiburg - FC Schalke 04 : | 5. Spieltag | 
2026-10-07 21:06:00,401 INFO S7 zu wenig Stoff (0 Wörter aus 0 Quellen, Versuch 2/3): Aufstellung | SC Freiburg - FC Schalke 04 : | 5. Spieltag | 
2026-10-07 21:06:00,633 ERROR lxml parsing failed: Document is empty
2026-10-07 21:06:00,633 ERROR lxml parser bytestring Document is empty
2026-10-07 21:06:00,633 ERROR lxml parsing failed: Document is empty
2026-10-07 21:06:00,634 ERROR lxml parser bytestring Document is empty
2026-10-07 21:06:00,634 ERROR empty HTML tree: None
2026-10-07 21:06:00,634 WARNING discarding data: None
2026-10-07 21:06:00,634 INFO S7 kein Volltext (trafilatura_returned_empty): Aufstellung | 1. FC Union Berlin - SV Elversberg : | 5. Spie
2026-10-07 21:06:00,635 INFO S7 zu wenig Stoff (0 Wörter aus 0 Quellen, Versuch 2/3): Aufstellung | 1. FC Union Berlin - SV Elversberg : | 5. Spie
2026-10-07 21:06:00,863 ERROR lxml parsing failed: Document is empty
2026-10-07 21:06:00,863 ERROR lxml parser bytestring Document is empty
2026-10-07 21:06:00,864 ERROR lxml parsing failed: Document is empty
2026-10-07 21:06:00,864 ERROR lxml parser bytestring Document is empty
2026-10-07 21:06:00,864 ERROR empty HTML tree: None
2026-10-07 21:06:00,864 WARNING discarding data: None
2026-10-07 21:06:00,864 INFO S7 kein Volltext (trafilatura_returned_empty): Aufstellung | 1. FC Köln - Bor. Mönchengladbach : | 5. Spiel
2026-10-07 21:06:00,865 INFO S7 zu wenig Stoff (0 Wörter aus 0 Quellen, Versuch 2/3): Aufstellung | 1. FC Köln - Bor. Mönchengladbach : | 5. Spiel
2026-10-07 21:06:01,678 INFO S7 kein Volltext (too_short_52_words): BVB: Cramer spricht Klartext zur Kovac-Verlängerung – warum 
2026-10-07 21:06:01,678 INFO S7 zu wenig Stoff (0 Wörter aus 0 Quellen, Versuch 3/3): BVB: Cramer spricht Klartext zur Kovac-Verlängerung – warum 
2026-10-07 21:06:02,027 INFO S7 kein Volltext (too_short_15_words): Schlotterbeck fit für Bremen? Kovac gibt Update
2026-10-07 21:06:02,027 INFO S7 zu wenig Stoff (0 Wörter aus 0 Quellen, Versuch 3/3): Schlotterbeck fit für Bremen? Kovac gibt Update
2026-10-07 21:06:02,293 ERROR lxml parsing failed: Document is empty
2026-10-07 21:06:02,293 ERROR lxml parser bytestring Document is empty
2026-10-07 21:06:02,293 ERROR lxml parsing failed: Document is empty
2026-10-07 21:06:02,293 ERROR lxml parser bytestring Document is empty
2026-10-07 21:06:02,293 ERROR empty HTML tree: None
2026-10-07 21:06:02,293 WARNING discarding data: None
2026-10-07 21:06:02,294 INFO S7 kein Volltext (trafilatura_returned_empty): BVB-Kapitän Can erneut operiert: Wohl kein Einsatz mehr in d
2026-10-07 21:06:02,294 INFO S7 zu wenig Stoff (0 Wörter aus 0 Quellen, Versuch 2/3): BVB-Kapitän Can erneut operiert: Wohl kein Einsatz mehr in d
2026-10-07 21:06:03,312 INFO S7 kein Volltext (seite_zu_alt): BVB: "Er ist mitgenommen" - Kovac sorgt sich um Karetsas
2026-10-07 21:06:04,015 INFO S7 kein Volltext (seite_zu_alt): BVB: "Er ist mitgenommen" - Kovac sorgt sich um Karetsas
2026-10-07 21:06:04,015 INFO S7 zu wenig Stoff (0 Wörter aus 0 Quellen, Versuch 3/3): BVB: "Er ist mitgenommen" - Kovac sorgt sich um Karetsas
2026-10-07 21:06:05,125 INFO S7 kein Volltext (likely_paywall): „Sehr viel Spaß“: Mario Götze erklärt, warum er sich bei Ein
2026-10-07 21:06:06,981 INFO S7 kein Volltext (likely_paywall): „Sehr viel Spaß“: Mario Götze erklärt, warum er sich bei Ein
2026-10-07 21:06:06,981 INFO S7 zu wenig Stoff (0 Wörter aus 0 Quellen, Versuch 3/3): „Sehr viel Spaß“: Mario Götze erklärt, warum er sich bei Ein
2026-10-07 21:06:07,243 INFO S7 schreiben (Prio 2, 1 Quellen): Arsenal and Man Utd make contact for Leverkusen star
2026-10-07 21:06:14,689 INFO   Kandidat: Arsenal und Manchester United haken bei Leverkusens Kofane n
2026-10-07 21:06:15,140 INFO S7 kein Volltext (likely_paywall): Wie viele Tore Vasiljevic machen soll - Der HSV und sein „eu
2026-10-07 21:06:15,140 INFO S7 zu wenig Stoff (0 Wörter aus 0 Quellen, Versuch 1/3): Wie viele Tore Vasiljevic machen soll - Der HSV und sein „eu
2026-10-07 21:06:16,280 INFO S7 kein Volltext (too_short_56_words): Neuer Dämpfer bei Paderborns Klaas
2026-10-07 21:06:16,280 INFO S7 zu wenig Stoff (0 Wörter aus 0 Quellen, Versuch 1/3): Neuer Dämpfer bei Paderborns Klaas
2026-10-07 21:06:16,913 INFO S7 schreiben (Prio 2, 1 Quellen): FC Bayern: Nächster Schritt für Cardozo?
2026-10-07 21:06:21,419 INFO S7 verworfen (nicht_relevant): FC Bayern: Nächster Schritt für Cardozo?
2026-10-07 21:06:23,040 INFO S7 schreiben (Prio 2, 1 Quellen): Borussia Dortmund - SV Werder Bremen im Live-Stream und TV: 
2026-10-07 21:06:31,262 INFO   Kandidat: Tabellenführer Dortmund empfängt Werder zum Freitagsspiel
2026-10-07 21:06:31,757 INFO S7 schreiben (Prio 2, 1 Quellen): RB Leipzig - Eintracht Frankfurt: Frankfurt hat Luft nach ob
2026-10-07 21:06:40,326 INFO   Kandidat: Leipzig gegen Frankfurt: Duell zweier Teams im Tabellenmitte
2026-10-07 21:06:43,445 INFO S7 schreiben (Prio 2, 1 Quellen): 1. FC Köln mit Derby-Überraschung gegen Gladbach?
2026-10-07 21:06:52,037 INFO   Kandidat: Köln vor dem Derby: Rondic vor überraschender Startelf-Chanc
2026-10-07 21:06:57,704 INFO S7 schreiben (Prio 2, 1 Quellen): Neuer Vertrag für Lennart Karl: Warum der FC Bayern zögert
2026-10-07 21:07:04,932 INFO   Kandidat: Bayern: Keine Gespräche über neuen Vertrag für Lennart Karl
2026-10-07 21:07:10,209 INFO S7 schreiben (Prio 2, 1 Quellen): Irres Transfer-Angebot: Hat der BVB trotzdem Chancen bei Jah
2026-10-07 21:07:21,643 INFO   Kandidat: Liverpool soll 45 Millionen für Gilberto Mora bieten, BVB mi
2026-10-07 21:07:29,614 INFO S7 schreiben (Prio 2, 1 Quellen): FC Bayern plant brisanten Torwart-Coup – was wird jetzt aus 
2026-10-07 21:07:37,765 INFO S7.6 doppelt (Matthäus sieht in Urbig „den jungen Manuel Neuer“): Bayern beschäftigt sich mit Baumann, Urbig soll Ne
2026-10-07 21:07:38,137 INFO S7 schreiben (Prio 2, 1 Quellen): Schalke: „Wir haben Top-Spieler abgelehnt“
2026-10-07 21:07:46,597 INFO   Kandidat: Lüftl: Schalke lehnte im Sommer Top-Spieler ab
2026-10-07 21:07:51,616 INFO S7 schreiben (Prio 2, 1 Quellen): Schalke will Freiburg überlisten: Karaman schreckt vor Horro
2026-10-07 21:07:59,294 INFO   Kandidat: Schalke vor Freiburg: Karaman trotzt der Auswärtsbilanz
2026-10-07 21:08:02,590 INFO S7 schreiben (Prio 2, 1 Quellen): Er ärgert den "Effzeh" gerne: Wird dieser Gladbach-Star zum 
2026-10-07 21:08:09,936 INFO   Kandidat: Gladbach vor dem Derby: Sander trifft am liebsten gegen Köln
2026-10-07 21:08:10,427 INFO S7 kein Volltext (too_short_76_words): Brisante Details - SO wurde Frankfurts Krösche zum Top-Manag
2026-10-07 21:08:10,428 INFO S7 zu wenig Stoff (0 Wörter aus 0 Quellen, Versuch 3/3): Brisante Details - SO wurde Frankfurts Krösche zum Top-Manag
2026-10-07 21:08:11,675 INFO S7 kein Volltext (low_unique_content_ratio): „Dein Körper ist wie ein Auto“: Werder-Profi Regeer seinen T
2026-10-07 21:08:11,675 INFO S7 zu wenig Stoff (0 Wörter aus 0 Quellen, Versuch 1/3): „Dein Körper ist wie ein Auto“: Werder-Profi Regeer seinen T
2026-10-07 21:08:12,084 INFO S7 kein Volltext (too_short_60_words): Von der Couch auf den Platz - Verrückte DFB-Erfahrung für Ei
2026-10-07 21:08:12,084 INFO S7 zu wenig Stoff (0 Wörter aus 0 Quellen, Versuch 3/3): Von der Couch auf den Platz - Verrückte DFB-Erfahrung für Ei
2026-10-07 21:08:18,310 INFO S7 schreiben (Prio 2, 1 Quellen): Beim BVB! Füllkrugs Rückkehr vor die Gelbe Wand: "Wollen mar
2026-10-07 21:08:27,120 INFO   Kandidat: Füllkrug vor Rückkehr nach Dortmund: „Wollen marschieren“
2026-10-07 21:08:27,437 WARNING discarding data: None
2026-10-07 21:08:27,438 INFO S7 kein Volltext (trafilatura_returned_empty): Wie schwer wiegen die Ausfälle von Dallinga und Ache? So bew
2026-10-07 21:08:27,439 INFO S7 zu wenig Stoff (0 Wörter aus 0 Quellen, Versuch 1/3): Wie schwer wiegen die Ausfälle von Dallinga und Ache? So bew
2026-10-07 21:08:27,709 WARNING discarding data: None
2026-10-07 21:08:27,710 INFO S7 kein Volltext (trafilatura_returned_empty): Kovac über Werders 0:7-Pleite gegen Twente: "Ich bewerte das
2026-10-07 21:08:27,710 INFO S7 zu wenig Stoff (0 Wörter aus 0 Quellen, Versuch 1/3): Kovac über Werders 0:7-Pleite gegen Twente: "Ich bewerte das
2026-10-07 21:08:33,773 INFO S7 schreiben (Prio 2, 1 Quellen): Entscheidung mit Folgen: Diese Nachricht dürfte Schalke freu
2026-10-07 21:08:41,977 INFO   Kandidat: 50+1: Bundesliga e. V. bekennt sich klar zur Regel
2026-10-07 21:08:43,801 INFO S7 kein Volltext (too_short_27_words): Karaman spricht Klartext zur Offensive: „Zu unsauber“ – was 
2026-10-07 21:08:43,802 INFO S7 zu wenig Stoff (0 Wörter aus 0 Quellen, Versuch 2/3): Karaman spricht Klartext zur Offensive: „Zu unsauber“ – was 
2026-10-07 21:08:44,056 WARNING discarding data: None
2026-10-07 21:08:44,056 INFO S7 kein Volltext (trafilatura_returned_empty): Querfeld über Unions Defensivprobleme: "Ich hoffe es nagt an
2026-10-07 21:08:44,057 INFO S7 zu wenig Stoff (0 Wörter aus 0 Quellen, Versuch 3/3): Querfeld über Unions Defensivprobleme: "Ich hoffe es nagt an
2026-10-07 21:08:45,751 INFO S7 kein Volltext (too_short_55_words): Keine Einsatzchance? HSV-Trainer hat mit einem Profi „ehrlic
2026-10-07 21:08:45,751 INFO S7 zu wenig Stoff (0 Wörter aus 0 Quellen, Versuch 3/3): Keine Einsatzchance? HSV-Trainer hat mit einem Profi „ehrlic
2026-10-07 21:08:45,986 WARNING discarding data: None
2026-10-07 21:08:45,987 INFO S7 kein Volltext (trafilatura_returned_empty): "Keineswegs schlecht": So ordnet Keeper Marvin Schwäbe den S
2026-10-07 21:08:45,987 INFO S7 zu wenig Stoff (0 Wörter aus 0 Quellen, Versuch 1/3): "Keineswegs schlecht": So ordnet Keeper Marvin Schwäbe den S
2026-10-07 21:08:46,464 ERROR lxml parsing failed: Document is empty
2026-10-07 21:08:46,464 ERROR lxml parser bytestring Document is empty
2026-10-07 21:08:46,464 ERROR lxml parsing failed: Document is empty
2026-10-07 21:08:46,464 ERROR lxml parser bytestring Document is empty
2026-10-07 21:08:46,465 ERROR empty HTML tree: None
2026-10-07 21:08:46,465 WARNING discarding data: None
2026-10-07 21:08:46,465 INFO S7 kein Volltext (trafilatura_returned_empty): (k+) Blessins Mission in Gladbach ist ein Drei-Stufen-Job
2026-10-07 21:08:46,466 INFO S7 zu wenig Stoff (0 Wörter aus 0 Quellen, Versuch 3/3): (k+) Blessins Mission in Gladbach ist ein Drei-Stufen-Job
2026-10-07 21:08:46,619 ERROR lxml parsing failed: Document is empty
2026-10-07 21:08:46,619 ERROR lxml parser bytestring Document is empty
2026-10-07 21:08:46,620 ERROR lxml parsing failed: Document is empty
2026-10-07 21:08:46,620 ERROR lxml parser bytestring Document is empty
2026-10-07 21:08:46,620 ERROR empty HTML tree: None
2026-10-07 21:08:46,620 WARNING discarding data: None
2026-10-07 21:08:46,620 INFO S7 kein Volltext (trafilatura_returned_empty): Blessins neues Gladbach und das Derby als Stresstest
2026-10-07 21:08:46,621 INFO S7 zu wenig Stoff (0 Wörter aus 0 Quellen, Versuch 3/3): Blessins neues Gladbach und das Derby als Stresstest
2026-10-07 21:08:46,661 ERROR lxml parsing failed: Document is empty
2026-10-07 21:08:46,661 ERROR lxml parser bytestring Document is empty
2026-10-07 21:08:46,661 ERROR lxml parsing failed: Document is empty
2026-10-07 21:08:46,661 ERROR lxml parser bytestring Document is empty
2026-10-07 21:08:46,662 ERROR empty HTML tree: None
2026-10-07 21:08:46,662 WARNING discarding data: None
2026-10-07 21:08:46,662 INFO S7 kein Volltext (trafilatura_returned_empty): Union braucht aus dem Spiel mehr Chancen und mehr Effizienz
2026-10-07 21:08:46,662 INFO S7 zu wenig Stoff (0 Wörter aus 0 Quellen, Versuch 3/3): Union braucht aus dem Spiel mehr Chancen und mehr Effizienz
2026-10-07 21:08:47,531 INFO S7 kein Volltext (seite_zu_alt): Optimismus am Niederrhein: Gladbach-Juwel schwärmt von Bless
2026-10-07 21:08:47,531 INFO S7 zu wenig Stoff (0 Wörter aus 0 Quellen, Versuch 3/3): Optimismus am Niederrhein: Gladbach-Juwel schwärmt von Bless
2026-10-07 21:08:48,089 INFO S7 kein Volltext (too_short_15_words): Weiser EXKLUSIV || "Ich habe keine Worte dafür, was passiert
2026-10-07 21:08:48,090 INFO S7 zu wenig Stoff (0 Wörter aus 0 Quellen, Versuch 3/3): Weiser EXKLUSIV || "Ich habe keine Worte dafür, was passiert
2026-10-07 21:08:48,315 WARNING discarding data: None
2026-10-07 21:08:48,316 INFO S7 kein Volltext (trafilatura_returned_empty): "Wir wollen unbedingt drei Punkte holen": Mittelstädt brennt
2026-10-07 21:08:48,317 INFO S7 zu wenig Stoff (0 Wörter aus 0 Quellen, Versuch 1/3): "Wir wollen unbedingt drei Punkte holen": Mittelstädt brennt
2026-10-07 21:08:48,814 ERROR lxml parsing failed: Document is empty
2026-10-07 21:08:48,814 ERROR lxml parser bytestring Document is empty
2026-10-07 21:08:48,815 ERROR lxml parsing failed: Document is empty
2026-10-07 21:08:48,815 ERROR lxml parser bytestring Document is empty
2026-10-07 21:08:48,815 ERROR empty HTML tree: None
2026-10-07 21:08:48,815 WARNING discarding data: None
2026-10-07 21:08:48,816 INFO S7 kein Volltext (trafilatura_returned_empty): Tietz über Becker: „Der Mitspieler, mit dem es am meisten Sp
2026-10-07 21:08:48,816 INFO S7 zu wenig Stoff (0 Wörter aus 0 Quellen, Versuch 3/3): Tietz über Becker: „Der Mitspieler, mit dem es am meisten Sp
2026-10-07 21:08:49,814 INFO S7 kein Volltext (too_short_39_words): Der BESTE SC Freiburg Spieler Mit Igor Matanovic
2026-10-07 21:08:49,814 INFO S7 zu wenig Stoff (0 Wörter aus 0 Quellen, Versuch 3/3): Der BESTE SC Freiburg Spieler Mit Igor Matanovic
2026-10-07 21:08:50,661 INFO S7 kein Volltext (seite_zu_alt): Kovac zur BVB-Spitzenreiterrolle: „Wir genießen es, sind abe
2026-10-07 21:08:50,661 INFO S7 zu wenig Stoff (0 Wörter aus 0 Quellen, Versuch 3/3): Kovac zur BVB-Spitzenreiterrolle: „Wir genießen es, sind abe
2026-10-07 21:08:57,471 INFO S7 schreiben (Prio 2, 1 Quellen): Borussia Dortmund: Kovac-Wut auf BVB‑PK: „Total inakzeptabel
2026-10-07 21:09:05,950 INFO S7.6 doppelt (Kovac lobt Anton: „Er spielt Weltklasse“ – BVB wil): Kovac schimpft über Länderspielpause: „Total inakz
2026-10-07 21:09:06,679 INFO S7 kein Volltext (seite_zu_alt): Kovac zur BVB-Spitzenreiterrolle: „Wir genießen es, sind abe
2026-10-07 21:09:06,679 INFO S7 zu wenig Stoff (0 Wörter aus 0 Quellen, Versuch 2/3): Kovac zur BVB-Spitzenreiterrolle: „Wir genießen es, sind abe
2026-10-07 21:09:07,379 INFO S7 kein Volltext (too_short_34_words): Muheim, Adeline, Stange? Wer die besten Chancen auf den Grön
2026-10-07 21:09:07,379 INFO S7 zu wenig Stoff (0 Wörter aus 0 Quellen, Versuch 2/3): Muheim, Adeline, Stange? Wer die besten Chancen auf den Grön
2026-10-07 21:09:07,668 WARNING discarding data: None
2026-10-07 21:09:07,669 INFO S7 kein Volltext (trafilatura_returned_empty): Weggefährte: Auf diese Stars setzt Kovac beim BVB
2026-10-07 21:09:07,669 INFO S7 zu wenig Stoff (0 Wörter aus 0 Quellen, Versuch 2/3): Weggefährte: Auf diese Stars setzt Kovac beim BVB
2026-10-07 21:09:07,912 WARNING discarding data: None
2026-10-07 21:09:07,913 INFO S7 kein Volltext (trafilatura_returned_empty): Bayern droht ein Torwart-Talent zu verlieren: Leonard Presco
2026-10-07 21:09:07,913 INFO S7 zu wenig Stoff (0 Wörter aus 0 Quellen, Versuch 2/3): Bayern droht ein Torwart-Talent zu verlieren: Leonard Presco
2026-10-07 21:09:09,165 INFO S7 kein Volltext (likely_paywall): Fokus auf Gesundheit beim Heimspiel gegen Schalke
2026-10-07 21:09:09,165 INFO S7 zu wenig Stoff (0 Wörter aus 0 Quellen, Versuch 2/3): Fokus auf Gesundheit beim Heimspiel gegen Schalke
2026-10-07 21:09:09,398 ERROR lxml parsing failed: Document is empty
2026-10-07 21:09:09,399 ERROR lxml parser bytestring Document is empty
2026-10-07 21:09:09,399 ERROR lxml parsing failed: Document is empty
2026-10-07 21:09:09,399 ERROR lxml parser bytestring Document is empty
2026-10-07 21:09:09,399 ERROR empty HTML tree: None
2026-10-07 21:09:09,399 WARNING discarding data: None
2026-10-07 21:09:09,400 INFO S7 kein Volltext (trafilatura_returned_empty): Schalkes Sylla muss jetzt auch in der Liga seinen Lieferdien
2026-10-07 21:09:09,400 INFO S7 zu wenig Stoff (0 Wörter aus 0 Quellen, Versuch 3/3): Schalkes Sylla muss jetzt auch in der Liga seinen Lieferdien
2026-10-07 21:09:10,163 INFO S7 kein Volltext (too_short_12_words): Fußball - Alexander Blessin soll bei Gladbach die Wende einl
2026-10-07 21:09:10,163 INFO S7 zu wenig Stoff (0 Wörter aus 0 Quellen, Versuch 2/3): Fußball - Alexander Blessin soll bei Gladbach die Wende einl
2026-10-07 21:09:11,614 INFO S7 kein Volltext (too_short_11_words): Fußball - Alexander Blessin soll bei Gladbach die Wende einl
2026-10-07 21:09:11,614 INFO S7 zu wenig Stoff (0 Wörter aus 0 Quellen, Versuch 1/3): Fußball - Alexander Blessin soll bei Gladbach die Wende einl
2026-10-07 21:09:11,847 ERROR lxml parsing failed: Document is empty
2026-10-07 21:09:11,848 ERROR lxml parser bytestring Document is empty
2026-10-07 21:09:11,848 ERROR lxml parsing failed: Document is empty
2026-10-07 21:09:11,848 ERROR lxml parser bytestring Document is empty
2026-10-07 21:09:11,848 ERROR empty HTML tree: None
2026-10-07 21:09:11,848 WARNING discarding data: None
2026-10-07 21:09:11,849 INFO S7 kein Volltext (trafilatura_returned_empty): (k+) Tietz: "Wenn die Gegner mich beleidigen, gehe ich noch 
2026-10-07 21:09:11,849 INFO S7 zu wenig Stoff (0 Wörter aus 0 Quellen, Versuch 2/3): (k+) Tietz: "Wenn die Gegner mich beleidigen, gehe ich noch 
2026-10-07 21:09:12,955 INFO S7 kein Volltext (likely_paywall): Schlägt Blitzstart-Eintracht zu? SGE will völlig verrückte L
2026-10-07 21:09:12,956 INFO S7 zu wenig Stoff (0 Wörter aus 0 Quellen, Versuch 2/3): Schlägt Blitzstart-Eintracht zu? SGE will völlig verrückte L
2026-10-07 21:09:14,453 INFO S7 kein Volltext (likely_paywall): Krösches Stil bei der Eintracht: „Demokratische Diktatur“
2026-10-07 21:09:14,453 INFO S7 zu wenig Stoff (0 Wörter aus 0 Quellen, Versuch 2/3): Krösches Stil bei der Eintracht: „Demokratische Diktatur“
2026-10-07 21:09:16,118 INFO S7 kein Volltext (likely_paywall): Krösches Stil bei der Eintracht: „Demokratische Diktatur“
2026-10-07 21:09:16,118 INFO S7 zu wenig Stoff (0 Wörter aus 0 Quellen, Versuch 1/3): Krösches Stil bei der Eintracht: „Demokratische Diktatur“
2026-10-07 21:09:18,959 INFO S7 kein Volltext (too_short_56_words): Viel Energie statt Jetlag: Die Kicker des SC Paderborn haben
2026-10-07 21:09:18,959 INFO S7 zu wenig Stoff (0 Wörter aus 0 Quellen, Versuch 3/3): Viel Energie statt Jetlag: Die Kicker des SC Paderborn haben
2026-10-07 21:09:19,192 ERROR lxml parsing failed: Document is empty
2026-10-07 21:09:19,192 ERROR lxml parser bytestring Document is empty
2026-10-07 21:09:19,192 ERROR lxml parsing failed: Document is empty
2026-10-07 21:09:19,192 ERROR lxml parser bytestring Document is empty
2026-10-07 21:09:19,192 ERROR empty HTML tree: None
2026-10-07 21:09:19,193 WARNING discarding data: None
2026-10-07 21:09:19,193 INFO S7 kein Volltext (trafilatura_returned_empty): Gejagter statt Jäger? Kovac: "Genießen im Moment die Positio
2026-10-07 21:09:19,193 INFO S7 zu wenig Stoff (0 Wörter aus 0 Quellen, Versuch 2/3): Gejagter statt Jäger? Kovac: "Genießen im Moment die Positio
2026-10-07 21:09:19,506 INFO S7 kein Volltext (too_short_15_words): Marvin Schwäbe über Kölns Verletzungspech, das Gladbach-Derb
2026-10-07 21:09:19,507 INFO S7 zu wenig Stoff (0 Wörter aus 0 Quellen, Versuch 2/3): Marvin Schwäbe über Kölns Verletzungspech, das Gladbach-Derb
2026-10-07 21:09:20,719 INFO S7 kein Volltext (seite_zu_alt): Kovac hat aus dem BVB eine Maschine gemacht
2026-10-07 21:09:20,719 INFO S7 zu wenig Stoff (0 Wörter aus 0 Quellen, Versuch 2/3): Kovac hat aus dem BVB eine Maschine gemacht
2026-10-07 21:09:21,428 INFO S7 kein Volltext (seite_zu_alt): Wie verwandelt: Endlich Schluss mit BVB-Sachen (mit Matthias
2026-10-07 21:09:21,428 INFO S7 zu wenig Stoff (0 Wörter aus 0 Quellen, Versuch 2/3): Wie verwandelt: Endlich Schluss mit BVB-Sachen (mit Matthias
2026-10-07 21:09:22,168 INFO S7 kein Volltext (too_short_22_words): „Unter dem Radar“: Kovac-Lob für diesen BVB-Star
2026-10-07 21:09:22,168 INFO S7 zu wenig Stoff (0 Wörter aus 0 Quellen, Versuch 2/3): „Unter dem Radar“: Kovac-Lob für diesen BVB-Star
2026-10-07 21:09:30,967 INFO S7 schreiben (Prio 2, 1 Quellen): Dortmunds Abwehrplanung bleibt vor Bodø/Glimt offen
2026-10-07 21:09:38,720 INFO S7.6 doppelt (Kovac lobt Anton: „Er spielt Weltklasse“ – BVB wil): Schlotterbeck fehlt gegen Bremen, Hoffnung für Bod
2026-10-07 21:09:39,264 INFO S7 kein Volltext (too_short_74_words): Eintracht Frankfurt rüstet sich für Krösche-Abflug
2026-10-07 21:09:39,265 INFO S7 zu wenig Stoff (0 Wörter aus 0 Quellen, Versuch 2/3): Eintracht Frankfurt rüstet sich für Krösche-Abflug
2026-10-07 21:09:41,177 INFO S7 kein Volltext (likely_paywall): Eintracht Frankfurt: Wie der Bundesligist mit seinen Nationa
2026-10-07 21:09:41,177 INFO S7 zu wenig Stoff (0 Wörter aus 0 Quellen, Versuch 1/3): Eintracht Frankfurt: Wie der Bundesligist mit seinen Nationa
2026-10-07 21:09:41,407 WARNING discarding data: None
2026-10-07 21:09:41,408 INFO S7 kein Volltext (trafilatura_returned_empty): Mega-Plan für 2027 – Gigant will Olise und Haaland
2026-10-07 21:09:41,408 INFO S7 zu wenig Stoff (0 Wörter aus 0 Quellen, Versuch 1/3): Mega-Plan für 2027 – Gigant will Olise und Haaland
2026-10-07 21:09:41,747 INFO S7 kein Volltext (too_short_23_words): „Das wäre für Gladbach eine Hiobsbotschaft“
2026-10-07 21:09:41,747 INFO S7 zu wenig Stoff (0 Wörter aus 0 Quellen, Versuch 1/3): „Das wäre für Gladbach eine Hiobsbotschaft“
2026-10-07 21:09:41,784 ERROR lxml parsing failed: Document is empty
2026-10-07 21:09:41,784 ERROR lxml parser bytestring Document is empty
2026-10-07 21:09:41,784 ERROR lxml parsing failed: Document is empty
2026-10-07 21:09:41,785 ERROR lxml parser bytestring Document is empty
2026-10-07 21:09:41,785 ERROR empty HTML tree: None
2026-10-07 21:09:41,785 WARNING discarding data: None
2026-10-07 21:09:41,785 INFO S7 kein Volltext (trafilatura_returned_empty): HSV: Der Not-Plan gegen die Sturm-Sorgen
2026-10-07 21:09:41,786 INFO S7 zu wenig Stoff (0 Wörter aus 0 Quellen, Versuch 2/3): HSV: Der Not-Plan gegen die Sturm-Sorgen
2026-10-07 21:09:45,114 INFO S6.5 schon berichtet (Bayern: Keine Gespräche über neuen Vertrag fü): Drei Optionen: Gibt Olise bei Karl-Verlängerung den Ausschla
2026-10-07 21:09:46,080 INFO S7 kein Volltext (likely_paywall): Harry Kane liefert nächste Gala ab – doch seine Chancen auf 
2026-10-07 21:09:46,080 INFO S7 zu wenig Stoff (0 Wörter aus 0 Quellen, Versuch 2/3): Harry Kane liefert nächste Gala ab – doch seine Chancen auf 
2026-10-07 21:09:46,352 ERROR lxml parsing failed: Document is empty
2026-10-07 21:09:46,353 ERROR lxml parser bytestring Document is empty
2026-10-07 21:09:46,353 ERROR lxml parsing failed: Document is empty
2026-10-07 21:09:46,353 ERROR lxml parser bytestring Document is empty
2026-10-07 21:09:46,353 ERROR empty HTML tree: None
2026-10-07 21:09:46,353 WARNING discarding data: None
2026-10-07 21:09:46,354 INFO S7 kein Volltext (trafilatura_returned_empty): Weiser entwickelte „fast eine Psychose“ – Keine Gedanken übe
2026-10-07 21:09:46,354 INFO S7 zu wenig Stoff (0 Wörter aus 0 Quellen, Versuch 1/3): Weiser entwickelte „fast eine Psychose“ – Keine Gedanken übe
2026-10-07 21:09:46,505 INFO S7 kein Volltext (seite_zu_alt): Operation Begins at Fenerbahçe for World Star Brahim Diaz
2026-10-07 21:09:46,505 INFO S7 zu wenig Stoff (0 Wörter aus 0 Quellen, Versuch 2/3): Operation Begins at Fenerbahçe for World Star Brahim Diaz
2026-10-07 21:09:47,962 INFO S7 kein Volltext (likely_paywall): „Zusammenarbeit macht sehr viel Spaß“: Eintracht-Boss Krösch
2026-10-07 21:09:47,962 INFO S7 zu wenig Stoff (0 Wörter aus 0 Quellen, Versuch 2/3): „Zusammenarbeit macht sehr viel Spaß“: Eintracht-Boss Krösch
2026-10-07 21:09:49,263 INFO S7 kein Volltext (likely_paywall): „Zusammenarbeit macht sehr viel Spaß“: Eintracht-Boss Krösch
2026-10-07 21:09:49,263 INFO S7 zu wenig Stoff (0 Wörter aus 0 Quellen, Versuch 1/3): „Zusammenarbeit macht sehr viel Spaß“: Eintracht-Boss Krösch
2026-10-07 21:09:50,811 INFO S7 kein Volltext (likely_paywall): Yussuf Poulsen opens up on injury problems, losing the HSV c
2026-10-07 21:09:50,811 INFO S7 zu wenig Stoff (0 Wörter aus 0 Quellen, Versuch 3/3): Yussuf Poulsen opens up on injury problems, losing the HSV c
2026-10-07 21:09:51,132 INFO S7 kein Volltext (too_short_15_words): Henning Matriciani über unfreiwilligen Abschied vom FC Schal
2026-10-07 21:09:51,132 INFO S7 zu wenig Stoff (0 Wörter aus 0 Quellen, Versuch 1/3): Henning Matriciani über unfreiwilligen Abschied vom FC Schal
2026-10-07 21:09:53,722 INFO S7 schreiben (Prio 2, 1 Quellen): Rat von Franck Ribery und Luka Modric: Bayern-Ikone David Al
2026-10-07 21:09:57,616 INFO S7 verworfen (nicht_relevant): Rat von Franck Ribery und Luka Modric: Bayern-Ikone David Al
2026-10-07 21:09:59,024 INFO S7 kein Volltext (likely_paywall): Bayern ließ ihn einst ablösefrei ziehen – jetzt lockt ein mö
2026-10-07 21:09:59,024 INFO S7 zu wenig Stoff (0 Wörter aus 0 Quellen, Versuch 1/3): Bayern ließ ihn einst ablösefrei ziehen – jetzt lockt ein mö
2026-10-07 21:10:00,187 INFO S7 kein Volltext (seite_zu_alt): Matze Ginter im Interview: "Maximal ambitioniert!"
2026-10-07 21:10:00,188 INFO S7 zu wenig Stoff (0 Wörter aus 0 Quellen, Versuch 2/3): Matze Ginter im Interview: "Maximal ambitioniert!"
2026-10-07 21:10:00,438 WARNING discarding data: None
2026-10-07 21:10:00,439 INFO S7 kein Volltext (trafilatura_returned_empty): Karl-Abschied vom FC Bayern? Dieser Superstar könnte entsche
2026-10-07 21:10:00,439 INFO S7 zu wenig Stoff (0 Wörter aus 0 Quellen, Versuch 3/3): Karl-Abschied vom FC Bayern? Dieser Superstar könnte entsche
2026-10-07 21:10:01,886 INFO S7 kein Volltext (likely_paywall): “I’m not going to stop” – Kane vows to keep going after reac
2026-10-07 21:10:01,886 INFO S7 zu wenig Stoff (0 Wörter aus 0 Quellen, Versuch 3/3): “I’m not going to stop” – Kane vows to keep going after reac
2026-10-07 21:10:02,564 INFO S7 kein Volltext (seite_zu_alt): Big Match Preview: Borussia Dortmund vs. Werder Bremen
2026-10-07 21:10:02,565 INFO S7 zu wenig Stoff (0 Wörter aus 0 Quellen, Versuch 1/3): Big Match Preview: Borussia Dortmund vs. Werder Bremen
2026-10-07 21:10:03,838 INFO S7 kein Volltext (likely_paywall): Gesundheit im Fokus beim Heimspiel gegen Schalke
2026-10-07 21:10:03,838 INFO S7 zu wenig Stoff (0 Wörter aus 0 Quellen, Versuch 3/3): Gesundheit im Fokus beim Heimspiel gegen Schalke
2026-10-07 21:10:05,079 INFO S7 kein Volltext (likely_paywall): Schießbude der Bundesliga: Der 1. FC Union ist auf der Suche
2026-10-07 21:10:05,079 INFO S7 zu wenig Stoff (0 Wörter aus 0 Quellen, Versuch 3/3): Schießbude der Bundesliga: Der 1. FC Union ist auf der Suche
2026-10-07 21:10:06,530 INFO S7 kein Volltext (likely_paywall): Kofane puts Leverkusen contract talks on hold amid interest 
2026-10-07 21:10:06,530 INFO S7 zu wenig Stoff (0 Wörter aus 0 Quellen, Versuch 3/3): Kofane puts Leverkusen contract talks on hold amid interest 
2026-10-07 21:10:06,765 WARNING discarding data: None
2026-10-07 21:10:06,766 INFO S7 kein Volltext (trafilatura_returned_empty): Muslic könnte für Millionen gehen: Jetzt plant Schalke einen
2026-10-07 21:10:06,766 INFO S7 zu wenig Stoff (0 Wörter aus 0 Quellen, Versuch 3/3): Muslic könnte für Millionen gehen: Jetzt plant Schalke einen
2026-10-07 21:10:08,069 INFO S7 kein Volltext (likely_paywall): Kniffliges Aufstellungspuzzle: Plötzlich hat Eintracht-Train
2026-10-07 21:10:08,069 INFO S7 zu wenig Stoff (0 Wörter aus 0 Quellen, Versuch 3/3): Kniffliges Aufstellungspuzzle: Plötzlich hat Eintracht-Train
2026-10-07 21:10:09,168 INFO S7 kein Volltext (likely_paywall): Kniffliges Aufstellungspuzzle: Plötzlich hat Eintracht-Train
2026-10-07 21:10:09,168 INFO S7 zu wenig Stoff (0 Wörter aus 0 Quellen, Versuch 1/3): Kniffliges Aufstellungspuzzle: Plötzlich hat Eintracht-Train
2026-10-07 21:10:09,488 INFO S7 kein Volltext (seite_zu_alt): Kanes große Jubiläumsshow: "Der beste englische Spieler jema
2026-10-07 21:10:09,488 INFO S7 zu wenig Stoff (0 Wörter aus 0 Quellen, Versuch 1/3): Kanes große Jubiläumsshow: "Der beste englische Spieler jema
2026-10-07 21:10:09,819 ERROR lxml parsing failed: Document is empty
2026-10-07 21:10:09,819 ERROR lxml parser bytestring Document is empty
2026-10-07 21:10:09,819 ERROR lxml parsing failed: Document is empty
2026-10-07 21:10:09,819 ERROR lxml parser bytestring Document is empty
2026-10-07 21:10:09,820 ERROR empty HTML tree: None
2026-10-07 21:10:09,820 WARNING discarding data: None
2026-10-07 21:10:09,820 INFO S7 kein Volltext (trafilatura_returned_empty): Debüt gegen Deutschland? Wie Shimada in Bremen landete und s
2026-10-07 21:10:09,820 INFO S7 zu wenig Stoff (0 Wörter aus 0 Quellen, Versuch 3/3): Debüt gegen Deutschland? Wie Shimada in Bremen landete und s
2026-10-07 21:10:10,062 WARNING discarding data: None
2026-10-07 21:10:10,062 INFO S7 kein Volltext (trafilatura_returned_empty): Union-Verteidiger Querfeld verrät, mit welchem Liverpool-Sta
2026-10-07 21:10:10,063 INFO S7 zu wenig Stoff (0 Wörter aus 0 Quellen, Versuch 2/3): Union-Verteidiger Querfeld verrät, mit welchem Liverpool-Sta
2026-10-07 21:10:11,081 INFO S7 kein Volltext (seite_zu_alt): Gladbach draw with St. Pauli in international break friendly
2026-10-07 21:10:11,081 INFO S7 zu wenig Stoff (0 Wörter aus 0 Quellen, Versuch 1/3): Gladbach draw with St. Pauli in international break friendly
2026-10-07 21:10:20,573 INFO S6.5 schon berichtet (Matanovic im Visier der Premier League: Freib): Premier-League-Duell um Igor Matanović: Manchester United un
2026-10-07 21:10:21,289 WARNING error in JSON metadata extraction: 'NoneType' object is not iterable
2026-10-07 21:10:23,567 INFO S7 schreiben (Prio 2, 1 Quellen): Gladbach-Duo mit Rückenwind ins Derby
2026-10-07 21:10:31,510 INFO   Kandidat: Gladbach vor dem Derby: Itakura und Diks mit Pokal im Gepäck
2026-10-07 21:10:31,510 INFO S7 Abo-Deckel (12 Artikel) erreicht – Rest wartet auf den nächsten Lauf
2026-10-07 21:10:31,533 INFO FinalCheck SKIP: köln/{'ragnar ache', 'imad rondic', 'thijs dallinga'} stage=kader bereits in Archiv
2026-10-07 21:10:31,536 INFO FinalCheck SKIP: bayern/{'michael olise', 'lennart karl'} stage=vertrag bereits in Archiv
2026-10-07 21:10:31,539 INFO FinalCheck SKIP: dortmund/{'gilberto mora'} stage=geruecht bereits in Archiv
2026-10-07 21:10:31,557 INFO S9.5 FinalCheck: 9/12 durch
2026-10-07 21:10:32,734 INFO Veröffentlicht: Arsenal und Manchester United haken bei Leverkusens Kofane n
2026-10-07 21:10:32,845 INFO Veröffentlicht: Tabellenführer Dortmund empfängt Werder zum Freitagsspiel
2026-10-07 21:10:32,955 INFO Veröffentlicht: Leipzig gegen Frankfurt: Duell zweier Teams im Tabellenmitte
2026-10-07 21:10:33,064 INFO Veröffentlicht: Lüftl: Schalke lehnte im Sommer Top-Spieler ab
2026-10-07 21:10:33,177 INFO Veröffentlicht: Schalke vor Freiburg: Karaman trotzt der Auswärtsbilanz
2026-10-07 21:10:33,291 INFO Veröffentlicht: Gladbach vor dem Derby: Sander trifft am liebsten gegen Köln
2026-10-07 21:10:33,402 INFO Veröffentlicht: Füllkrug vor Rückkehr nach Dortmund: „Wollen marschieren“
2026-10-07 21:10:33,512 INFO Veröffentlicht: 50+1: Bundesliga e. V. bekennt sich klar zur Regel
2026-10-07 21:10:33,623 INFO Veröffentlicht: Gladbach vor dem Derby: Itakura und Diks mit Pokal im Gepäck
2026-10-07 21:10:33,667 INFO Reddit: Keine Credentials – übersprungen
2026-10-07 21:10:33,668 INFO Reddit: Keine Credentials – übersprungen
2026-10-07 21:10:33,668 INFO Reddit: Keine Credentials – übersprungen
2026-10-07 21:10:33,669 INFO Reddit: Keine Credentials – übersprungen
2026-10-07 21:10:33,669 INFO Reddit: Keine Credentials – übersprungen
2026-10-07 21:10:33,669 INFO Reddit: Keine Credentials – übersprungen
2026-10-07 21:10:33,670 INFO Reddit: Keine Credentials – übersprungen
2026-10-07 21:10:33,670 INFO Reddit: Keine Credentials – übersprungen
2026-10-07 21:10:33,671 INFO Reddit: Keine Credentials – übersprungen
2026-10-07 21:10:33,672 INFO 💶 Kosten: dieser Lauf 0.000 $ (Budget 0.063 $) | heute 0.00 $ | Monat 0.72 / 23 $ | konferenz (abo) 1× 0.000 $, schreiben (abo) 18× 0.000 $, dublette (abo) 25× 0.000 $
2026-10-07 21:10:33,672 INFO 🎫 Abo-Verbrauch: 156,448 Tokens rein (davon Cache gelesen 21,675), 31,749 raus, API-Gegenwert 0.78 $ | konferenz 1×: 6,018/13,093, schreiben 18×: 114,258/18,512, dublette 25×: 36,172/144
2026-10-07 21:10:33,728 INFO Feeds: 60/60 begonnen, nächster Lauf startet bei Nr. 0
2026-10-07 21:10:33,728 INFO URL-Cache gespeichert: 27396 URLs
2026-10-07 21:10:33,728 INFO === Fertig. 9 neue Artikel. feed.json: 1466 ===
2026-10-07 21:10:33,729 INFO Stats: {"ts": "20261007_2101", "ingested": 98, "s2_pre_filter": 17, "s3_relevance": 25, "s4_dedup_early": 0, "gesammelt": 54, "geschichten_neu": 50, "s5_archiv_doppelt": 1, "s5_zusammengefuehrt": 1, "s6_aussortiert": 22, "s7_geschrieben": 18, "s7_verworfen": 9, "s5_fulltext_fail": 80, "s8_qa_rejected": 3, "published": 9, "s5_ohne_bezug": 1, "s5_randthema": 1, "kosten": {"lauf_usd": 0.0, "lauf_budget_usd": 0.0626, "heute_usd": 0.0, "monat_usd": 0.7196, "monatsbudget_usd": 23.0, "aufrufe": {"konferenz (abo)": {"anzahl": 1, "usd": 0.0}, "schreiben (abo)": {"anzahl": 18, "usd": 0.0}, "dublette (abo)": {"anzahl": 25, "usd": 0.0}}, "guthaben_leer": false, "abo": true, "abo_tokens": {"konferenz": {"aufrufe": 1, "ein": 10, "cache_schreiben": 6008, "cache_lesen": 0, "aus": 13093, "api_wert_usd": 0.0775}, "schreiben": {"aufrufe": 18, "ein": 36, "cache_schreiben": 92547, "cache_lesen": 21675, "aus": 18512, "api_wert_usd": 0.5598}, "dublette": {"aufrufe": 25, "ein": 50, "cache_schreiben": 36122, "cache_lesen": 0, "aus": 144, "api_wert_usd": 0.1461}}}}
