2026-10-09 12:02:03,352 INFO 💶 Budget: dieser Lauf 0.100 $ | heute 0.00 $ | Monat 0.72 / 23 $
2026-10-09 12:02:03,756 INFO URL-Cache geladen: 30033 bekannte URLs (letzte 30 Tage)
2026-10-09 12:02:03,756 INFO === Ligaoutsider Generator startet – max. 50 Artikel ===
2026-10-09 12:02:03,756 INFO Feed: https://newsfeed.kicker.de/news/bundesliga
2026-10-09 12:02:04,190 INFO S1 Medienseite ohne Artikeltext: Warum es für die Bayern gegen Augsburg um Wiedergutmachung g
2026-10-09 12:02:04,196 INFO S1 Medienseite ohne Artikeltext: "Dann waren da van der Vaart und de Jong und haben im Jacuzz
2026-10-09 12:02:04,197 INFO S1 Medienseite ohne Artikeltext: Kompany deutlich: "Möchte keinen Preis bekommen für eine Red
2026-10-09 12:02:04,197 INFO Feed: https://www.sportschau.de/fussball/bundesliga/index~rss2.xml
2026-10-09 12:02:04,859 INFO Feed: https://sportbild.bild.de/feed/sportbild-home.xml
2026-10-09 12:02:04,941 INFO S2 blacklist: BVB – Werder live im TV - HIER sehen Sie heute endlich wiede
2026-10-09 12:02:04,967 INFO BL-Spielerliste geladen: 1002 Namen
2026-10-09 12:02:04,992 INFO S3 keyword miss: City-Coach spricht nach Finanzskandal - Bei dieser Frage mus
2026-10-09 12:02:05,040 INFO S3 keyword miss: Paukenschlag in der Premier League - Traditionsklub droht de
2026-10-09 12:02:05,041 INFO S2 blacklist: Er war Team-Kollege von Messi - Hier prügelt sich ein Olympi
2026-10-09 12:02:05,041 INFO Feed: https://www.bild.de/rss-feeds/rss-16725492,feed=fussball-mix.bild.html
2026-10-09 12:02:05,627 INFO S3 keyword miss: Süße News bei Nürnberg-Profi - Spielerfrau zeigt Babybauch i
2026-10-09 12:02:05,629 INFO Feed: https://www.11freunde.de/feed
2026-10-09 12:02:07,233 INFO S3 keyword miss: Bundesliga: Rheinderby und Spitzenspiele! Unsere Tipps fürs 
2026-10-09 12:02:07,234 INFO Feed: https://www.bundesliga.com/de/bundesliga/news.rss
2026-10-09 12:02:07,341 INFO Feed: https://news.google.com/rss/topics/CAAqJggKIiBDQkFTRWdvSUwyMHZNRFp1ZEdvU0FtUmxHZ0pFUlNnQVAB?hl=de&gl=DE&ceid=DE:de
2026-10-09 12:02:08,025 INFO S3 keyword miss: MotoGP, Zeittraining: Crash-Festival in Indonesien – drei Ap
2026-10-09 12:02:08,119 INFO S3 keyword miss: Erling Haaland bekommt einen Maulkorb von Manchester City
2026-10-09 12:02:08,120 INFO S2 blacklist: Offene Frage bei den DFB-Frauen: Das ist alles andere als ge
2026-10-09 12:02:08,275 INFO S3 keyword miss: Deutsches Toptalent Sonnekalb in großen Ärger verwickelt
2026-10-09 12:02:08,276 INFO S2 blacklist: FC Augsburg – FC Bayern München: Voraussichtliche Aufstellun
2026-10-09 12:02:08,362 INFO S3 keyword miss: Toni Kroos arbeitet offenbar an einer Karriere als Trainer
2026-10-09 12:02:08,464 INFO S3 keyword miss: 1860-Geschäftsführer Probst: "Lasst uns die Freiheit genieße
2026-10-09 12:02:08,464 INFO Feed: https://news.google.com/rss/search?q=Bundesliga+Testspiel+Ergebnis&hl=de&gl=DE&ceid=DE:de
2026-10-09 12:02:08,837 INFO Feed: https://news.google.com/rss/search?q=Bundesliga+Vorbereitung+Sommertour&hl=de&gl=DE&ceid=DE:de
2026-10-09 12:02:09,104 INFO Feed: https://news.google.com/rss/search?q=Bundesliga+Verletzung+Ausfall+gesperrt&hl=de&gl=DE&ceid=DE:de
2026-10-09 12:02:09,527 INFO Feed: https://news.google.com/rss/search?q=Bundesliga+Transfer+Wechsel+verpflichtet&hl=de&gl=DE&ceid=DE:de
2026-10-09 12:02:09,901 INFO Feed: https://news.google.com/rss/search?q=Bundesliga+Gerücht+Interesse+Angebot&hl=de&gl=DE&ceid=DE:de
2026-10-09 12:02:10,287 INFO Feed: https://news.google.com/rss/search?q=Bundesliga+Vertrag+verlängert+ablösefrei&hl=de&gl=DE&ceid=DE:de
2026-10-09 12:02:10,619 INFO Feed: https://news.google.com/rss/search?q=%22FC+Bayern%22+OR+%22Bayern+M%C3%BCnchen%22+when%3A1d&hl=de&gl=DE&ceid=DE:de
2026-10-09 12:02:11,146 INFO S2 blacklist: Christoph Freund über die Länderspielpause, Harry Kane und M
2026-10-09 12:02:11,168 INFO S2 blacklist: Bundesliga-Rückkehr nach Länderspielpause: Bayerns voraussic
2026-10-09 12:02:11,170 INFO Feed: https://news.google.com/rss/search?q=BVB+OR+%22Borussia+Dortmund%22+when%3A1d&hl=de&gl=DE&ceid=DE:de
2026-10-09 12:02:11,601 INFO S2 blacklist: Sexualdelikte meist verjährt: 29 mutmaßliche Opfer erheben V
2026-10-09 12:02:11,602 INFO S2 blacklist: BVB - Werder Bremen: Wo läuft die Bundesliga heute live?
2026-10-09 12:02:11,603 INFO S2 blacklist: Endlich wieder Bundesliga! BVB – Werder HIER heute live im T
2026-10-09 12:02:11,624 INFO S2 blacklist: Spielschema | Borussia Dortmund - FSV Gütersloh 2009 6:0 | 6
2026-10-09 12:02:11,625 INFO S2 blacklist: Borussia Dortmund - Jugendarbeit (Galerie) | Seite 218
2026-10-09 12:02:11,625 INFO Feed: https://news.google.com/rss/search?q=%22Bayer+Leverkusen%22+OR+%22Bayer+04%22+when%3A1d&hl=de&gl=DE&ceid=DE:de
2026-10-09 12:02:11,987 INFO S2 blacklist: Dieses Bundesliga-Spiel läuft am fünften Spieltag im Free-TV
2026-10-09 12:02:11,987 INFO S2 blacklist: Fußball-Vereine Frauen Freundschaftsspiele
2026-10-09 12:02:12,038 INFO S3 keyword miss: Nächste Bayer-Wende: Sturm-Star will in die Premier League
2026-10-09 12:02:12,089 INFO S3 keyword miss: Walter Posner
2026-10-09 12:02:12,091 INFO Feed: https://news.google.com/rss/search?q=%22RB+Leipzig%22+when%3A1d&hl=de&gl=DE&ceid=DE:de
2026-10-09 12:02:12,541 INFO S2 blacklist: Rômulo spricht über seine zweite Bundesliga-Saison und den K
2026-10-09 12:02:12,541 INFO S2 blacklist: Kehrt Julian Nagelsmann in die Bundesliga zurück?
2026-10-09 12:02:12,542 INFO S2 blacklist: Nagelsmann-Comeback bei RB: Das spricht dafür - und das dage
2026-10-09 12:02:12,542 INFO S2 blacklist: Paukenschlag in der Regionalliga: Nichtantritt zum Gipfeltre
2026-10-09 12:02:12,543 INFO S2 blacklist: RB Leipzig - Beliebtheitsrangliste - Vereine
2026-10-09 12:02:12,543 INFO S2 blacklist: RB Leipzig U19
2026-10-09 12:02:12,544 INFO Feed: https://news.google.com/rss/search?q=%22VfB+Stuttgart%22+when%3A1d&hl=de&gl=DE&ceid=DE:de
2026-10-09 12:02:13,072 INFO S3 keyword miss: "Er ist noch nicht so alt": Hoeneß wirbt für Ex-Spieler
2026-10-09 12:02:13,074 INFO S2 blacklist: VfB Stuttgart U17 vor Heimspiel gegen Heidenheim
2026-10-09 12:02:13,077 INFO S2 blacklist: Die neue dunkelrot ist da
2026-10-09 12:02:13,078 INFO S2 blacklist: Nach Länderspiel-Enttäuschung: Hoeneß schwärmt von VfB-Star
2026-10-09 12:02:13,132 INFO S3 keyword miss: „Stirnrunzeln“ bei Juventus: Woltemade schon wieder vor dem 
2026-10-09 12:02:13,133 INFO Feed: https://news.google.com/rss/search?q=%22Eintracht+Frankfurt%22+when%3A1d&hl=de&gl=DE&ceid=DE:de
2026-10-09 12:02:13,562 INFO Feed: https://news.google.com/rss/search?q=Gladbach+OR+%22Borussia+M%C3%B6nchengladbach%22+when%3A1d&hl=de&gl=DE&ceid=DE:de
2026-10-09 12:02:13,984 INFO S2 blacklist: 1. FC Köln gegen Borussia Mönchengladbach live im TV und Str
2026-10-09 12:02:13,986 INFO S2 blacklist: Borussia Mönchengladbach U19
2026-10-09 12:02:13,986 INFO S2 blacklist: Borussia Mönchengladbach U17
2026-10-09 12:02:14,036 INFO S3 keyword miss: Werner Kurz
2026-10-09 12:02:14,037 INFO Feed: https://news.google.com/rss/search?q=%22SC+Freiburg%22+when%3A1d&hl=de&gl=DE&ceid=DE:de
2026-10-09 12:02:14,468 INFO S3 keyword miss: 60-Mio.-Euro Gerücht um Bundesliga-Star
2026-10-09 12:02:14,471 INFO S2 blacklist: U17 und U15 mit Heimaufgaben
2026-10-09 12:02:14,472 INFO S2 blacklist: SC Freiburg II empfängt Tabellenführer in der Regionalliga
2026-10-09 12:02:14,525 INFO S3 keyword miss: Bundesliga Tabelle: Fußball Ergebnisse, Daten, Spielplan
2026-10-09 12:02:14,528 INFO Feed: https://news.google.com/rss/search?q=Hoffenheim+when%3A1d&hl=de&gl=DE&ceid=DE:de
2026-10-09 12:02:14,971 INFO S2 kein BL-Klub im Titel: MSV Duisburg: Erleichterung bei Jakob Bookjans
2026-10-09 12:02:14,972 INFO Feed: https://news.google.com/rss/search?q=%22Mainz+05%22+when%3A1d&hl=de&gl=DE&ceid=DE:de
2026-10-09 12:02:15,308 INFO S2 blacklist: 1.FSV Mainz 05 - Rekord-Zugänge (Galerie) | Seite 6
2026-10-09 12:02:15,308 INFO S2 blacklist: 1.FSV Mainz 05 - Kader im Detail 62/63 (Galerie) | Seite 7
2026-10-09 12:02:15,362 INFO S3 keyword miss: Polizeigewahrsam nach mehreren Einsätzen: 27-Jähriger landet
2026-10-09 12:02:15,362 INFO Feed: https://news.google.com/rss/search?q=%22FC+Augsburg%22+when%3A1d&hl=de&gl=DE&ceid=DE:de
2026-10-09 12:02:15,786 INFO S3 keyword miss: Kompany deutlich: "Möchte keinen Preis bekommen für eine Red
2026-10-09 12:02:15,839 INFO S3 keyword miss: Wegen Königsklasse: Kompany mit bedeutender Planänderung
2026-10-09 12:02:15,840 INFO S2 blacklist: Fußball Videos Top-Stats: Augsburg gegen FC Bayern im Ueberb
2026-10-09 12:02:15,840 INFO Feed: https://news.google.com/rss/search?q=%22Union+Berlin%22+when%3A1d&hl=de&gl=DE&ceid=DE:de
2026-10-09 12:02:16,276 INFO S2 blacklist: 1.FC Union Berlin U19
2026-10-09 12:02:16,277 INFO S2 blacklist: MEGA-Sportwochenende auf Sky Sport mit Bundesliga, 2. Bundes
2026-10-09 12:02:16,277 INFO S2 blacklist: U17 DFB-Nachwuchsliga - Vorrunde Gruppe A
2026-10-09 12:02:16,278 INFO S2 blacklist: Frauenfußball-Testspiel: Unionerinnen siegen im Test gegen T
2026-10-09 12:02:16,278 INFO Feed: https://news.google.com/rss/search?q=%22Werder+Bremen%22+when%3A1d&hl=de&gl=DE&ceid=DE:de
2026-10-09 12:02:16,751 INFO S3 keyword miss: Bundesliga-Trainer kritisiert Rangnicks Umgang mit ÖFB-Trio
2026-10-09 12:02:16,753 INFO Feed: https://news.google.com/rss/search?q=HSV+OR+%22Hamburger+SV%22+when%3A1d&hl=de&gl=DE&ceid=DE:de
2026-10-09 12:02:17,151 INFO S2 blacklist: Baum lachend: "Ich mag es immer noch, dem HSV zuzuschauen" |
2026-10-09 12:02:17,200 INFO S3 keyword miss: Derde Divisie A
2026-10-09 12:02:17,200 INFO Feed: https://news.google.com/rss/search?q=%221.+FC+K%C3%B6ln%22+OR+%22FC+K%C3%B6ln%22+when%3A1d&hl=de&gl=DE&ceid=DE:de
2026-10-09 12:02:17,562 INFO S2 blacklist: 1.FC Köln - Spieler von A bis Z (Galerie) | Seite 2
2026-10-09 12:02:17,618 INFO S3 keyword miss: „Alles andere wäre verrückt“: FC macht mobil: Fans sollen Fi
2026-10-09 12:02:17,662 INFO S2 blacklist: Friedhelm Funkel - Eingesetzte Spieler | Seite 4
2026-10-09 12:02:17,662 INFO Feed: https://news.google.com/rss/search?q=Schalke+when%3A1d&hl=de&gl=DE&ceid=DE:de
2026-10-09 12:02:18,061 INFO S2 blacklist: FC Schalke 04 - Kader im Detail 55/56 (Galerie) | Seite 3
2026-10-09 12:02:18,112 INFO S3 keyword miss: A Difficult Situation - Automatically Saved Draft
2026-10-09 12:02:18,114 INFO Feed: https://news.google.com/rss/search?q=Elversberg+when%3A1d&hl=de&gl=DE&ceid=DE:de
2026-10-09 12:02:18,429 INFO Feed: https://news.google.com/rss/search?q=%22SC+Paderborn%22+when%3A1d&hl=de&gl=DE&ceid=DE:de
2026-10-09 12:02:18,745 INFO Feed: https://www.transfermarkt.de/rss/news
2026-10-09 12:02:18,779 INFO Feed: https://www.waz.de/sport/fussball/rss
2026-10-09 12:02:19,288 INFO Feed: https://www.faz.net/rss/aktuell/sport/fussball/bundesliga/
2026-10-09 12:02:19,973 INFO Feed: https://bulinews.com/rss.xml
2026-10-09 12:02:20,519 INFO Feed: https://www.abendblatt.de/sport/rss
2026-10-09 12:02:21,002 INFO S3 keyword miss: Das gab es ewig nicht mehr: Nächste Woche gibt es Champions 
2026-10-09 12:02:21,028 INFO Feed: https://www.merkur.de/sport/fc-bayern/rssfeed.rdf
2026-10-09 12:02:21,856 INFO S2 blacklist: Bayern-Aufstellung gegen Augsburg: Musiala bereitet Kompany 
2026-10-09 12:02:21,856 INFO Feed: https://www.eyefootball.com/rss_news_main.xml
2026-10-09 12:02:22,352 INFO Feed: https://www.ligaportal.at/international/deutsche-bundesliga?format=feed&type=rss
2026-10-09 12:02:24,933 INFO Feed: https://www.reddit.com/r/soccer/new.rss?limit=100
2026-10-09 12:02:26,049 INFO S3 keyword miss: Cristiano Jr, son of Cristiano Ronaldo, currently represent 
2026-10-09 12:02:26,050 INFO S2 blacklist: How the 2026-27 Premier League, 2. Bundesliga, Primeira Liga
2026-10-09 12:02:26,108 INFO S3 keyword miss: [Andy Mitten] Manchester United fans bringing back Old Traff
2026-10-09 12:02:26,164 INFO S3 keyword miss: BookKeeper on Manchester City's charges: How club inflated c
2026-10-09 12:02:26,217 INFO S3 keyword miss: Free Talk Friday
2026-10-09 12:02:26,277 INFO S3 keyword miss: Xavi Simons has joined Harvard Business programme. He announ
2026-10-09 12:02:26,331 INFO S3 keyword miss: AFC Ajax and FC Barcelona honour Johan Cruyff with Legacy Ma
2026-10-09 12:02:26,383 INFO S3 keyword miss: Sean Dyche features as the protagonist in new Durex advertis
2026-10-09 12:02:26,435 INFO S3 keyword miss: [Financial Times] Manchester City: too big to fail?
2026-10-09 12:02:26,521 INFO S3 keyword miss: Club Statement - The Friedkin Group is exploring new investm
2026-10-09 12:02:26,581 INFO S3 keyword miss: Maresca "The feeling is fantastic, to be honest. The players
2026-10-09 12:02:26,581 INFO Feed: https://newsfeed.kicker.de/team/fc-bayern-muenchen
2026-10-09 12:02:26,624 INFO S1 Medienseite ohne Artikeltext: Kompany zu City-Vorwürfen: "Stehe hinter den Leistungen"
2026-10-09 12:02:26,673 INFO S3 keyword miss: Kompany zum ManCity-Urteil: "Weit entfernt von meiner Realit
2026-10-09 12:02:26,673 INFO Feed: https://newsfeed.kicker.de/team/borussia-dortmund
2026-10-09 12:02:26,712 INFO Feed: https://newsfeed.kicker.de/team/rb-leipzig
2026-10-09 12:02:26,913 INFO S2 blacklist: Dienstagskonferenz der Champions League läuft im Free-TV
2026-10-09 12:02:26,914 INFO Feed: https://newsfeed.kicker.de/team/bayer-04-leverkusen
2026-10-09 12:02:27,107 INFO Feed: https://newsfeed.kicker.de/team/vfb-stuttgart
2026-10-09 12:02:27,145 INFO Feed: https://newsfeed.kicker.de/team/eintracht-frankfurt
2026-10-09 12:02:27,185 INFO Feed: https://newsfeed.kicker.de/team/bor-moenchengladbach
2026-10-09 12:02:27,513 INFO Feed: https://newsfeed.kicker.de/team/sc-freiburg
2026-10-09 12:02:27,705 INFO Feed: https://newsfeed.kicker.de/team/tsg-hoffenheim
2026-10-09 12:02:27,898 INFO Feed: https://newsfeed.kicker.de/team/1-fsv-mainz-05
2026-10-09 12:02:27,946 INFO Feed: https://newsfeed.kicker.de/team/fc-augsburg
2026-10-09 12:02:28,143 INFO Feed: https://newsfeed.kicker.de/team/1-fc-union-berlin
2026-10-09 12:02:28,339 INFO Feed: https://newsfeed.kicker.de/team/werder-bremen
2026-10-09 12:02:28,377 INFO Feed: https://newsfeed.kicker.de/team/hamburger-sv
2026-10-09 12:02:28,571 INFO Feed: https://newsfeed.kicker.de/team/1-fc-koeln
2026-10-09 12:02:28,767 INFO Feed: https://newsfeed.kicker.de/team/fc-schalke-04
2026-10-09 12:02:28,970 INFO Feed: https://newsfeed.kicker.de/team/sv-elversberg
2026-10-09 12:02:29,174 INFO Feed: https://newsfeed.kicker.de/team/sc-paderborn-07
2026-10-09 12:02:29,373 INFO Feed: https://newsfeed.kicker.de/news/champions-league
2026-10-09 12:02:29,409 INFO Feed: ligainsider:themen
2026-10-09 12:02:30,079 INFO LigaInsider (Themenfinder): 0 Meldungen von 0 Vereinsseiten
2026-10-09 12:02:30,080 INFO Eingelesen: 139 Schlagzeilen nach den Gratis-Filtern
2026-10-09 12:02:31,575 INFO S5 kein Bundesliga-Spieler oder -Klub erkennbar: Sean Dyche macht jetzt Werbung für Kondome: „Utter wet nonsense“
2026-10-09 12:02:31,575 INFO S5 kein Bundesliga-Spieler oder -Klub erkennbar: Als zweiter Deutscher nach Becker: Zverev wird erstmals die Nummer ein
2026-10-09 12:02:31,575 INFO S5 Randthema: Freiburg erwirtschaftet Rekordumsatz in 2025/26 – Fast 50 Millionen Pl
2026-10-09 12:02:31,575 INFO S5 kein Bundesliga-Spieler oder -Klub erkennbar: Formel 1 plant offenbar Rennen in Ruanda
2026-10-09 12:02:31,576 INFO S5 kein Bundesliga-Spieler oder -Klub erkennbar: NBA - Starker Moritz Wagner vermiest Debüt von LeBron James für die Ph
2026-10-09 12:02:31,579 INFO S5 Sammelartikel: Transfer-Ticker: FC Bayern droht Hängepartie
2026-10-09 12:02:31,584 INFO S5 Randthema: Friedls kuriose Dortmund-Torbilanz und 4 weitere Werder-Fakten
2026-10-09 12:02:31,586 INFO S5 schon berichtet (Raum-Zukunft: Leipzig plant Gespräche über Ve): Raum-Zukunft in Leipzig: So steht es um Vertragsverlängerung
2026-10-09 12:02:31,593 INFO S5 Randthema: SC Freiburg erzielt Rekordumsatz: 212,1 Millionen Euro in Erfolgs-Sais
2026-10-09 12:02:31,596 INFO S5 Sammelartikel: Vor dem Derby gegen Augsburg: Kompany gibt Personal-Update
2026-10-09 12:02:31,596 INFO S5 schon berichtet (Augsburgs Baum fordert gegen Bayern: „Wie ein): Banks fehlt Augsburg wegen wochenlang verletzt - so reagiert
2026-10-09 12:02:31,597 INFO S5 Randthema: Tickets für Spiel in München verfügbar
2026-10-09 12:02:31,601 INFO S5 kein Bundesliga-Spieler oder -Klub erkennbar: Neuer Coach für FC-Profi: WM-Teilnehmer sucht Nationaltrainer per Job-
2026-10-09 12:02:31,601 INFO S5 Randthema: Eklat im Flugzeug und wegen eines BVB-Trikots: Schalke-Flop wagt Neust
2026-10-09 12:02:31,603 INFO S5 kein Bundesliga-Spieler oder -Klub erkennbar: Nelson Weidemann vor spektakulärem Wechsel: Wie Rasta Vechta nun reagi
2026-10-09 12:02:31,605 INFO S5: 122 neue Geschichten, 2 schon berichtet, 1 zu wartenden Geschichten ergänzt, 14 warten
2026-10-09 12:06:51,914 INFO S6 aussortiert (prio_1): „Fast wie Österreich...“ - Lustiger Kompany-Spruch gegen Bayern-Boss
2026-10-09 12:06:51,915 INFO S6 aussortiert (prio_1): Bayern-Legende Müller-Wohlfahrt - „Heftige Dispute!“ Abrechnung mit Pe
2026-10-09 12:06:51,915 INFO S6 aussortiert (prio_0): Alaba vor Neustart in Italien: Er wird schon jetzt mit einer Ikone ver
2026-10-09 12:06:51,915 INFO S6 aussortiert (doppelt): Bayern München trainiert vor Viking Stavanger auf Kunstrasen
2026-10-09 12:06:51,915 INFO S6 aussortiert (prio_1): FC Bayern München ändert wegen Kunstrasen ihre Gewohnheiten
2026-10-09 12:06:51,915 INFO S6 aussortiert (prio_0): BBL: Niners Chemnitz - FC Bayern München
2026-10-09 12:06:51,916 INFO S6 aussortiert (prio_0): TV Langen empfängt FC Bayern II: „Können jede Mannschaft schlagen"
2026-10-09 12:06:51,916 INFO S6 aussortiert (prio_0): Video: Pressetalk vor FC Augsburg vs. FC Bayern
2026-10-09 12:06:51,916 INFO S6 aussortiert (prio_1): Das müssen FCA-Fans vor dem Derby gegen den FC Bayern wissen
2026-10-09 12:06:51,916 INFO S6 aussortiert (prio_0): Fünf Mutmacher für FCA-Fans: Als Bobadilla mit der Hacke traf
2026-10-09 12:06:51,916 INFO S6 aussortiert (prio_0): Hier läuft Bayern II gegen Unterhaching
2026-10-09 12:06:51,916 INFO S6 aussortiert (prio_0): Fußball Bundesliga: Neunkirchen gegen FC Bayern - Übersicht über die T
2026-10-09 12:06:51,916 INFO S6 aussortiert (doppelt): FC Bayern: Vincent Kompany stellt sich in kuriosem Monolog ungefragt h
2026-10-09 12:06:51,916 INFO S6 aussortiert (prio_1): "Zählt wahrscheinlich": Legende Klaus Fischer glaubt nicht an den Ball
2026-10-09 12:06:51,916 INFO S6 aussortiert (prio_1): Bayern: München setzt Mindestpreise für Uber und Co. aus
2026-10-09 12:06:51,917 INFO S6 aussortiert (prio_1): Seitenhieb aus BVB-Zeiten: Bundestrainer Jürgen Klopp macht sich über 
2026-10-09 12:06:51,917 INFO S6 aussortiert (prio_0): Bayern gegen Augsburg - da war doch was?
2026-10-09 12:06:51,917 INFO S6 aussortiert (prio_0): Highlights von Bayern München - Virtus Bologna
2026-10-09 12:06:51,917 INFO S6 aussortiert (prio_0): 5. Spieltag: FC Augsburg - FC Bayern München - FC Augsburg - Forum | S
2026-10-09 12:06:51,917 INFO S6 aussortiert (prio_1): BVB-Talent Wim Verdonshot zeigt seine Größe am Tisch
2026-10-09 12:06:51,917 INFO S6 aussortiert (doppelt): BVB in Transfer-Dreikampf verwickelt - auch RB Leipzig dran?
2026-10-09 12:06:51,917 INFO S6 aussortiert (prio_1): BVB-Überraschung um Max Kruse
2026-10-09 12:06:51,917 INFO S6 aussortiert (prio_0): Fußball-Transfergerüchte heute: Bayern mit Olise-Hoffnung & Haaland-En
2026-10-09 12:06:51,917 INFO S6 aussortiert (prio_0): 1. FSV Mainz 05 - Bayer 04 Leverkusen Kader & Aufstellungen: Bundeslig
2026-10-09 12:06:51,917 INFO S6 aussortiert (prio_1): Programmänderung bei RTL: Für Mainz vs. Leverkusen ändert der Sender s
2026-10-09 12:06:51,917 INFO S6 aussortiert (prio_0): Mainz – Leverkusen Tipp, KI Prognose & Quoten | 10.10.2026
2026-10-09 12:06:51,918 INFO S6 aussortiert (prio_0): Feierlicher Abend zum 50-jährigen Bestehen
2026-10-09 12:06:51,918 INFO S6 aussortiert (doppelt): VfB Stuttgart | Kein Einsatz bei Klopp: Hoeneß wagt Jeltsch-Prognose
2026-10-09 12:06:51,918 INFO S6 aussortiert (doppelt): VfB Stuttgart: Klare Tendenz bei Angelo Stiller
2026-10-09 12:06:51,918 INFO S6 aussortiert (prio_1): Matchfacts: Bleibt der VfB in Paderborn unbesiegt?
2026-10-09 12:06:51,918 INFO S6 aussortiert (prio_1): VfB Stuttgart: Freundeskreis feiert 50-jähriges Bestehen
2026-10-09 12:06:51,918 INFO S6 aussortiert (prio_1): Das war der Aktionsspieltag „Pinktober“
2026-10-09 12:06:51,918 INFO S6 aussortiert (prio_1): Wiedersehen nach elf Jahren
2026-10-09 12:06:51,918 INFO S6 aussortiert (prio_0): Fußball Bundesliga: Stuttgart gegen Hamburg - Übersicht über die Laufl
2026-10-09 12:06:51,918 INFO S6 aussortiert (prio_0): Eintracht Frankfurt: So läuft das Bundesligaspiel in Leipzig
2026-10-09 12:06:51,918 INFO S6 aussortiert (prio_0): Fußball Bundesliga: E. Frankfurt gegen Schalke - Statistik: Zweikämpfe
2026-10-09 12:06:51,919 INFO S6 aussortiert (prio_0): Fußball Bundesliga: M'gladbach gegen Homburg - Übersicht über die Kart
2026-10-09 12:06:51,919 INFO S6 aussortiert (prio_1): Die Top-Stats: Köln vs. Borussia Mönchengladbach
2026-10-09 12:06:51,919 INFO S6 aussortiert (doppelt): „Eine Erfolgsgeschichte“: Borussia Mönchengladbach verliert Hauptspons
2026-10-09 12:06:51,919 INFO S6 aussortiert (prio_1): „Hat es verdient“: Gladbach-Weggefährte stärkt ter Stegen in der DFB-T
2026-10-09 12:06:51,919 INFO S6 aussortiert (prio_1): Ernst Gladbach
2026-10-09 12:06:51,919 INFO S6 aussortiert (prio_1): Ein Glücksfall
2026-10-09 12:06:51,919 INFO S6 aussortiert (prio_1): So seht ihr den SC gegen Schalke 04
2026-10-09 12:06:51,919 INFO S6 aussortiert (doppelt): SC Freiburg: Vor Schalke-Spiel präsentiert der SCF unglaubliche Zahlen
2026-10-09 12:06:51,919 INFO S6 aussortiert (doppelt): Dank starker Pokalauftritte: SC Freiburg mit Rekordzahlen
2026-10-09 12:06:51,919 INFO S6 aussortiert (prio_1): Mitten in der Innenstadt: Der SC Freiburg bekommt ein Vereinsmuseum am
2026-10-09 12:06:51,920 INFO S6 aussortiert (prio_1): SC Freiburg würdigt langjährigen Aufsichtsratschef
2026-10-09 12:06:51,920 INFO S6 aussortiert (prio_1): Vize-Weltmeister für Freiburg: SCF komplettiert FC-27-Aufgebot
2026-10-09 12:06:51,920 INFO S6 aussortiert (prio_1): Die Top-Stats: SC Freiburg vs. Schalke 04
2026-10-09 12:06:51,920 INFO S6 aussortiert (prio_1): (k+) Viele Wege, ein Ziel: Freiburgs nächste Generation drängt nach ob
2026-10-09 12:06:51,920 INFO S6 aussortiert (doppelt): Rekord, Rekord, Rekord: Freiburger in neuer Flughöhe
2026-10-09 12:06:51,920 INFO S6 aussortiert (doppelt): Freiburg mit Rekord in 2025/26: 50 Millionen Plus beim Umsatz und 37 M
2026-10-09 12:06:51,920 INFO S6 aussortiert (prio_1): Freiburg: 100 Prozent Recyclingpapier in Verwaltung
2026-10-09 12:06:51,920 INFO S6 aussortiert (doppelt): Der SC Freiburg kann für die letzte Saison Rekordzahlen verkünden
2026-10-09 12:06:51,920 INFO S6 aussortiert (prio_1): Hoffenheim reagiert auf Abzock-Vorwürfe, doch der Fall bleibt kritisch
2026-10-09 12:06:51,920 INFO S6 aussortiert (prio_0): TSG 1899 Hoffenheim - Hamburger SV Kader & Aufstellungen: Bundesliga F
2026-10-09 12:06:51,920 INFO S6 aussortiert (prio_1): SV Werder Bremen: Was Fans vor dem Duell mit Borussia Dortmund wissen 
2026-10-09 12:06:51,921 INFO S6 aussortiert (doppelt): Zwei Kellerduelle - nächstes Verfolger-Match für Mainz-Bretzenheim
2026-10-09 12:06:51,921 INFO S6 aussortiert (prio_0): FC Mainz 05 de Jacqueville
2026-10-09 12:06:51,921 INFO S6 aussortiert (prio_0): 1.FSV Mainz 05
2026-10-09 12:06:51,921 INFO S6 aussortiert (doppelt): Warum es für die Bayern gegen Augsburg um Wiedergutmachung geht | Mari
2026-10-09 12:06:51,921 INFO S6 aussortiert (prio_0): 1. Bundesliga: SV Elversberg gegen 1. FC Union Berlin – hier sehen Sie
2026-10-09 12:06:51,921 INFO S6 aussortiert (doppelt): SV Elversberg vor Auswärtsspiel bei Union Berlin
2026-10-09 12:06:51,921 INFO S6 aussortiert (prio_1): SVW-Fan Karsten in Dortmund: Als Werderaner im Revier
2026-10-09 12:06:51,921 INFO S6 aussortiert (doppelt): Weiser äußert sich zu seiner Zukunft bei Werder Bremen
2026-10-09 12:06:51,921 INFO S6 aussortiert (prio_0): Fußball Bundesliga: Düsseldorf gegen Werder - Übersicht über die Laufl
2026-10-09 12:06:51,922 INFO S6 aussortiert (prio_1): Dortmund gegen Werder kostenlos schauen: Bundesliga 2026/27
2026-10-09 12:06:51,922 INFO S6 aussortiert (prio_0): Aufstellungen Und Einlauf BFC Dynamo-Werder Bremen, Europapokal Der La
2026-10-09 12:06:51,922 INFO S6 aussortiert (prio_0): Neuigkeiten nach Spielabbruch: HSV Neuwied mit neuem Mut nach erstem S
2026-10-09 12:06:51,922 INFO S6 aussortiert (prio_0): (+) Heißer HSV-Herbst: Diese fünf Fragen entscheiden alles
2026-10-09 12:06:51,922 INFO S6 aussortiert (prio_1): HSV-Stadionsprecher „Stübi“ über seinen größten Absturz in der Thai Oa
2026-10-09 12:06:51,922 INFO S6 aussortiert (prio_1): HSV-Stadionsprecher Christian Stübinger klingt wie Echt-Sänger Kim Fra
2026-10-09 12:06:51,922 INFO S6 aussortiert (prio_0): HSV hat zweiten Saisonsieg im Auge | HL-SPORTS - Sport-News für die Re
2026-10-09 12:06:51,922 INFO S6 aussortiert (prio_0): HSV ODIN '59 Heemskerk II
2026-10-09 12:06:51,922 INFO S6 aussortiert (prio_0): "Dann waren da van der Vaart und de Jong und haben im Jacuzzi gesessen
2026-10-09 12:06:51,922 INFO S6 aussortiert (prio_0): HSV Barmbek-Uhlenhorst III
2026-10-09 12:06:51,923 INFO S6 aussortiert (prio_0): HSV VUC Den Haag
2026-10-09 12:06:51,923 INFO S6 aussortiert (doppelt): Nächste Wagner-Wende beim 1. FC Köln
2026-10-09 12:06:51,923 INFO S6 aussortiert (prio_0): FC.de
2026-10-09 12:06:51,923 INFO S6 aussortiert (prio_1): Ein Backstreet Boy auf Schalke?: Video von Muslic liefert einen intere
2026-10-09 12:06:51,923 INFO S6 aussortiert (prio_1): Das hat der Torjubel von Schalke-Star Adamu mit dem FC Bayern zu tun
2026-10-09 12:06:51,923 INFO S6 aussortiert (prio_0): FC Schalke 04
2026-10-09 12:06:51,923 INFO S6 aussortiert (prio_1): DFL-Auflage für S04: Der schmale Grat Zwischen Kaderwunsch und Bilanzp
2026-10-09 12:06:51,923 INFO S6 aussortiert (prio_0): RB Leipzig vs. Eintracht Frankfurt preview: Under-pressure hosts look 
2026-10-09 12:06:51,924 INFO S6 aussortiert (doppelt): FC Augsburg vs. Bayern Munich preview: Champions eye revenge against B
2026-10-09 12:06:51,924 INFO S6 aussortiert (prio_1): Vincent Kompany on Manchester City's charges: "I'm only thinking about
2026-10-09 12:06:51,924 INFO S6 aussortiert (doppelt): Warum die Bayern früher als üblich nach Norwegen reisen
2026-10-09 12:06:57,037 INFO S6.5 schon berichtet (Dortmunds Emre Can unterzieht sich weiterem E): Emre Can erneut operiert - kaum Hoffnung auf schnelles Comeb
2026-10-09 12:07:05,109 INFO S6.5 schon berichtet (Mainz gegen Leverkusen: Zwei Offensivteams mi): Nach Nebel-Rückkehr: So geht's jetzt bei Mainz 05 im Mittelf
2026-10-09 12:07:06,386 INFO S7 kein Volltext (too_short_43_words): Zwei Schalker trainieren vor Freiburg nicht mit: Eine Katic-
2026-10-09 12:07:06,386 INFO S7 zu wenig Stoff (0 Wörter aus 0 Quellen, Versuch 1/3): Zwei Schalker trainieren vor Freiburg nicht mit: Eine Katic-
2026-10-09 12:07:13,425 INFO S6.5 schon berichtet (Kane vor Verlängerung bis 2029: Premier-Leagu): Vertragsverlängerung mit Harry Kane beim FC Bayern: Sportdir
2026-10-09 12:07:14,342 INFO S7 kein Volltext (too_short_34_words): „Macht einfach Spaß“: Fast vergessener HSV-Profi kurz vor Co
2026-10-09 12:07:14,342 INFO S7 zu wenig Stoff (0 Wörter aus 0 Quellen, Versuch 1/3): „Macht einfach Spaß“: Fast vergessener HSV-Profi kurz vor Co
2026-10-09 12:07:14,759 INFO S7 kein Volltext (too_short_8_words): Frankfurt kommt zu früh für Reitz
2026-10-09 12:07:14,759 INFO S7 zu wenig Stoff (0 Wörter aus 0 Quellen, Versuch 2/3): Frankfurt kommt zu früh für Reitz
2026-10-09 12:07:14,956 ERROR lxml parsing failed: Document is empty
2026-10-09 12:07:14,956 ERROR lxml parser bytestring Document is empty
2026-10-09 12:07:14,956 ERROR lxml parsing failed: Document is empty
2026-10-09 12:07:14,956 ERROR lxml parser bytestring Document is empty
2026-10-09 12:07:14,956 ERROR empty HTML tree: None
2026-10-09 12:07:14,957 WARNING discarding data: None
2026-10-09 12:07:14,957 INFO S7 kein Volltext (trafilatura_returned_empty): Diehl und Al-Dakhil kommen beim VfB nicht auf die Beine
2026-10-09 12:07:14,957 INFO S7 zu wenig Stoff (0 Wörter aus 0 Quellen, Versuch 1/3): Diehl und Al-Dakhil kommen beim VfB nicht auf die Beine
2026-10-09 12:07:22,747 INFO S6.5 schon berichtet (Musiala trainiert nach Muskelfaserriss wieder): Kompany backs Musiala to come back strong from latest injury
2026-10-09 12:07:34,379 INFO S7 schreiben (Prio 3, 1 Quellen): Nach erneuter Muskelverletzung: Werder Bremen geht bei Pechv
2026-10-09 12:07:41,885 INFO   Kandidat: Werder sucht bei Felix Agu nach der Ursache für die Wadenpro
2026-10-09 12:07:45,733 INFO S6.5 schon berichtet (Stiller und der VfB: Verlängerung derzeit nic): Verhandlungen stocken – droht Stuttgart der Verlust eines Le
2026-10-09 12:07:47,610 INFO S7 kein Volltext (too_short_57_words): So stark kommt Vuskovic zurück: HSV-Coach gibt Prognose ab
2026-10-09 12:07:47,610 INFO S7 zu wenig Stoff (0 Wörter aus 0 Quellen, Versuch 1/3): So stark kommt Vuskovic zurück: HSV-Coach gibt Prognose ab
2026-10-09 12:08:00,168 INFO S7 schreiben (Prio 3, 1 Quellen): Gosens rechnet mit Florenz ab: Schalke-Boss enthüllt Transfe
2026-10-09 12:08:08,371 INFO   Kandidat: Gosens über Florenz-Aus und Schalke-Wechsel: „Absurder Trans
2026-10-09 12:08:09,722 INFO S7 kein Volltext (likely_paywall): Bayern-Boss mit gewagter Prognose bei Kane und Olise: „Beide
2026-10-09 12:08:17,621 INFO S7 schreiben (Prio 2, 1 Quellen): Bayern-Boss mit gewagter Prognose bei Kane und Olise: „Beide
2026-10-09 12:08:24,583 INFO   Kandidat: Rummenigge: Kane und Olise wollen „lange beim FC Bayern blei
2026-10-09 12:08:29,264 INFO S6.5 schon berichtet (Köln vor dem Derby: Trainer Wagner unter Druc): Trainer-Drama bei Köln – Gladbach: Rhein-Derby birgt gewalti
2026-10-09 12:08:41,723 INFO S6.5 schon berichtet (Rummenigge: Kane und Olise wollen „lange beim): Kane-Knall beim FC Bayern? Freund schließt (noch) nichts aus
2026-10-09 12:08:47,653 INFO S7 schreiben (Prio 2, 1 Quellen): Chelsea spricht Machtwort: BVB bei Josh Acheampong ohne Chan
2026-10-09 12:08:54,188 INFO   Kandidat: Chelsea blockt: BVB bei Josh Acheampong ohne Chance
2026-10-09 12:09:00,193 INFO S7 schreiben (Prio 2, 1 Quellen): DFL-Auflage: Warum Schalke Gewinne braucht und Transfers sch
2026-10-09 12:09:07,623 INFO   Kandidat: Schalke unter DFL-Druck: Eigenkapitalregel schränkt Transfer
2026-10-09 12:09:08,197 INFO S7 kein Volltext (too_short_15_words): FC Bayern und BVB vor dem Klassiker: Diese Hammer-Wochen war
2026-10-09 12:09:08,197 INFO S7 zu wenig Stoff (0 Wörter aus 0 Quellen, Versuch 1/3): FC Bayern und BVB vor dem Klassiker: Diese Hammer-Wochen war
2026-10-09 12:09:11,957 INFO S7 schreiben (Prio 2, 1 Quellen): Kniffliger Restart gegen Heidenheim
2026-10-09 12:09:15,587 INFO S7 verworfen (nicht_relevant): Kniffliger Restart gegen Heidenheim
2026-10-09 12:09:17,151 INFO S7 kein Volltext (likely_paywall): Eintracht Frankfurt vor Leipzig-Spiel: Koch beantwortet Fan-
2026-10-09 12:09:17,151 INFO S7 zu wenig Stoff (0 Wörter aus 0 Quellen, Versuch 1/3): Eintracht Frankfurt vor Leipzig-Spiel: Koch beantwortet Fan-
2026-10-09 12:09:18,403 INFO S7 kein Volltext (likely_paywall): „Als Erstes vorangehen“: Eintracht-Kapitän Koch fordert defe
2026-10-09 12:09:18,404 INFO S7 zu wenig Stoff (0 Wörter aus 0 Quellen, Versuch 1/3): „Als Erstes vorangehen“: Eintracht-Kapitän Koch fordert defe
2026-10-09 12:09:18,497 ERROR lxml parsing failed: Document is empty
2026-10-09 12:09:18,497 ERROR lxml parser bytestring Document is empty
2026-10-09 12:09:18,497 ERROR lxml parsing failed: Document is empty
2026-10-09 12:09:18,497 ERROR lxml parser bytestring Document is empty
2026-10-09 12:09:18,497 ERROR empty HTML tree: None
2026-10-09 12:09:18,497 WARNING discarding data: None
2026-10-09 12:09:18,498 INFO S7 kein Volltext (trafilatura_returned_empty): Kompany: "Die Jungs müssen erstmal müde werden"
2026-10-09 12:09:18,498 INFO S7 zu wenig Stoff (0 Wörter aus 0 Quellen, Versuch 1/3): Kompany: "Die Jungs müssen erstmal müde werden"
2026-10-09 12:09:23,449 INFO S6.5 schon berichtet (Gladbach unter Blessin: Viele Baustellen vor ): Erstes Spiel, erster Zoff?: Gladbach-Coach Blessin droht Qua
2026-10-09 12:09:31,344 INFO S7 schreiben (Prio 2, 1 Quellen): Viele Spiele und weite Reisen: Stressiger Herbst verlangt BV
2026-10-09 12:09:40,748 INFO   Kandidat: BVB vor Marathon: Neun Spiele in 30 Tagen und 11.000 Kilomet
2026-10-09 12:09:41,312 WARNING discarding data: None
2026-10-09 12:09:41,313 INFO S7 kein Volltext (trafilatura_returned_empty): Vor Duell gegen FC Bayern: So plant Augsburg-Trainer Baum
2026-10-09 12:09:41,313 INFO S7 zu wenig Stoff (0 Wörter aus 0 Quellen, Versuch 1/3): Vor Duell gegen FC Bayern: So plant Augsburg-Trainer Baum
2026-10-09 12:09:46,382 INFO S6.5 schon berichtet (Bayern gastiert in Augsburg: Erinnerung an di): Augsburg-Geschäftsführer im Gespräch: Wie der FCA sich mit T
2026-10-09 12:09:47,016 INFO S7 kein Volltext (too_short_15_words): ''Sie haben vielleicht mehr individuelle Qualitäten, als die
2026-10-09 12:09:47,016 INFO S7 zu wenig Stoff (0 Wörter aus 0 Quellen, Versuch 1/3): ''Sie haben vielleicht mehr individuelle Qualitäten, als die
2026-10-09 12:09:56,789 INFO S6.5 schon berichtet (Schalke vor Freiburg: Karaman trotzt der Ausw): Schalke 04 News heute: Freiburg-Profi spricht Schalke-Klarte
2026-10-09 12:09:57,623 INFO S7 kein Volltext (seite_zu_alt): Big Match Preview: Köln vs. Borussia Mönchengladbach
2026-10-09 12:09:57,623 INFO S7 zu wenig Stoff (0 Wörter aus 0 Quellen, Versuch 1/3): Big Match Preview: Köln vs. Borussia Mönchengladbach
2026-10-09 12:09:58,556 INFO S7 kein Volltext (seite_zu_alt): Big Match Preview: SC Freiburg vs. Schalke 04
2026-10-09 12:09:58,556 INFO S7 zu wenig Stoff (0 Wörter aus 0 Quellen, Versuch 1/3): Big Match Preview: SC Freiburg vs. Schalke 04
2026-10-09 12:09:58,973 ERROR lxml parsing failed: Document is empty
2026-10-09 12:09:58,973 ERROR lxml parser bytestring Document is empty
2026-10-09 12:09:58,973 ERROR lxml parsing failed: Document is empty
2026-10-09 12:09:58,973 ERROR lxml parser bytestring Document is empty
2026-10-09 12:09:58,973 ERROR empty HTML tree: None
2026-10-09 12:09:58,973 WARNING discarding data: None
2026-10-09 12:09:58,974 INFO S7 kein Volltext (trafilatura_returned_empty): Ernüchterung nach Transfer-Hype: "Vieira allein kann diesem 
2026-10-09 12:09:58,974 INFO S7 zu wenig Stoff (0 Wörter aus 0 Quellen, Versuch 1/3): Ernüchterung nach Transfer-Hype: "Vieira allein kann diesem 
2026-10-09 12:09:59,478 INFO S7 kein Volltext (too_short_70_words): Drei Gladbacher kämpfen um einen Platz - Hier droht Blessin 
2026-10-09 12:09:59,478 INFO S7 zu wenig Stoff (0 Wörter aus 0 Quellen, Versuch 3/3): Drei Gladbacher kämpfen um einen Platz - Hier droht Blessin 
2026-10-09 12:09:59,881 ERROR lxml parsing failed: Document is empty
2026-10-09 12:09:59,881 ERROR lxml parser bytestring Document is empty
2026-10-09 12:09:59,881 ERROR lxml parsing failed: Document is empty
2026-10-09 12:09:59,881 ERROR lxml parser bytestring Document is empty
2026-10-09 12:09:59,882 ERROR empty HTML tree: None
2026-10-09 12:09:59,882 WARNING discarding data: None
2026-10-09 12:09:59,882 INFO S7 kein Volltext (trafilatura_returned_empty): Hlozek in Topform und die Baumann-Frage | Michael Pfeifer au
2026-10-09 12:09:59,882 INFO S7 zu wenig Stoff (0 Wörter aus 0 Quellen, Versuch 1/3): Hlozek in Topform und die Baumann-Frage | Michael Pfeifer au
2026-10-09 12:10:14,756 INFO S6.5 schon berichtet (Kovac lobt Anton: „Er spielt Weltklasse“ – BV): Gespräche mit DFB-Star? BVB plant Personal-Coup
2026-10-09 12:10:16,538 INFO S7 kein Volltext (too_short_56_words): Paderborns Abwehrchef hat auch vor Stuttgarts Edel-Offensive
2026-10-09 12:10:16,538 INFO S7 zu wenig Stoff (0 Wörter aus 0 Quellen, Versuch 2/3): Paderborns Abwehrchef hat auch vor Stuttgarts Edel-Offensive
2026-10-09 12:10:30,215 INFO S6.5 schon berichtet (Rummenigge: Kane und Olise wollen „lange beim): FC Bayern-Sportdirektor Freund: "Kein neuer Stand" bei Harry
2026-10-09 12:10:31,564 INFO S7 kein Volltext (likely_paywall): „Sind für unsere Struktur wichtig...“ Eintracht Deutschland 
2026-10-09 12:10:31,564 INFO S7 zu wenig Stoff (0 Wörter aus 0 Quellen, Versuch 2/3): „Sind für unsere Struktur wichtig...“ Eintracht Deutschland 
2026-10-09 12:10:32,121 ERROR lxml parsing failed: Document is empty
2026-10-09 12:10:32,121 ERROR lxml parser bytestring Document is empty
2026-10-09 12:10:32,121 ERROR lxml parsing failed: Document is empty
2026-10-09 12:10:32,121 ERROR lxml parser bytestring Document is empty
2026-10-09 12:10:32,121 ERROR empty HTML tree: None
2026-10-09 12:10:32,121 WARNING discarding data: None
2026-10-09 12:10:32,122 INFO S7 kein Volltext (trafilatura_returned_empty): Elversberg-Coach Wagner: "Muss klären, was stiller Protest k
2026-10-09 12:10:32,122 INFO S7 zu wenig Stoff (0 Wörter aus 0 Quellen, Versuch 2/3): Elversberg-Coach Wagner: "Muss klären, was stiller Protest k
2026-10-09 12:10:32,590 ERROR lxml parsing failed: Document is empty
2026-10-09 12:10:32,591 ERROR lxml parser bytestring Document is empty
2026-10-09 12:10:32,591 ERROR lxml parsing failed: Document is empty
2026-10-09 12:10:32,591 ERROR lxml parser bytestring Document is empty
2026-10-09 12:10:32,591 ERROR empty HTML tree: None
2026-10-09 12:10:32,591 WARNING discarding data: None
2026-10-09 12:10:32,592 INFO S7 kein Volltext (trafilatura_returned_empty): "Dickes Ausrufezeichen" von Schalke und "ein ganz, ganz klei
2026-10-09 12:10:32,592 INFO S7 zu wenig Stoff (0 Wörter aus 0 Quellen, Versuch 2/3): "Dickes Ausrufezeichen" von Schalke und "ein ganz, ganz klei
2026-10-09 12:10:34,162 INFO S7 kein Volltext (too_short_48_words): „Ich lebe die Tugenden des VfB, seit ich Fußball spielen kan
2026-10-09 12:10:34,162 INFO S7 zu wenig Stoff (0 Wörter aus 0 Quellen, Versuch 3/3): „Ich lebe die Tugenden des VfB, seit ich Fußball spielen kan
2026-10-09 12:10:35,435 INFO S7 kein Volltext (seite_zu_alt): Eintracht-Trainer Hütter will keine Einzelkämpfer sehen
2026-10-09 12:10:35,436 INFO S7 zu wenig Stoff (0 Wörter aus 0 Quellen, Versuch 3/3): Eintracht-Trainer Hütter will keine Einzelkämpfer sehen
2026-10-09 12:10:36,029 ERROR lxml parsing failed: Document is empty
2026-10-09 12:10:36,029 ERROR lxml parser bytestring Document is empty
2026-10-09 12:10:36,029 ERROR lxml parsing failed: Document is empty
2026-10-09 12:10:36,030 ERROR lxml parser bytestring Document is empty
2026-10-09 12:10:36,030 ERROR empty HTML tree: None
2026-10-09 12:10:36,030 WARNING discarding data: None
2026-10-09 12:10:36,030 INFO S7 kein Volltext (trafilatura_returned_empty): Gejagter statt Jäger? Kovac: "Genießen im Moment die Positio
2026-10-09 12:10:36,030 INFO S7 zu wenig Stoff (0 Wörter aus 0 Quellen, Versuch 3/3): Gejagter statt Jäger? Kovac: "Genießen im Moment die Positio
2026-10-09 12:10:36,808 INFO S7 kein Volltext (seite_zu_alt): FC Augsburg - FC Bayern München
2026-10-09 12:10:36,809 INFO S7 zu wenig Stoff (0 Wörter aus 0 Quellen, Versuch 3/3): FC Augsburg - FC Bayern München
2026-10-09 12:10:38,274 INFO S7 kein Volltext (seite_zu_alt): „Würde mich freuen, wenn er zurückkommt“: Kehrt Ex-Schalke-S
2026-10-09 12:10:38,274 INFO S7 zu wenig Stoff (0 Wörter aus 0 Quellen, Versuch 2/3): „Würde mich freuen, wenn er zurückkommt“: Kehrt Ex-Schalke-S
2026-10-09 12:10:39,111 INFO S7 kein Volltext (too_short_8_words): RB Leipzig: Exklusives Interview mit dem künftigen Leader Ma
2026-10-09 12:10:39,111 INFO S7 zu wenig Stoff (0 Wörter aus 0 Quellen, Versuch 2/3): RB Leipzig: Exklusives Interview mit dem künftigen Leader Ma
2026-10-09 12:10:44,617 INFO S6.5 schon berichtet (Leipzig gegen Frankfurt: Duell zweier Teams i): Eintracht-Coach Hütter beschäftigt mehr als die Systemfrage
2026-10-09 12:10:45,001 ERROR lxml parsing failed: Document is empty
2026-10-09 12:10:45,001 ERROR lxml parser bytestring Document is empty
2026-10-09 12:10:45,001 ERROR lxml parsing failed: Document is empty
2026-10-09 12:10:45,001 ERROR lxml parser bytestring Document is empty
2026-10-09 12:10:45,001 ERROR empty HTML tree: None
2026-10-09 12:10:45,001 WARNING discarding data: None
2026-10-09 12:10:45,002 INFO S7 kein Volltext (trafilatura_returned_empty): Köln empfängt Gladbach zum Derby: Kannst du das Puzzle lösen
2026-10-09 12:10:45,002 INFO S7 zu wenig Stoff (0 Wörter aus 0 Quellen, Versuch 1/3): Köln empfängt Gladbach zum Derby: Kannst du das Puzzle lösen
2026-10-09 12:10:47,116 INFO S7 kein Volltext (too_short_8_words): Fußball: FCA-Trainer Baum vor Duell mit Bayern: "Solche Verg
2026-10-09 12:10:47,116 INFO S7 zu wenig Stoff (0 Wörter aus 0 Quellen, Versuch 3/3): Fußball: FCA-Trainer Baum vor Duell mit Bayern: "Solche Verg
2026-10-09 12:10:47,547 INFO S7 kein Volltext (seite_zu_alt): Gerüchte um Sammer-Zukunft: BVB spricht Machtwort
2026-10-09 12:10:47,547 INFO S7 zu wenig Stoff (0 Wörter aus 0 Quellen, Versuch 1/3): Gerüchte um Sammer-Zukunft: BVB spricht Machtwort
2026-10-09 12:10:47,558 INFO FinalCheck SKIP: werder/{'felix agu', 'daniel thioune'} stage=ausfall bereits in Archiv
2026-10-09 12:10:47,564 INFO FinalCheck SKIP: bayern/{'harry kane', 'michael olise'} stage=vertrag bereits in Archiv
2026-10-09 12:10:47,572 INFO S9.5 FinalCheck: 4/6 durch
2026-10-09 12:10:48,598 INFO Veröffentlicht: Gosens über Florenz-Aus und Schalke-Wechsel: „Absurder Trans
2026-10-09 12:10:48,690 INFO Veröffentlicht: Chelsea blockt: BVB bei Josh Acheampong ohne Chance
2026-10-09 12:10:48,784 INFO Veröffentlicht: Schalke unter DFL-Druck: Eigenkapitalregel schränkt Transfer
2026-10-09 12:10:48,877 INFO Veröffentlicht: BVB vor Marathon: Neun Spiele in 30 Tagen und 11.000 Kilomet
2026-10-09 12:10:48,912 INFO Reddit: Keine Credentials – übersprungen
2026-10-09 12:10:48,912 INFO Reddit: Keine Credentials – übersprungen
2026-10-09 12:10:48,913 INFO Reddit: Keine Credentials – übersprungen
2026-10-09 12:10:48,913 INFO Reddit: Keine Credentials – übersprungen
2026-10-09 12:10:48,914 INFO 💶 Kosten: dieser Lauf 0.000 $ (Budget 0.100 $) | heute 0.00 $ | Monat 0.72 / 23 $ | konferenz (abo) 2× 0.000 $, dublette (abo) 41× 0.000 $, schreiben (abo) 7× 0.000 $
2026-10-09 12:10:48,914 INFO 🎫 Abo-Verbrauch: 113,579 Tokens rein (davon Cache gelesen 7,650), 38,818 raus, API-Gegenwert 0.65 $ | konferenz 2×: 12,906/28,252, dublette 41×: 55,353/3,384, schreiben 7×: 45,320/7,182
2026-10-09 12:10:48,968 INFO Feeds: 60/60 begonnen, nächster Lauf startet bei Nr. 0
2026-10-09 12:10:48,968 INFO URL-Cache gespeichert: 30272 URLs
2026-10-09 12:10:48,968 INFO === Fertig. 4 neue Artikel. feed.json: 1527 ===
2026-10-09 12:10:48,968 INFO Stats: {"ts": "20261009_1200", "ingested": 227, "s2_pre_filter": 53, "s3_relevance": 35, "s4_dedup_early": 0, "gesammelt": 139, "geschichten_neu": 122, "s5_archiv_doppelt": 2, "s5_zusammengefuehrt": 1, "s6_aussortiert": 87, "s7_geschrieben": 7, "s7_verworfen": 14, "s5_fulltext_fail": 29, "s8_qa_rejected": 2, "published": 4, "s5_ohne_bezug": 6, "s5_randthema": 7, "kosten": {"lauf_usd": 0.0, "lauf_budget_usd": 0.0995, "heute_usd": 0.0, "monat_usd": 0.7196, "monatsbudget_usd": 23.0, "aufrufe": {"konferenz (abo)": {"anzahl": 2, "usd": 0.0}, "dublette (abo)": {"anzahl": 41, "usd": 0.0}, "schreiben (abo)": {"anzahl": 7, "usd": 0.0}}, "guthaben_leer": false, "abo": true, "abo_tokens": {"konferenz": {"aufrufe": 2, "ein": 20, "cache_schreiben": 12886, "cache_lesen": 0, "aus": 28252, "api_wert_usd": 0.167}, "dublette": {"aufrufe": 41, "ein": 82, "cache_schreiben": 55271, "cache_lesen": 0, "aus": 3384, "api_wert_usd": 0.2553}, "schreiben": {"aufrufe": 7, "ein": 14, "cache_schreiben": 37656, "cache_lesen": 7650, "aus": 7182, "api_wert_usd": 0.2241}}}}
