2026-10-06 04:41:11,701 INFO 💶 Budget: dieser Lauf 0.059 $ | heute 0.00 $ | Monat 0.72 / 23 $
2026-10-06 04:41:11,991 INFO URL-Cache geladen: 23861 bekannte URLs (letzte 30 Tage)
2026-10-06 04:41:11,991 INFO === Ligaoutsider Generator startet – max. 50 Artikel ===
2026-10-06 04:41:11,991 INFO Feed: https://newsfeed.kicker.de/news/bundesliga
2026-10-06 04:41:12,378 INFO Feed: https://www.sportschau.de/fussball/bundesliga/index~rss2.xml
2026-10-06 04:41:12,955 INFO Feed: https://sportbild.bild.de/feed/sportbild-home.xml
2026-10-06 04:41:13,333 INFO S2 blacklist: Nations League im Überblick - Joker Olise glänzt doppelt und
2026-10-06 04:41:13,333 INFO Feed: https://www.bild.de/rss-feeds/rss-16725492,feed=fussball-mix.bild.html
2026-10-06 04:41:13,781 INFO BL-Spielerliste geladen: 1002 Namen
2026-10-06 04:41:13,800 INFO S3 keyword miss: Nachgehakt von Alfred Draxler - Klopp kann auch 144 Spieler 
2026-10-06 04:41:13,800 INFO Feed: https://www.11freunde.de/feed
2026-10-06 04:41:14,889 INFO Feed: https://www.bundesliga.com/de/bundesliga/news.rss
2026-10-06 04:41:15,134 INFO Feed: https://news.google.com/rss/topics/CAAqJggKIiBDQkFTRWdvSUwyMHZNRFp1ZEdvU0FtUmxHZ0pFUlNnQVAB?hl=de&gl=DE&ceid=DE:de
2026-10-06 04:41:15,809 INFO S2 blacklist: Später Olise-Wahnsinn! Erster Heimsieg für Zidane
2026-10-06 04:41:15,810 INFO S2 blacklist: Nations League heute live: Italien vs. Türkei im TV und Live
2026-10-06 04:41:15,893 INFO S3 keyword miss: "Ich weiß, wie sich das anfühlt": Djokovic spricht über Medv
2026-10-06 04:41:15,894 INFO S2 blacklist: Das sind die Tops und Flops in Klopps neuem DFB-Kader
2026-10-06 04:41:15,959 INFO S3 keyword miss: Eishockey-Superstar Owetschkin kündigt Karriereende nach 22 
2026-10-06 04:41:16,026 INFO S3 keyword miss: Kein Test im Regen: Softwarebug legt Formel-1-Autos lahm und
2026-10-06 04:41:16,027 INFO S2 blacklist: Zwei Spiele und zwei Auslosungen: Die wichtigsten Klopp-Term
2026-10-06 04:41:16,027 INFO S2 blacklist: Neuer Stürmer: Köln fasst Transfer-Beschluss
2026-10-06 04:41:16,027 INFO S2 blacklist: Schiri-Ärger, Verletzungsdrama, später K.o.: HSV-Frauen leid
2026-10-06 04:41:16,051 INFO S2 blacklist: China Open: Auch Zverev kann Djokovics Serie nicht knacken
2026-10-06 04:41:16,052 INFO S2 blacklist: Superstar: Deserteur Ronaldo kassiert die nächste Ohrfeige v
2026-10-06 04:41:16,052 INFO S2 blacklist: Nationalmannschaft: DFB-Kapitän verzichtbar? Lothar Matthäus
2026-10-06 04:41:16,118 INFO S3 keyword miss: Biathlon: Voigt verlässt DSV‑Damen – „Für mich der richtige 
2026-10-06 04:41:16,182 INFO S3 keyword miss: Das Minus-110-Grad-Geheimnis: Darum läuft Hertha so heiß
2026-10-06 04:41:16,224 INFO S3 keyword miss: Effenberg sagt Klopp unangehme Gespräche beim DFB voraus
2026-10-06 04:41:16,263 INFO S3 keyword miss: NBA: Sorgen vor dem Saisonstart? Sixers behandeln zwei Besch
2026-10-06 04:41:16,263 INFO S2 blacklist: Internationaler Fußball: Stars von Burkina Faso verweigerten
2026-10-06 04:41:16,310 INFO Feed: https://news.google.com/rss/search?q=Bundesliga+Testspiel+Ergebnis&hl=de&gl=DE&ceid=DE:de
2026-10-06 04:41:16,731 INFO Feed: https://news.google.com/rss/search?q=Bundesliga+Vorbereitung+Sommertour&hl=de&gl=DE&ceid=DE:de
2026-10-06 04:41:17,073 INFO Feed: https://news.google.com/rss/search?q=Bundesliga+Verletzung+Ausfall+gesperrt&hl=de&gl=DE&ceid=DE:de
2026-10-06 04:41:17,505 INFO Feed: https://news.google.com/rss/search?q=Bundesliga+Transfer+Wechsel+verpflichtet&hl=de&gl=DE&ceid=DE:de
2026-10-06 04:41:17,946 INFO Feed: https://news.google.com/rss/search?q=Bundesliga+Gerücht+Interesse+Angebot&hl=de&gl=DE&ceid=DE:de
2026-10-06 04:41:18,398 INFO Feed: https://news.google.com/rss/search?q=Bundesliga+Vertrag+verlängert+ablösefrei&hl=de&gl=DE&ceid=DE:de
2026-10-06 04:41:18,793 INFO Feed: https://news.google.com/rss/search?q=%22FC+Bayern%22+OR+%22Bayern+M%C3%BCnchen%22+when%3A1d&hl=de&gl=DE&ceid=DE:de
2026-10-06 04:41:19,351 INFO S2 blacklist: WM 2026: Diese Klubs stellen die meisten Spieler – ManCity v
2026-10-06 04:41:19,352 INFO S2 blacklist: FC Bayern München - Rekord-Zugänge (Galerie) | Seite 6
2026-10-06 04:41:19,353 INFO S2 Liveticker übersprungen: Liveticker | ASVEL Villeurbanne Lyon - Bayern München : | 10
2026-10-06 04:41:19,353 INFO S2 blacklist: FC Bayern München - Kader im Detail 31/32 (Galerie) | Seite 
2026-10-06 04:41:19,353 INFO S2 blacklist: FC Bayern München - Kader im Detail 43/44 (Detailansicht) (G
2026-10-06 04:41:19,354 INFO S2 blacklist: FC Bayern München - Rekord-Zugänge (Galerie) | Seite 44
2026-10-06 04:41:19,354 INFO S2 blacklist: FC Bayern München - Rekord-Zugänge (Galerie) | Seite 113
2026-10-06 04:41:19,407 INFO S3 keyword miss: Außenbandriss: Giulia Gwinn fällt länger aus
2026-10-06 04:41:19,408 INFO Feed: https://news.google.com/rss/search?q=BVB+OR+%22Borussia+Dortmund%22+when%3A1d&hl=de&gl=DE&ceid=DE:de
2026-10-06 04:41:19,897 INFO S2 blacklist: Nach den Länderspielen ist vor der Bundesliga - BVB trifft a
2026-10-06 04:41:19,934 INFO S3 keyword miss: Michael Weiner
2026-10-06 04:41:19,972 INFO S3 keyword miss: AC Mailand
2026-10-06 04:41:20,013 INFO S3 keyword miss: (k+) Das Prinzip Kovac: Ein Crashkurs, "KISS" - und Kritik, 
2026-10-06 04:41:20,053 INFO S3 keyword miss: Jadon Sanchos Karriere im freien Fall – was wirklich passier
2026-10-06 04:41:20,054 INFO Feed: https://news.google.com/rss/search?q=%22Bayer+Leverkusen%22+OR+%22Bayer+04%22+when%3A1d&hl=de&gl=DE&ceid=DE:de
2026-10-06 04:41:20,520 INFO S2 blacklist: Erich Seckler
2026-10-06 04:41:20,559 INFO S3 keyword miss: Helmut Winklhofer
2026-10-06 04:41:20,575 INFO S2 blacklist: Loreen Bender: Saison-Stats Frauen-Bundesliga 2026/27 im Lig
2026-10-06 04:41:20,575 INFO S2 blacklist: Alle Ergebnisse 2. Handball-Bundesliga Frauen 2026/2027
2026-10-06 04:41:20,576 INFO Feed: https://news.google.com/rss/search?q=%22RB+Leipzig%22+when%3A1d&hl=de&gl=DE&ceid=DE:de
2026-10-06 04:41:20,979 INFO S2 blacklist: Vandevoordt feiert Länderspielpremiere für Belgien
2026-10-06 04:41:20,980 INFO S2 blacklist: FC Pro 26 World Championship: Guide zur EA FC-WM in Paris
2026-10-06 04:41:21,016 INFO S3 keyword miss: Ragnar Klavan
2026-10-06 04:41:21,017 INFO Feed: https://news.google.com/rss/search?q=%22VfB+Stuttgart%22+when%3A1d&hl=de&gl=DE&ceid=DE:de
2026-10-06 04:41:21,503 INFO S3 keyword miss: Dieter Brenninger
2026-10-06 04:41:21,504 INFO Feed: https://news.google.com/rss/search?q=%22Eintracht+Frankfurt%22+when%3A1d&hl=de&gl=DE&ceid=DE:de
2026-10-06 04:41:21,996 INFO S2 blacklist: Willian - Bilanz gegen Eintracht Frankfurt | Seite 3
2026-10-06 04:41:22,012 INFO S2 blacklist: Europäische Top-Klubs jagen Eintracht-Juwel: Frankfurt plant
2026-10-06 04:41:22,034 INFO Feed: https://news.google.com/rss/search?q=Gladbach+OR+%22Borussia+M%C3%B6nchengladbach%22+when%3A1d&hl=de&gl=DE&ceid=DE:de
2026-10-06 04:41:22,479 INFO Feed: https://news.google.com/rss/search?q=%22SC+Freiburg%22+when%3A1d&hl=de&gl=DE&ceid=DE:de
2026-10-06 04:41:22,880 INFO S2 blacklist: UEFA Nations League A - Abstellungen US Cremonese | Seite 2
2026-10-06 04:41:22,881 INFO Feed: https://news.google.com/rss/search?q=Hoffenheim+when%3A1d&hl=de&gl=DE&ceid=DE:de
2026-10-06 04:41:23,309 INFO S3 keyword miss: Rico Wentsch
2026-10-06 04:41:23,309 INFO S2 blacklist: UEFA Nations League Finals - Abstellungen FC Midtjylland | S
2026-10-06 04:41:23,325 INFO S2 blacklist: U21-EM Qualifikation - Abstellungen Baltika-2 Kaliningrad
2026-10-06 04:41:23,325 INFO S2 blacklist: 3. Liga Tipps ⚽ 34. Spieltag Prognose U.a. Mit Cottbus Vs. R
2026-10-06 04:41:23,327 INFO Feed: https://news.google.com/rss/search?q=%22Mainz+05%22+when%3A1d&hl=de&gl=DE&ceid=DE:de
2026-10-06 04:41:23,713 INFO S2 blacklist: 1.FSV Mainz 05 U17 - Spieler von A bis Z | Seite 64
2026-10-06 04:41:23,750 INFO Feed: https://news.google.com/rss/search?q=%22FC+Augsburg%22+when%3A1d&hl=de&gl=DE&ceid=DE:de
2026-10-06 04:41:24,153 INFO S2 kein BL-Klub im Titel: TSV 1860 München II
2026-10-06 04:41:24,193 INFO S3 keyword miss: Auf Der Bundesliga-Bühne: FCA-Youngsters Streben Gegen Bayre
2026-10-06 04:41:24,230 INFO S3 keyword miss: Gerhard Schroll
2026-10-06 04:41:24,270 INFO S3 keyword miss: Der Löwen-Tag: Alles Gute zum 72. Geburtstag, Jimmy Hartwig!
2026-10-06 04:41:24,289 INFO Feed: https://news.google.com/rss/search?q=%22Union+Berlin%22+when%3A1d&hl=de&gl=DE&ceid=DE:de
2026-10-06 04:41:24,681 INFO S3 keyword miss: Andreas Boldt
2026-10-06 04:41:24,720 INFO S3 keyword miss: Berliner Landespokal: Freistoß-Entscheidung bei Viktoria geg
2026-10-06 04:41:24,721 INFO Feed: https://news.google.com/rss/search?q=%22Werder+Bremen%22+when%3A1d&hl=de&gl=DE&ceid=DE:de
2026-10-06 04:41:25,369 INFO S3 keyword miss: Reinhard Heinrich
2026-10-06 04:41:25,402 INFO Feed: https://news.google.com/rss/search?q=HSV+OR+%22Hamburger+SV%22+when%3A1d&hl=de&gl=DE&ceid=DE:de
2026-10-06 04:41:25,872 INFO S2 blacklist: Handball in Solingen: Das Oberliga-Trio BHC/HSV/OTV lässt si
2026-10-06 04:41:25,874 INFO Feed: https://news.google.com/rss/search?q=%221.+FC+K%C3%B6ln%22+OR+%22FC+K%C3%B6ln%22+when%3A1d&hl=de&gl=DE&ceid=DE:de
2026-10-06 04:41:26,346 INFO S3 keyword miss: Stephan Salger
2026-10-06 04:41:26,346 INFO S2 blacklist: Dóra Zeller: Saison-Stats Frauen-Bundesliga 2026/27 im Ligav
2026-10-06 04:41:26,346 INFO S2 blacklist: Lukas Kwasniok - Eingesetzte Spieler | Seite 10
2026-10-06 04:41:26,384 INFO S3 keyword miss: Dieter Prestin
2026-10-06 04:41:26,387 INFO Feed: https://news.google.com/rss/search?q=Schalke+when%3A1d&hl=de&gl=DE&ceid=DE:de
2026-10-06 04:41:26,778 INFO S2 blacklist: FC Schalke 04
2026-10-06 04:41:26,781 INFO Feed: https://news.google.com/rss/search?q=Elversberg+when%3A1d&hl=de&gl=DE&ceid=DE:de
2026-10-06 04:41:27,204 INFO S2 blacklist: Nations League: Joker Olise erlöst Frankreich: Erster Heimsi
2026-10-06 04:41:27,205 INFO Feed: https://news.google.com/rss/search?q=%22SC+Paderborn%22+when%3A1d&hl=de&gl=DE&ceid=DE:de
2026-10-06 04:41:27,617 INFO S3 keyword miss: Maik Osterhaus
2026-10-06 04:41:27,618 INFO Feed: https://www.transfermarkt.de/rss/news
2026-10-06 04:41:27,701 INFO Feed: https://www.waz.de/sport/fussball/rss
2026-10-06 04:41:28,112 INFO Feed: https://www.faz.net/rss/aktuell/sport/fussball/bundesliga/
2026-10-06 04:41:28,368 INFO Feed: https://bulinews.com/rss.xml
2026-10-06 04:41:28,907 INFO S2 blacklist: UEFA Nations League: Olise shines again as France record com
2026-10-06 04:41:28,908 INFO Feed: https://www.abendblatt.de/sport/rss
2026-10-06 04:41:29,739 INFO Feed: https://www.merkur.de/sport/fc-bayern/rssfeed.rdf
2026-10-06 04:41:30,400 INFO Feed: https://www.eyefootball.com/rss_news_main.xml
2026-10-06 04:41:30,835 INFO S3 keyword miss: Chelsea preparing fresh move for Senegal star
2026-10-06 04:41:30,874 INFO S3 keyword miss: Arsenal preparing huge bid to sign Juventus star?
2026-10-06 04:41:30,875 INFO S2 blacklist: Arsenal striker scores again on Nations League duty
2026-10-06 04:41:30,875 INFO Feed: https://www.ligaportal.at/international/deutsche-bundesliga?format=feed&type=rss
2026-10-06 04:41:33,343 INFO Feed: https://www.reddit.com/r/soccer/new.rss?limit=100
2026-10-06 04:41:34,158 INFO S2 blacklist: Match Thread: Honduras vs Jamaica | Concacaf Nations League
2026-10-06 04:41:34,217 INFO S3 keyword miss: City may be undermined by evidence they gave to Uefa over my
2026-10-06 04:41:34,218 INFO S2 blacklist: Match Thread: Guatemala vs Suriname | Concacaf Nations Leagu
2026-10-06 04:41:34,294 INFO S3 keyword miss: FMF IDC 2026 complete guide: Ba chase a clean sweep as Rewa 
2026-10-06 04:41:34,333 INFO S3 keyword miss: [The Guardian] Police occupy Djibouti FA headquarters amid a
2026-10-06 04:41:34,333 INFO S2 blacklist: Martinique [1]-1 El Salvador - Janis Antiste 56' | Concacaf 
2026-10-06 04:41:34,373 INFO S3 keyword miss: How did some City fans become aggressive defenders of a nati
2026-10-06 04:41:34,410 INFO S3 keyword miss: Northern Ireland 0- 0 Georgia
2026-10-06 04:41:34,411 INFO S2 blacklist: Match Thread: Martinique vs El Salvador | Concacaf Nations L
2026-10-06 04:41:34,468 INFO S3 keyword miss: "Cuddles and a barbecue": Emi Martinez on Argentina's plan f
2026-10-06 04:41:34,521 INFO S3 keyword miss: This is the first time that the Turkish national team has lo
2026-10-06 04:41:34,559 INFO S3 keyword miss: Cuba 1-[2] Saint Kitts and Nevis - Tiquanny Williams penalty
2026-10-06 04:41:34,599 INFO S3 keyword miss: When Scotland play Slovenia tomorrow, 25 year old Billy Gilm
2026-10-06 04:41:34,599 INFO S2 blacklist: [OC] Barcelona's players have the most goals + assists in th
2026-10-06 04:41:34,636 INFO S3 keyword miss: Martinique 0-1 El Salvador - Jefferson Valladares 3'
2026-10-06 04:41:34,674 INFO S3 keyword miss: Mancini: "I'm rediscovering Italy, but I miss Vialli."
2026-10-06 04:41:34,710 INFO S3 keyword miss: Messi having his last training session with Argentina
2026-10-06 04:41:34,752 INFO S3 keyword miss: [Sky Sport] Francesco Pio Esposito has become only the secon
2026-10-06 04:41:34,788 INFO S3 keyword miss: Cuba [1]-1 Saint Kitts and Nevis - Yunior Yuri Perez 25'
2026-10-06 04:41:34,824 INFO S3 keyword miss: Cuba 0-1 Saint Kitts and Nevis - Tiquanny Williams 16'
2026-10-06 04:41:34,901 INFO S3 keyword miss: All Whites push Japan hard but fall 2-1 in Kirin Cup final
2026-10-06 04:41:34,940 INFO S3 keyword miss: Romania falls on 58th place on FIFA ranking for the 1st time
2026-10-06 04:41:34,978 INFO S3 keyword miss: Northern Ireland 0-0 Georgia: Giorgi Mamardashvili great sav
2026-10-06 04:41:34,993 INFO Feed: https://newsfeed.kicker.de/team/fc-bayern-muenchen
2026-10-06 04:41:35,052 INFO Feed: https://newsfeed.kicker.de/team/borussia-dortmund
2026-10-06 04:41:35,223 INFO Feed: https://newsfeed.kicker.de/team/rb-leipzig
2026-10-06 04:41:35,390 INFO Feed: https://newsfeed.kicker.de/team/bayer-04-leverkusen
2026-10-06 04:41:35,556 INFO Feed: https://newsfeed.kicker.de/team/vfb-stuttgart
2026-10-06 04:41:35,726 INFO Feed: https://newsfeed.kicker.de/team/eintracht-frankfurt
2026-10-06 04:41:35,898 INFO Feed: https://newsfeed.kicker.de/team/bor-moenchengladbach
2026-10-06 04:41:36,070 INFO Feed: https://newsfeed.kicker.de/team/sc-freiburg
2026-10-06 04:41:36,243 INFO Feed: https://newsfeed.kicker.de/team/tsg-hoffenheim
2026-10-06 04:41:36,411 INFO Feed: https://newsfeed.kicker.de/team/1-fsv-mainz-05
2026-10-06 04:41:36,586 INFO Feed: https://newsfeed.kicker.de/team/fc-augsburg
2026-10-06 04:41:36,757 INFO Feed: https://newsfeed.kicker.de/team/1-fc-union-berlin
2026-10-06 04:41:36,925 INFO Feed: https://newsfeed.kicker.de/team/werder-bremen
2026-10-06 04:41:37,095 INFO Feed: https://newsfeed.kicker.de/team/hamburger-sv
2026-10-06 04:41:37,303 INFO Feed: https://newsfeed.kicker.de/team/1-fc-koeln
2026-10-06 04:41:37,472 INFO Feed: https://newsfeed.kicker.de/team/fc-schalke-04
2026-10-06 04:41:37,648 INFO Feed: https://newsfeed.kicker.de/team/sv-elversberg
2026-10-06 04:41:37,824 INFO Feed: https://newsfeed.kicker.de/team/sc-paderborn-07
2026-10-06 04:41:37,996 INFO Feed: https://newsfeed.kicker.de/news/champions-league
2026-10-06 04:41:38,167 INFO Feed: ligainsider:themen
2026-10-06 04:41:38,627 INFO LigaInsider (Themenfinder): 0 Meldungen von 0 Vereinsseiten
2026-10-06 04:41:38,628 INFO Eingelesen: 75 Schlagzeilen nach den Gratis-Filtern
2026-10-06 04:41:39,339 INFO S5 kein Bundesliga-Spieler oder -Klub erkennbar: Ciccone will echte Ziellinie nach Herzschlag-Finale mit Evenepoel sehe
2026-10-06 04:41:39,340 INFO S5 kein Bundesliga-Spieler oder -Klub erkennbar: Wer letzte Nacht am schlechtesten geschlafen hat: Liberty Media
2026-10-06 04:41:39,341 INFO S5 Sammelartikel: Transfer-Ticker: BVB bei WM-Entdeckung aus dem Rennen?
2026-10-06 04:41:39,341 INFO S5 Fan-Wahl/Nachwuchs: XXL-Ambitionen in der Jugend: So will der BVB eine zweite 'La Masia' a
2026-10-06 04:41:39,342 INFO S5 Randthema: SV 07 Elversberg - RB Leipzig: Direkter Vergleich & Bilanz
2026-10-06 04:41:39,342 INFO S5 Fan-Wahl/Nachwuchs: VfB Stuttgart Jugend
2026-10-06 04:41:39,343 INFO S5 kein Bundesliga-Spieler oder -Klub erkennbar: Nachnominierung bei der U21: Collins ersetzt kranken Gechter im DFB-Ka
2026-10-06 04:41:39,344 INFO S5 Sammelartikel: Newsblog: Neun Spielerinnen des SC Freiburg sind mit ihren Nationaltea
2026-10-06 04:41:39,344 INFO S5 kein Bundesliga-Spieler oder -Klub erkennbar: Anton Fink
2026-10-06 04:41:39,344 INFO S5 kein Bundesliga-Spieler oder -Klub erkennbar: Bischof schwärmt von Klopp: "Er ist ein brutaler Trainer" | Trotz 0:0 
2026-10-06 04:41:39,345 INFO S5 kein Bundesliga-Spieler oder -Klub erkennbar: Nach Haching-Coup: SpVgg Ansbach Will Auch In Aubstadt Bestehen Peso M
2026-10-06 04:41:39,346 INFO S5 schon berichtet (Nach Dallinga-Schock: Köln prüft offenbar ver): Absage an den 1. FC Köln: Joselu wechselt nach Katar zu Al-S
2026-10-06 04:41:39,346 INFO S5 Randthema: Schalke-Fanclub übergibt 1.904 Euro an Förderverein Sonnenschein
2026-10-06 04:41:39,347 INFO S5 kein Bundesliga-Spieler oder -Klub erkennbar: Lucas Santos set to become first Brazilian ever recorded to play Fiji’
2026-10-06 04:41:39,347 INFO S5 kein Bundesliga-Spieler oder -Klub erkennbar: Vanuatu United part ways with Lars Hopp and appoint Albert Riera for 2
2026-10-06 04:41:39,347 INFO S5 kein Bundesliga-Spieler oder -Klub erkennbar: CNN Portugal: "Ronaldo will not return to the national team as long as
2026-10-06 04:41:39,347 INFO S5: 50 neue Geschichten, 1 schon berichtet, 9 zu wartenden Geschichten ergänzt, 357 warten
2026-10-06 04:45:15,508 INFO S6 aussortiert (prio_0): Real-Star glänzt - England-Neuling spricht über „furchteinflößenden“ B
2026-10-06 04:45:15,508 INFO S6 aussortiert (prio_0): Fußball: Nächste Nominierung für Lennart Karl vom FC Bayern: Wird der 
2026-10-06 04:45:15,509 INFO S6 aussortiert (prio_0): Bundestrainer Wück holt Ex-Frankfurterin Anyomi
2026-10-06 04:45:15,509 INFO S6 aussortiert (prio_0): Borussia Dortmund
2026-10-06 04:45:15,509 INFO S6 aussortiert (doppelt): Tazemetas BVB-Abgang: "Weiß selbst nicht, was da passiert ist"
2026-10-06 04:45:15,509 INFO S6 aussortiert (prio_0): Chris Löwe blickt auf seine BVB-Zeit zurück: Das hat er von Jürgen Klo
2026-10-06 04:45:15,509 INFO S6 aussortiert (prio_0): Tim Oermann: Saison-Stats Bundesliga 2022/23 im Ligavergleich
2026-10-06 04:45:15,509 INFO S6 aussortiert (prio_0): Werder Bremen - Bayer Leverkusen, 08.05.2021: Aufstellungen & Startelf
2026-10-06 04:45:15,509 INFO S6 aussortiert (prio_0): RBL Grundschulliga driven by MINI
2026-10-06 04:45:15,509 INFO S6 aussortiert (prio_0): Bewegung & Gesundheit
2026-10-06 04:45:15,509 INFO S6 aussortiert (prio_0): Conrad Harder Weibel Schandorf (RB Leipzig): Spielerprofil, Karriere &
2026-10-06 04:45:15,510 INFO S6 aussortiert (prio_0): Live hören: VfB Stuttgart gegen Atlético Madrid - Champions League
2026-10-06 04:45:15,510 INFO S6 aussortiert (prio_0): Immer mehr Kinder in GL brauchen eine Schulbegleitung
2026-10-06 04:45:15,510 INFO S6 aussortiert (prio_0): Martin Gerstlauer mit der Montanus-Plakette ausgezeichnet
2026-10-06 04:45:15,510 INFO S6 aussortiert (prio_0): Borussia Mönchengladbach
2026-10-06 04:45:15,510 INFO S6 aussortiert (prio_0): Vom letzten Platz in die Champions League: Die irre Favre-Wende, die G
2026-10-06 04:45:15,510 INFO S6 aussortiert (doppelt): Freiburger Duo spielt sich bei Bundestrainer Klopp in den Fokus
2026-10-06 04:45:15,510 INFO S6 aussortiert (prio_0): Freiburger Fußballschule
2026-10-06 04:45:15,510 INFO S6 aussortiert (prio_0): TSG Hoffenheim vs Hamburger SV - Bundesliga
2026-10-06 04:45:15,510 INFO S6 aussortiert (prio_0): FC Augsburg
2026-10-06 04:45:15,511 INFO S6 aussortiert (prio_0): SV Werder Bremen IV
2026-10-06 04:45:15,511 INFO S6 aussortiert (prio_0): Jens Stage: Saison-Stats Bundesliga 2024/25 im Ligavergleich
2026-10-06 04:45:15,511 INFO S6 aussortiert (prio_0): Tor beim Anstoß und zwei Dreierpacker: Werder-Legenden gewinnen zweist
2026-10-06 04:45:15,511 INFO S6 aussortiert (prio_0): Bundesligist in den USA: Besonderes Aufeinandertreffen eines Ex-HSV-Du
2026-10-06 04:45:15,511 INFO S6 aussortiert (prio_0): HSV VUC Den Haag
2026-10-06 04:45:15,511 INFO S6 aussortiert (prio_0): 1.FC Köln II
2026-10-06 04:45:15,511 INFO S6 aussortiert (prio_0): Kader-Rückkehr steht bevor: Kölns Talent Heskey wittert im Schatten vo
2026-10-06 04:45:15,511 INFO S6 aussortiert (prio_0): Teutonia Schalke III
2026-10-06 04:45:15,511 INFO S6 aussortiert (prio_0): FC Schalke 04
2026-10-06 04:45:15,511 INFO S6 aussortiert (prio_1): Gänsehaut-Anekdote aus Rom: Dzeko lud Rapper zu Bayram ein
2026-10-06 04:45:15,511 INFO S6 aussortiert (prio_0): Dzeko-Nachfolge geregelt: ER erbt Bosniens legendäre Nummer 11
2026-10-06 04:45:15,512 INFO S6 aussortiert (prio_0): SC Paderborn 07
2026-10-06 04:45:15,512 INFO S6 aussortiert (prio_0): Cuba [2]-2 Saint Kitts and Nevis - Daniel Diaz 90'
2026-10-06 04:45:15,512 INFO S6 aussortiert (prio_0): Zidane controls Maarten Vandevoordt's clearance on the touchline
2026-10-06 04:45:15,512 INFO S6 aussortiert (prio_0): „Eine große Enttäuschung“ ++ „Es tut weh“ - Was Ribéry bis heute aus s
2026-10-06 04:45:15,512 INFO S6 aussortiert (prio_1): Nach dem CL-Sieg gegen Bayern - Arnautovic: Polizisten wollten mich zw
2026-10-06 04:45:15,512 INFO S6 aussortiert (doppelt): FC Bayern: Was Ribéry bis heute beschäftigt – „Große Enttäuschung“ ++ 
2026-10-06 04:45:15,512 INFO S6 aussortiert (prio_0): Basketball, BBL: Löwen bleiben dem FC Bayern auf den Fersen
2026-10-06 04:45:15,512 INFO S6 aussortiert (doppelt): FC Bayern wieder im Rennen um Juve-Star Kenan Yildiz?
2026-10-06 04:45:15,512 INFO S6 aussortiert (doppelt): Lennart Karl hofft auf Golden-Boy-Award und kann Geschichte schreiben
2026-10-06 04:45:15,512 INFO S6 aussortiert (doppelt): Vertragspoker beim FC Bayern: Entscheidung um Harry Kane ist wohl gefa
2026-10-06 04:45:15,513 INFO S6 aussortiert (prio_0): Borussia-Dortmund-Aktie nachbörslich bei 3,12 Euro: plus 0,00 Prozent 
2026-10-06 04:45:15,513 INFO S6 aussortiert (prio_0): 5. Spieltag: Borussia Dortmund - SV Werder Bremen - Werder Bremen - Fo
2026-10-06 04:45:15,513 INFO S6 aussortiert (doppelt): Tazemeta über BVB-Abgang: "Weiß selbst nicht, was da passiert ist"
2026-10-06 04:45:15,513 INFO S6 aussortiert (prio_0): Weidenfeller packt aus: Dieses Ritual hatte Klopp vor BVB-Spielen
2026-10-06 04:45:15,513 INFO S6 aussortiert (prio_0): Bayer 04 Leverkusen – RB Leipzig 2:0
2026-10-06 04:45:15,513 INFO S6 aussortiert (prio_0): RB Leipzig gegen Elversberg: Alle Infos zum Heimspiel
2026-10-06 04:45:15,513 INFO S6 aussortiert (prio_0): VfB Stuttgart II
2026-10-06 04:45:15,513 INFO S6 aussortiert (prio_0): Dzenan Pejcinovic wurde einst bei Bayern aussortiert: So blickt VfB-St
2026-10-06 04:45:15,513 INFO S6 aussortiert (prio_0): Frankfurt vs PSV | UEFA Women’s Europa Cup 2026/27
2026-10-06 04:45:15,513 INFO S6 aussortiert (prio_0): Eintracht: Wunderkind Ilicevic heiß begehrt
2026-10-06 04:45:15,514 INFO S6 aussortiert (prio_0): Rheinderby Köln gegen Gladbach: Analyse
2026-10-06 04:45:15,514 INFO S6 aussortiert (prio_0): Angst vor einer Wiederholung: Gladbachs große Krise in den 2000ern – u
2026-10-06 04:45:28,115 INFO S7 kein Volltext (fetch_failed_ReadTimeout): Kane verlängert wohl bald: FC Bayern erzielt "grundsätzliche
2026-10-06 04:45:28,625 ERROR lxml parsing failed: Document is empty
2026-10-06 04:45:28,625 ERROR lxml parser bytestring Document is empty
2026-10-06 04:45:28,625 ERROR lxml parsing failed: Document is empty
2026-10-06 04:45:28,625 ERROR lxml parser bytestring Document is empty
2026-10-06 04:45:28,625 ERROR empty HTML tree: None
2026-10-06 04:45:28,625 WARNING discarding data: None
2026-10-06 04:45:28,626 INFO S7 kein Volltext (trafilatura_returned_empty): „Sky“: Kane erzielt grundsätzliche Einigung mit FC Bayern – 
2026-10-06 04:45:28,626 INFO S7 zu wenig Stoff (0 Wörter aus 0 Quellen, Versuch 1/3): Kane verlängert wohl bald: FC Bayern erzielt "grundsätzliche
2026-10-06 04:45:30,058 INFO S7 kein Volltext (too_short_11_words): Verletzungsmisere bei Werder: Droht Torwart Hein der Ausfall
2026-10-06 04:45:31,277 INFO S7 kein Volltext (too_short_11_words): Verletzungsmisere bei Werder: Droht Torwart Hein der Ausfall
2026-10-06 04:45:31,278 INFO S7 zu wenig Stoff (0 Wörter aus 0 Quellen, Versuch 3/3): Verletzungsmisere bei Werder: Droht Torwart Hein der Ausfall
2026-10-06 04:45:32,651 INFO S7 kein Volltext (seite_zu_alt): „Die perfekte Adresse“ - ÖFB-Goalie Schlager wechselt nach D
2026-10-06 04:45:32,651 INFO S7 zu wenig Stoff (0 Wörter aus 0 Quellen, Versuch 1/3): „Die perfekte Adresse“ - ÖFB-Goalie Schlager wechselt nach D
2026-10-06 04:45:33,047 WARNING discarding data: None
2026-10-06 04:45:33,048 INFO S7 kein Volltext (trafilatura_returned_empty): Erneuter Verletzungsschock bei Werder: Felix Agu fällt mit W
2026-10-06 04:45:33,048 INFO S7 zu wenig Stoff (0 Wörter aus 0 Quellen, Versuch 1/3): Erneuter Verletzungsschock bei Werder: Felix Agu fällt mit W
2026-10-06 04:45:33,380 WARNING discarding data: None
2026-10-06 04:45:33,381 INFO S7 kein Volltext (trafilatura_returned_empty): Vorzeitige Abreise vom Nationalteam: Nikolas Nartey kehrt ve
2026-10-06 04:45:33,381 INFO S7 zu wenig Stoff (0 Wörter aus 0 Quellen, Versuch 1/3): Vorzeitige Abreise vom Nationalteam: Nikolas Nartey kehrt ve
2026-10-06 04:45:34,289 WARNING error in JSON metadata extraction: 'NoneType' object is not iterable
2026-10-06 04:45:36,201 INFO S6.5 schon berichtet (Bornauw und Dickes feiern HSV-Comeback im Tes): Comeback beim HSV: Bornauw zurück – und gegen Hoffenheim in 
2026-10-06 04:45:36,777 WARNING error in JSON metadata extraction: 'NoneType' object is not iterable
2026-10-06 04:45:36,800 INFO S7 schreiben (Prio 3, 1 Quellen): Plötzlich wieder auf Schalke: Ex-Talent sorgt für Comeback-F
2026-10-06 04:45:39,970 INFO S7 verworfen (nicht_relevant): Plötzlich wieder auf Schalke: Ex-Talent sorgt für Comeback-F
2026-10-06 04:45:41,992 INFO S7 kein Volltext (too_short_40_words): Achtelfinale im DFB-Pokal terminiert: Union trifft am Sonnab
2026-10-06 04:45:41,992 INFO S7 zu wenig Stoff (0 Wörter aus 0 Quellen, Versuch 3/3): Achtelfinale im DFB-Pokal terminiert: Union trifft am Sonnab
2026-10-06 04:45:42,817 INFO S7 kein Volltext (too_short_4_words): Karl Hein kehrt frühzeitig von der Nationalelf zurück
2026-10-06 04:45:42,817 INFO S7 zu wenig Stoff (0 Wörter aus 0 Quellen, Versuch 3/3): Karl Hein kehrt frühzeitig von der Nationalelf zurück
2026-10-06 04:45:44,285 INFO S7 kein Volltext (seite_zu_alt): „Wie Nachhausekommen“: Transfer perfekt – Marvin Friedrich k
2026-10-06 04:45:44,285 INFO S7 zu wenig Stoff (0 Wörter aus 0 Quellen, Versuch 3/3): „Wie Nachhausekommen“: Transfer perfekt – Marvin Friedrich k
2026-10-06 04:45:45,501 INFO S7 kein Volltext (too_short_32_words): Auch gegen Hoffenheim setzt es eine Niederlage: Der Club hän
2026-10-06 04:45:45,501 INFO S7 zu wenig Stoff (0 Wörter aus 0 Quellen, Versuch 3/3): Auch gegen Hoffenheim setzt es eine Niederlage: Der Club hän
2026-10-06 04:45:45,951 ERROR lxml parsing failed: Document is empty
2026-10-06 04:45:45,951 ERROR lxml parser bytestring Document is empty
2026-10-06 04:45:45,951 ERROR lxml parsing failed: Document is empty
2026-10-06 04:45:45,951 ERROR lxml parser bytestring Document is empty
2026-10-06 04:45:45,951 ERROR empty HTML tree: None
2026-10-06 04:45:45,951 WARNING discarding data: None
2026-10-06 04:45:45,952 INFO S7 kein Volltext (trafilatura_returned_empty): Dortmund fügt Siegen die erste Niederlage unter Uluc zu
2026-10-06 04:45:45,952 INFO S7 zu wenig Stoff (0 Wörter aus 0 Quellen, Versuch 3/3): Dortmund fügt Siegen die erste Niederlage unter Uluc zu
2026-10-06 04:45:47,228 INFO S7 kein Volltext (seite_zu_alt): HSV ohne Quintett in Stuttgart - Aufstiegsheld Elfadli bekom
2026-10-06 04:45:47,228 INFO S7 zu wenig Stoff (0 Wörter aus 0 Quellen, Versuch 3/3): HSV ohne Quintett in Stuttgart - Aufstiegsheld Elfadli bekom
2026-10-06 04:45:47,603 WARNING discarding data: None
2026-10-06 04:45:47,603 INFO S7 kein Volltext (trafilatura_returned_empty): Der BVB bangt vor dem Werder-Spiel um Ryerson: Kovac hat auf
2026-10-06 04:45:47,604 INFO S7 zu wenig Stoff (0 Wörter aus 0 Quellen, Versuch 3/3): Der BVB bangt vor dem Werder-Spiel um Ryerson: Kovac hat auf
2026-10-06 04:45:48,197 INFO S7 kein Volltext (too_short_8_words): Raumi feiert Premiere unter Klopp ohne Happy End
2026-10-06 04:45:48,197 INFO S7 zu wenig Stoff (0 Wörter aus 0 Quellen, Versuch 3/3): Raumi feiert Premiere unter Klopp ohne Happy End
2026-10-06 04:45:48,696 INFO S7 kein Volltext (too_short_55_words): Doppelschock vorm Derby - Was das Stürmer-Aus für Köln bedeu
2026-10-06 04:45:48,696 INFO S7 zu wenig Stoff (0 Wörter aus 0 Quellen, Versuch 3/3): Doppelschock vorm Derby - Was das Stürmer-Aus für Köln bedeu
2026-10-06 04:45:49,168 INFO S7 kein Volltext (too_short_75_words): 1. FC Köln: Doppelter Stürmerschock: Kommt ein vertragloser 
2026-10-06 04:45:49,168 INFO S7 zu wenig Stoff (0 Wörter aus 0 Quellen, Versuch 3/3): 1. FC Köln: Doppelter Stürmerschock: Kommt ein vertragloser 
2026-10-06 04:45:51,246 INFO S7 kein Volltext (seite_zu_alt): Heimpleite: Mainz 05 enttäuscht gegen Union Berlin
2026-10-06 04:45:51,246 INFO S7 zu wenig Stoff (0 Wörter aus 0 Quellen, Versuch 3/3): Heimpleite: Mainz 05 enttäuscht gegen Union Berlin
2026-10-06 04:45:51,694 INFO S7 kein Volltext (too_short_31_words): Uzun fehlt Türkei: Leipzig-Spiel wohl nicht in Gefahr
2026-10-06 04:45:51,694 INFO S7 zu wenig Stoff (0 Wörter aus 0 Quellen, Versuch 3/3): Uzun fehlt Türkei: Leipzig-Spiel wohl nicht in Gefahr
2026-10-06 04:45:52,205 INFO S7 kein Volltext (too_short_52_words): Timo Becker bleibt für Freiburg-Spiel fraglich
2026-10-06 04:45:52,205 INFO S7 zu wenig Stoff (0 Wörter aus 0 Quellen, Versuch 3/3): Timo Becker bleibt für Freiburg-Spiel fraglich
2026-10-06 04:45:52,334 INFO S7 kein Volltext (too_short_4_words): MRT bei Agu am Montag
2026-10-06 04:45:52,334 INFO S7 zu wenig Stoff (0 Wörter aus 0 Quellen, Versuch 3/3): MRT bei Agu am Montag
2026-10-06 04:45:52,641 ERROR lxml parsing failed: Document is empty
2026-10-06 04:45:52,641 ERROR lxml parser bytestring Document is empty
2026-10-06 04:45:52,642 ERROR lxml parsing failed: Document is empty
2026-10-06 04:45:52,642 ERROR lxml parser bytestring Document is empty
2026-10-06 04:45:52,642 ERROR empty HTML tree: None
2026-10-06 04:45:52,642 WARNING discarding data: None
2026-10-06 04:45:52,643 INFO S7 kein Volltext (trafilatura_returned_empty): Nach dem doppelten Verletzungsschock: Wer stürmt jetzt für d
2026-10-06 04:45:52,643 INFO S7 zu wenig Stoff (0 Wörter aus 0 Quellen, Versuch 3/3): Nach dem doppelten Verletzungsschock: Wer stürmt jetzt für d
2026-10-06 04:45:53,746 INFO S7 kein Volltext (likely_paywall): Köln duo Dallinga and Ache suffer injuries in draw with Vikt
2026-10-06 04:45:53,746 INFO S7 zu wenig Stoff (0 Wörter aus 0 Quellen, Versuch 3/3): Köln duo Dallinga and Ache suffer injuries in draw with Vikt
2026-10-06 04:45:54,123 INFO S7 kein Volltext (seite_zu_alt): Ruoppi reist vorzeitig aus Finnlands U21 ab
2026-10-06 04:45:54,123 INFO S7 zu wenig Stoff (0 Wörter aus 0 Quellen, Versuch 2/3): Ruoppi reist vorzeitig aus Finnlands U21 ab
2026-10-06 04:46:06,213 INFO S7 kein Volltext (fetch_failed_ReadTimeout): Vorzeitige Abreise: DFB-Pause für Gnabry
2026-10-06 04:46:06,213 INFO S7 zu wenig Stoff (0 Wörter aus 0 Quellen, Versuch 2/3): Vorzeitige Abreise: DFB-Pause für Gnabry
2026-10-06 04:46:07,001 INFO S7 kein Volltext (seite_zu_alt): Gantenbein: Fit, aber noch nicht am Ziel
2026-10-06 04:46:07,002 INFO S7 zu wenig Stoff (0 Wörter aus 0 Quellen, Versuch 2/3): Gantenbein: Fit, aber noch nicht am Ziel
2026-10-06 04:46:07,640 INFO S7 kein Volltext (likely_paywall): Vertragsverlängerung oder Karriereende? - Eintracht-Star Cha
2026-10-06 04:46:08,629 INFO S7 kein Volltext (likely_paywall): „Sag niemals nie“: Eintracht-Oldie Chandler deutet plötzlich
2026-10-06 04:46:10,087 INFO S7 kein Volltext (likely_paywall): „Sag niemals nie“: Eintracht-Oldie Chandler deutet plötzlich
2026-10-06 04:46:10,396 WARNING discarding data: None
2026-10-06 04:46:10,397 INFO S7 kein Volltext (trafilatura_returned_empty): Noch lange nicht Schluss? Chandler spricht über seine Zukunf
2026-10-06 04:46:10,645 INFO S7 zu wenig Stoff (0 Wörter aus 0 Quellen, Versuch 2/3): Vertragsverlängerung oder Karriereende? - Eintracht-Star Cha
2026-10-06 04:46:11,120 ERROR lxml parsing failed: Document is empty
2026-10-06 04:46:11,120 ERROR lxml parser bytestring Document is empty
2026-10-06 04:46:11,121 ERROR lxml parsing failed: Document is empty
2026-10-06 04:46:11,121 ERROR lxml parser bytestring Document is empty
2026-10-06 04:46:11,121 ERROR empty HTML tree: None
2026-10-06 04:46:11,121 WARNING discarding data: None
2026-10-06 04:46:11,122 INFO S7 kein Volltext (trafilatura_returned_empty): Spielstatistik | SV Waldhof Mannheim - 1. FSV Mainz 05 | KW4
2026-10-06 04:46:11,997 INFO S7 kein Volltext (too_short_78_words): Das sind die 3 Mainz-Gewinner des Saison-Starts
2026-10-06 04:46:12,420 ERROR lxml parsing failed: Document is empty
2026-10-06 04:46:12,420 ERROR lxml parser bytestring Document is empty
2026-10-06 04:46:12,420 ERROR lxml parsing failed: Document is empty
2026-10-06 04:46:12,420 ERROR lxml parser bytestring Document is empty
2026-10-06 04:46:12,420 ERROR empty HTML tree: None
2026-10-06 04:46:12,420 WARNING discarding data: None
2026-10-06 04:46:12,421 INFO S7 kein Volltext (trafilatura_returned_empty): FC Mainz 05 de Jacqueville
2026-10-06 04:46:12,810 ERROR lxml parsing failed: Document is empty
2026-10-06 04:46:12,810 ERROR lxml parser bytestring Document is empty
2026-10-06 04:46:12,810 ERROR lxml parsing failed: Document is empty
2026-10-06 04:46:12,810 ERROR lxml parser bytestring Document is empty
2026-10-06 04:46:12,810 ERROR empty HTML tree: None
2026-10-06 04:46:12,810 WARNING discarding data: None
2026-10-06 04:46:12,811 INFO S7 kein Volltext (trafilatura_returned_empty): 1.FSV Mainz 05 II
2026-10-06 04:46:12,812 INFO S7 zu wenig Stoff (0 Wörter aus 0 Quellen, Versuch 2/3): Das sind die 3 Mainz-Gewinner des Saison-Starts
2026-10-06 04:46:13,154 WARNING discarding data: None
2026-10-06 04:46:13,155 INFO S7 kein Volltext (trafilatura_returned_empty): Leih-Stürmer kommt auf Touren: Futkeu bald reif für Elversbe
2026-10-06 04:46:13,459 ERROR lxml parsing failed: Document is empty
2026-10-06 04:46:13,459 ERROR lxml parser bytestring Document is empty
2026-10-06 04:46:13,460 ERROR lxml parsing failed: Document is empty
2026-10-06 04:46:13,460 ERROR lxml parser bytestring Document is empty
2026-10-06 04:46:13,460 ERROR empty HTML tree: None
2026-10-06 04:46:13,460 WARNING discarding data: None
2026-10-06 04:46:13,461 INFO S7 kein Volltext (trafilatura_returned_empty): Futkeu bald reif für Elversbergs Startelf
2026-10-06 04:46:13,766 ERROR lxml parsing failed: Document is empty
2026-10-06 04:46:13,766 ERROR lxml parser bytestring Document is empty
2026-10-06 04:46:13,766 ERROR lxml parsing failed: Document is empty
2026-10-06 04:46:13,766 ERROR lxml parser bytestring Document is empty
2026-10-06 04:46:13,766 ERROR empty HTML tree: None
2026-10-06 04:46:13,766 WARNING discarding data: None
2026-10-06 04:46:13,767 INFO S7 kein Volltext (trafilatura_returned_empty): Futkeu bald reif für Elversbergs Startelf
2026-10-06 04:46:13,767 INFO S7 zu wenig Stoff (0 Wörter aus 0 Quellen, Versuch 1/3): Futkeu bald reif für Elversbergs Startelf
2026-10-06 04:46:14,095 WARNING discarding data: None
2026-10-06 04:46:14,096 INFO S7 kein Volltext (trafilatura_returned_empty): Florian Wirtz zum FC Bayern? Oliver Bierhoff nennt einen pas
2026-10-06 04:46:14,436 WARNING discarding data: None
2026-10-06 04:46:14,437 INFO S7 kein Volltext (trafilatura_returned_empty): Transfer-Rennen um Spurs-Juwel: Bayern und BVB buhlen um Luc
2026-10-06 04:46:26,965 INFO S7 kein Volltext (fetch_failed_ReadTimeout): Warnung vor Transfer-Knall beim FC Bayern
2026-10-06 04:46:26,965 INFO S7 zu wenig Stoff (0 Wörter aus 0 Quellen, Versuch 1/3): Warnung vor Transfer-Knall beim FC Bayern
2026-10-06 04:46:27,363 WARNING discarding data: None
2026-10-06 04:46:27,363 INFO S7 kein Volltext (trafilatura_returned_empty): Yussuf Poulsen gibt nach Auswechslung im Kopenhagen-Test Ent
2026-10-06 04:46:27,672 WARNING discarding data: None
2026-10-06 04:46:27,673 INFO S7 kein Volltext (trafilatura_returned_empty): Yussuf Poulsen gibt nach Auswechslung im Kopenhagen-Test Ent
2026-10-06 04:46:28,393 INFO S7 kein Volltext (too_short_36_words): HSV-Stürmer Poulsen erklärt Blitzauswechslung: Reicht es geg
2026-10-06 04:46:28,393 INFO S7 zu wenig Stoff (0 Wörter aus 0 Quellen, Versuch 1/3): HSV-Stürmer Poulsen erklärt Blitzauswechslung: Reicht es geg
2026-10-06 04:46:28,855 WARNING discarding data: None
2026-10-06 04:46:28,856 INFO S7 kein Volltext (trafilatura_returned_empty): 1.FC Köln Will Zukowski! Doch Es Gibt Ein RIESEN Problem! Ac
2026-10-06 04:46:30,622 ERROR lxml parsing failed: Document is empty
2026-10-06 04:46:30,622 ERROR lxml parser bytestring Document is empty
2026-10-06 04:46:30,622 ERROR lxml parsing failed: Document is empty
2026-10-06 04:46:30,622 ERROR lxml parser bytestring Document is empty
2026-10-06 04:46:30,622 ERROR empty HTML tree: None
2026-10-06 04:46:30,622 WARNING discarding data: None
2026-10-06 04:46:30,623 INFO S7 kein Volltext (trafilatura_returned_empty): 1.FC Köln
2026-10-06 04:46:30,623 INFO S7 schreiben (Prio 2, 1 Quellen): Derby-Woche beim 1. FC Köln: Die vielen Baustellen des René 
2026-10-06 04:46:39,008 INFO   Kandidat: Köln vor dem Derby: Wagner kämpft mit vielen Baustellen
2026-10-06 04:46:39,857 INFO S7 kein Volltext (likely_paywall): „Haben seinen Marktwert überschätzt“: Transfermarkt-Experte 
2026-10-06 04:46:40,973 INFO S7 kein Volltext (likely_paywall): „Haben seinen Marktwert überschätzt“: Transfermarkt-Experte 
2026-10-06 04:46:40,973 INFO S7 zu wenig Stoff (0 Wörter aus 0 Quellen, Versuch 1/3): „Haben seinen Marktwert überschätzt“: Transfermarkt-Experte 
2026-10-06 04:46:41,350 WARNING discarding data: None
2026-10-06 04:46:41,351 INFO S7 kein Volltext (trafilatura_returned_empty): BVB zeigt Interesse an Andrija Bulatovic, doch der Transfer 
2026-10-06 04:46:42,149 INFO S7 schreiben (Prio 2, 1 Quellen): Borussia Dortmund: Letzte Saison noch gesetzt! BVB-Juwel den
2026-10-06 04:46:49,447 INFO   Kandidat: BVB: Reggiani denkt über Winter-Abschied nach
2026-10-06 04:46:49,802 WARNING discarding data: None
2026-10-06 04:46:49,802 INFO S7 kein Volltext (trafilatura_returned_empty): Neuer-Ära vor dem Ende? Bayerns geheime Torwart-Liste für di
2026-10-06 04:47:02,137 INFO S7 kein Volltext (fetch_failed_ReadTimeout): Enthüllt: So plant der FC Bayern das Neuer-Erbe
2026-10-06 04:47:02,137 INFO S7 zu wenig Stoff (0 Wörter aus 0 Quellen, Versuch 1/3): Enthüllt: So plant der FC Bayern das Neuer-Erbe
2026-10-06 04:47:06,239 INFO S7 schreiben (Prio 2, 2 Quellen): Tuchel gerät bei Kane ins Schwärmen: „Fehlen mir fast die Wo
2026-10-06 04:47:17,383 INFO   Kandidat: Tuchel schwärmt von Kane: „Fehlen mir fast die Worte“
2026-10-06 04:47:18,441 INFO S7 kein Volltext (seite_zu_alt): Viel Bewegung innerhalb des Klubs: Eintracht Frankfurts Strr
2026-10-06 04:47:18,694 INFO S7 zu wenig Stoff (0 Wörter aus 0 Quellen, Versuch 1/3): Viel Bewegung innerhalb des Klubs: Eintracht Frankfurts Strr
2026-10-06 04:47:25,180 INFO S6.5 schon berichtet (Treu und Scherhant: Freiburgs Gewinner im ers): Scherhant überzeugt beim DFB: Freiburgs Profi begeistert geg
2026-10-06 04:47:25,496 WARNING discarding data: None
2026-10-06 04:47:25,497 INFO S7 kein Volltext (trafilatura_returned_empty): Rückkehr zum Training mit XXL-Sichtschutz: Die ersten Bayern
2026-10-06 04:47:27,798 INFO S7 schreiben (Prio 2, 1 Quellen): FC Bayern: Neues Gerücht um Yildiz-Rückkehr
2026-10-06 04:47:36,157 INFO   Kandidat: Yildiz: Bayern soll Rückkehr des Ex-Talents prüfen
2026-10-06 04:47:37,281 INFO S7 schreiben (Prio 2, 2 Quellen): Fischer exklusiv in BILD - So haben wir unser Top-Trio behal
2026-10-06 04:47:41,981 INFO S7 verworfen (zu_wenig_stoff): Fischer exklusiv in BILD - So haben wir unser Top-Trio behal
2026-10-06 04:47:42,300 WARNING discarding data: None
2026-10-06 04:47:42,300 INFO S7 kein Volltext (trafilatura_returned_empty): Offizielle Shortlist enthüllt: Zwei BVB-Talente stehen im 25
2026-10-06 04:47:45,223 INFO S7 schreiben (Prio 2, 1 Quellen): Experten sicher: BVB hat „kleinen Messi“ verpflichtet
2026-10-06 04:47:52,935 INFO   Kandidat: BVB-Neuzugang Konstantelias: Griechische Scouts schwärmen vo
2026-10-06 04:47:55,167 INFO S7 schreiben (Prio 2, 2 Quellen): Eintracht-Duo mischt den DFB-Sturm auf – Burkardt und Ebnout
2026-10-06 04:48:09,686 INFO   Kandidat: Burkardt und Ebnoutalib: Frankfurter Duo bewirbt sich bei Kl
2026-10-06 04:48:14,822 INFO S7 schreiben (Prio 2, 2 Quellen): Interesse aus Istanbul? So plant Werder mit Toptalent Soylu
2026-10-06 04:48:18,383 INFO S7 verworfen (nicht_relevant): Interesse aus Istanbul? So plant Werder mit Toptalent Soylu
2026-10-06 04:48:20,019 INFO S7 schreiben (Prio 2, 2 Quellen): 40 Millionen: Das Transferziel des VfB Stuttgart
2026-10-06 04:48:26,565 INFO   Kandidat: VfB Stuttgart muss 40 Millionen Euro Transferplus erzielen
2026-10-06 04:48:26,922 WARNING discarding data: None
2026-10-06 04:48:26,923 INFO S7 kein Volltext (trafilatura_returned_empty): Timothy Chandler nimmt Eintracht-Kapitän Robin Koch nach sch
2026-10-06 04:48:28,309 INFO S7 kein Volltext (likely_paywall): Chandler schwärmt von Eintracht-Juwel Ilicevic – und traut i
2026-10-06 04:48:28,309 INFO S7 zu wenig Stoff (0 Wörter aus 0 Quellen, Versuch 1/3): Chandler schwärmt von Eintracht-Juwel Ilicevic – und traut i
2026-10-06 04:48:31,127 INFO S7 schreiben (Prio 2, 2 Quellen): Er muss es wissen - Wie Kabinen-Chef Chandler über Kapitän K
2026-10-06 04:48:40,609 INFO S7 verworfen (zu_wenig_stoff): Er muss es wissen - Wie Kabinen-Chef Chandler über Kapitän K
2026-10-06 04:48:40,967 INFO S7 kein Volltext (too_short_47_words): Was Thioune geschafft hat - Überraschender Platz 1 für Werde
2026-10-06 04:48:41,608 INFO S7 kein Volltext (too_short_47_words): Werder Bremen: Was Thioune geschafft hat! Überraschender Pla
2026-10-06 04:48:41,608 INFO S7 zu wenig Stoff (0 Wörter aus 0 Quellen, Versuch 1/3): Was Thioune geschafft hat - Überraschender Platz 1 für Werde
2026-10-06 04:48:42,495 INFO S7 kein Volltext (likely_paywall): Plötzlich trainiert ihn Klopp: Hütter richtet nach Ebnoutali
2026-10-06 04:48:43,406 INFO S7 kein Volltext (likely_paywall): Plötzlich trainiert ihn Klopp: Hütter richtet nach Ebnoutali
2026-10-06 04:48:43,406 INFO S7 zu wenig Stoff (0 Wörter aus 0 Quellen, Versuch 1/3): Plötzlich trainiert ihn Klopp: Hütter richtet nach Ebnoutali
2026-10-06 04:48:50,376 INFO S7 schreiben (Prio 2, 2 Quellen): Marktwert-Steigerung bei Ebnoutalib und Co.: Das kosten die 
2026-10-06 04:48:58,348 INFO   Kandidat: Marktwerte: Ebnoutalib steigt auf 18 Millionen, Santos und A
2026-10-06 04:48:59,845 WARNING discarding data: None
2026-10-06 04:48:59,846 INFO S7 kein Volltext (trafilatura_returned_empty): Werder-Vertragsgespräche auf Eis: Was hat das zu bedeuten?
2026-10-06 04:48:59,846 INFO S7 schreiben (Prio 2, 1 Quellen): Zukunft in Bremen offen? Darum führt Werder keine Vertragsge
2026-10-06 04:49:06,654 INFO   Kandidat: Werder: Thioune hat offenbar Verlängerungsoption bis 2028
2026-10-06 04:49:08,464 INFO S7 schreiben (Prio 2, 2 Quellen): Nach dem HSV-Comeback: Wie Polzin jetzt mit WM-Star Muheim p
2026-10-06 04:49:16,301 INFO   Kandidat: HSV: Muheim feiert Comeback und nimmt Konkurrenzkampf an
2026-10-06 04:49:17,366 INFO S7 kein Volltext (too_short_34_words): HSV-Profi Muheim meldet sich zurück – und spricht über „beso
2026-10-06 04:49:24,738 INFO S6.5 schon berichtet (HSV: Muheim feiert Comeback und nimmt Konkurr): HSV-Profi Muheim meldet sich zurück – und spricht über „beso
2026-10-06 04:49:32,313 INFO S7 schreiben (Prio 2, 2 Quellen): Weiter ein schwieriges Pflaster: Das fiel am mühsamen BVB-Si
2026-10-06 04:49:41,476 INFO   Kandidat: Werder nach 0:7 in Enschede: Thioune ordnet Straftraining an
2026-10-06 04:49:49,122 INFO S7 schreiben (Prio 2, 2 Quellen): Ist die Kimmich-Diskussion eine Phantomdebatte oder mehr?
2026-10-06 04:49:54,767 INFO S7 verworfen (nicht_relevant): Ist die Kimmich-Diskussion eine Phantomdebatte oder mehr?
2026-10-06 04:49:55,105 WARNING discarding data: None
2026-10-06 04:49:55,106 INFO S7 kein Volltext (trafilatura_returned_empty): Nach langem Warten auf die FIFA-Freigabe: Leipzig-Profi Ezec
2026-10-06 04:49:55,411 WARNING discarding data: None
2026-10-06 04:49:55,412 INFO S7 kein Volltext (trafilatura_returned_empty): Nach langem Warten auf die FIFA-Freigabe: Leipzig-Profi Ezec
2026-10-06 04:49:55,412 INFO S7 zu wenig Stoff (0 Wörter aus 0 Quellen, Versuch 1/3): Nach langem Warten auf die FIFA-Freigabe: Leipzig-Profi Ezec
2026-10-06 04:49:55,632 ERROR lxml parsing failed: Document is empty
2026-10-06 04:49:55,633 ERROR lxml parser bytestring Document is empty
2026-10-06 04:49:55,633 ERROR lxml parsing failed: Document is empty
2026-10-06 04:49:55,633 ERROR lxml parser bytestring Document is empty
2026-10-06 04:49:55,633 ERROR empty HTML tree: None
2026-10-06 04:49:55,633 WARNING discarding data: None
2026-10-06 04:49:55,633 INFO S7 kein Volltext (trafilatura_returned_empty): Triebfeder Ulrich oder Techniker Vidovic: Wer findet Paderbo
2026-10-06 04:49:55,932 ERROR lxml parsing failed: Document is empty
2026-10-06 04:49:55,932 ERROR lxml parser bytestring Document is empty
2026-10-06 04:49:55,932 ERROR lxml parsing failed: Document is empty
2026-10-06 04:49:55,932 ERROR lxml parser bytestring Document is empty
2026-10-06 04:49:55,932 ERROR empty HTML tree: None
2026-10-06 04:49:55,932 WARNING discarding data: None
2026-10-06 04:49:55,933 INFO S7 kein Volltext (trafilatura_returned_empty): Triebfeder Ulrich oder Techniker Vidovic: Wer findet Paderbo
2026-10-06 04:49:55,933 INFO S7 zu wenig Stoff (0 Wörter aus 0 Quellen, Versuch 1/3): Triebfeder Ulrich oder Techniker Vidovic: Wer findet Paderbo
2026-10-06 04:49:56,659 WARNING discarding data: None
2026-10-06 04:49:56,660 INFO S7 kein Volltext (trafilatura_returned_empty): Bayern in Sorge – was macht Michael Olise?
2026-10-06 04:50:02,155 INFO S7 schreiben (Prio 2, 1 Quellen): „Das wabert irgendwie so durch“ - Warum Bayern bei Olise etw
2026-10-06 04:50:12,193 INFO S7.6 doppelt (Bayern will Olise bis 2032 binden: Ausstiegsklause): Olise und Bayern: Poker um Vertrag, Ausstiegsklaus
2026-10-06 04:50:14,045 INFO S7 kein Volltext (too_short_26_words): Abgang: VfB Stuttgart kann bei Finn Jeltsch vorerst aufatmen
2026-10-06 04:50:16,289 INFO S7 schreiben (Prio 2, 1 Quellen): Abgang: VfB Stuttgart kann bei Finn Jeltsch vorerst aufatmen
2026-10-06 04:50:22,930 INFO S7.6 doppelt (Jeltsch-Debüt könnte VfB Stuttgart teuer werden): Jeltsch will mindestens bis Saisonende beim VfB St
2026-10-06 04:50:23,979 INFO S7 kein Volltext (seite_zu_alt): Eintracht Frankfurt verlängert Vertrag mit großem Talent: „E
2026-10-06 04:50:24,919 INFO S7 kein Volltext (seite_zu_alt): Vertragsverlängerung fix: Großes Talent bleibt bei Eintracht
2026-10-06 04:50:24,919 INFO S7 zu wenig Stoff (0 Wörter aus 0 Quellen, Versuch 1/3): Eintracht Frankfurt verlängert Vertrag mit großem Talent: „E
2026-10-06 04:50:38,429 INFO S7 kein Volltext (fetch_failed_ReadTimeout): Abgang vom FC Bayern? Überraschendes Gerücht um Michael Olis
2026-10-06 04:50:44,077 INFO S7 schreiben (Prio 2, 1 Quellen): FC Bayern München, News und Gerüchte - "Ist überhaupt nicht 
2026-10-06 04:50:52,060 INFO   Kandidat: Zidane lobt Bayern-Profi Olise als „geborenen Anführer“
2026-10-06 04:50:52,060 INFO S7 Abo-Deckel (12 Artikel) erreicht – Rest wartet auf den nächsten Lauf
2026-10-06 04:50:52,087 INFO S9.5 FinalCheck: 12/12 durch
2026-10-06 04:50:52,738 INFO Veröffentlicht: Köln vor dem Derby: Wagner kämpft mit vielen Baustellen
2026-10-06 04:50:52,802 INFO Veröffentlicht: BVB: Reggiani denkt über Winter-Abschied nach
2026-10-06 04:50:52,867 INFO Veröffentlicht: Tuchel schwärmt von Kane: „Fehlen mir fast die Worte“
2026-10-06 04:50:52,933 INFO Veröffentlicht: Yildiz: Bayern soll Rückkehr des Ex-Talents prüfen
2026-10-06 04:50:53,001 INFO Veröffentlicht: BVB-Neuzugang Konstantelias: Griechische Scouts schwärmen vo
2026-10-06 04:50:53,067 INFO Veröffentlicht: Burkardt und Ebnoutalib: Frankfurter Duo bewirbt sich bei Kl
2026-10-06 04:50:53,133 INFO Veröffentlicht: VfB Stuttgart muss 40 Millionen Euro Transferplus erzielen
2026-10-06 04:50:53,201 INFO Veröffentlicht: Marktwerte: Ebnoutalib steigt auf 18 Millionen, Santos und A
2026-10-06 04:50:53,267 INFO Veröffentlicht: Werder: Thioune hat offenbar Verlängerungsoption bis 2028
2026-10-06 04:50:53,333 INFO Veröffentlicht: HSV: Muheim feiert Comeback und nimmt Konkurrenzkampf an
2026-10-06 04:50:53,399 INFO Veröffentlicht: Werder nach 0:7 in Enschede: Thioune ordnet Straftraining an
2026-10-06 04:50:53,465 INFO Veröffentlicht: Zidane lobt Bayern-Profi Olise als „geborenen Anführer“
2026-10-06 04:50:53,491 INFO Reddit: Keine Credentials – übersprungen
2026-10-06 04:50:53,492 INFO Reddit: Keine Credentials – übersprungen
2026-10-06 04:50:53,492 INFO Reddit: Keine Credentials – übersprungen
2026-10-06 04:50:53,493 INFO Reddit: Keine Credentials – übersprungen
2026-10-06 04:50:53,493 INFO Reddit: Keine Credentials – übersprungen
2026-10-06 04:50:53,493 INFO Reddit: Keine Credentials – übersprungen
2026-10-06 04:50:53,494 INFO Reddit: Keine Credentials – übersprungen
2026-10-06 04:50:53,494 INFO Reddit: Keine Credentials – übersprungen
2026-10-06 04:50:53,495 INFO Reddit: Keine Credentials – übersprungen
2026-10-06 04:50:53,495 INFO Reddit: Keine Credentials – übersprungen
2026-10-06 04:50:53,495 INFO Reddit: Keine Credentials – übersprungen
2026-10-06 04:50:53,496 INFO Reddit: Keine Credentials – übersprungen
2026-10-06 04:50:53,496 INFO 💶 Kosten: dieser Lauf 0.000 $ (Budget 0.059 $) | heute 0.00 $ | Monat 0.72 / 23 $ | konferenz (abo) 2× 0.000 $, dublette (abo) 25× 0.000 $, schreiben (abo) 19× 0.000 $
2026-10-06 04:50:53,496 INFO 🎫 Abo-Verbrauch: 180,715 Tokens rein (davon Cache gelesen 22,950), 42,391 raus, API-Gegenwert 0.92 $ | konferenz 2×: 10,236/22,509, dublette 25×: 38,150/142, schreiben 19×: 132,329/19,740
2026-10-06 04:50:53,526 INFO Feeds: 60/60 begonnen, nächster Lauf startet bei Nr. 0
2026-10-06 04:50:53,526 INFO URL-Cache gespeichert: 24042 URLs
2026-10-06 04:50:53,526 INFO === Fertig. 12 neue Artikel. feed.json: 1273 ===
2026-10-06 04:50:53,526 INFO Stats: {"ts": "20261006_0440", "ingested": 175, "s2_pre_filter": 53, "s3_relevance": 46, "s4_dedup_early": 0, "gesammelt": 75, "geschichten_neu": 50, "s5_archiv_doppelt": 1, "s5_zusammengefuehrt": 9, "s6_aussortiert": 53, "s7_geschrieben": 19, "s7_verworfen": 10, "s5_fulltext_fail": 38, "s8_qa_rejected": 0, "published": 12, "s5_ohne_bezug": 9, "s5_randthema": 6, "kosten": {"lauf_usd": 0.0, "lauf_budget_usd": 0.0589, "heute_usd": 0.0, "monat_usd": 0.7196, "monatsbudget_usd": 23.0, "aufrufe": {"konferenz (abo)": {"anzahl": 2, "usd": 0.0}, "dublette (abo)": {"anzahl": 25, "usd": 0.0}, "schreiben (abo)": {"anzahl": 19, "usd": 0.0}}, "guthaben_leer": false, "abo": true, "abo_tokens": {"konferenz": {"aufrufe": 2, "ein": 3632, "cache_schreiben": 6604, "cache_lesen": 0, "aus": 22509, "api_wert_usd": 0.1294}, "dublette": {"aufrufe": 25, "ein": 50, "cache_schreiben": 38100, "cache_lesen": 0, "aus": 142, "api_wert_usd": 0.1538}, "schreiben": {"aufrufe": 19, "ein": 38, "cache_schreiben": 109341, "cache_lesen": 22950, "aus": 19740, "api_wert_usd": 0.6394}}}}
