2026-10-10 10:02:10,395 INFO 💶 Budget: dieser Lauf 0.105 $ | heute 0.00 $ | Monat 0.72 / 23 $
2026-10-10 10:02:10,862 INFO URL-Cache geladen: 32458 bekannte URLs (letzte 30 Tage)
2026-10-10 10:02:10,862 INFO === Ligaoutsider Generator startet – max. 50 Artikel ===
2026-10-10 10:02:10,863 INFO Feed: https://newsfeed.kicker.de/news/bundesliga
2026-10-10 10:02:11,204 INFO S1 Medienseite ohne Artikeltext: "Füllkrug ist 'ne richtige Kante": Kovac kritisiert Foul-Pfi
2026-10-10 10:02:11,209 INFO S1 Medienseite ohne Artikeltext: Thioune: "Wenn meine Mannschaft eins gelernt hat, ..."
2026-10-10 10:02:11,209 INFO S1 Medienseite ohne Artikeltext: Kovac enttäuscht: "Hatten Gegner in der Ecke"
2026-10-10 10:02:11,209 INFO Feed: https://www.sportschau.de/fussball/bundesliga/index~rss2.xml
2026-10-10 10:02:11,867 INFO Feed: https://sportbild.bild.de/feed/sportbild-home.xml
2026-10-10 10:02:12,375 INFO BL-Spielerliste geladen: 1002 Namen
2026-10-10 10:02:12,393 INFO S3 keyword miss: Kein Team ohne Probleme! - Das große Power Ranking zur NFL v
2026-10-10 10:02:12,437 INFO S2 blacklist: Das steckt dahinter - Achtung, Fans! Bundesliga heute im Fre
2026-10-10 10:02:12,470 INFO S3 keyword miss: Großer Schock - Tochter von PSG-Trainer Enrique in tödlichen
2026-10-10 10:02:12,504 INFO S3 keyword miss: „Ich hörte Quietschen und Stöhnen“ - Motorsport-Star beim Fr
2026-10-10 10:02:12,538 INFO S3 keyword miss: „Ich werde dann 80 sein“ - Mourinho spottet über Man City
2026-10-10 10:02:12,538 INFO Feed: https://www.bild.de/rss-feeds/rss-16725492,feed=fussball-mix.bild.html
2026-10-10 10:02:13,018 INFO S3 keyword miss: Erstes Spiel nach dem Eklat - Überraschender Portugal-Post z
2026-10-10 10:02:13,019 INFO Feed: https://www.11freunde.de/feed
2026-10-10 10:02:14,582 INFO Feed: https://www.bundesliga.com/de/bundesliga/news.rss
2026-10-10 10:02:14,837 INFO Feed: https://news.google.com/rss/topics/CAAqJggKIiBDQkFTRWdvSUwyMHZNRFp1ZEdvU0FtUmxHZ0pFUlNnQVAB?hl=de&gl=DE&ceid=DE:de
2026-10-10 10:02:15,036 INFO S2 Liveticker übersprungen: MotoGP-Liveticker Mandalika: Marquez siegt im Sprint nach St
2026-10-10 10:02:15,037 INFO S2 blacklist: Letzter Aufgalopp der Stars: Wer startet bei Il Lombardia?
2026-10-10 10:02:15,077 INFO S3 keyword miss: Eishockey: Alarm in Dresden! Halle kurz vor Spielbeginn evak
2026-10-10 10:02:15,078 INFO S2 blacklist: 2. Bundesliga: Heidenheim und Kaiserslautern verzichten aufs
2026-10-10 10:02:15,113 INFO Feed: https://news.google.com/rss/search?q=Bundesliga+Testspiel+Ergebnis&hl=de&gl=DE&ceid=DE:de
2026-10-10 10:02:15,468 INFO Feed: https://news.google.com/rss/search?q=Bundesliga+Vorbereitung+Sommertour&hl=de&gl=DE&ceid=DE:de
2026-10-10 10:02:15,716 INFO Feed: https://news.google.com/rss/search?q=Bundesliga+Verletzung+Ausfall+gesperrt&hl=de&gl=DE&ceid=DE:de
2026-10-10 10:02:16,045 INFO Feed: https://news.google.com/rss/search?q=Bundesliga+Transfer+Wechsel+verpflichtet&hl=de&gl=DE&ceid=DE:de
2026-10-10 10:02:16,325 INFO Feed: https://news.google.com/rss/search?q=Bundesliga+Gerücht+Interesse+Angebot&hl=de&gl=DE&ceid=DE:de
2026-10-10 10:02:16,617 INFO Feed: https://news.google.com/rss/search?q=Bundesliga+Vertrag+verlängert+ablösefrei&hl=de&gl=DE&ceid=DE:de
2026-10-10 10:02:16,859 INFO Feed: https://news.google.com/rss/search?q=%22FC+Bayern%22+OR+%22Bayern+M%C3%BCnchen%22+when%3A1d&hl=de&gl=DE&ceid=DE:de
2026-10-10 10:02:17,277 INFO S2 blacklist: Läuft FC Augsburg vs. FC Bayern München heute im Free-TV?
2026-10-10 10:02:17,278 INFO S2 blacklist: FC Bayern München beim FC Augsburg heute live im TV und Live
2026-10-10 10:02:17,281 INFO S2 blacklist: Fußball Bundesliga Frauen: Hamburg gegen FC Bayern - Übersic
2026-10-10 10:02:17,281 INFO S2 blacklist: Fußball Bundesliga Frauen: Hamburg gegen FC Bayern - Übersic
2026-10-10 10:02:17,297 INFO Feed: https://news.google.com/rss/search?q=BVB+OR+%22Borussia+Dortmund%22+when%3A1d&hl=de&gl=DE&ceid=DE:de
2026-10-10 10:02:17,782 INFO S3 keyword miss: „Mache das Tor nicht gegen sie“: Ex-Stürmer erklärt seinen u
2026-10-10 10:02:17,786 INFO Feed: https://news.google.com/rss/search?q=%22Bayer+Leverkusen%22+OR+%22Bayer+04%22+when%3A1d&hl=de&gl=DE&ceid=DE:de
2026-10-10 10:02:18,176 INFO S2 blacklist: Warum läuft Mainz 05 vs. Bayer Leverkusen heute auch live im
2026-10-10 10:02:18,177 INFO S2 blacklist: RTL zeigt Mainz gegen Leverkusen gratis im Free-TV: So strea
2026-10-10 10:02:18,200 INFO S2 blacklist: Mainz gegen Leverkusen im Free-TV: Hier sehen Sie das Spiel
2026-10-10 10:02:18,235 INFO S3 keyword miss: Julian Brandt: Bilanz gegen Gegenspieler, Trainer & Vereine
2026-10-10 10:02:18,236 INFO S2 blacklist: Fußball heute: Wer überträgt das Spiel Mainz 05 gegen Bayer 
2026-10-10 10:02:18,237 INFO Feed: https://news.google.com/rss/search?q=%22RB+Leipzig%22+when%3A1d&hl=de&gl=DE&ceid=DE:de
2026-10-10 10:02:18,637 INFO S3 keyword miss: Maddox Stadel
2026-10-10 10:02:18,675 INFO S3 keyword miss: Florian Kohfeldt: Bilanz als Trainer – Trainerduelle, Verein
2026-10-10 10:02:18,709 INFO S2 blacklist: Fußball heute: Wer überträgt das Topspiel RB Leipzig gegen E
2026-10-10 10:02:18,709 INFO Feed: https://news.google.com/rss/search?q=%22VfB+Stuttgart%22+when%3A1d&hl=de&gl=DE&ceid=DE:de
2026-10-10 10:02:19,122 INFO S2 blacklist: VfB Stuttgart Frauen: Nicole Billa rettet Österreich kurios 
2026-10-10 10:02:19,123 INFO S2 blacklist: Martinez nachnominiert: VfB Stuttgart weiter im DFB-Aufgebot
2026-10-10 10:02:19,162 INFO S3 keyword miss: Matthias Sammer: Bilanz als Trainer & Spieler – Gegner, Trai
2026-10-10 10:02:19,163 INFO Feed: https://news.google.com/rss/search?q=%22Eintracht+Frankfurt%22+when%3A1d&hl=de&gl=DE&ceid=DE:de
2026-10-10 10:02:19,552 INFO Feed: https://news.google.com/rss/search?q=Gladbach+OR+%22Borussia+M%C3%B6nchengladbach%22+when%3A1d&hl=de&gl=DE&ceid=DE:de
2026-10-10 10:02:19,959 INFO S2 blacklist: Fußball Bundesliga: M'gladbach gegen 1860 - Übersicht über d
2026-10-10 10:02:19,962 INFO Feed: https://news.google.com/rss/search?q=%22SC+Freiburg%22+when%3A1d&hl=de&gl=DE&ceid=DE:de
2026-10-10 10:02:20,355 INFO Feed: https://news.google.com/rss/search?q=Hoffenheim+when%3A1d&hl=de&gl=DE&ceid=DE:de
2026-10-10 10:02:20,751 INFO S2 blacklist: Sky oder DAZN: Wo läuft TSG Hoffenheim vs. Hamburger SV (HSV
2026-10-10 10:02:20,787 INFO S3 keyword miss: Sebastian Rudy: Bilanz gegen Gegenspieler, Trainer & Vereine
2026-10-10 10:02:20,816 INFO S2 blacklist: Fußball heute: Wer überträgt das Spiel Hoffenheim gegen den 
2026-10-10 10:02:20,816 INFO Feed: https://news.google.com/rss/search?q=%22Mainz+05%22+when%3A1d&hl=de&gl=DE&ceid=DE:de
2026-10-10 10:02:21,196 INFO S3 keyword miss: Shawn Parker: Bilanz gegen Gegenspieler, Trainer & Vereine
2026-10-10 10:02:21,197 INFO Feed: https://news.google.com/rss/search?q=%22FC+Augsburg%22+when%3A1d&hl=de&gl=DE&ceid=DE:de
2026-10-10 10:02:21,651 INFO S3 keyword miss: Fußball heute kostenlos streamen – Bundesliga, Premier Leagu
2026-10-10 10:02:21,652 INFO S2 blacklist: Fußball heute: Wer überträgt das Spiel FC Augsburg gegen FC 
2026-10-10 10:02:21,653 INFO Feed: https://news.google.com/rss/search?q=%22Union+Berlin%22+when%3A1d&hl=de&gl=DE&ceid=DE:de
2026-10-10 10:02:22,047 INFO S3 keyword miss: Lustrinelli hat in Berlin ein ambitioniertes Projekt, das an
2026-10-10 10:02:22,087 INFO S3 keyword miss: Ishak Belfodil: Bilanz gegen Gegenspieler, Trainer & Vereine
2026-10-10 10:02:22,087 INFO Feed: https://news.google.com/rss/search?q=%22Werder+Bremen%22+when%3A1d&hl=de&gl=DE&ceid=DE:de
2026-10-10 10:02:22,520 INFO S2 blacklist: Rückkehr in die Nationalmannschaft? Füllkrug lässt aufhorche
2026-10-10 10:02:22,520 INFO Feed: https://news.google.com/rss/search?q=HSV+OR+%22Hamburger+SV%22+when%3A1d&hl=de&gl=DE&ceid=DE:de
2026-10-10 10:02:22,940 INFO S3 keyword miss: Caspar Memering: Bilanz gegen Gegenspieler, Trainer & Verein
2026-10-10 10:02:22,941 INFO Feed: https://news.google.com/rss/search?q=%221.+FC+K%C3%B6ln%22+OR+%22FC+K%C3%B6ln%22+when%3A1d&hl=de&gl=DE&ceid=DE:de
2026-10-10 10:02:23,380 INFO S3 keyword miss: Herbert Neumann: Bilanz gegen Gegenspieler, Trainer & Verein
2026-10-10 10:02:23,421 INFO S3 keyword miss: Wagner über El Malas DFB-Debüt: "Das hat etwas mit ihm gemac
2026-10-10 10:02:23,422 INFO Feed: https://news.google.com/rss/search?q=Schalke+when%3A1d&hl=de&gl=DE&ceid=DE:de
2026-10-10 10:02:23,809 INFO Feed: https://news.google.com/rss/search?q=Elversberg+when%3A1d&hl=de&gl=DE&ceid=DE:de
2026-10-10 10:02:24,162 INFO S3 keyword miss: Rafael Lubach: Bilanz gegen Gegenspieler, Trainer & Vereine
2026-10-10 10:02:24,163 INFO Feed: https://news.google.com/rss/search?q=%22SC+Paderborn%22+when%3A1d&hl=de&gl=DE&ceid=DE:de
2026-10-10 10:02:24,515 INFO S3 keyword miss: Lukas Rupp: Bilanz gegen Gegenspieler, Trainer & Vereine
2026-10-10 10:02:24,516 INFO S2 blacklist: Fußball heute: Wer überträgt das Spiel Paderborn gegen VfB S
2026-10-10 10:02:24,516 INFO Feed: https://www.transfermarkt.de/rss/news
2026-10-10 10:02:24,568 INFO Feed: https://www.waz.de/sport/fussball/rss
2026-10-10 10:02:25,100 INFO Feed: https://www.faz.net/rss/aktuell/sport/fussball/bundesliga/
2026-10-10 10:02:26,634 INFO Feed: https://bulinews.com/rss.xml
2026-10-10 10:02:27,206 INFO Feed: https://www.abendblatt.de/sport/rss
2026-10-10 10:02:27,632 INFO Feed: https://www.merkur.de/sport/fc-bayern/rssfeed.rdf
2026-10-10 10:02:28,411 INFO Feed: https://www.eyefootball.com/rss_news_main.xml
2026-10-10 10:02:29,045 INFO Feed: https://www.ligaportal.at/international/deutsche-bundesliga?format=feed&type=rss
2026-10-10 10:02:54,245 INFO Feed: https://www.reddit.com/r/soccer/new.rss?limit=100
2026-10-10 10:02:55,684 INFO S3 keyword miss: Support Your Local Saturday - for match-going and local fans
2026-10-10 10:02:55,737 INFO S3 keyword miss: [Athletic] City's reported income from sponsorships is the h
2026-10-10 10:02:55,780 INFO S3 keyword miss: Ex-City player Danny Mills on how to fix FFP "If you've got 
2026-10-10 10:02:55,780 INFO Feed: https://newsfeed.kicker.de/team/fc-bayern-muenchen
2026-10-10 10:02:55,977 INFO Feed: https://newsfeed.kicker.de/team/borussia-dortmund
2026-10-10 10:02:56,040 INFO Feed: https://newsfeed.kicker.de/team/rb-leipzig
2026-10-10 10:02:56,250 INFO Feed: https://newsfeed.kicker.de/team/bayer-04-leverkusen
2026-10-10 10:02:56,461 INFO Feed: https://newsfeed.kicker.de/team/vfb-stuttgart
2026-10-10 10:02:56,662 INFO Feed: https://newsfeed.kicker.de/team/eintracht-frankfurt
2026-10-10 10:02:56,861 INFO Feed: https://newsfeed.kicker.de/team/bor-moenchengladbach
2026-10-10 10:02:57,060 INFO Feed: https://newsfeed.kicker.de/team/sc-freiburg
2026-10-10 10:02:57,269 INFO Feed: https://newsfeed.kicker.de/team/tsg-hoffenheim
2026-10-10 10:02:57,471 INFO Feed: https://newsfeed.kicker.de/team/1-fsv-mainz-05
2026-10-10 10:02:57,813 INFO Feed: https://newsfeed.kicker.de/team/fc-augsburg
2026-10-10 10:02:58,008 INFO Feed: https://newsfeed.kicker.de/team/1-fc-union-berlin
2026-10-10 10:02:58,241 INFO S3 keyword miss: Lustrinelli hat in Berlin ein ambitioniertes Projekt, das an
2026-10-10 10:02:58,241 INFO Feed: https://newsfeed.kicker.de/team/werder-bremen
2026-10-10 10:02:58,435 INFO Feed: https://newsfeed.kicker.de/team/hamburger-sv
2026-10-10 10:02:58,655 INFO Feed: https://newsfeed.kicker.de/team/1-fc-koeln
2026-10-10 10:02:58,856 INFO Feed: https://newsfeed.kicker.de/team/fc-schalke-04
2026-10-10 10:02:59,053 INFO Feed: https://newsfeed.kicker.de/team/sv-elversberg
2026-10-10 10:02:59,261 INFO Feed: https://newsfeed.kicker.de/team/sc-paderborn-07
2026-10-10 10:02:59,609 INFO Feed: https://newsfeed.kicker.de/news/champions-league
2026-10-10 10:02:59,806 INFO Feed: ligainsider:themen
2026-10-10 10:03:00,512 INFO LigaInsider (Themenfinder): 0 Meldungen von 0 Vereinsseiten
2026-10-10 10:03:00,513 INFO Eingelesen: 104 Schlagzeilen nach den Gratis-Filtern
2026-10-10 10:03:01,454 INFO S5 Randthema: Bayerns Bilanz gegen Bayern - und wo sich der FCA einreiht
2026-10-10 10:03:01,456 INFO S5 Fan-Wahl/Nachwuchs: Ergebnis Online-Voting - DAS erwarten die Gladbach-Fans vom Derby
2026-10-10 10:03:01,456 INFO S5 kein Bundesliga-Spieler oder -Klub erkennbar: "War schon anders": LeBron James zieht Bilanz nach Sixers-Debüt
2026-10-10 10:03:01,459 INFO S5 schon berichtet (Füllkrug rettet Werder spät einen Punkt in Do): Werder-Wahnsinn: Füllkrug rettet kurz vor Schluss ein 2:2 in
2026-10-10 10:03:01,463 INFO S5 Sammelartikel: Konferenz im Ticker – Live ab 15:30 Uhr: Die Bayern in Augsburg geford
2026-10-10 10:03:01,464 INFO S5 Fan-Wahl/Nachwuchs: 1.FC Union Berlin Jugend
2026-10-10 10:03:01,464 INFO S5 Randthema: Lebkuchen zählen und Werdertickets gewinnen
2026-10-10 10:03:01,465 INFO S5 Randthema: Ostermann-Jersey von adidas: Neues 1. FC Köln-Sondertrikot bei adidas 
2026-10-10 10:03:01,465 INFO S5 schon berichtet (Gladbach vor dem Derby: Itakura und Diks mit ): Gladbach bangt um Itakura und Kleindienst vor dem Rheinderby
2026-10-10 10:03:01,467 INFO S5: 64 neue Geschichten, 2 schon berichtet, 2 zu wartenden Geschichten ergänzt, 13 warten
2026-10-10 10:04:39,282 INFO S6 aussortiert (prio_0): Bei Schweiz-Spiel - Süße Liebes-Überraschung für Alisha Lehmann
2026-10-10 10:04:39,283 INFO S6 aussortiert (doppelt): Es geht um den Schiri - Kovac-Frust! „Wo ist die Verhältnismäßigkeit?“
2026-10-10 10:04:39,283 INFO S6 aussortiert (doppelt): Haben Sie es gesehen? - Plötzlich holt Füllkrug IHN in die Kurve
2026-10-10 10:04:39,283 INFO S6 aussortiert (doppelt): Sicherer Sieg futsch - BVB-Trainer Kovac schiebt Schiri-Frust
2026-10-10 10:04:39,283 INFO S6 aussortiert (prio_0): Star beim BVB und auf Schalke: Der traurige Tod eines Wunderkindes mit
2026-10-10 10:04:39,283 INFO S6 aussortiert (prio_1): "Verstehe nicht, warum man wütend auf mich ist": Bayern-Profi erhält T
2026-10-10 10:04:39,283 INFO S6 aussortiert (prio_0): Fußball Bundesliga: E. Frankfurt gegen FC Bayern - Ergebnisse - 8. Spi
2026-10-10 10:04:39,283 INFO S6 aussortiert (prio_0): Fußball Bundesliga: M'gladbach gegen Braunschweig - Übersicht über die
2026-10-10 10:04:39,284 INFO S6 aussortiert (prio_0): Ex-Bayern-Arzt Müller-Wohlfahrt heilte al-Gaddafi in der Südsahara
2026-10-10 10:04:39,284 INFO S6 aussortiert (prio_1): FC Augsburg – FC Bayern München kostenlos schauen – Bundesliga 2026/27
2026-10-10 10:04:39,284 INFO S6 aussortiert (prio_1): Schockierende Szenen um Bayern-Leihgabe: Nach seinem Tor skandieren Fa
2026-10-10 10:04:39,284 INFO S6 aussortiert (prio_0): Fußball Bundesliga: FC Bayern gegen Leverkusen - Statistik: Fouls bega
2026-10-10 10:04:39,284 INFO S6 aussortiert (prio_0): Maximilian Mittelstädt: Bilanz gegen Gegenspieler, Trainer & Vereine
2026-10-10 10:04:39,285 INFO S6 aussortiert (doppelt): Borussia Dortmund: Kovac schiebt Schiri-Frust
2026-10-10 10:04:39,285 INFO S6 aussortiert (doppelt): Frust beim BVB: „2 Tore irregulär, 1 Treffer aberkannt“
2026-10-10 10:04:39,285 INFO S6 aussortiert (prio_1): Terzic packt über BVB-Trennung aus
2026-10-10 10:04:39,285 INFO S6 aussortiert (doppelt): BVB patzt gegen Bremen! Bayern kann sich die Tabellenführung schnappen
2026-10-10 10:04:39,285 INFO S6 aussortiert (prio_0): BVB beflügelt Sky, Schatz punktet im Ersten
2026-10-10 10:04:39,285 INFO S6 aussortiert (prio_1): Mainz gegen Leverkusen kostenlos online streamen: Bundesliga 2026/27
2026-10-10 10:04:39,285 INFO S6 aussortiert (prio_0): Fußball Bundesliga: Leverkusen gegen SV Waldhof - Ergebnisse - 34. Spi
2026-10-10 10:04:39,285 INFO S6 aussortiert (prio_0): Eintracht Frankfurt: Weitere News und Beiträge – Seite 298
2026-10-10 10:04:39,285 INFO S6 aussortiert (prio_0): Fußball Bundesliga: Braunschweig gegen Frankfurter SGE - Statistik: To
2026-10-10 10:04:39,285 INFO S6 aussortiert (prio_0): Musiker aus Mönchengladbach: Warum Flippa über „Gladbach“ und den Schi
2026-10-10 10:04:39,285 INFO S6 aussortiert (prio_0): Fußball Bundesliga: 1860 gegen M'gladbach - Ergebnisse - 8. Spieltag -
2026-10-10 10:04:39,286 INFO S6 aussortiert (prio_0): FC-U21 vor Derby gegen Gladbach: Malek El Mala vor Blitz-Rückkehr?
2026-10-10 10:04:39,286 INFO S6 aussortiert (prio_0): Salli - das SC-Magazin: vor Schalke
2026-10-10 10:04:39,286 INFO S6 aussortiert (prio_1): Matchday: Den Rekordmeister zu Gast
2026-10-10 10:04:39,286 INFO S6 aussortiert (prio_1): 1. Bundesliga: SV Elversberg gegen 1. FC Union Berlin – hier sehen Sie
2026-10-10 10:04:39,286 INFO S6 aussortiert (doppelt): Völlig irres Spiel in Dortmund: Werder Bremen entführt dank spätem Fül
2026-10-10 10:04:39,286 INFO S6 aussortiert (doppelt): Borussia Dortmund - SV Werder Bremen Live Stream | Jetzt Anmelden | DA
2026-10-10 10:04:39,286 INFO S6 aussortiert (prio_1): (+) HSV-Zugang Amoako verrät DFB-Absprache
2026-10-10 10:04:39,286 INFO S6 aussortiert (prio_0): Trotz 14 technischer Fehler und Sauter-Show: Bergischer HC zieht Handb
2026-10-10 10:04:39,286 INFO S6 aussortiert (doppelt): 15.000 Kilometer für 86 Minuten! Schalke-Trainer Muslic ist bedient
2026-10-10 10:04:39,286 INFO S6 aussortiert (prio_1): Ronaldo oder Messi? Schalke-Stars klären die GOAT-Debatte
2026-10-10 10:04:39,286 INFO S6 aussortiert (prio_0): Anreise zur Home-Deluxe-Arena in Paderborn: Alle Infos für Fans des Ka
2026-10-10 10:04:39,286 INFO S6 aussortiert (prio_1): „Stirb“: Schlimme Gesänge gegen verliehenen Bayern-Star
2026-10-10 10:04:46,745 INFO S6.5 schon berichtet (VfB ohne Diehl und Al-Dakhil in Paderborn): Aufsteiger-Gegner für VfB Stuttgart: Seimen wird neue Nummer
2026-10-10 10:04:49,228 INFO S7 kein Volltext (too_short_41_words): Aufstellung des VfB Stuttgart: So will Sebastian Hoeneß beim
2026-10-10 10:04:49,228 INFO S7 zu wenig Stoff (0 Wörter aus 0 Quellen, Versuch 2/3): Aufstellung des VfB Stuttgart: So will Sebastian Hoeneß beim
2026-10-10 10:04:50,289 INFO S7 kein Volltext (seite_zu_alt): Ausgerechnet vor dem Derby: Verletzungsschock bei Borussia M
2026-10-10 10:04:50,290 INFO S7 zu wenig Stoff (0 Wörter aus 0 Quellen, Versuch 2/3): Ausgerechnet vor dem Derby: Verletzungsschock bei Borussia M
2026-10-10 10:04:50,777 ERROR lxml parsing failed: Document is empty
2026-10-10 10:04:50,777 ERROR lxml parser bytestring Document is empty
2026-10-10 10:04:50,777 ERROR lxml parsing failed: Document is empty
2026-10-10 10:04:50,777 ERROR lxml parser bytestring Document is empty
2026-10-10 10:04:50,777 ERROR empty HTML tree: None
2026-10-10 10:04:50,777 WARNING discarding data: None
2026-10-10 10:04:50,778 INFO S7 kein Volltext (trafilatura_returned_empty): Polzins Verlängerung beim HSV ist ausgehandelt
2026-10-10 10:04:50,778 INFO S7 zu wenig Stoff (0 Wörter aus 0 Quellen, Versuch 2/3): Polzins Verlängerung beim HSV ist ausgehandelt
2026-10-10 10:04:53,681 INFO S6.5 schon berichtet (Poulsen kann sich Vertragsverlängerung beim H): HSV-Star Poulsen - Neuer Vertrag? „Ich sage nicht Nein“
2026-10-10 10:04:57,038 INFO S7 kein Volltext (too_short_43_words): Füllkrug erklärt Jubel gegen Ex-Klub BVB
2026-10-10 10:04:58,936 INFO S6.5 schon berichtet (Füllkrug rettet Werder spät einen Punkt in Do): „Ich mache das ...“ - Wieso hat Füllkrug gegen Ex-Klub BVB g
2026-10-10 10:05:00,150 INFO S7 kein Volltext (likely_paywall): Nächstes Mega-Talent für den BVB? Borussia Dortmund beobacht
2026-10-10 10:05:01,310 INFO S7 kein Volltext (likely_paywall): BVB, Gerücht: Borussia Dortmund offenbar an Flavio Goncalves
2026-10-10 10:05:04,253 INFO S6.5 schon berichtet (BVB und Brighton beobachten Salzburgs Bartosz): BVB, Gerücht: Borussia Dortmund offenbar an Flavio Goncalves
2026-10-10 10:05:04,662 INFO S7 kein Volltext (too_short_47_words): Wegen Füllkrug-Szene - Kovac schiebt Schiri-Frust
2026-10-10 10:05:04,662 INFO S7 zu wenig Stoff (0 Wörter aus 0 Quellen, Versuch 1/3): Wegen Füllkrug-Szene - Kovac schiebt Schiri-Frust
2026-10-10 10:05:05,587 WARNING discarding data: None
2026-10-10 10:05:05,588 INFO S7 kein Volltext (trafilatura_returned_empty): Heftiger BVB-Einbruch sorgt für "Enttäuschung"
2026-10-10 10:05:05,588 INFO S7 zu wenig Stoff (0 Wörter aus 0 Quellen, Versuch 1/3): Heftiger BVB-Einbruch sorgt für "Enttäuschung"
2026-10-10 10:05:09,878 INFO S6.5 schon berichtet (HSV muss in Hoffenheim auf Zakaria El Ouahdi ): HSV-Serie vor dem Ende: Ausgerechnet in Hoffenheim?
2026-10-10 10:05:12,626 INFO S7 schreiben (Prio 2, 1 Quellen): BVB: Finale Gespräche mit Kovac
2026-10-10 10:05:21,025 INFO   Kandidat: Dortmund: Finale Gespräche über Verlängerung mit Niko Kovac
2026-10-10 10:05:21,333 INFO S7 kein Volltext (too_short_30_words): Schlotterbecks deutliche Worte nach Werder-Schock
2026-10-10 10:05:21,333 INFO S7 zu wenig Stoff (0 Wörter aus 0 Quellen, Versuch 1/3): Schlotterbecks deutliche Worte nach Werder-Schock
2026-10-10 10:05:22,706 INFO S7 kein Volltext (likely_paywall): Mario Götze assesses Frankfurt's inconsistent start and Hütt
2026-10-10 10:05:22,706 INFO S7 zu wenig Stoff (0 Wörter aus 0 Quellen, Versuch 1/3): Mario Götze assesses Frankfurt's inconsistent start and Hütt
2026-10-10 10:05:26,824 INFO S6.5 schon berichtet (Kemlein vor Elversberg: „Neue Chance, um dies): Erinnerungen an FC Thun - Lustrinelli über Elversberger Lauf
2026-10-10 10:05:27,375 ERROR lxml parsing failed: Document is empty
2026-10-10 10:05:27,375 ERROR lxml parser bytestring Document is empty
2026-10-10 10:05:27,375 ERROR lxml parsing failed: Document is empty
2026-10-10 10:05:27,375 ERROR lxml parser bytestring Document is empty
2026-10-10 10:05:27,375 ERROR empty HTML tree: None
2026-10-10 10:05:27,375 WARNING discarding data: None
2026-10-10 10:05:27,376 INFO S7 kein Volltext (trafilatura_returned_empty): Werders „X-Faktor“ Füllkrug trifft vier Spiele in Serie – Un
2026-10-10 10:05:27,376 INFO S7 zu wenig Stoff (0 Wörter aus 0 Quellen, Versuch 1/3): Werders „X-Faktor“ Füllkrug trifft vier Spiele in Serie – Un
2026-10-10 10:05:32,365 INFO S6.5 schon berichtet (Füllkrug rettet Werder spät einen Punkt in Do): BVB-Tiefschlag weckt böse Erinnerungen bei Ricken
2026-10-10 10:05:35,497 INFO S6.5 schon berichtet (Augsburgs Baum fordert gegen Bayern: „Wie ein): Baum verrät vor dem Duell gegen den FC Bayern: Trainerteam h
2026-10-10 10:05:36,509 INFO S7 kein Volltext (seite_zu_alt): BVB-Coach Kobac scherzt über Füllkrug: "Der hat 1,90m x 1,90
2026-10-10 10:05:36,509 INFO S7 zu wenig Stoff (0 Wörter aus 0 Quellen, Versuch 1/3): BVB-Coach Kobac scherzt über Füllkrug: "Der hat 1,90m x 1,90
2026-10-10 10:05:42,824 INFO S6.5 schon berichtet (Augsburgs Baum fordert gegen Bayern: „Wie ein): Arsenal, BVB und ein Angstgegner: Auf Bayern wartet ein heiß
2026-10-10 10:05:44,182 INFO S7 kein Volltext (likely_paywall): Mario Götze reflects on mentorship role and the evolution of
2026-10-10 10:05:44,182 INFO S7 zu wenig Stoff (0 Wörter aus 0 Quellen, Versuch 1/3): Mario Götze reflects on mentorship role and the evolution of
2026-10-10 10:05:48,257 INFO S6.5 schon berichtet (Leipzig gegen Frankfurt: Duell zweier Teams i): Das Wichtigste zu Leipzig gegen Eintracht: Unruhe oder Start
2026-10-10 10:05:50,752 INFO S6.5 schon berichtet (Füllkrug rettet Werder spät einen Punkt in Do): "Eine geile Truppe": Werder jubelt nach Remis – warnt allerd
2026-10-10 10:05:51,005 WARNING discarding data: None
2026-10-10 10:05:51,006 INFO S7 kein Volltext (trafilatura_returned_empty): Kane kann schon heute auf Platz 6 der Liste der Bayern-Rekor
2026-10-10 10:05:51,006 INFO S7 zu wenig Stoff (0 Wörter aus 0 Quellen, Versuch 1/3): Kane kann schon heute auf Platz 6 der Liste der Bayern-Rekor
2026-10-10 10:05:51,240 WARNING discarding data: None
2026-10-10 10:05:51,241 INFO S7 kein Volltext (trafilatura_returned_empty): FC Bayern: Michael Olise trifft offenbar Wechsel-Entscheidun
2026-10-10 10:05:51,241 INFO S7 zu wenig Stoff (0 Wörter aus 0 Quellen, Versuch 1/3): FC Bayern: Michael Olise trifft offenbar Wechsel-Entscheidun
2026-10-10 10:05:57,753 INFO S6.5 schon berichtet (Füllkrug rettet Werder spät einen Punkt in Do): "Zwei verlorene Punkte": BVB-Stars hadern nach Last-Minute-U
2026-10-10 10:06:00,489 INFO S6.5 schon berichtet (Union ohne Andrej Ilic gegen Elversberg, Latt): Gelingt Union Berlin die Wende gegen Überraschungsteam Elver
2026-10-10 10:06:00,928 ERROR lxml parsing failed: Document is empty
2026-10-10 10:06:00,928 ERROR lxml parser bytestring Document is empty
2026-10-10 10:06:00,928 ERROR lxml parsing failed: Document is empty
2026-10-10 10:06:00,928 ERROR lxml parser bytestring Document is empty
2026-10-10 10:06:00,928 ERROR empty HTML tree: None
2026-10-10 10:06:00,928 WARNING discarding data: None
2026-10-10 10:06:00,929 INFO S7 kein Volltext (trafilatura_returned_empty): Thioune: "Wenn meine Mannschaft eins gelernt hat, ..." | Wer
2026-10-10 10:06:00,929 INFO S7 zu wenig Stoff (0 Wörter aus 0 Quellen, Versuch 1/3): Thioune: "Wenn meine Mannschaft eins gelernt hat, ..." | Wer
2026-10-10 10:06:09,595 INFO S6.5 schon berichtet (Augsburgs Baum fordert gegen Bayern: „Wie ein): Vincent Kompany glaubt fest an Jamal Musialas Rückkehr auf T
2026-10-10 10:06:10,206 WARNING discarding data: None
2026-10-10 10:06:10,207 INFO S7 kein Volltext (trafilatura_returned_empty): Setzt Gladbach im Derby auf Neuhaus?
2026-10-10 10:06:10,207 INFO S7 zu wenig Stoff (0 Wörter aus 0 Quellen, Versuch 2/3): Setzt Gladbach im Derby auf Neuhaus?
2026-10-10 10:06:11,724 INFO S7 kein Volltext (likely_paywall): Plant der FC Bayern mit Verpflichtung von überraschendem Neu
2026-10-10 10:06:11,724 INFO S7 zu wenig Stoff (0 Wörter aus 0 Quellen, Versuch 2/3): Plant der FC Bayern mit Verpflichtung von überraschendem Neu
2026-10-10 10:06:12,801 INFO S7 kein Volltext (likely_paywall): Nach langen Verhandlungen mit Eintracht im Sommer: Schalke-N
2026-10-10 10:06:12,802 INFO S7 zu wenig Stoff (0 Wörter aus 0 Quellen, Versuch 2/3): Nach langen Verhandlungen mit Eintracht im Sommer: Schalke-N
2026-10-10 10:06:15,675 INFO S6.5 schon berichtet (Füllkrug rettet Werder spät einen Punkt in Do): Rückkehrer Füllkrug ärgert BVB – und schwärmt von Dingen, di
2026-10-10 10:06:18,113 INFO S6.5 schon berichtet (Gladbach vor dem Derby in Köln: 13 Auswärtssp): Borussia Mönchengladbach Gladbach peilt 200. Derby-Treffer a
2026-10-10 10:06:18,594 INFO S7 kein Volltext (too_short_15_words): Fußball: Eintracht Frankfurt vor Leipzig mit Systemfrage
2026-10-10 10:06:18,594 INFO S7 zu wenig Stoff (0 Wörter aus 0 Quellen, Versuch 2/3): Fußball: Eintracht Frankfurt vor Leipzig mit Systemfrage
2026-10-10 10:06:21,980 INFO S6.5 schon berichtet (Augsburgs Baum fordert gegen Bayern: „Wie ein): Fußball-Bundesliga: Bayern startet in volle Wochen - Revanch
2026-10-10 10:06:23,313 INFO S7 kein Volltext (likely_paywall): Dortmund wingback Svensson credits his goal to "switching si
2026-10-10 10:06:23,313 INFO S7 zu wenig Stoff (0 Wörter aus 0 Quellen, Versuch 2/3): Dortmund wingback Svensson credits his goal to "switching si
2026-10-10 10:06:24,752 INFO S7 kein Volltext (too_short_14_words): Gladbach hofft auf Trainer-Effekt im Derby
2026-10-10 10:06:24,752 INFO S7 zu wenig Stoff (0 Wörter aus 0 Quellen, Versuch 2/3): Gladbach hofft auf Trainer-Effekt im Derby
2026-10-10 10:06:24,984 WARNING discarding data: None
2026-10-10 10:06:24,984 INFO S7 kein Volltext (trafilatura_returned_empty): Kane, Saibari, Tah und Co.: Einblicke ins geheime Bayern-Abs
2026-10-10 10:06:24,985 INFO S7 zu wenig Stoff (0 Wörter aus 0 Quellen, Versuch 2/3): Kane, Saibari, Tah und Co.: Einblicke ins geheime Bayern-Abs
2026-10-10 10:06:25,883 INFO S7 kein Volltext (likely_paywall): „Hat noch Potenzial nach oben“: Eintracht-Trainer Hütter for
2026-10-10 10:06:25,883 INFO S7 zu wenig Stoff (0 Wörter aus 0 Quellen, Versuch 1/3): „Hat noch Potenzial nach oben“: Eintracht-Trainer Hütter for
2026-10-10 10:06:27,640 INFO S7 kein Volltext (too_short_43_words): Fußball-Bundesliga: Bayern gegen Augsburg - da war doch was?
2026-10-10 10:06:27,640 INFO S7 zu wenig Stoff (0 Wörter aus 0 Quellen, Versuch 2/3): Fußball-Bundesliga: Bayern gegen Augsburg - da war doch was?
2026-10-10 10:06:28,373 INFO S7 kein Volltext (too_short_48_words): Das sagt Urs Fischer vor dem Duell mit Bayer 04
2026-10-10 10:06:28,373 INFO S7 zu wenig Stoff (0 Wörter aus 0 Quellen, Versuch 2/3): Das sagt Urs Fischer vor dem Duell mit Bayer 04
2026-10-10 10:06:28,382 INFO FinalCheck SKIP: dortmund/{'niko kovac'} stage=vertrag bereits in Archiv
2026-10-10 10:06:28,382 INFO S9.5 FinalCheck: 0/1 durch
2026-10-10 10:06:28,418 INFO 💶 Kosten: dieser Lauf 0.000 $ (Budget 0.105 $) | heute 0.00 $ | Monat 0.72 / 23 $ | konferenz (abo) 1× 0.000 $, dublette (abo) 25× 0.000 $, schreiben (abo) 1× 0.000 $
2026-10-10 10:06:28,418 INFO 🎫 Abo-Verbrauch: 46,232 Tokens rein (davon Cache gelesen 0), 13,989 raus, API-Gegenwert 0.26 $ | konferenz 1×: 6,686/11,175, dublette 25×: 33,831/1,821, schreiben 1×: 5,715/993
2026-10-10 10:06:28,489 INFO Feeds: 60/60 begonnen, nächster Lauf startet bei Nr. 0
2026-10-10 10:06:28,489 INFO URL-Cache gespeichert: 32627 URLs
2026-10-10 10:06:28,489 INFO === Fertig. 0 neue Artikel. feed.json: 1509 ===
2026-10-10 10:06:28,489 INFO Stats: {"ts": "20261010_1000", "ingested": 166, "s2_pre_filter": 36, "s3_relevance": 25, "s4_dedup_early": 0, "gesammelt": 104, "geschichten_neu": 64, "s5_archiv_doppelt": 2, "s5_zusammengefuehrt": 2, "s6_aussortiert": 36, "s7_geschrieben": 1, "s7_verworfen": 17, "s5_fulltext_fail": 23, "s8_qa_rejected": 1, "published": 0, "s5_randthema": 6, "s5_ohne_bezug": 1, "kosten": {"lauf_usd": 0.0, "lauf_budget_usd": 0.1046, "heute_usd": 0.0, "monat_usd": 0.7196, "monatsbudget_usd": 23.0, "aufrufe": {"konferenz (abo)": {"anzahl": 1, "usd": 0.0}, "dublette (abo)": {"anzahl": 25, "usd": 0.0}, "schreiben (abo)": {"anzahl": 1, "usd": 0.0}}, "guthaben_leer": false, "abo": true, "abo_tokens": {"konferenz": {"aufrufe": 1, "ein": 10, "cache_schreiben": 6676, "cache_lesen": 0, "aus": 11175, "api_wert_usd": 0.0692}, "dublette": {"aufrufe": 25, "ein": 50, "cache_schreiben": 33781, "cache_lesen": 0, "aus": 1821, "api_wert_usd": 0.1537}, "schreiben": {"aufrufe": 1, "ein": 2, "cache_schreiben": 5713, "cache_lesen": 0, "aus": 993, "api_wert_usd": 0.0328}}}}
