2026-10-07 15:03:13,494 INFO 💶 Budget: dieser Lauf 0.062 $ | heute 0.00 $ | Monat 0.72 / 23 $
2026-10-07 15:03:13,881 INFO URL-Cache geladen: 26583 bekannte URLs (letzte 30 Tage)
2026-10-07 15:03:13,881 INFO === Ligaoutsider Generator startet – max. 50 Artikel ===
2026-10-07 15:03:13,881 INFO Feed: https://newsfeed.kicker.de/news/bundesliga
2026-10-07 15:03:14,244 INFO S2 blacklist: Sylla muss jetzt auch in der Liga seinen Lieferdienst anbiet
2026-10-07 15:03:14,244 INFO S1 Medienseite ohne Artikeltext: "Vier Spiele sind definitiv zu viel": Kovac kritisiert Lände
2026-10-07 15:03:14,245 INFO S1 Medienseite ohne Artikeltext: Gejagter statt Jäger? Kovac: "Genießen im Moment die Positio
2026-10-07 15:03:14,245 INFO Feed: https://www.sportschau.de/fussball/bundesliga/index~rss2.xml
2026-10-07 15:03:14,974 INFO Feed: https://sportbild.bild.de/feed/sportbild-home.xml
2026-10-07 15:03:15,547 INFO BL-Spielerliste geladen: 1002 Namen
2026-10-07 15:03:15,589 INFO S3 keyword miss: Weltrekord mit 61 Jahren! - Sie ist die fitteste Seniorin de
2026-10-07 15:03:15,670 INFO S3 keyword miss: Mitten im Rennen - Polizei-Motorrad crasht in Rad-Profis
2026-10-07 15:03:15,748 INFO S3 keyword miss: Gespräch mit Klub-Bossen enthüllt - Steht Leroy Sané vor dem
2026-10-07 15:03:15,826 INFO S3 keyword miss: Wegen Knieverletzung - DAS kostet Sinner das frühe Saison-Au
2026-10-07 15:03:15,902 INFO S3 keyword miss: „Strengstens untersagt!“ - Hüpfverbot für Bochum-Fans
2026-10-07 15:03:15,979 INFO S3 keyword miss: Nach explosivem Statement - Kein Ronaldo-Rückhalt unter den 
2026-10-07 15:03:15,980 INFO S2 blacklist: Ganzes Stadion rastet aus - Zweitliga-Keeper sorgt für Last-
2026-10-07 15:03:16,061 INFO S3 keyword miss: Falscher Text, schlimme Melodie - Sängerin verschandelt Nati
2026-10-07 15:03:16,142 INFO S3 keyword miss: Spektakuläre Idee - Kreisliga-Zlatan übertreibt komplett!
2026-10-07 15:03:16,302 INFO S3 keyword miss: Kennt der die Regeln nicht? - Trainer rastet völlig unbegrün
2026-10-07 15:03:16,380 INFO S3 keyword miss: Vorm Kracher in der Champions League - Weltkonzern steigt be
2026-10-07 15:03:16,380 INFO Feed: https://www.bild.de/rss-feeds/rss-16725492,feed=fussball-mix.bild.html
2026-10-07 15:03:17,241 INFO S3 keyword miss: Trotz Gegentor-Flut des FCH - Lautern warnt vor der Offensiv
2026-10-07 15:03:17,319 INFO S3 keyword miss: Vier Jahre nach der Trennung - Shakira trifft Piqué vor Geri
2026-10-07 15:03:17,400 INFO S3 keyword miss: Kurioses Reise-Modell - Ost-Klub will Fans ins Türkei-Camp l
2026-10-07 15:03:17,403 INFO Feed: https://www.11freunde.de/feed
2026-10-07 15:03:18,908 INFO S2 kein BL-Klub im Titel: VfL Bochum: Hüpfverbot in der Ostkurve – Wer nicht hüpft, is
2026-10-07 15:03:18,991 INFO S3 keyword miss: Weitere Wortbrüche von Jorge Jesus gegen Cristiano Ronaldo: 
2026-10-07 15:03:18,991 INFO Feed: https://www.bundesliga.com/de/bundesliga/news.rss
2026-10-07 15:03:19,135 INFO Feed: https://news.google.com/rss/topics/CAAqJggKIiBDQkFTRWdvSUwyMHZNRFp1ZEdvU0FtUmxHZ0pFUlNnQVAB?hl=de&gl=DE&ceid=DE:de
2026-10-07 15:03:19,847 INFO S2 blacklist: Nations League: Marc Cucurella provoziert Platzverweis gegen
2026-10-07 15:03:19,848 INFO S2 blacklist: Große Sorgen beim BVB - Kovac findet's "inakzeptabel"
2026-10-07 15:03:19,945 INFO S3 keyword miss: Kerner enthüllt TV-Geheimnis um Klopp während der WM: "Brach
2026-10-07 15:03:19,946 INFO S2 blacklist: Startlisten EM-Zeitfahren: Wann starten Reusser, Roglic und 
2026-10-07 15:03:19,946 INFO S2 blacklist: "Sie sind unsere besten Spieler": Jürgen Klopp steht im DFB-
2026-10-07 15:03:19,947 INFO S2 blacklist: Tennis | Novak Djokovic macht irren Rekord perfekt
2026-10-07 15:03:20,037 INFO S3 keyword miss: Teamchef fordert Umdenken: Topteams durch Kostendeckel unein
2026-10-07 15:03:20,182 INFO S3 keyword miss: Blamierter Scheich vor City-Aus? | Doktor Messi geht als Got
2026-10-07 15:03:20,183 INFO Feed: https://news.google.com/rss/search?q=Bundesliga+Testspiel+Ergebnis&hl=de&gl=DE&ceid=DE:de
2026-10-07 15:03:20,546 INFO Feed: https://news.google.com/rss/search?q=Bundesliga+Vorbereitung+Sommertour&hl=de&gl=DE&ceid=DE:de
2026-10-07 15:03:20,776 INFO Feed: https://news.google.com/rss/search?q=Bundesliga+Verletzung+Ausfall+gesperrt&hl=de&gl=DE&ceid=DE:de
2026-10-07 15:03:21,237 INFO Feed: https://news.google.com/rss/search?q=Bundesliga+Transfer+Wechsel+verpflichtet&hl=de&gl=DE&ceid=DE:de
2026-10-07 15:03:21,610 INFO Feed: https://news.google.com/rss/search?q=Bundesliga+Gerücht+Interesse+Angebot&hl=de&gl=DE&ceid=DE:de
2026-10-07 15:03:22,020 INFO Feed: https://news.google.com/rss/search?q=Bundesliga+Vertrag+verlängert+ablösefrei&hl=de&gl=DE&ceid=DE:de
2026-10-07 15:03:22,378 INFO Feed: https://news.google.com/rss/search?q=%22FC+Bayern%22+OR+%22Bayern+M%C3%BCnchen%22+when%3A1d&hl=de&gl=DE&ceid=DE:de
2026-10-07 15:03:22,856 INFO S2 blacklist: FC Bayern München - Rekord-Abgänge (Galerie) | Seite 5
2026-10-07 15:03:22,857 INFO Feed: https://news.google.com/rss/search?q=BVB+OR+%22Borussia+Dortmund%22+when%3A1d&hl=de&gl=DE&ceid=DE:de
2026-10-07 15:03:24,410 INFO S2 blacklist: Borussia Dortmund: Niko Kovac kritisiert Länderspielpause vo
2026-10-07 15:03:24,497 INFO S3 keyword miss: Karim Adeyemi wechselt zum FC Barcelona
2026-10-07 15:03:24,501 INFO S2 blacklist: 5. Spieltag: Borussia Dortmund - SV Werder Bremen - Borussia
2026-10-07 15:03:24,501 INFO S2 blacklist: 5. Spieltag: Borussia Dortmund - SV Werder Bremen - Borussia
2026-10-07 15:03:24,502 INFO S2 blacklist: 5. Spieltag: Borussia Dortmund - SV Werder Bremen - Borussia
2026-10-07 15:03:24,538 INFO S2 blacklist: "Vier Spiele sind definitiv zu viel": Kovac kritisiert Lände
2026-10-07 15:03:24,541 INFO S2 blacklist: Kovac-Kritik: «Länderspielpause war definitiv zu lang»
2026-10-07 15:03:24,542 INFO S2 blacklist: Fußball-Bundesliga: Kovac-Kritik: „Länderspielpause war defi
2026-10-07 15:03:24,543 INFO Feed: https://news.google.com/rss/search?q=%22Bayer+Leverkusen%22+OR+%22Bayer+04%22+when%3A1d&hl=de&gl=DE&ceid=DE:de
2026-10-07 15:03:25,044 INFO S3 keyword miss: Wie ein Lottogewinn: Calmund packt über Völler-Transfer aus
2026-10-07 15:03:25,158 INFO S3 keyword miss: Neue Station für Brdaric
2026-10-07 15:03:25,273 INFO S3 keyword miss: Jörg Goldmann
2026-10-07 15:03:25,361 INFO S3 keyword miss: Bundesliga: Bundesliga-Präsidium warnt vor Gerichtsstreit um
2026-10-07 15:03:25,362 INFO S2 blacklist: Dynamo Kyiv UEFA U19 - Beliebtheitsrangliste - Vereine
2026-10-07 15:03:25,362 INFO S2 blacklist: Copa América - Abstellungen Alianza FC Panama | Seite 2
2026-10-07 15:03:25,446 INFO S3 keyword miss: Dr. Martin Thomsen
2026-10-07 15:03:25,447 INFO Feed: https://news.google.com/rss/search?q=%22RB+Leipzig%22+when%3A1d&hl=de&gl=DE&ceid=DE:de
2026-10-07 15:03:25,874 INFO S2 blacklist: Götze mit Klartext zum DFB-Team und Klopp
2026-10-07 15:03:25,967 INFO S3 keyword miss: Ex-DFB-Profi Demme überrascht mit neuem Hobby: Jetzt trainie
2026-10-07 15:03:25,967 INFO Feed: https://news.google.com/rss/search?q=%22VfB+Stuttgart%22+when%3A1d&hl=de&gl=DE&ceid=DE:de
2026-10-07 15:03:26,622 INFO S3 keyword miss: Romantischer Antrag am Strand: Bundesliga-Star hat sich verl
2026-10-07 15:03:26,625 INFO S2 blacklist: Mit Doppelpack zum U21-EM-Ticket
2026-10-07 15:03:26,626 INFO S2 blacklist: VfB Stuttgart: Pejcinovic prägt Länderspielphase
2026-10-07 15:03:26,716 INFO S3 keyword miss: „Tatort Jugendfußball“: Ex-Profi Hummels analysiert Missbrau
2026-10-07 15:03:26,750 INFO Feed: https://news.google.com/rss/search?q=%22Eintracht+Frankfurt%22+when%3A1d&hl=de&gl=DE&ceid=DE:de
2026-10-07 15:03:27,233 INFO S3 keyword miss: Der Sport-Tag: Dieser Bundesliga-Trainer war "falsche Entsch
2026-10-07 15:03:27,237 INFO Feed: https://news.google.com/rss/search?q=Gladbach+OR+%22Borussia+M%C3%B6nchengladbach%22+when%3A1d&hl=de&gl=DE&ceid=DE:de
2026-10-07 15:03:27,637 INFO S2 blacklist: Borussia Mönchengladbach U19 - Spieler von A bis Z | Seite 2
2026-10-07 15:03:27,751 INFO Feed: https://news.google.com/rss/search?q=%22SC+Freiburg%22+when%3A1d&hl=de&gl=DE&ceid=DE:de
2026-10-07 15:03:28,197 INFO S3 keyword miss: Nach schwierigem Jahr: Cora Zicai will nach dem "Neustart" z
2026-10-07 15:03:28,265 INFO Feed: https://news.google.com/rss/search?q=Hoffenheim+when%3A1d&hl=de&gl=DE&ceid=DE:de
2026-10-07 15:03:28,624 INFO Feed: https://news.google.com/rss/search?q=%22Mainz+05%22+when%3A1d&hl=de&gl=DE&ceid=DE:de
2026-10-07 15:03:29,082 INFO S3 keyword miss: BSC Oppau
2026-10-07 15:03:29,083 INFO Feed: https://news.google.com/rss/search?q=%22FC+Augsburg%22+when%3A1d&hl=de&gl=DE&ceid=DE:de
2026-10-07 15:03:29,512 INFO S3 keyword miss: Heiko Herrlich
2026-10-07 15:03:29,513 INFO S2 blacklist: Oberliga Süd (- 62/63) - Elfmeterstatistik: Verschossen 55/5
2026-10-07 15:03:29,597 INFO S3 keyword miss: Christian Fischer
2026-10-07 15:03:29,685 INFO S3 keyword miss: Ketchup-Flaschen-Effekt Binnen 10 Minuten: Würzburg Und Hach
2026-10-07 15:03:29,685 INFO Feed: https://news.google.com/rss/search?q=%22Union+Berlin%22+when%3A1d&hl=de&gl=DE&ceid=DE:de
2026-10-07 15:03:30,132 INFO S3 keyword miss: L. Schneider
2026-10-07 15:03:30,218 INFO S3 keyword miss: CDU-Generalsekretärin: Rausch-Wahl "schwerer Schlag"
2026-10-07 15:03:30,307 INFO S3 keyword miss: Auf Druck von DFB-Boss Neuendorf - Infantino muss seinen Fri
2026-10-07 15:03:30,384 INFO Feed: https://news.google.com/rss/search?q=%22Werder+Bremen%22+when%3A1d&hl=de&gl=DE&ceid=DE:de
2026-10-07 15:03:30,908 INFO S2 blacklist: Fußball-Bundesliga: Kovac-Kritik: „Länderspielpause war defi
2026-10-07 15:03:30,909 INFO S2 blacklist: Nach Verletzung beim DFB-Team: BVB-Trainer Niko Kovac gibt U
2026-10-07 15:03:30,944 INFO S2 blacklist: U23 des SV Werder Bremen unterliegt Hannover 96 II mit 0:2
2026-10-07 15:03:31,030 INFO S3 keyword miss: Bundesliga - Ausländische Spieler - Details 64/65
2026-10-07 15:03:31,064 INFO Feed: https://news.google.com/rss/search?q=HSV+OR+%22Hamburger+SV%22+when%3A1d&hl=de&gl=DE&ceid=DE:de
2026-10-07 15:03:31,544 INFO S3 keyword miss: Gratis ins Stadion: So verdiente Fortuna Millionen
2026-10-07 15:03:31,548 INFO S2 blacklist: HSV Barmbek-Uhlenhorst Jugend - Spieler von A bis Z | Seite 
2026-10-07 15:03:31,550 INFO Feed: https://news.google.com/rss/search?q=%221.+FC+K%C3%B6ln%22+OR+%22FC+K%C3%B6ln%22+when%3A1d&hl=de&gl=DE&ceid=DE:de
2026-10-07 15:03:31,915 INFO Feed: https://news.google.com/rss/search?q=Schalke+when%3A1d&hl=de&gl=DE&ceid=DE:de
2026-10-07 15:03:32,650 INFO S2 blacklist: Kaderplaner will wieder Schalker in der deutschen Nationalma
2026-10-07 15:03:32,651 INFO S2 blacklist: XXL-Länderspielpause nimmt Schalke den „Flow“ – Kampf gegen 
2026-10-07 15:03:32,658 INFO S2 blacklist: FC Schalke 04 II - Wertvollste Spieler der Vereinshistorie |
2026-10-07 15:03:32,659 INFO Feed: https://news.google.com/rss/search?q=Elversberg+when%3A1d&hl=de&gl=DE&ceid=DE:de
2026-10-07 15:03:32,980 INFO Feed: https://news.google.com/rss/search?q=%22SC+Paderborn%22+when%3A1d&hl=de&gl=DE&ceid=DE:de
2026-10-07 15:03:33,416 INFO S3 keyword miss: Causa Golla: Ex-Profi Kretzschmar befürchtet „Nachahmer”
2026-10-07 15:03:33,503 INFO S3 keyword miss: London | Havertz-Trainer bleibt: Arteta verlängert bei Arsen
2026-10-07 15:03:33,504 INFO S2 blacklist: Sportfreunde Siegen: Transferhammer! 133-facher Zweitligaspi
2026-10-07 15:03:33,505 INFO Feed: https://www.transfermarkt.de/rss/news
2026-10-07 15:03:33,538 INFO Feed: https://www.waz.de/sport/fussball/rss
2026-10-07 15:03:34,099 INFO Feed: https://www.faz.net/rss/aktuell/sport/fussball/bundesliga/
2026-10-07 15:03:34,740 INFO Feed: https://bulinews.com/rss.xml
2026-10-07 15:03:35,439 INFO S3 keyword miss: Germany fall one place in FIFA World Rankings after Klopp’s 
2026-10-07 15:03:35,526 INFO S3 keyword miss: Germany star Kevin Schade handed major market value boost af
2026-10-07 15:03:35,527 INFO Feed: https://www.abendblatt.de/sport/rss
2026-10-07 15:03:35,988 INFO Feed: https://www.merkur.de/sport/fc-bayern/rssfeed.rdf
2026-10-07 15:03:36,703 INFO Feed: https://www.eyefootball.com/rss_news_main.xml
2026-10-07 15:03:37,208 INFO Feed: https://www.ligaportal.at/international/deutsche-bundesliga?format=feed&type=rss
2026-10-07 15:03:39,702 INFO Feed: https://www.reddit.com/r/soccer/new.rss?limit=100
2026-10-07 15:03:40,851 INFO S3 keyword miss: Mikel Arteta's new four-year contract worth up to £25m a yea
2026-10-07 15:03:40,942 INFO S3 keyword miss: Senior figures worried about Man City being in next season's
2026-10-07 15:03:41,040 INFO S3 keyword miss: Jorge Jesus addresses the Cristiano Ronaldo situation
2026-10-07 15:03:41,211 INFO S3 keyword miss: Former Serbia head coach Dragan Stojković in talks to become
2026-10-07 15:03:41,312 INFO S3 keyword miss: Rooney "Tevez in training was an absolute disgrace, but we w
2026-10-07 15:03:41,399 INFO S3 keyword miss: [Transfermarkt] Biggest Market value downgrades in the Premi
2026-10-07 15:03:41,400 INFO Feed: https://newsfeed.kicker.de/team/fc-bayern-muenchen
2026-10-07 15:03:41,616 INFO Feed: https://newsfeed.kicker.de/team/borussia-dortmund
2026-10-07 15:03:41,667 INFO Feed: https://newsfeed.kicker.de/team/rb-leipzig
2026-10-07 15:03:41,876 INFO Feed: https://newsfeed.kicker.de/team/bayer-04-leverkusen
2026-10-07 15:03:42,090 INFO Feed: https://newsfeed.kicker.de/team/vfb-stuttgart
2026-10-07 15:03:42,145 INFO Feed: https://newsfeed.kicker.de/team/eintracht-frankfurt
2026-10-07 15:03:42,203 INFO Feed: https://newsfeed.kicker.de/team/bor-moenchengladbach
2026-10-07 15:03:42,257 INFO Feed: https://newsfeed.kicker.de/team/sc-freiburg
2026-10-07 15:03:42,462 INFO Feed: https://newsfeed.kicker.de/team/tsg-hoffenheim
2026-10-07 15:03:42,674 INFO Feed: https://newsfeed.kicker.de/team/1-fsv-mainz-05
2026-10-07 15:03:42,989 INFO Feed: https://newsfeed.kicker.de/team/fc-augsburg
2026-10-07 15:03:43,203 INFO Feed: https://newsfeed.kicker.de/team/1-fc-union-berlin
2026-10-07 15:03:43,411 INFO Feed: https://newsfeed.kicker.de/team/werder-bremen
2026-10-07 15:03:43,616 INFO Feed: https://newsfeed.kicker.de/team/hamburger-sv
2026-10-07 15:03:43,827 INFO Feed: https://newsfeed.kicker.de/team/1-fc-koeln
2026-10-07 15:03:44,037 INFO Feed: https://newsfeed.kicker.de/team/fc-schalke-04
2026-10-07 15:03:44,250 INFO Feed: https://newsfeed.kicker.de/team/sv-elversberg
2026-10-07 15:03:44,481 INFO Feed: https://newsfeed.kicker.de/team/sc-paderborn-07
2026-10-07 15:03:44,695 INFO Feed: https://newsfeed.kicker.de/news/champions-league
2026-10-07 15:03:44,908 INFO Feed: ligainsider:themen
2026-10-07 15:04:09,279 INFO LigaInsider (Themenfinder): 142 Meldungen von 18 Vereinsseiten
2026-10-07 15:04:14,118 INFO Eingelesen: 107 Schlagzeilen nach den Gratis-Filtern
2026-10-07 15:04:15,945 INFO S5 schon berichtet (Kofane stoppt Verhandlungen: Leverkusens Stür): Alles war ausgehandelt - Kofane stoppt Vertrags-Verlängerung
2026-10-07 15:04:15,952 INFO S5 Fan-Wahl/Nachwuchs: Bayer 04 Leverkusen Jugend
2026-10-07 15:04:15,958 INFO S5 kein Bundesliga-Spieler oder -Klub erkennbar: Für FC-Trainer Wagner wird das Derby zum Schicksalsspiel
2026-10-07 15:04:15,960 INFO S5 schon berichtet (Freiburg verlängert mit Innenverteidiger Matt): Weltmeister Ginter verlängert Vertrag in Freiburg
2026-10-07 15:04:15,962 INFO S5 kein Bundesliga-Spieler oder -Klub erkennbar: News, Politik: Dos Santos-Wintz kritisiert Rausch-Wahl in Sachsen-Anha
2026-10-07 15:04:15,965 INFO S5 Randthema: FC Schalke 04: Trikot-Sponsor enthüllt Details zum Millionen-Deal
2026-10-07 15:04:15,967 INFO S5 kein Bundesliga-Spieler oder -Klub erkennbar: [Official] Manchester City legend David Silva comes out of retirement 
2026-10-07 15:04:15,967 INFO S5 kein Bundesliga-Spieler oder -Klub erkennbar: [SportBild] Vincent Kompany will receive a personal award from Bavaria
2026-10-07 15:04:15,967 INFO S5: 92 neue Geschichten, 2 schon berichtet, 1 zu wartenden Geschichten ergänzt, 48 warten
2026-10-07 15:08:15,262 INFO S6 aussortiert (prio_0): Große Ehre für Kölns El Mala: FC-Talent unter den Golden-Boy-Finaliste
2026-10-07 15:08:15,262 INFO S6 aussortiert (prio_0): Schalke hat keine Chance gegen Freiburg
2026-10-07 15:08:15,262 INFO S6 aussortiert (prio_0): Stürmerin Bonny Lammers: Wow-Gefühl bei ihrem neuen Verein Schalke 04
2026-10-07 15:08:15,263 INFO S6 aussortiert (doppelt): Schalke will Muslic halten – ohne Hintertür im Vertrag
2026-10-07 15:08:15,263 INFO S6 aussortiert (prio_1): Freizeitgelände Langdell: Bald soll es los gehen – Trendsport Padel-Te
2026-10-07 15:08:15,798 INFO S7 schreiben (Prio 3, 1 Quellen): Schalke 04: Muslic begrüßt ÖFB-Kicker Ljubicic zurück am Pla
2026-10-07 15:08:21,606 INFO   Kandidat: Schalke: Ljubicic nach Knieverletzung zurück auf dem Rasen
2026-10-07 15:08:25,665 INFO S7 schreiben (Prio 3, 1 Quellen): Gespräche geplant: Schalke will Miron Muslic bis mindestens 
2026-10-07 15:08:35,226 INFO S7.6 doppelt (Schalke will mit Trainer Miron Muslic vorzeitig ve): Schalke will Trainer Muslic langfristig ohne Ausst
2026-10-07 15:08:36,879 INFO S7 kein Volltext (likely_paywall): Schlotterbeck, Ryerson and Karetsas among Dortmund doubts as
2026-10-07 15:08:36,879 INFO S7 zu wenig Stoff (0 Wörter aus 0 Quellen, Versuch 1/3): Schlotterbeck, Ryerson and Karetsas among Dortmund doubts as
2026-10-07 15:08:38,123 INFO S7 kein Volltext (too_short_22_words): Schalkes Nationalspieler kehren langsam zurück: Ein Trio glä
2026-10-07 15:08:38,123 INFO S7 zu wenig Stoff (0 Wörter aus 0 Quellen, Versuch 1/3): Schalkes Nationalspieler kehren langsam zurück: Ein Trio glä
2026-10-07 15:08:44,520 INFO S7 schreiben (Prio 3, 1 Quellen): Robert Glatzel wechselt nach HSV-Abschied zum VfL Wolfsburg
2026-10-07 15:08:49,060 INFO S7 verworfen (nicht_relevant): Robert Glatzel wechselt nach HSV-Abschied zum VfL Wolfsburg
2026-10-07 15:08:49,319 ERROR lxml parsing failed: Document is empty
2026-10-07 15:08:49,319 ERROR lxml parser bytestring Document is empty
2026-10-07 15:08:49,320 ERROR lxml parsing failed: Document is empty
2026-10-07 15:08:49,320 ERROR lxml parser bytestring Document is empty
2026-10-07 15:08:49,320 ERROR empty HTML tree: None
2026-10-07 15:08:49,320 WARNING discarding data: None
2026-10-07 15:08:49,321 INFO S7 kein Volltext (trafilatura_returned_empty): BVB will mit Trio um Kobel verlängern – Sommertransfer war „
2026-10-07 15:08:49,322 INFO S7 zu wenig Stoff (0 Wörter aus 0 Quellen, Versuch 2/3): BVB will mit Trio um Kobel verlängern – Sommertransfer war „
2026-10-07 15:08:50,184 INFO S7 kein Volltext (too_short_32_words): Stange in der HSV-Startelf? Polzin macht eine erste Andeutun
2026-10-07 15:08:50,184 INFO S7 zu wenig Stoff (0 Wörter aus 0 Quellen, Versuch 2/3): Stange in der HSV-Startelf? Polzin macht eine erste Andeutun
2026-10-07 15:08:50,634 WARNING discarding data: None
2026-10-07 15:08:50,635 INFO S7 kein Volltext (trafilatura_returned_empty): „Sage nicht nein“: HSV-Star will verlängern
2026-10-07 15:08:50,635 INFO S7 zu wenig Stoff (0 Wörter aus 0 Quellen, Versuch 2/3): „Sage nicht nein“: HSV-Star will verlängern
2026-10-07 15:08:52,184 INFO S7 kein Volltext (seite_zu_alt): Endlich ist der Wunschspieler da: VfB Stuttgart tütet Mega-T
2026-10-07 15:08:52,184 INFO S7 zu wenig Stoff (0 Wörter aus 0 Quellen, Versuch 2/3): Endlich ist der Wunschspieler da: VfB Stuttgart tütet Mega-T
2026-10-07 15:08:52,666 INFO S7 kein Volltext (too_short_15_words): Transfer-Klausel abgelaufen: So plant Hoffenheim jetzt mit A
2026-10-07 15:08:52,666 INFO S7 zu wenig Stoff (0 Wörter aus 0 Quellen, Versuch 2/3): Transfer-Klausel abgelaufen: So plant Hoffenheim jetzt mit A
2026-10-07 15:08:53,621 INFO S7 kein Volltext (seite_zu_alt): Magischer Musiala-Abend zum Champions-League-Auftakt
2026-10-07 15:08:53,621 INFO S7 zu wenig Stoff (0 Wörter aus 0 Quellen, Versuch 2/3): Magischer Musiala-Abend zum Champions-League-Auftakt
2026-10-07 15:08:53,906 INFO S7 kein Volltext (too_short_15_words): 50 Millionen: BVB legt bei El Mala nach!
2026-10-07 15:08:53,906 INFO S7 zu wenig Stoff (0 Wörter aus 0 Quellen, Versuch 2/3): 50 Millionen: BVB legt bei El Mala nach!
2026-10-07 15:08:55,707 INFO S7 kein Volltext (seite_zu_alt): Schalkes Allzweckwaffe nach Verletzung wieder bereit: Welche
2026-10-07 15:08:55,707 INFO S7 zu wenig Stoff (0 Wörter aus 0 Quellen, Versuch 3/3): Schalkes Allzweckwaffe nach Verletzung wieder bereit: Welche
2026-10-07 15:09:08,058 INFO S7 kein Volltext (fetch_failed_ReadTimeout): Aufstellung: Augsburg vs. FC Bayern - Bundesliga 26/27
2026-10-07 15:09:08,058 INFO S7 zu wenig Stoff (0 Wörter aus 0 Quellen, Versuch 3/3): Aufstellung: Augsburg vs. FC Bayern - Bundesliga 26/27
2026-10-07 15:09:09,117 INFO S7 kein Volltext (seite_zu_alt): Umdenken beim FC Bayern – Alphonso Davies plötzlich Verkaufs
2026-10-07 15:09:09,118 INFO S7 zu wenig Stoff (0 Wörter aus 0 Quellen, Versuch 2/3): Umdenken beim FC Bayern – Alphonso Davies plötzlich Verkaufs
2026-10-07 15:09:09,390 WARNING discarding data: None
2026-10-07 15:09:09,391 INFO S7 kein Volltext (trafilatura_returned_empty): Neue Nachrichten zu Jamal Musialas Gesundheitszustand
2026-10-07 15:09:09,391 INFO S7 zu wenig Stoff (0 Wörter aus 0 Quellen, Versuch 3/3): Neue Nachrichten zu Jamal Musialas Gesundheitszustand
2026-10-07 15:09:10,586 WARNING discarding data: None
2026-10-07 15:09:10,587 INFO S7 kein Volltext (trafilatura_returned_empty): Querfeld kämpft bei Union um die Wende – Marktwert gesunken
2026-10-07 15:09:13,044 INFO S6.5 schon berichtet (Querfeld kämpft bei Union um seinen Stammplat): Querfeld kämpft bei Union um die Wende – Marktwert gesunken
2026-10-07 15:09:13,422 ERROR lxml parsing failed: Document is empty
2026-10-07 15:09:13,422 ERROR lxml parser bytestring Document is empty
2026-10-07 15:09:13,422 ERROR lxml parsing failed: Document is empty
2026-10-07 15:09:13,422 ERROR lxml parser bytestring Document is empty
2026-10-07 15:09:13,423 ERROR empty HTML tree: None
2026-10-07 15:09:13,423 WARNING discarding data: None
2026-10-07 15:09:13,424 INFO S7 kein Volltext (trafilatura_returned_empty): Kane überragt bei seinem Rekordspiel für England – Perisic t
2026-10-07 15:09:13,695 WARNING discarding data: None
2026-10-07 15:09:13,696 INFO S7 kein Volltext (trafilatura_returned_empty): Matchwinner Kane stellt Rekord ein - Spaniens Serie hält
2026-10-07 15:09:13,696 INFO S7 zu wenig Stoff (0 Wörter aus 0 Quellen, Versuch 2/3): Kane überragt bei seinem Rekordspiel für England – Perisic t
2026-10-07 15:09:14,141 ERROR lxml parsing failed: Document is empty
2026-10-07 15:09:14,141 ERROR lxml parser bytestring Document is empty
2026-10-07 15:09:14,142 ERROR lxml parsing failed: Document is empty
2026-10-07 15:09:14,142 ERROR lxml parser bytestring Document is empty
2026-10-07 15:09:14,142 ERROR empty HTML tree: None
2026-10-07 15:09:14,142 WARNING discarding data: None
2026-10-07 15:09:14,143 INFO S7 kein Volltext (trafilatura_returned_empty): Schalkes Sylla muss jetzt auch in der Liga seinen Lieferdien
2026-10-07 15:09:14,143 INFO S7 zu wenig Stoff (0 Wörter aus 0 Quellen, Versuch 1/3): Schalkes Sylla muss jetzt auch in der Liga seinen Lieferdien
2026-10-07 15:09:17,392 INFO S7 kein Volltext (too_short_56_words): Viel Energie statt Jetlag: Die Kicker des SC Paderborn haben
2026-10-07 15:09:17,392 INFO S7 zu wenig Stoff (0 Wörter aus 0 Quellen, Versuch 1/3): Viel Energie statt Jetlag: Die Kicker des SC Paderborn haben
2026-10-07 15:09:17,796 INFO S7 kein Volltext (too_short_15_words): Mario Götze über Jürgen Klopp, Deutschland, Zukunft und Eint
2026-10-07 15:09:17,796 INFO S7 zu wenig Stoff (0 Wörter aus 0 Quellen, Versuch 2/3): Mario Götze über Jürgen Klopp, Deutschland, Zukunft und Eint
2026-10-07 15:09:18,731 INFO S7 schreiben (Prio 2, 1 Quellen): „Müssen Schmerzen aushalten“: Das verlangt Kovac von seinen 
2026-10-07 15:09:27,602 INFO   Kandidat: Kovac gibt dem BVB Stabilität: „Müssen Schmerzen aushalten“
2026-10-07 15:09:28,338 INFO S7 schreiben (Prio 2, 1 Quellen): Bayer 04 Leverkusen: Wann sieht Bayer endlich den USA-Tillma
2026-10-07 15:09:38,022 INFO   Kandidat: Tillman glänzt bei den USA, in Leverkusen fehlt der Durchbru
2026-10-07 15:09:43,600 INFO S7 schreiben (Prio 2, 1 Quellen): „Hat was mit Ehre zu tun“: BVB-Legende Großkreutz knöpft sic
2026-10-07 15:09:49,189 INFO S7 verworfen (nicht_relevant): „Hat was mit Ehre zu tun“: BVB-Legende Großkreutz knöpft sic
2026-10-07 15:09:50,431 INFO S7 schreiben (Prio 2, 1 Quellen): Eintracht Frankfurt: Krösche watscht Skandaltrainer Riera ab
2026-10-07 15:09:58,065 INFO   Kandidat: Krösche räumt Fehlgriff bei Riera ein und lobt Hütter
2026-10-07 15:09:58,428 INFO S7 kein Volltext (too_short_73_words): Eintracht Frankfurt rüstet sich für Krösche-Abflug
2026-10-07 15:09:58,428 INFO S7 zu wenig Stoff (0 Wörter aus 0 Quellen, Versuch 1/3): Eintracht Frankfurt rüstet sich für Krösche-Abflug
2026-10-07 15:10:01,366 INFO S6.5 schon berichtet (Krösche räumt Fehlgriff bei Riera ein und lob): "Am Ende meine falsche Entscheidung": Markus Krösche räumt g
2026-10-07 15:10:01,398 ERROR lxml parsing failed: Document is empty
2026-10-07 15:10:01,398 ERROR lxml parser bytestring Document is empty
2026-10-07 15:10:01,399 ERROR lxml parsing failed: Document is empty
2026-10-07 15:10:01,399 ERROR lxml parser bytestring Document is empty
2026-10-07 15:10:01,399 ERROR empty HTML tree: None
2026-10-07 15:10:01,399 WARNING discarding data: None
2026-10-07 15:10:01,400 INFO S7 kein Volltext (trafilatura_returned_empty): HSV: Der Not-Plan gegen die Sturm-Sorgen
2026-10-07 15:10:01,400 INFO S7 zu wenig Stoff (0 Wörter aus 0 Quellen, Versuch 1/3): HSV: Der Not-Plan gegen die Sturm-Sorgen
2026-10-07 15:10:04,910 INFO S7 schreiben (Prio 2, 1 Quellen): Matthäus verrät, in wem er „den jungen Manuel Neuer“ sieht
2026-10-07 15:10:13,899 INFO   Kandidat: Matthäus sieht in Urbig „den jungen Manuel Neuer“
2026-10-07 15:10:14,869 INFO S7 kein Volltext (likely_paywall): Harry Kane liefert nächste Gala ab – doch seine Chancen auf 
2026-10-07 15:10:14,869 INFO S7 zu wenig Stoff (0 Wörter aus 0 Quellen, Versuch 1/3): Harry Kane liefert nächste Gala ab – doch seine Chancen auf 
2026-10-07 15:10:15,019 INFO S7 kein Volltext (seite_zu_alt): Operation Begins at Fenerbahçe for World Star Brahim Diaz
2026-10-07 15:10:15,019 INFO S7 zu wenig Stoff (0 Wörter aus 0 Quellen, Versuch 1/3): Operation Begins at Fenerbahçe for World Star Brahim Diaz
2026-10-07 15:10:17,749 INFO S6.5 schon berichtet (Weiser über seine Leidenszeit: „Fast eine Psy): Werder-Profi Weiser packt über irre Leidenszeit aus
2026-10-07 15:10:18,945 INFO S7 kein Volltext (likely_paywall): „Zusammenarbeit macht sehr viel Spaß“: Eintracht-Boss Krösch
2026-10-07 15:10:18,945 INFO S7 zu wenig Stoff (0 Wörter aus 0 Quellen, Versuch 1/3): „Zusammenarbeit macht sehr viel Spaß“: Eintracht-Boss Krösch
2026-10-07 15:10:20,375 INFO S7 kein Volltext (likely_paywall): Yussuf Poulsen opens up on injury problems, losing the HSV c
2026-10-07 15:10:20,375 INFO S7 zu wenig Stoff (0 Wörter aus 0 Quellen, Versuch 2/3): Yussuf Poulsen opens up on injury problems, losing the HSV c
2026-10-07 15:10:21,665 INFO S7 kein Volltext (seite_zu_alt): Matze Ginter im Interview: "Maximal ambitioniert!"
2026-10-07 15:10:21,665 INFO S7 zu wenig Stoff (0 Wörter aus 0 Quellen, Versuch 1/3): Matze Ginter im Interview: "Maximal ambitioniert!"
2026-10-07 15:10:21,929 WARNING discarding data: None
2026-10-07 15:10:21,930 INFO S7 kein Volltext (trafilatura_returned_empty): Karl-Abschied vom FC Bayern? Dieser Superstar könnte entsche
2026-10-07 15:10:21,931 INFO S7 zu wenig Stoff (0 Wörter aus 0 Quellen, Versuch 2/3): Karl-Abschied vom FC Bayern? Dieser Superstar könnte entsche
2026-10-07 15:10:23,435 INFO S7 kein Volltext (likely_paywall): “I’m not going to stop” – Kane vows to keep going after reac
2026-10-07 15:10:23,435 INFO S7 zu wenig Stoff (0 Wörter aus 0 Quellen, Versuch 2/3): “I’m not going to stop” – Kane vows to keep going after reac
2026-10-07 15:10:23,926 INFO S7 schreiben (Prio 2, 1 Quellen): Schicksalsspiel: So wichtig ist das Derby für Köln-Trainer W
2026-10-07 15:10:35,203 INFO   Kandidat: Köln hält vor dem Derby an Trainer Wagner fest
2026-10-07 15:10:36,512 INFO S7 kein Volltext (likely_paywall): Gesundheit im Fokus beim Heimspiel gegen Schalke
2026-10-07 15:10:36,513 INFO S7 zu wenig Stoff (0 Wörter aus 0 Quellen, Versuch 2/3): Gesundheit im Fokus beim Heimspiel gegen Schalke
2026-10-07 15:10:39,108 INFO S7 schreiben (Prio 2, 1 Quellen): Neue Details zum nächsten Millionen-Deal des BVB
2026-10-07 15:10:47,342 INFO S7.6 doppelt (Sabitzer vor dem Abschied: BVB will Vertrag nicht ): BVB verlängert mit Adesso bis 2030: Bis zu drei Mi
2026-10-07 15:10:47,816 INFO S7 kein Volltext (likely_paywall): Schießbude der Bundesliga: Der 1. FC Union ist auf der Suche
2026-10-07 15:10:47,816 INFO S7 zu wenig Stoff (0 Wörter aus 0 Quellen, Versuch 2/3): Schießbude der Bundesliga: Der 1. FC Union ist auf der Suche
2026-10-07 15:10:49,218 INFO S7 kein Volltext (likely_paywall): Kofane puts Leverkusen contract talks on hold amid interest 
2026-10-07 15:10:49,218 INFO S7 zu wenig Stoff (0 Wörter aus 0 Quellen, Versuch 2/3): Kofane puts Leverkusen contract talks on hold amid interest 
2026-10-07 15:10:49,464 WARNING discarding data: None
2026-10-07 15:10:49,465 INFO S7 kein Volltext (trafilatura_returned_empty): Muslic könnte für Millionen gehen: Jetzt plant Schalke einen
2026-10-07 15:10:49,466 INFO S7 zu wenig Stoff (0 Wörter aus 0 Quellen, Versuch 2/3): Muslic könnte für Millionen gehen: Jetzt plant Schalke einen
2026-10-07 15:10:50,782 INFO S7 kein Volltext (likely_paywall): Kniffliges Aufstellungspuzzle: Plötzlich hat Eintracht-Train
2026-10-07 15:10:50,783 INFO S7 zu wenig Stoff (0 Wörter aus 0 Quellen, Versuch 2/3): Kniffliges Aufstellungspuzzle: Plötzlich hat Eintracht-Train
2026-10-07 15:10:51,164 INFO S7 kein Volltext (too_short_76_words): Wenn Krösche geht - Eintrachts geheimer Bosse-Plan
2026-10-07 15:10:51,164 INFO S7 zu wenig Stoff (0 Wörter aus 0 Quellen, Versuch 3/3): Wenn Krösche geht - Eintrachts geheimer Bosse-Plan
2026-10-07 15:10:51,440 ERROR lxml parsing failed: Document is empty
2026-10-07 15:10:51,440 ERROR lxml parser bytestring Document is empty
2026-10-07 15:10:51,440 ERROR lxml parsing failed: Document is empty
2026-10-07 15:10:51,440 ERROR lxml parser bytestring Document is empty
2026-10-07 15:10:51,441 ERROR empty HTML tree: None
2026-10-07 15:10:51,441 WARNING discarding data: None
2026-10-07 15:10:51,442 INFO S7 kein Volltext (trafilatura_returned_empty): Debüt gegen Deutschland? Wie Shimada in Bremen landete und s
2026-10-07 15:10:51,442 INFO S7 zu wenig Stoff (0 Wörter aus 0 Quellen, Versuch 2/3): Debüt gegen Deutschland? Wie Shimada in Bremen landete und s
2026-10-07 15:10:51,707 WARNING discarding data: None
2026-10-07 15:10:51,708 INFO S7 kein Volltext (trafilatura_returned_empty): Union-Verteidiger Querfeld verrät, mit welchem Liverpool-Sta
2026-10-07 15:10:51,708 INFO S7 zu wenig Stoff (0 Wörter aus 0 Quellen, Versuch 1/3): Union-Verteidiger Querfeld verrät, mit welchem Liverpool-Sta
2026-10-07 15:10:52,476 INFO S7 kein Volltext (too_short_35_words): Tendenz ist erkennbar: So will der HSV auch Hoffenheim stopp
2026-10-07 15:10:52,476 INFO S7 zu wenig Stoff (0 Wörter aus 0 Quellen, Versuch 3/3): Tendenz ist erkennbar: So will der HSV auch Hoffenheim stopp
2026-10-07 15:10:54,193 INFO S7 kein Volltext (too_short_35_words): „Alles andere wäre gelogen“ – die VfB-Ambitionen vor Paderbo
2026-10-07 15:10:54,194 INFO S7 zu wenig Stoff (0 Wörter aus 0 Quellen, Versuch 3/3): „Alles andere wäre gelogen“ – die VfB-Ambitionen vor Paderbo
2026-10-07 15:10:54,787 INFO S7 kein Volltext (too_short_8_words): RB-Telegramm: Vor Eintracht-Spiel - Demichelis wartet auf Na
2026-10-07 15:10:54,787 INFO S7 zu wenig Stoff (0 Wörter aus 0 Quellen, Versuch 3/3): RB-Telegramm: Vor Eintracht-Spiel - Demichelis wartet auf Na
2026-10-07 15:10:56,150 INFO S7 kein Volltext (seite_zu_alt): Eintracht: Fares Chaibi steckt in der Sackgasse fest
2026-10-07 15:10:56,150 INFO S7 zu wenig Stoff (0 Wörter aus 0 Quellen, Versuch 2/3): Eintracht: Fares Chaibi steckt in der Sackgasse fest
2026-10-07 15:10:56,486 INFO S7 kein Volltext (too_short_15_words): #0003 - Wird Augsburg (wieder) zum Bayern-Schreck?
2026-10-07 15:10:56,486 INFO S7 zu wenig Stoff (0 Wörter aus 0 Quellen, Versuch 3/3): #0003 - Wird Augsburg (wieder) zum Bayern-Schreck?
2026-10-07 15:10:59,595 INFO S7 schreiben (Prio 2, 1 Quellen): Droht dem FC Bayern erneut das Augsburg-Schicksal?
2026-10-07 15:11:06,508 INFO   Kandidat: Bayern gastiert in Augsburg: Erinnerung an die einzige Niede
2026-10-07 15:11:08,053 INFO S7 kein Volltext (too_short_21_words): VfB Stuttgart verliert gegen Union Berlin 0:4
2026-10-07 15:11:08,053 INFO S7 zu wenig Stoff (0 Wörter aus 0 Quellen, Versuch 3/3): VfB Stuttgart verliert gegen Union Berlin 0:4
2026-10-07 15:11:14,102 INFO S6.5 schon berichtet (Olise führt Frankreich zum 4:1 gegen Belgien,): Jetzt der Ballon d'Or?: Zinedine Zidane bekommt sich wegen B
2026-10-07 15:11:14,138 INFO S9.5 FinalCheck: 7/7 durch
2026-10-07 15:11:15,347 INFO Veröffentlicht: Schalke: Ljubicic nach Knieverletzung zurück auf dem Rasen
2026-10-07 15:11:15,466 INFO Veröffentlicht: Kovac gibt dem BVB Stabilität: „Müssen Schmerzen aushalten“
2026-10-07 15:11:15,580 INFO Veröffentlicht: Tillman glänzt bei den USA, in Leverkusen fehlt der Durchbru
2026-10-07 15:11:15,695 INFO Veröffentlicht: Krösche räumt Fehlgriff bei Riera ein und lobt Hütter
2026-10-07 15:11:15,812 INFO Veröffentlicht: Matthäus sieht in Urbig „den jungen Manuel Neuer“
2026-10-07 15:11:15,927 INFO Veröffentlicht: Köln hält vor dem Derby an Trainer Wagner fest
2026-10-07 15:11:16,049 INFO Veröffentlicht: Bayern gastiert in Augsburg: Erinnerung an die einzige Niede
2026-10-07 15:11:16,095 INFO Reddit: Keine Credentials – übersprungen
2026-10-07 15:11:16,096 INFO Reddit: Keine Credentials – übersprungen
2026-10-07 15:11:16,096 INFO Reddit: Keine Credentials – übersprungen
2026-10-07 15:11:16,097 INFO Reddit: Keine Credentials – übersprungen
2026-10-07 15:11:16,097 INFO Reddit: Keine Credentials – übersprungen
2026-10-07 15:11:16,098 INFO Reddit: Keine Credentials – übersprungen
2026-10-07 15:11:16,099 INFO Reddit: Keine Credentials – übersprungen
2026-10-07 15:11:16,099 INFO 💶 Kosten: dieser Lauf 0.000 $ (Budget 0.062 $) | heute 0.00 $ | Monat 0.72 / 23 $ | konferenz (abo) 2× 0.000 $, schreiben (abo) 11× 0.000 $, dublette (abo) 12× 0.000 $
2026-10-07 15:11:16,099 INFO 🎫 Abo-Verbrauch: 97,806 Tokens rein (davon Cache gelesen 12,750), 35,860 raus, API-Gegenwert 0.55 $ | konferenz 2×: 11,372/24,469, schreiben 11×: 70,269/11,329, dublette 12×: 16,165/62
2026-10-07 15:11:16,159 INFO Feeds: 60/60 begonnen, nächster Lauf startet bei Nr. 0
2026-10-07 15:11:16,159 INFO URL-Cache gespeichert: 26797 URLs
2026-10-07 15:11:16,160 INFO === Fertig. 7 neue Artikel. feed.json: 1432 ===
2026-10-07 15:11:16,160 INFO Stats: {"ts": "20261007_1502", "ingested": 197, "s2_pre_filter": 42, "s3_relevance": 47, "s4_dedup_early": 0, "gesammelt": 107, "geschichten_neu": 92, "s5_archiv_doppelt": 2, "s5_zusammengefuehrt": 1, "s6_aussortiert": 5, "s7_geschrieben": 11, "s7_verworfen": 8, "s5_fulltext_fail": 40, "s8_qa_rejected": 0, "published": 7, "s5_randthema": 2, "s5_ohne_bezug": 4, "kosten": {"lauf_usd": 0.0, "lauf_budget_usd": 0.0619, "heute_usd": 0.0, "monat_usd": 0.7196, "monatsbudget_usd": 23.0, "aufrufe": {"konferenz (abo)": {"anzahl": 2, "usd": 0.0}, "schreiben (abo)": {"anzahl": 11, "usd": 0.0}, "dublette (abo)": {"anzahl": 12, "usd": 0.0}}, "guthaben_leer": false, "abo": true, "abo_tokens": {"konferenz": {"aufrufe": 2, "ein": 3468, "cache_schreiben": 7904, "cache_lesen": 0, "aus": 24469, "api_wert_usd": 0.1416}, "schreiben": {"aufrufe": 11, "ein": 22, "cache_schreiben": 57497, "cache_lesen": 12750, "aus": 11329, "api_wert_usd": 0.3459}, "dublette": {"aufrufe": 12, "ein": 24, "cache_schreiben": 16141, "cache_lesen": 0, "aus": 62, "api_wert_usd": 0.0652}}}}
