2026-10-08 16:32:00,262 INFO 💶 Budget: dieser Lauf 0.064 $ | heute 0.00 $ | Monat 0.72 / 23 $
2026-10-08 16:32:00,766 INFO URL-Cache geladen: 28612 bekannte URLs (letzte 30 Tage)
2026-10-08 16:32:00,766 INFO === Ligaoutsider Generator startet – max. 50 Artikel ===
2026-10-08 16:32:00,767 INFO Feed: https://newsfeed.kicker.de/news/bundesliga
2026-10-08 16:32:00,982 INFO S2 blacklist: Mit "halbvollem Tank" ans Ziel? Auch Moffi ist eine Kaderopt
2026-10-08 16:32:00,983 INFO S2 blacklist: Elversberg-Coach Wagner: "Favorit? Das dauert noch eine Weil
2026-10-08 16:32:00,983 INFO S1 Medienseite ohne Artikeltext: "Mannschaft gleich draußen lassen": Hütter gefällt Neururer-
2026-10-08 16:32:00,983 INFO S2 blacklist: Rassismus und Gewalt: Pherai über "das schlimmste Spiel mein
2026-10-08 16:32:00,983 INFO S1 Medienseite ohne Artikeltext: Hoeneß bringt Reporter zum Lachen: "Mich überrascht die Über
2026-10-08 16:32:00,984 INFO Feed: https://www.sportschau.de/fussball/bundesliga/index~rss2.xml
2026-10-08 16:32:01,410 INFO Feed: https://sportbild.bild.de/feed/sportbild-home.xml
2026-10-08 16:32:01,842 INFO BL-Spielerliste geladen: 1002 Namen
2026-10-08 16:32:01,884 INFO S3 keyword miss: „Provoziert immer wieder“ - Deutsche Sport-Legende schießt g
2026-10-08 16:32:01,885 INFO S2 blacklist: Die Nerven liegen blank!  - Ex-Barça-Star neuer Türkei-Train
2026-10-08 16:32:01,962 INFO S3 keyword miss: „Ich bin begeistert“ - NBA-Coach schwärmt vom deutschem Rook
2026-10-08 16:32:01,962 INFO Feed: https://www.bild.de/rss-feeds/rss-16725492,feed=fussball-mix.bild.html
2026-10-08 16:32:02,221 INFO S2 blacklist: „Wir sind der FCK!“ - Lautern-Knipser macht der Zweiten Liga
2026-10-08 16:32:02,333 INFO S3 keyword miss: Hansa-Nationalspieler zurück - Jantunen glänzt, Bohnert bang
2026-10-08 16:32:02,410 INFO S3 keyword miss: Direktes Duell in Nürnberg - Wolfsburg droht Aufstiegs-Dämpf
2026-10-08 16:32:02,550 INFO S3 keyword miss: Großes Problem für den 96-Trainer - Wagner droht Aus eines S
2026-10-08 16:32:02,627 INFO S3 keyword miss: Die Nr. 2 bekommt ein Trostpflaster - Wagner nennt seine Han
2026-10-08 16:32:02,628 INFO Feed: https://www.11freunde.de/feed
2026-10-08 16:32:03,605 INFO Feed: https://www.bundesliga.com/de/bundesliga/news.rss
2026-10-08 16:32:03,828 INFO Feed: https://news.google.com/rss/topics/CAAqJggKIiBDQkFTRWdvSUwyMHZNRFp1ZEdvU0FtUmxHZ0pFUlNnQVAB?hl=de&gl=DE&ceid=DE:de
2026-10-08 16:32:04,637 INFO S3 keyword miss: Fitness-Influencerin betrügt beim Berlin-Marathon
2026-10-08 16:32:04,728 INFO S3 keyword miss: Aleksander Ceferin tritt erneut zur Wahl als UEFA-Präsident 
2026-10-08 16:32:04,729 INFO S2 blacklist: "Das Schlimmste": DFB-Profi erlebte schweren Schicksalsschla
2026-10-08 16:32:04,733 INFO S2 blacklist: Nationalmannschaft | Großes Lob und große Ehre für Jürgen Kl
2026-10-08 16:32:04,837 INFO S2 blacklist: Neue Details aus Bayerns Vertrags-Poker mit Harry Kane
2026-10-08 16:32:04,960 INFO S3 keyword miss: Wahl zum Fifa-Boss: Infantino hat einen ersten Herausfordere
2026-10-08 16:32:05,083 INFO S3 keyword miss: Verdiente Nummer eins? Clijsters mit klarer Meinung in Zvere
2026-10-08 16:32:05,084 INFO S2 blacklist: Kurz vor dem Saisonstart: Neue Zerreißprobe im deutschen Eis
2026-10-08 16:32:05,170 INFO S3 keyword miss: Lewis Hamilton zeigt seinen Ferrari F40: Ein Kindheitstraum 
2026-10-08 16:32:05,302 INFO S3 keyword miss: Sammelleidenschaft: Chris Kramer schätzt seine Pokémon-Samml
2026-10-08 16:32:05,390 INFO S3 keyword miss: Anti-Infantino-Gipfel: Wer stellt sich dem FIFA-Boss entgege
2026-10-08 16:32:05,517 INFO S3 keyword miss: Formel 1 | Strafe für Mercedes-Star bestätigt: "Besonders fr
2026-10-08 16:32:05,643 INFO S3 keyword miss: Handball | Champions League: SC Magdeburg siegt im Hexenkess
2026-10-08 16:32:05,759 INFO S3 keyword miss: Er packte Gegenspieler am Kragen: Liverpool-Profi auf "Feind
2026-10-08 16:32:05,848 INFO S3 keyword miss: Biondic steigert Marktwert um das 70-Fache: „Mehr, als ich m
2026-10-08 16:32:05,848 INFO Feed: https://news.google.com/rss/search?q=Bundesliga+Testspiel+Ergebnis&hl=de&gl=DE&ceid=DE:de
2026-10-08 16:32:06,302 INFO Feed: https://news.google.com/rss/search?q=Bundesliga+Vorbereitung+Sommertour&hl=de&gl=DE&ceid=DE:de
2026-10-08 16:32:06,699 INFO Feed: https://news.google.com/rss/search?q=Bundesliga+Verletzung+Ausfall+gesperrt&hl=de&gl=DE&ceid=DE:de
2026-10-08 16:32:07,154 INFO Feed: https://news.google.com/rss/search?q=Bundesliga+Transfer+Wechsel+verpflichtet&hl=de&gl=DE&ceid=DE:de
2026-10-08 16:32:07,574 INFO Feed: https://news.google.com/rss/search?q=Bundesliga+Gerücht+Interesse+Angebot&hl=de&gl=DE&ceid=DE:de
2026-10-08 16:32:08,064 INFO Feed: https://news.google.com/rss/search?q=Bundesliga+Vertrag+verlängert+ablösefrei&hl=de&gl=DE&ceid=DE:de
2026-10-08 16:32:08,432 INFO Feed: https://news.google.com/rss/search?q=%22FC+Bayern%22+OR+%22Bayern+M%C3%BCnchen%22+when%3A1d&hl=de&gl=DE&ceid=DE:de
2026-10-08 16:32:08,994 INFO S2 blacklist: EuroLeague: Wer zeigt FC Bayern Basketball gegen Virtus Bolo
2026-10-08 16:32:08,998 INFO Feed: https://news.google.com/rss/search?q=BVB+OR+%22Borussia+Dortmund%22+when%3A1d&hl=de&gl=DE&ceid=DE:de
2026-10-08 16:32:09,612 INFO S2 blacklist: BVB vs. Bremen: Wo läuft das Spiel live?
2026-10-08 16:32:09,613 INFO S2 blacklist: Niko Kovac verrät den BVB-Plan mit dos Santos
2026-10-08 16:32:09,616 INFO Feed: https://news.google.com/rss/search?q=%22Bayer+Leverkusen%22+OR+%22Bayer+04%22+when%3A1d&hl=de&gl=DE&ceid=DE:de
2026-10-08 16:32:10,150 INFO S3 keyword miss: Gedenkfeier für Peter Hermann (†74) wird zum Klassentreffen 
2026-10-08 16:32:10,262 INFO S3 keyword miss: Fred-Werner Bockholt
2026-10-08 16:32:10,265 INFO Feed: https://news.google.com/rss/search?q=%22RB+Leipzig%22+when%3A1d&hl=de&gl=DE&ceid=DE:de
2026-10-08 16:32:10,716 INFO Feed: https://news.google.com/rss/search?q=%22VfB+Stuttgart%22+when%3A1d&hl=de&gl=DE&ceid=DE:de
2026-10-08 16:32:11,270 INFO S2 blacklist: Fußball: DFB-Frauen gegen Australien ohne Mühlhaus und Cerci
2026-10-08 16:32:11,306 INFO Feed: https://news.google.com/rss/search?q=%22Eintracht+Frankfurt%22+when%3A1d&hl=de&gl=DE&ceid=DE:de
2026-10-08 16:32:11,777 INFO S2 blacklist: „Ihr seid Feige Schweine!“: Ex-Eintracht-Trainer offenbart s
2026-10-08 16:32:11,780 INFO S2 blacklist: Fußball: DFB-Frauen gegen Australien ohne Mühlhaus und Cerci
2026-10-08 16:32:11,833 INFO Feed: https://news.google.com/rss/search?q=Gladbach+OR+%22Borussia+M%C3%B6nchengladbach%22+when%3A1d&hl=de&gl=DE&ceid=DE:de
2026-10-08 16:32:12,450 INFO S3 keyword miss: Volldampf im Derby! FC ohne Sturmzentrum – ist das die Lösun
2026-10-08 16:32:12,532 INFO S3 keyword miss: "Ihr seid feige Schweine": Trainer-Legende packt aus
2026-10-08 16:32:12,613 INFO S3 keyword miss: Michael Jurcic
2026-10-08 16:32:12,613 INFO Feed: https://news.google.com/rss/search?q=%22SC+Freiburg%22+when%3A1d&hl=de&gl=DE&ceid=DE:de
2026-10-08 16:32:13,006 INFO S2 blacklist: Souveräner Pokalauftritt der U19
2026-10-08 16:32:13,008 INFO S2 blacklist: SC Freiburg II - SGV Heilbronn-Freiberg: Behält Freiburg Rüc
2026-10-08 16:32:13,089 INFO S3 keyword miss: Waldemar Cimander
2026-10-08 16:32:13,090 INFO S2 blacklist: 2. Bundesliga Süd 91/92
2026-10-08 16:32:13,091 INFO S2 blacklist: FanPuls-Voting: So lautet das Fazit zum DFB-Team
2026-10-08 16:32:13,175 INFO S3 keyword miss: Weltmeisterschaft - Abstellungen Al-Ramtha SC
2026-10-08 16:32:13,176 INFO S2 blacklist: AFC Asian Cup - Abstellungen Heart of Midlothian FC | Seite 
2026-10-08 16:32:13,176 INFO Feed: https://news.google.com/rss/search?q=Hoffenheim+when%3A1d&hl=de&gl=DE&ceid=DE:de
2026-10-08 16:32:13,723 INFO S3 keyword miss: Eilmeldung: Ceferin strebt Wiederwahl als UEFA-Präsident an
2026-10-08 16:32:13,724 INFO Feed: https://news.google.com/rss/search?q=%22Mainz+05%22+when%3A1d&hl=de&gl=DE&ceid=DE:de
2026-10-08 16:32:14,197 INFO S2 blacklist: RWO fordert Fortuna, MSV nimmt die Top drei ins Visier
2026-10-08 16:32:14,281 INFO S3 keyword miss: Williams vom Parkplatz, Seric mit dem Dagger: Niners rehabil
2026-10-08 16:32:14,282 INFO Feed: https://news.google.com/rss/search?q=%22FC+Augsburg%22+when%3A1d&hl=de&gl=DE&ceid=DE:de
2026-10-08 16:32:14,860 INFO S3 keyword miss: Josef Steinberger
2026-10-08 16:32:14,862 INFO Feed: https://news.google.com/rss/search?q=%22Union+Berlin%22+when%3A1d&hl=de&gl=DE&ceid=DE:de
2026-10-08 16:32:15,354 INFO S3 keyword miss: Karel Geraerts
2026-10-08 16:32:15,354 INFO S2 blacklist: Fußball-Vereine Frauen Freundschaftsspiele
2026-10-08 16:32:15,357 INFO Feed: https://news.google.com/rss/search?q=%22Werder+Bremen%22+when%3A1d&hl=de&gl=DE&ceid=DE:de
2026-10-08 16:32:15,976 INFO S2 blacklist: SV Werder Bremen U19 II
2026-10-08 16:32:15,977 INFO S2 blacklist: U17 und U16 zuhause, U15 zu Gast beim Tabellenführer
2026-10-08 16:32:16,021 INFO S2 blacklist: Melina Kunkel: Saison-Stats Frauen-Bundesliga 2023/24 im Lig
2026-10-08 16:32:16,054 INFO Feed: https://news.google.com/rss/search?q=HSV+OR+%22Hamburger+SV%22+when%3A1d&hl=de&gl=DE&ceid=DE:de
2026-10-08 16:32:16,523 INFO Feed: https://news.google.com/rss/search?q=%221.+FC+K%C3%B6ln%22+OR+%22FC+K%C3%B6ln%22+when%3A1d&hl=de&gl=DE&ceid=DE:de
2026-10-08 16:32:16,951 INFO Feed: https://news.google.com/rss/search?q=Schalke+when%3A1d&hl=de&gl=DE&ceid=DE:de
2026-10-08 16:32:17,504 INFO S2 blacklist: FC Schalke 04 U17
2026-10-08 16:32:17,507 INFO Feed: https://news.google.com/rss/search?q=Elversberg+when%3A1d&hl=de&gl=DE&ceid=DE:de
2026-10-08 16:32:17,837 INFO Feed: https://news.google.com/rss/search?q=%22SC+Paderborn%22+when%3A1d&hl=de&gl=DE&ceid=DE:de
2026-10-08 16:32:18,273 INFO Feed: https://www.transfermarkt.de/rss/news
2026-10-08 16:32:18,319 INFO Feed: https://www.waz.de/sport/fussball/rss
2026-10-08 16:32:18,793 INFO Feed: https://www.faz.net/rss/aktuell/sport/fussball/bundesliga/
2026-10-08 16:32:19,423 INFO Feed: https://bulinews.com/rss.xml
2026-10-08 16:32:19,968 INFO S3 keyword miss: Bundesliga Fantasy Show – Matchday 5: Must-haves, differenti
2026-10-08 16:32:19,969 INFO Feed: https://www.abendblatt.de/sport/rss
2026-10-08 16:32:20,228 INFO Feed: https://www.merkur.de/sport/fc-bayern/rssfeed.rdf
2026-10-08 16:32:20,651 INFO S2 blacklist: Kompany analysiert Olises Weg zur Weltklasse – und bleibt be
2026-10-08 16:32:20,651 INFO Feed: https://www.eyefootball.com/rss_news_main.xml
2026-10-08 16:32:21,074 INFO Feed: https://www.ligaportal.at/international/deutsche-bundesliga?format=feed&type=rss
2026-10-08 16:32:23,591 INFO S2 blacklist: Angreifer Kofane fehlt Bayer 04 Leverkusen wochenlang
2026-10-08 16:32:23,593 INFO Feed: https://www.reddit.com/r/soccer/new.rss?limit=100
2026-10-08 16:32:24,435 INFO S3 keyword miss: Official: NEC Nijmegen signs left back Mitchel Bakker on a f
2026-10-08 16:32:24,435 INFO Feed: https://newsfeed.kicker.de/team/fc-bayern-muenchen
2026-10-08 16:32:24,512 INFO Feed: https://newsfeed.kicker.de/team/borussia-dortmund
2026-10-08 16:32:24,670 INFO Feed: https://newsfeed.kicker.de/team/rb-leipzig
2026-10-08 16:32:24,834 INFO Feed: https://newsfeed.kicker.de/team/bayer-04-leverkusen
2026-10-08 16:32:24,900 INFO Feed: https://newsfeed.kicker.de/team/vfb-stuttgart
2026-10-08 16:32:25,068 INFO Feed: https://newsfeed.kicker.de/team/eintracht-frankfurt
2026-10-08 16:32:25,228 INFO Feed: https://newsfeed.kicker.de/team/bor-moenchengladbach
2026-10-08 16:32:25,291 INFO Feed: https://newsfeed.kicker.de/team/sc-freiburg
2026-10-08 16:32:25,526 INFO Feed: https://newsfeed.kicker.de/team/tsg-hoffenheim
2026-10-08 16:32:25,590 INFO Feed: https://newsfeed.kicker.de/team/1-fsv-mainz-05
2026-10-08 16:32:25,881 INFO Feed: https://newsfeed.kicker.de/team/fc-augsburg
2026-10-08 16:32:25,948 INFO Feed: https://newsfeed.kicker.de/team/1-fc-union-berlin
2026-10-08 16:32:26,013 INFO Feed: https://newsfeed.kicker.de/team/werder-bremen
2026-10-08 16:32:26,172 INFO Feed: https://newsfeed.kicker.de/team/hamburger-sv
2026-10-08 16:32:26,332 INFO Feed: https://newsfeed.kicker.de/team/1-fc-koeln
2026-10-08 16:32:26,536 INFO Feed: https://newsfeed.kicker.de/team/fc-schalke-04
2026-10-08 16:32:26,701 INFO Feed: https://newsfeed.kicker.de/team/sv-elversberg
2026-10-08 16:32:26,877 INFO Feed: https://newsfeed.kicker.de/team/sc-paderborn-07
2026-10-08 16:32:27,048 INFO Feed: https://newsfeed.kicker.de/news/champions-league
2026-10-08 16:32:27,113 INFO Feed: ligainsider:themen
2026-10-08 16:32:50,496 INFO LigaInsider (Themenfinder): 146 Meldungen von 18 Vereinsseiten
2026-10-08 16:33:02,528 INFO Eingelesen: 122 Schlagzeilen nach den Gratis-Filtern
2026-10-08 16:33:04,535 INFO S5 kein Bundesliga-Spieler oder -Klub erkennbar: „Wir fischen etwas im Trüben“ - Wagner wird zum großen Magdeburg-Rätse
2026-10-08 16:33:04,536 INFO S5 kein Bundesliga-Spieler oder -Klub erkennbar: Trainer-Entlassung soll unmittelbar bevorstehen: Übernimmt ein Superst
2026-10-08 16:33:04,537 INFO S5 Sammelartikel: Hein fit für Werders Startelf, acht Spieler um Lynen fallen aus: Das P
2026-10-08 16:33:04,542 INFO S5 schon berichtet (Nach 0:7 in Enschede: Werders Defensivproblem): Nach 0:7 zu 09: Werder-Trainer Thioune sieht das Spiel beim 
2026-10-08 16:33:04,545 INFO S5 Sammelartikel: VfB Stuttgart News: Luzie Zähringer für das deutsche Nationalteam nomi
2026-10-08 16:33:04,548 INFO S5 kein Bundesliga-Spieler oder -Klub erkennbar: Einschätzung zum DFB-Neustart: Götze sieht Nationalelf unter Klopp auf
2026-10-08 16:33:04,555 INFO S5 Randthema: 100 Tage bei Union Berlin: Lustrinellis Bilanz des Schreckens
2026-10-08 16:33:04,556 INFO S5 kein Bundesliga-Spieler oder -Klub erkennbar: Füllkrugs besondere Rückkehr: «Bestes Jahr meiner Karriere»
2026-10-08 16:33:04,562 INFO S5: 101 neue Geschichten, 1 schon berichtet, 7 zu wartenden Geschichten ergänzt, 60 warten
2026-10-08 16:36:53,575 INFO S6 aussortiert (prio_0): Nach nur kurzer Zeit: Beliebte Bar in Bremen streicht die Segel
2026-10-08 16:36:53,575 INFO S6 aussortiert (prio_0): HSV II als Außenseiter zum Top-Team, ETV empfängt Hannover
2026-10-08 16:36:53,575 INFO S6 aussortiert (doppelt): Bericht: So viele Tore wollen die HSV-Chefs vom Sturmjuwel sehen
2026-10-08 16:36:53,575 INFO S6 aussortiert (prio_0): HSV Barmbek-Uhlenhorst V
2026-10-08 16:36:53,576 INFO S6 aussortiert (doppelt): HSV-Profi Pherai über Duell mit Guatemala: „Das schlimmste Spiel in me
2026-10-08 16:36:53,576 INFO S6 aussortiert (prio_0): (k+) Kölns U-21-Trainer Hartmann im Interview: "Bisseck, Wirtz oder Ur
2026-10-08 16:36:53,576 INFO S6 aussortiert (prio_0): „Noch nicht angekommen“: Ex-FC-Trainer Lienen mit deutlicher Kritik an
2026-10-08 16:36:53,576 INFO S6 aussortiert (prio_1): Ausland: Schalke zahlte einst rund 10 Millionen Euro - Flügelflitzer i
2026-10-08 16:36:53,576 INFO S6 aussortiert (prio_1): Schalke staunt: Diese beiden Spieler sind plötzlich Millionen wert
2026-10-08 16:36:53,576 INFO S6 aussortiert (doppelt): Wann platzt bei Edin Dzeko der Knoten?: „Über Qualitäten müssen wir ni
2026-10-08 16:36:53,577 INFO S6 aussortiert (prio_1): Schalke 04: Als Passwort das Gegenteil von Beton-Abwehr
2026-10-08 16:36:53,577 INFO S6 aussortiert (prio_1): Spielerprofil Emil Höjlund: Schalke-Pechvogel steht im Schatten seiner
2026-10-08 16:36:53,577 INFO S6 aussortiert (prio_0): Die Top-Stats: Union Berlin vs. Elversberg
2026-10-08 16:36:53,577 INFO S6 aussortiert (prio_1): Kunstrasen in Stavanger ändert die Reiseplanung von Bayern-Coach Kompa
2026-10-08 16:36:53,577 INFO S6 aussortiert (prio_0): Union-Trainerin Eta nennt Zahlen - So viel verdienen Bundesliga-Spiele
2026-10-08 16:36:53,578 INFO S6 aussortiert (prio_0): Wer zeigt / überträgt FC Augsburg gegen FC Bayern München im TV und LI
2026-10-08 16:36:53,578 INFO S6 aussortiert (prio_0): Die Top-Stats: Augsburg vs. FC Bayern
2026-10-08 16:36:53,578 INFO S6 aussortiert (prio_1): Verkehrsinfos zum Bundesliga-Heimspiel von RB Leipzig und Eintracht Fr
2026-10-08 16:36:53,578 INFO S6 aussortiert (prio_0): Die Top-Stats: Paderborn vs. VFB Stuttgart
2026-10-08 16:36:53,578 INFO S6 aussortiert (prio_0): SV Meppen - VfB Stuttgart II im Live-Stream und TV: Wohin gehen am 8. 
2026-10-08 16:36:53,579 INFO S6 aussortiert (prio_0): Pressekonferenz vor Leipzig
2026-10-08 16:36:53,579 INFO S6 aussortiert (prio_0): Die komplette Eintracht-PK vor dem Spiel in Leipzig
2026-10-08 16:36:53,579 INFO S6 aussortiert (prio_1): „Ihr seid Feige Schweine!“: Ex-Eintracht-Trainer offenbart schlimmste 
2026-10-08 16:36:53,579 INFO S6 aussortiert (prio_0): 5. Spieltag: 1.FC Köln - Borussia Mönchengladbach - Bor. Mönchengladba
2026-10-08 16:36:53,580 INFO S6 aussortiert (prio_0): Polizei-News Bergisch Gladbach, 08.10.26: Auffahrunfall mit einer schw
2026-10-08 16:36:53,580 INFO S6 aussortiert (prio_0): Das Programm für die Herbstferien
2026-10-08 16:36:53,580 INFO S6 aussortiert (prio_0): SPD und Grüne: Demokratische Regeln einhalten
2026-10-08 16:36:53,580 INFO S6 aussortiert (prio_0): Familienzentrum der „Guten Hand“ in Kürten feiert 30. Geburtstag
2026-10-08 16:36:53,580 INFO S6 aussortiert (prio_0): #MSVTSG | Die Medienrunde mit Dietmar Hirsch vor Hoffenheim
2026-10-08 16:36:55,451 INFO S7 kein Volltext (too_short_34_words): Europa League: Dinamo Zagreb gegen Bayer Leverkusen
2026-10-08 16:36:56,384 INFO S7 kein Volltext (too_short_34_words): Europa League: Lech Poznan gegen Bayer Leverkusen
2026-10-08 16:36:57,458 INFO S7 kein Volltext (too_short_34_words): Europa League: Bayer Leverkusen gegen RB Salzburg
2026-10-08 16:36:57,458 INFO S7 zu wenig Stoff (0 Wörter aus 0 Quellen, Versuch 1/3): Europa League: Dinamo Zagreb gegen Bayer Leverkusen
2026-10-08 16:36:57,710 ERROR lxml parsing failed: Document is empty
2026-10-08 16:36:57,710 ERROR lxml parser bytestring Document is empty
2026-10-08 16:36:57,710 ERROR lxml parsing failed: Document is empty
2026-10-08 16:36:57,710 ERROR lxml parser bytestring Document is empty
2026-10-08 16:36:57,711 ERROR empty HTML tree: None
2026-10-08 16:36:57,711 WARNING discarding data: None
2026-10-08 16:36:57,712 INFO S7 kein Volltext (trafilatura_returned_empty): Hoeneß legt sich fest: Seimen rückt ins Stuttgarter Tor
2026-10-08 16:36:58,731 INFO S7 kein Volltext (likely_paywall): Gibt Dennis Seimen sein VfB-Debüt gegen Paderborn? So plant 
2026-10-08 16:36:59,219 ERROR lxml parsing failed: Document is empty
2026-10-08 16:36:59,220 ERROR lxml parser bytestring Document is empty
2026-10-08 16:36:59,220 ERROR lxml parsing failed: Document is empty
2026-10-08 16:36:59,220 ERROR lxml parser bytestring Document is empty
2026-10-08 16:36:59,220 ERROR empty HTML tree: None
2026-10-08 16:36:59,220 WARNING discarding data: None
2026-10-08 16:36:59,221 INFO S7 kein Volltext (trafilatura_returned_empty): Hoeneß legt sich fest: Seimen rückt ins Stuttgarter Tor
2026-10-08 16:36:59,221 INFO S7 zu wenig Stoff (0 Wörter aus 0 Quellen, Versuch 3/3): Gibt Dennis Seimen sein VfB-Debüt gegen Paderborn? So plant 
2026-10-08 16:37:00,446 ERROR lxml parsing failed: Document is empty
2026-10-08 16:37:00,446 ERROR lxml parser bytestring Document is empty
2026-10-08 16:37:00,446 ERROR lxml parsing failed: Document is empty
2026-10-08 16:37:00,446 ERROR lxml parser bytestring Document is empty
2026-10-08 16:37:00,446 ERROR empty HTML tree: None
2026-10-08 16:37:00,446 WARNING discarding data: None
2026-10-08 16:37:00,447 INFO S7 kein Volltext (trafilatura_returned_empty): Vor Dortmund, nach dem Debakel: Weiser ist bereit für mehr -
2026-10-08 16:37:10,065 INFO S6.5 schon berichtet (Werder will nach turbulenter Pause in Dortmun): Vor Dortmund, nach dem Debakel: Weiser ist bereit für mehr -
2026-10-08 16:37:11,449 INFO S7 kein Volltext (too_short_33_words): Europa League: SC Freiburg gegen Panathinaikos
2026-10-08 16:37:12,585 INFO S7 kein Volltext (too_short_39_words): Europa League: AS Monaco gegen SC Freiburg
2026-10-08 16:37:12,585 INFO S7 zu wenig Stoff (0 Wörter aus 0 Quellen, Versuch 1/3): Europa League: SC Freiburg gegen Panathinaikos
2026-10-08 16:37:25,352 INFO S7 schreiben (Prio 3, 1 Quellen): Augsburg receive boost as Kade returns for meeting with Baye
2026-10-08 16:37:38,369 INFO   Kandidat: Augsburg gegen Bayern: Kade kehrt zurück, drei Spieler fehle
2026-10-08 16:37:39,385 INFO S7 kein Volltext (too_short_34_words): Europa League: Bayer Leverkusen gegen Besiktas Istanbul
2026-10-08 16:37:39,385 INFO S7 zu wenig Stoff (0 Wörter aus 0 Quellen, Versuch 1/3): Europa League: Bayer Leverkusen gegen Besiktas Istanbul
2026-10-08 16:37:40,451 INFO S7 kein Volltext (too_short_34_words): Europa League: Bayer Leverkusen gegen Olympique Marseille
2026-10-08 16:37:40,451 INFO S7 zu wenig Stoff (0 Wörter aus 0 Quellen, Versuch 1/3): Europa League: Bayer Leverkusen gegen Olympique Marseille
2026-10-08 16:37:40,903 INFO S7 kein Volltext (too_short_20_words): RB Leipzig - PSV Eindhoven live ► Die Übertragung auf DAZN ✅
2026-10-08 16:37:40,904 INFO S7 zu wenig Stoff (0 Wörter aus 0 Quellen, Versuch 1/3): RB Leipzig - PSV Eindhoven live ► Die Übertragung auf DAZN ✅
2026-10-08 16:37:41,626 INFO S7 kein Volltext (too_short_52_words): Bleibt Muslic langfristig? Die Wahrheit über den Schalke-Ver
2026-10-08 16:37:41,626 INFO S7 zu wenig Stoff (0 Wörter aus 0 Quellen, Versuch 2/3): Bleibt Muslic langfristig? Die Wahrheit über den Schalke-Ver
2026-10-08 16:37:42,312 INFO S7 kein Volltext (too_short_38_words): Europa League: Kauno Zalgiris gegen SC Freiburg
2026-10-08 16:37:42,312 INFO S7 zu wenig Stoff (0 Wörter aus 0 Quellen, Versuch 1/3): Europa League: Kauno Zalgiris gegen SC Freiburg
2026-10-08 16:37:43,415 INFO S7 kein Volltext (too_short_36_words): Europa League: Trabzonspor gegen SC Freiburg
2026-10-08 16:37:43,415 INFO S7 zu wenig Stoff (0 Wörter aus 0 Quellen, Versuch 1/3): Europa League: Trabzonspor gegen SC Freiburg
2026-10-08 16:37:57,446 INFO S6.5 schon berichtet (Werder ohne Agu und Alvero in Dortmund, Hein ): Werder Dortmund: Hein und Weiser im Fokus
2026-10-08 16:38:05,389 INFO S6.5 schon berichtet (Seimen oder Bredlow: VfB vor Torwart-Entschei): VfB: Torwarttalent Seimen feiert Bundesliga-Premiere
2026-10-08 16:38:17,709 INFO S6.5 schon berichtet (Musiala trainiert nach Muskelfaserriss wieder): FC Bayern München: Jamal Musiala arbeitet am Comeback
2026-10-08 16:38:18,149 INFO S7 kein Volltext (likely_paywall): Torhüter-Entscheidung gefallen: Werder-Update vor dem Dortmu
2026-10-08 16:38:18,149 INFO S7 zu wenig Stoff (0 Wörter aus 0 Quellen, Versuch 3/3): Torhüter-Entscheidung gefallen: Werder-Update vor dem Dortmu
2026-10-08 16:38:18,501 WARNING discarding data: None
2026-10-08 16:38:18,502 INFO S7 kein Volltext (trafilatura_returned_empty): Zukunftsplan für den Erfolgstrainer: Schalke will Ausstiegsk
2026-10-08 16:38:18,502 INFO S7 zu wenig Stoff (0 Wörter aus 0 Quellen, Versuch 3/3): Zukunftsplan für den Erfolgstrainer: Schalke will Ausstiegsk
2026-10-08 16:38:18,876 WARNING discarding data: None
2026-10-08 16:38:18,877 INFO S7 kein Volltext (trafilatura_returned_empty): 1.FC Köln : Luka Lochoshvilli Kommt Zum Effzeh /1.Spieltag H
2026-10-08 16:38:18,877 INFO S7 zu wenig Stoff (0 Wörter aus 0 Quellen, Versuch 3/3): 1.FC Köln : Luka Lochoshvilli Kommt Zum Effzeh /1.Spieltag H
2026-10-08 16:38:19,284 WARNING discarding data: None
2026-10-08 16:38:19,285 INFO S7 kein Volltext (trafilatura_returned_empty): Wechsel perfekt: VfB verpflichtet Wolfsburgs Pejcinovic
2026-10-08 16:38:19,286 INFO S7 zu wenig Stoff (0 Wörter aus 0 Quellen, Versuch 3/3): Wechsel perfekt: VfB verpflichtet Wolfsburgs Pejcinovic
2026-10-08 16:38:19,837 INFO S7 kein Volltext (too_short_27_words): BVB vor Hammer-Wochen: Kovac hat ein Problem – und ein Trans
2026-10-08 16:38:20,273 WARNING discarding data: None
2026-10-08 16:38:20,275 INFO S7 kein Volltext (trafilatura_returned_empty): Nationalstar heizt BVB-Gerüchte um Jahrhunderttalent an: „Er
2026-10-08 16:38:24,366 INFO S6.5 schon berichtet (BVB plant schon im Winter die nächsten Transf): BVB vor Hammer-Wochen: Kovac hat ein Problem – und ein Trans
2026-10-08 16:38:24,950 INFO S7 kein Volltext (too_short_30_words): Es geht um Werders National-Ösis - Thioune ist stinkig wegen
2026-10-08 16:38:25,589 INFO S7 kein Volltext (too_short_30_words): Werder Bremen: Es geht um die National-Ösis – Thioune ist st
2026-10-08 16:38:25,589 INFO S7 zu wenig Stoff (0 Wörter aus 0 Quellen, Versuch 2/3): Es geht um Werders National-Ösis - Thioune ist stinkig wegen
2026-10-08 16:38:25,869 WARNING discarding data: None
2026-10-08 16:38:25,870 INFO S7 kein Volltext (trafilatura_returned_empty): Kovac über das Wiedersehen mit dem Ex-Stürmer: BVB-Trainer f
2026-10-08 16:38:29,847 INFO S6.5 schon berichtet (Thioune über Füllkrug: „Wird motiviert sein“ ): Kovac über das Wiedersehen mit dem Ex-Stürmer: BVB-Trainer f
2026-10-08 16:38:30,660 INFO S7 kein Volltext (too_short_27_words): Schalkes früheres Millionen-Versprechen ist zurück: Hibernia
2026-10-08 16:38:30,956 WARNING discarding data: None
2026-10-08 16:38:30,957 INFO S7 kein Volltext (trafilatura_returned_empty): Schalkes Königstransfer rechnet mit Ex-Verein ab: „Brutal“
2026-10-08 16:38:30,958 INFO S7 zu wenig Stoff (0 Wörter aus 0 Quellen, Versuch 3/3): Schalkes früheres Millionen-Versprechen ist zurück: Hibernia
2026-10-08 16:38:31,272 ERROR lxml parsing failed: Document is empty
2026-10-08 16:38:31,272 ERROR lxml parser bytestring Document is empty
2026-10-08 16:38:31,273 ERROR lxml parsing failed: Document is empty
2026-10-08 16:38:31,273 ERROR lxml parser bytestring Document is empty
2026-10-08 16:38:31,273 ERROR empty HTML tree: None
2026-10-08 16:38:31,273 WARNING discarding data: None
2026-10-08 16:38:31,274 INFO S7 kein Volltext (trafilatura_returned_empty): DFB-Debütant Behrens hat zwei Vorbilder – Extremer Spaß unte
2026-10-08 16:38:31,670 ERROR lxml parsing failed: Document is empty
2026-10-08 16:38:31,670 ERROR lxml parser bytestring Document is empty
2026-10-08 16:38:31,670 ERROR lxml parsing failed: Document is empty
2026-10-08 16:38:31,670 ERROR lxml parser bytestring Document is empty
2026-10-08 16:38:31,670 ERROR empty HTML tree: None
2026-10-08 16:38:31,670 WARNING discarding data: None
2026-10-08 16:38:31,671 INFO S7 kein Volltext (trafilatura_returned_empty): DFB-Debütant Behrens hat zwei Vorbilder – Extremer Spaß unte
2026-10-08 16:38:31,671 INFO S7 zu wenig Stoff (0 Wörter aus 0 Quellen, Versuch 2/3): DFB-Debütant Behrens hat zwei Vorbilder – Extremer Spaß unte
2026-10-08 16:38:33,033 INFO S7 kein Volltext (likely_paywall): Neuer Name auf der Torwart-Liste? FC Bayern schaut bei Ex-Ke
2026-10-08 16:38:33,900 INFO S7 kein Volltext (likely_paywall): Neuer Name auf der Torwart-Liste? Bayern schaut bei Ex-Münch
2026-10-08 16:38:33,901 INFO S7 zu wenig Stoff (0 Wörter aus 0 Quellen, Versuch 3/3): Neuer Name auf der Torwart-Liste? Bayern schaut bei Ex-Münch
2026-10-08 16:38:34,252 INFO S7 kein Volltext (too_short_61_words): BILD enthüllt die Gründe - Das steckt wirklich hinter Freibu
2026-10-08 16:38:34,253 INFO S7 zu wenig Stoff (0 Wörter aus 0 Quellen, Versuch 2/3): BILD enthüllt die Gründe - Das steckt wirklich hinter Freibu
2026-10-08 16:38:34,567 ERROR lxml parsing failed: Document is empty
2026-10-08 16:38:34,567 ERROR lxml parser bytestring Document is empty
2026-10-08 16:38:34,568 ERROR lxml parsing failed: Document is empty
2026-10-08 16:38:34,568 ERROR lxml parser bytestring Document is empty
2026-10-08 16:38:34,568 ERROR empty HTML tree: None
2026-10-08 16:38:34,568 WARNING discarding data: None
2026-10-08 16:38:34,569 INFO S7 kein Volltext (trafilatura_returned_empty): Elversberg-Coach Wagner: "Favorit? Das dauert noch eine Weil
2026-10-08 16:38:34,569 INFO S7 zu wenig Stoff (0 Wörter aus 0 Quellen, Versuch 1/3): Elversberg-Coach Wagner: "Favorit? Das dauert noch eine Weil
2026-10-08 16:38:34,841 WARNING discarding data: None
2026-10-08 16:38:34,841 INFO S7 kein Volltext (trafilatura_returned_empty): FC Bayern plant Rückholaktion
2026-10-08 16:38:34,842 INFO S7 zu wenig Stoff (0 Wörter aus 0 Quellen, Versuch 1/3): FC Bayern plant Rückholaktion
2026-10-08 16:38:35,103 INFO S7 kein Volltext (too_short_51_words): Fischer kämpft gegen schwarze Serie - Warum Leverkusen auch 
2026-10-08 16:38:35,103 INFO S7 zu wenig Stoff (0 Wörter aus 0 Quellen, Versuch 3/3): Fischer kämpft gegen schwarze Serie - Warum Leverkusen auch 
2026-10-08 16:38:35,355 ERROR lxml parsing failed: Document is empty
2026-10-08 16:38:35,355 ERROR lxml parser bytestring Document is empty
2026-10-08 16:38:35,355 ERROR lxml parsing failed: Document is empty
2026-10-08 16:38:35,355 ERROR lxml parser bytestring Document is empty
2026-10-08 16:38:35,355 ERROR empty HTML tree: None
2026-10-08 16:38:35,355 WARNING discarding data: None
2026-10-08 16:38:35,356 INFO S7 kein Volltext (trafilatura_returned_empty): (k+) Röhl im Interview: "Besonders die Verantwortlichen in F
2026-10-08 16:38:35,356 INFO S7 zu wenig Stoff (0 Wörter aus 0 Quellen, Versuch 2/3): (k+) Röhl im Interview: "Besonders die Verantwortlichen in F
2026-10-08 16:38:35,735 INFO S7 kein Volltext (too_short_75_words): Buxtehude verliert trotz starkem Comeback: BVB bleibt souver
2026-10-08 16:38:35,736 INFO S7 zu wenig Stoff (0 Wörter aus 0 Quellen, Versuch 1/3): Buxtehude verliert trotz starkem Comeback: BVB bleibt souver
2026-10-08 16:38:36,097 INFO S7 kein Volltext (too_short_15_words): BVB gegen Werder: Flanken, Standards und Schlüsselduelle ent
2026-10-08 16:38:36,097 INFO S7 zu wenig Stoff (0 Wörter aus 0 Quellen, Versuch 2/3): BVB gegen Werder: Flanken, Standards und Schlüsselduelle ent
2026-10-08 16:38:36,728 INFO S7 kein Volltext (likely_paywall): Eintracht Frankfurt scharf auf Leipzig-Krise: Rätselraten um
2026-10-08 16:38:36,728 INFO S7 zu wenig Stoff (0 Wörter aus 0 Quellen, Versuch 2/3): Eintracht Frankfurt scharf auf Leipzig-Krise: Rätselraten um
2026-10-08 16:38:37,573 INFO S7 kein Volltext (too_short_57_words): Rückkehr zum BVB: „Wichtig einen wie Fülle zu haben“
2026-10-08 16:38:37,573 INFO S7 zu wenig Stoff (0 Wörter aus 0 Quellen, Versuch 2/3): Rückkehr zum BVB: „Wichtig einen wie Fülle zu haben“
2026-10-08 16:38:40,445 INFO S7 schreiben (Prio 2, 1 Quellen): "Wollen gut reinkommen" - MSV Duisburg fordert Hoffenheim
2026-10-08 16:38:44,171 INFO S7 verworfen (nicht_relevant): "Wollen gut reinkommen" - MSV Duisburg fordert Hoffenheim
2026-10-08 16:38:44,675 INFO S7 kein Volltext (likely_paywall): Fußball: Neuer Look, unveränderte Vorzeichen: Wagner vor Uni
2026-10-08 16:38:44,676 INFO S7 zu wenig Stoff (0 Wörter aus 0 Quellen, Versuch 2/3): Fußball: Neuer Look, unveränderte Vorzeichen: Wagner vor Uni
2026-10-08 16:38:45,385 INFO S7 kein Volltext (too_short_52_words): BVB-Maßnahmen im Hammer-Herbst: Worauf geachtet wird, welche
2026-10-08 16:38:45,385 INFO S7 zu wenig Stoff (0 Wörter aus 0 Quellen, Versuch 2/3): BVB-Maßnahmen im Hammer-Herbst: Worauf geachtet wird, welche
2026-10-08 16:38:45,427 ERROR lxml parsing failed: Document is empty
2026-10-08 16:38:45,427 ERROR lxml parser bytestring Document is empty
2026-10-08 16:38:45,428 ERROR lxml parsing failed: Document is empty
2026-10-08 16:38:45,428 ERROR lxml parser bytestring Document is empty
2026-10-08 16:38:45,428 ERROR empty HTML tree: None
2026-10-08 16:38:45,428 WARNING discarding data: None
2026-10-08 16:38:45,429 INFO S7 kein Volltext (trafilatura_returned_empty): Bremens 0:7-Klatsche weckt bei Kovac Erinnerungen
2026-10-08 16:38:45,429 INFO S7 zu wenig Stoff (0 Wörter aus 0 Quellen, Versuch 3/3): Bremens 0:7-Klatsche weckt bei Kovac Erinnerungen
2026-10-08 16:38:46,013 INFO S7 kein Volltext (too_short_51_words): Mainz 05: Warum Leverkusen-Duell auch Albtraum-Bewältigung w
2026-10-08 16:38:46,013 INFO S7 zu wenig Stoff (0 Wörter aus 0 Quellen, Versuch 3/3): Mainz 05: Warum Leverkusen-Duell auch Albtraum-Bewältigung w
2026-10-08 16:38:46,819 INFO S7 kein Volltext (too_short_4_words): "Mit dem Anpfiff ist es ein offenes Rennen"
2026-10-08 16:38:46,819 INFO S7 zu wenig Stoff (0 Wörter aus 0 Quellen, Versuch 3/3): "Mit dem Anpfiff ist es ein offenes Rennen"
2026-10-08 16:38:47,300 INFO S7 kein Volltext (too_short_75_words): Köln - Gladbach: Derby mit Sturzgefahr - Wagner und Blessin 
2026-10-08 16:38:47,300 INFO S7 zu wenig Stoff (0 Wörter aus 0 Quellen, Versuch 3/3): Köln - Gladbach: Derby mit Sturzgefahr - Wagner und Blessin 
2026-10-08 16:38:47,578 WARNING discarding data: None
2026-10-08 16:38:47,578 INFO S7 kein Volltext (trafilatura_returned_empty): Schicksalsspiel für Köln-Trainer? DFB-Legende legt sich fest
2026-10-08 16:38:47,579 INFO S7 zu wenig Stoff (0 Wörter aus 0 Quellen, Versuch 2/3): Schicksalsspiel für Köln-Trainer? DFB-Legende legt sich fest
2026-10-08 16:38:48,195 INFO S7 kein Volltext (too_short_36_words): Wurde HSV-Stürmer Moffi von Nizza-Ultras attackiert? Gericht
2026-10-08 16:38:48,195 INFO S7 zu wenig Stoff (0 Wörter aus 0 Quellen, Versuch 3/3): Wurde HSV-Stürmer Moffi von Nizza-Ultras attackiert? Gericht
2026-10-08 16:38:53,058 INFO S7 schreiben (Prio 2, 1 Quellen): "Sehr positives Zwischenfazit": Schalke-Boss zufrieden mit A
2026-10-08 16:39:00,163 INFO   Kandidat: Tillmann zieht „sehr positives Zwischenfazit“: Schalke mit P
2026-10-08 16:39:08,374 INFO S7 schreiben (Prio 2, 1 Quellen): Nach Kurucay-Frust: Schalke trifft erste Entscheidung über s
2026-10-08 16:39:16,229 INFO   Kandidat: Schalke: Gespräche mit Hasan Kurucay sollen zeitnah beginnen
2026-10-08 16:39:16,503 WARNING discarding data: None
2026-10-08 16:39:16,504 INFO S7 kein Volltext (trafilatura_returned_empty): Eintracht Frankfurt bereitet sich auf Krösche-Abgang vor
2026-10-08 16:39:16,504 INFO S7 zu wenig Stoff (0 Wörter aus 0 Quellen, Versuch 3/3): Eintracht Frankfurt bereitet sich auf Krösche-Abgang vor
2026-10-08 16:39:17,280 INFO S7 kein Volltext (seite_zu_alt): Big Match Preview: Mainz vs. Bayer 04
2026-10-08 16:39:17,280 INFO S7 zu wenig Stoff (0 Wörter aus 0 Quellen, Versuch 3/3): Big Match Preview: Mainz vs. Bayer 04
2026-10-08 16:39:17,571 WARNING discarding data: None
2026-10-08 16:39:17,572 INFO S7 kein Volltext (trafilatura_returned_empty): Werder-Profi Weiser warnt vor BVB-Spiel: "Wir werden einen T
2026-10-08 16:39:17,572 INFO S7 zu wenig Stoff (0 Wörter aus 0 Quellen, Versuch 2/3): Werder-Profi Weiser warnt vor BVB-Spiel: "Wir werden einen T
2026-10-08 16:39:18,503 INFO S7 kein Volltext (seite_zu_alt): Ellyes Skhiri plötzlich vor Abschied bei Eintracht Frankfurt
2026-10-08 16:39:18,503 INFO S7 zu wenig Stoff (0 Wörter aus 0 Quellen, Versuch 3/3): Ellyes Skhiri plötzlich vor Abschied bei Eintracht Frankfurt
2026-10-08 16:39:19,360 INFO S7 kein Volltext (likely_paywall): „Will man auch sehen“: Zaubert Eintracht-Trainer Adi Hütter 
2026-10-08 16:39:19,360 INFO S7 zu wenig Stoff (0 Wörter aus 0 Quellen, Versuch 2/3): „Will man auch sehen“: Zaubert Eintracht-Trainer Adi Hütter 
2026-10-08 16:39:20,445 INFO S7 kein Volltext (too_short_78_words): Wie Paderborn gegen Stuttgart den nächsten Sieg einfahren ka
2026-10-08 16:39:20,445 INFO S7 zu wenig Stoff (0 Wörter aus 0 Quellen, Versuch 2/3): Wie Paderborn gegen Stuttgart den nächsten Sieg einfahren ka
2026-10-08 16:39:21,041 INFO S7 kein Volltext (seite_zu_alt): Gladbach bereitet sich auf das Auswärtsderby beim 1. FC Köln
2026-10-08 16:39:21,041 INFO S7 zu wenig Stoff (0 Wörter aus 0 Quellen, Versuch 2/3): Gladbach bereitet sich auf das Auswärtsderby beim 1. FC Köln
2026-10-08 16:39:21,987 INFO S7 kein Volltext (low_unique_content_ratio): „Dein Körper ist wie ein Auto“: Werder-Profi Regeer seinen T
2026-10-08 16:39:21,987 INFO S7 zu wenig Stoff (0 Wörter aus 0 Quellen, Versuch 2/3): „Dein Körper ist wie ein Auto“: Werder-Profi Regeer seinen T
2026-10-08 16:39:22,003 INFO FinalCheck SKIP: augsburg/{'noahkai banks', 'manuel baum', 'anton kade'} stage=rueckkehr bereits in Archiv
2026-10-08 16:39:22,010 INFO S9.5 FinalCheck: 2/3 durch
2026-10-08 16:39:23,195 INFO Veröffentlicht: Tillmann zieht „sehr positives Zwischenfazit“: Schalke mit P
2026-10-08 16:39:23,308 INFO Veröffentlicht: Schalke: Gespräche mit Hasan Kurucay sollen zeitnah beginnen
2026-10-08 16:39:23,353 INFO Reddit: Keine Credentials – übersprungen
2026-10-08 16:39:23,354 INFO Reddit: Keine Credentials – übersprungen
2026-10-08 16:39:23,354 INFO 💶 Kosten: dieser Lauf 0.000 $ (Budget 0.064 $) | heute 0.00 $ | Monat 0.72 / 23 $ | konferenz (abo) 2× 0.000 $, dublette (abo) 18× 0.000 $, schreiben (abo) 4× 0.000 $
2026-10-08 16:39:23,354 INFO 🎫 Abo-Verbrauch: 61,348 Tokens rein (davon Cache gelesen 3,825), 27,814 raus, API-Gegenwert 0.37 $ | konferenz 2×: 13,683/22,991, dublette 18×: 22,604/963, schreiben 4×: 25,061/3,860
2026-10-08 16:39:23,414 INFO Feeds: 60/60 begonnen, nächster Lauf startet bei Nr. 0
2026-10-08 16:39:23,414 INFO URL-Cache gespeichert: 28831 URLs
2026-10-08 16:39:23,414 INFO === Fertig. 2 neue Artikel. feed.json: 1501 ===
2026-10-08 16:39:23,414 INFO Stats: {"ts": "20261008_1630", "ingested": 191, "s2_pre_filter": 39, "s3_relevance": 30, "s4_dedup_early": 0, "gesammelt": 122, "geschichten_neu": 101, "s5_archiv_doppelt": 1, "s5_zusammengefuehrt": 7, "s6_aussortiert": 29, "s7_geschrieben": 4, "s7_verworfen": 7, "s5_fulltext_fail": 42, "s8_qa_rejected": 1, "published": 2, "s5_ohne_bezug": 4, "s5_randthema": 3, "kosten": {"lauf_usd": 0.0, "lauf_budget_usd": 0.0642, "heute_usd": 0.0, "monat_usd": 0.7196, "monatsbudget_usd": 23.0, "aufrufe": {"konferenz (abo)": {"anzahl": 2, "usd": 0.0}, "dublette (abo)": {"anzahl": 18, "usd": 0.0}, "schreiben (abo)": {"anzahl": 4, "usd": 0.0}}, "guthaben_leer": false, "abo": true, "abo_tokens": {"konferenz": {"aufrufe": 2, "ein": 20, "cache_schreiben": 13663, "cache_lesen": 0, "aus": 22991, "api_wert_usd": 0.1423}, "dublette": {"aufrufe": 18, "ein": 36, "cache_schreiben": 22568, "cache_lesen": 0, "aus": 963, "api_wert_usd": 0.1001}, "schreiben": {"aufrufe": 4, "ein": 8, "cache_schreiben": 21228, "cache_lesen": 3825, "aus": 3860, "api_wert_usd": 0.1243}}}}
