2026-10-08 23:01:29,790 INFO 💶 Budget: dieser Lauf 0.065 $ | heute 0.00 $ | Monat 0.72 / 23 $
2026-10-08 23:01:30,183 INFO URL-Cache geladen: 29358 bekannte URLs (letzte 30 Tage)
2026-10-08 23:01:30,183 INFO === Ligaoutsider Generator startet – max. 50 Artikel ===
2026-10-08 23:01:30,183 INFO Feed: https://newsfeed.kicker.de/news/bundesliga
2026-10-08 23:01:30,486 INFO S1 Medienseite ohne Artikeltext: Bayern oder FCA: Wem drückt Baums Sohn die Daumen?
2026-10-08 23:01:30,486 INFO S2 blacklist: Der BVB-Spielplan bis zur Länderspielpause: Neun Spiele in g
2026-10-08 23:01:30,487 INFO Feed: https://www.sportschau.de/fussball/bundesliga/index~rss2.xml
2026-10-08 23:01:31,157 INFO Feed: https://sportbild.bild.de/feed/sportbild-home.xml
2026-10-08 23:01:31,717 INFO BL-Spielerliste geladen: 1002 Namen
2026-10-08 23:01:31,735 INFO S3 keyword miss: Torwart-Show gegen Nantes - Melsungen schüttelt Golla-Wirbel
2026-10-08 23:01:31,768 INFO S3 keyword miss: Mega-Preis für Griechen-Keeper - 50-Millionen-Knall um DFB-S
2026-10-08 23:01:31,801 INFO S3 keyword miss: Löwen ohne Biss - Eisenach siegt beim Lieblingsgegner
2026-10-08 23:01:31,833 INFO S3 keyword miss: MMA statt Fußball - Ex-Nationalspieler ist jetzt Käfig-Kämpf
2026-10-08 23:01:31,865 INFO S3 keyword miss: Tragödie bei Jagdausflug - Ex-Eishockey-Star stirbt nach Her
2026-10-08 23:01:31,866 INFO Feed: https://www.bild.de/rss-feeds/rss-16725492,feed=fussball-mix.bild.html
2026-10-08 23:01:32,655 INFO Feed: https://www.11freunde.de/feed
2026-10-08 23:01:33,983 INFO Feed: https://www.bundesliga.com/de/bundesliga/news.rss
2026-10-08 23:01:34,848 INFO Feed: https://news.google.com/rss/topics/CAAqJggKIiBDQkFTRWdvSUwyMHZNRFp1ZEdvU0FtUmxHZ0pFUlNnQVAB?hl=de&gl=DE&ceid=DE:de
2026-10-08 23:01:35,400 INFO S3 keyword miss: Ceferin stellt sich nach Infantino-Schlammschlacht zur Wahl
2026-10-08 23:01:35,402 INFO S2 kein BL-Klub im Titel: Wagner schafft Klarheit bei Hannover 96: Weinkauf spielt in 
2026-10-08 23:01:35,466 INFO S3 keyword miss: Mourinho spottet über City-Verfahren: "Müssen Glück haben, n
2026-10-08 23:01:35,604 INFO S3 keyword miss: Impf-Affäre - Geldstrafe auf Bewährung für Xhaka
2026-10-08 23:01:35,640 INFO S2 blacklist: Nationalmannschaft: Kimmich-Kehrtwende unter Klopp prophezei
2026-10-08 23:01:35,697 INFO S3 keyword miss: Enthüllt: Christian Horner erhielt weit über 100 Mio. als Ab
2026-10-08 23:01:35,698 INFO S2 blacklist: Lüttjes vom Tage: Die 96-Kurznachrichten vom Donnerstag
2026-10-08 23:01:35,765 INFO S3 keyword miss: Mama von Cristiano Ronaldo klagt nach Zoff in Portugals Nati
2026-10-08 23:01:35,766 INFO S2 blacklist: So will Hirsch mit dem MSV die 2. Liga packen – „Meine Güte,
2026-10-08 23:01:35,766 INFO Feed: https://news.google.com/rss/search?q=Bundesliga+Testspiel+Ergebnis&hl=de&gl=DE&ceid=DE:de
2026-10-08 23:01:36,145 INFO Feed: https://news.google.com/rss/search?q=Bundesliga+Vorbereitung+Sommertour&hl=de&gl=DE&ceid=DE:de
2026-10-08 23:01:36,399 INFO Feed: https://news.google.com/rss/search?q=Bundesliga+Verletzung+Ausfall+gesperrt&hl=de&gl=DE&ceid=DE:de
2026-10-08 23:01:36,804 INFO Feed: https://news.google.com/rss/search?q=Bundesliga+Transfer+Wechsel+verpflichtet&hl=de&gl=DE&ceid=DE:de
2026-10-08 23:01:37,162 INFO Feed: https://news.google.com/rss/search?q=Bundesliga+Gerücht+Interesse+Angebot&hl=de&gl=DE&ceid=DE:de
2026-10-08 23:01:37,537 INFO Feed: https://news.google.com/rss/search?q=Bundesliga+Vertrag+verlängert+ablösefrei&hl=de&gl=DE&ceid=DE:de
2026-10-08 23:01:37,849 INFO Feed: https://news.google.com/rss/search?q=%22FC+Bayern%22+OR+%22Bayern+M%C3%BCnchen%22+when%3A1d&hl=de&gl=DE&ceid=DE:de
2026-10-08 23:01:38,334 INFO S2 blacklist: 5. Spieltag: FC Augsburg - FC Bayern München - FC Augsburg -
2026-10-08 23:01:38,349 INFO Feed: https://news.google.com/rss/search?q=BVB+OR+%22Borussia+Dortmund%22+when%3A1d&hl=de&gl=DE&ceid=DE:de
2026-10-08 23:01:38,858 INFO S2 blacklist: Der BVB-Spielplan bis zur Länderspielpause: Neun Spiele in g
2026-10-08 23:01:38,860 INFO Feed: https://news.google.com/rss/search?q=%22Bayer+Leverkusen%22+OR+%22Bayer+04%22+when%3A1d&hl=de&gl=DE&ceid=DE:de
2026-10-08 23:01:39,337 INFO S2 blacklist: Fußball-Vereine Frauen Freundschaftsspiele
2026-10-08 23:01:39,352 INFO S2 blacklist: Bei der Nationalmannschaft verletzt: Kofane fehlt Bayer in d
2026-10-08 23:01:39,352 INFO Feed: https://news.google.com/rss/search?q=%22RB+Leipzig%22+when%3A1d&hl=de&gl=DE&ceid=DE:de
2026-10-08 23:01:39,949 INFO S2 blacklist: RB Leipzigs Frauen gewinnen 5:0 gegen Mainz
2026-10-08 23:01:39,950 INFO S2 blacklist: RB Leipzig: Wildes Gerücht um Julian Nagelsmann
2026-10-08 23:01:39,950 INFO S2 blacklist: Bericht: Nagelsmann offenbar Trainerkandidat bei Ex-Klub
2026-10-08 23:01:39,951 INFO S2 blacklist: SV Meppen U19
2026-10-08 23:01:39,951 INFO S2 blacklist: Demichelis unter Druck bei RB Leipzig: So könnte es zur Nage
2026-10-08 23:01:39,951 INFO S2 blacklist: Nagelsmann kann sich RB-Rückkehr vorstellen: Was jetzt passi
2026-10-08 23:01:39,951 INFO S2 blacklist: Es wird heiss: Nagelsmann könnte zu einem Ex-Klub zurückkehr
2026-10-08 23:01:39,952 INFO Feed: https://news.google.com/rss/search?q=%22VfB+Stuttgart%22+when%3A1d&hl=de&gl=DE&ceid=DE:de
2026-10-08 23:01:40,497 INFO S3 keyword miss: Celtic Glasgow
2026-10-08 23:01:40,527 INFO Feed: https://news.google.com/rss/search?q=%22Eintracht+Frankfurt%22+when%3A1d&hl=de&gl=DE&ceid=DE:de
2026-10-08 23:01:41,001 INFO S3 keyword miss: "Mannschaft gleich draußen lassen": Hütter gefällt Neururer-
2026-10-08 23:01:41,001 INFO Feed: https://news.google.com/rss/search?q=Gladbach+OR+%22Borussia+M%C3%B6nchengladbach%22+when%3A1d&hl=de&gl=DE&ceid=DE:de
2026-10-08 23:01:41,512 INFO S2 blacklist: Drei Spielerinnen von Borussia Mönchengladbach zur U17-WM
2026-10-08 23:01:41,513 INFO S2 blacklist: Borussia Mönchengladbach - Elfmeterstatistik | Seite 2
2026-10-08 23:01:41,513 INFO S2 blacklist: 5. Spieltag: 1.FC Köln - Borussia Mönchengladbach - 1. FC Kö
2026-10-08 23:01:41,544 INFO S2 blacklist: Blessin-Debüt in Köln: Gladbach gegen Favoriten-Rolle
2026-10-08 23:01:41,545 INFO Feed: https://news.google.com/rss/search?q=%22SC+Freiburg%22+when%3A1d&hl=de&gl=DE&ceid=DE:de
2026-10-08 23:01:41,873 INFO S2 Liveticker übersprungen: Liveticker: SC Freiburg erreicht den höchsten Umsatz der Ver
2026-10-08 23:01:41,874 INFO Feed: https://news.google.com/rss/search?q=Hoffenheim+when%3A1d&hl=de&gl=DE&ceid=DE:de
2026-10-08 23:01:42,226 INFO S2 blacklist: Cajetan Benjamin Lenz: Saison-Stats 2. Bundesliga 2025/26 im
2026-10-08 23:01:42,226 INFO Feed: https://news.google.com/rss/search?q=%22Mainz+05%22+when%3A1d&hl=de&gl=DE&ceid=DE:de
2026-10-08 23:01:42,574 INFO S2 blacklist: 1.FSV Mainz 05 - Spieler von A bis Z | Seite 64
2026-10-08 23:01:42,629 INFO S3 keyword miss: «In Deutschland darf man eher Sachen ansprechen, ohne dass j
2026-10-08 23:01:42,696 INFO S3 keyword miss: Patrick Schulz
2026-10-08 23:01:42,731 INFO S3 keyword miss: SV Viktoria Aschaffenburg
2026-10-08 23:01:42,767 INFO S3 keyword miss: Spurs wieder vereint auf dem Hotspur-Way-Gelände
2026-10-08 23:01:42,802 INFO S3 keyword miss: Spurs di nuovo insieme a Hotspur Way
2026-10-08 23:01:42,803 INFO S2 blacklist: UD Las Palmas - Wertvollste Zugänge | Seite 3
2026-10-08 23:01:42,803 INFO Feed: https://news.google.com/rss/search?q=%22FC+Augsburg%22+when%3A1d&hl=de&gl=DE&ceid=DE:de
2026-10-08 23:01:43,165 INFO S3 keyword miss: Sepp Maier
2026-10-08 23:01:43,166 INFO Feed: https://news.google.com/rss/search?q=%22Union+Berlin%22+when%3A1d&hl=de&gl=DE&ceid=DE:de
2026-10-08 23:01:43,507 INFO S2 blacklist: 1.FC Union Berlin U19
2026-10-08 23:01:43,508 INFO Feed: https://news.google.com/rss/search?q=%22Werder+Bremen%22+when%3A1d&hl=de&gl=DE&ceid=DE:de
2026-10-08 23:01:44,141 INFO S2 blacklist: Dortmund als Tabellenführer gegen Bremen: „Wir genießen die 
2026-10-08 23:01:44,141 INFO Feed: https://news.google.com/rss/search?q=HSV+OR+%22Hamburger+SV%22+when%3A1d&hl=de&gl=DE&ceid=DE:de
2026-10-08 23:01:44,583 INFO S2 blacklist: HSV VUC Den Haag - Kader im Detail 36/37 (Galerie)
2026-10-08 23:01:44,583 INFO Feed: https://news.google.com/rss/search?q=%221.+FC+K%C3%B6ln%22+OR+%22FC+K%C3%B6ln%22+when%3A1d&hl=de&gl=DE&ceid=DE:de
2026-10-08 23:01:45,053 INFO Feed: https://news.google.com/rss/search?q=Schalke+when%3A1d&hl=de&gl=DE&ceid=DE:de
2026-10-08 23:01:45,595 INFO Feed: https://news.google.com/rss/search?q=Elversberg+when%3A1d&hl=de&gl=DE&ceid=DE:de
2026-10-08 23:01:45,913 INFO S2 blacklist: Der Sport-Tag: Neuer Look: Elversberg-Trainer sieht ganz and
2026-10-08 23:01:45,913 INFO Feed: https://news.google.com/rss/search?q=%22SC+Paderborn%22+when%3A1d&hl=de&gl=DE&ceid=DE:de
2026-10-08 23:01:46,426 INFO Feed: https://www.transfermarkt.de/rss/news
2026-10-08 23:01:46,517 INFO Feed: https://www.waz.de/sport/fussball/rss
2026-10-08 23:01:47,123 INFO Feed: https://www.faz.net/rss/aktuell/sport/fussball/bundesliga/
2026-10-08 23:01:48,565 INFO Feed: https://bulinews.com/rss.xml
2026-10-08 23:01:49,251 INFO S2 kein BL-Klub im Titel: Hertha BSC place ban on all commercial and monetized stadium
2026-10-08 23:01:49,252 INFO Feed: https://www.abendblatt.de/sport/rss
2026-10-08 23:01:49,778 INFO Feed: https://www.merkur.de/sport/fc-bayern/rssfeed.rdf
2026-10-08 23:01:50,604 INFO Feed: https://www.eyefootball.com/rss_news_main.xml
2026-10-08 23:01:51,158 INFO S3 keyword miss: Chelsea handed boost in signing Bournemouth star
2026-10-08 23:01:51,195 INFO S3 keyword miss: Arsenal ready to make fresh move for Julian Alvarez
2026-10-08 23:01:51,232 INFO S3 keyword miss: Man Utd without seven players for Tottenham clash
2026-10-08 23:01:51,233 INFO Feed: https://www.ligaportal.at/international/deutsche-bundesliga?format=feed&type=rss
2026-10-08 23:01:59,059 INFO Feed: https://www.reddit.com/r/soccer/new.rss?limit=100
2026-10-08 23:02:00,039 INFO S3 keyword miss: Prosecutor slams Maradona’s medical team as a "group of amat
2026-10-08 23:02:00,039 INFO S2 blacklist: [Sky] Martin Demichelis faces serious criticism at Leipzig: 
2026-10-08 23:02:00,078 INFO S3 keyword miss: PSG to give Ousmane Dembélé and Nuno Mendes extra rest after
2026-10-08 23:02:00,116 INFO S3 keyword miss: Two quality goal that help Ha Tinh win 3-1 againist The Cong
2026-10-08 23:02:00,152 INFO S3 keyword miss: [FC Barcelona] Xavi Espart renews till 2030.
2026-10-08 23:02:00,194 INFO S3 keyword miss: FIFA President Gianni Infantino promised further resources f
2026-10-08 23:02:00,239 INFO S3 keyword miss: Frank Lampard on potentially stripping Manchester City of ti
2026-10-08 23:02:00,239 INFO Feed: https://newsfeed.kicker.de/team/fc-bayern-muenchen
2026-10-08 23:02:00,455 INFO Feed: https://newsfeed.kicker.de/team/borussia-dortmund
2026-10-08 23:02:00,664 INFO Feed: https://newsfeed.kicker.de/team/rb-leipzig
2026-10-08 23:02:00,878 INFO Feed: https://newsfeed.kicker.de/team/bayer-04-leverkusen
2026-10-08 23:02:01,103 INFO Feed: https://newsfeed.kicker.de/team/vfb-stuttgart
2026-10-08 23:02:01,185 INFO Feed: https://newsfeed.kicker.de/team/eintracht-frankfurt
2026-10-08 23:02:01,395 INFO Feed: https://newsfeed.kicker.de/team/bor-moenchengladbach
2026-10-08 23:02:01,603 INFO Feed: https://newsfeed.kicker.de/team/sc-freiburg
2026-10-08 23:02:01,829 INFO Feed: https://newsfeed.kicker.de/team/tsg-hoffenheim
2026-10-08 23:02:02,204 INFO Feed: https://newsfeed.kicker.de/team/1-fsv-mainz-05
2026-10-08 23:02:02,423 INFO Feed: https://newsfeed.kicker.de/team/fc-augsburg
2026-10-08 23:02:02,647 INFO Feed: https://newsfeed.kicker.de/team/1-fc-union-berlin
2026-10-08 23:02:02,856 INFO Feed: https://newsfeed.kicker.de/team/werder-bremen
2026-10-08 23:02:02,923 INFO Feed: https://newsfeed.kicker.de/team/hamburger-sv
2026-10-08 23:02:03,134 INFO Feed: https://newsfeed.kicker.de/team/1-fc-koeln
2026-10-08 23:02:03,427 INFO Feed: https://newsfeed.kicker.de/team/fc-schalke-04
2026-10-08 23:02:03,646 INFO Feed: https://newsfeed.kicker.de/team/sv-elversberg
2026-10-08 23:02:03,870 INFO Feed: https://newsfeed.kicker.de/team/sc-paderborn-07
2026-10-08 23:02:04,085 INFO Feed: https://newsfeed.kicker.de/news/champions-league
2026-10-08 23:02:04,287 INFO Feed: ligainsider:themen
2026-10-08 23:03:01,090 INFO LigaInsider (Themenfinder): 145 Meldungen von 18 Vereinsseiten
2026-10-08 23:03:05,488 INFO Eingelesen: 72 Schlagzeilen nach den Gratis-Filtern
2026-10-08 23:03:06,392 INFO S5 Randthema: Satter Millionengewinn und Rekord-Umsatz: Freiburg legt beeindruckende
2026-10-08 23:03:06,393 INFO S5 kein Bundesliga-Spieler oder -Klub erkennbar: Roter Teppich schon ausgerollt: Zverev greift nach dem Tennis-Thron
2026-10-08 23:03:06,393 INFO S5 kein Bundesliga-Spieler oder -Klub erkennbar: Formel 1 erfüllt Hamiltons Forderung nach neuer Strecke im Kalender
2026-10-08 23:03:06,394 INFO S5 kein Bundesliga-Spieler oder -Klub erkennbar: Sucht Juventus Turin schon nach Alternativen zu Nick Woltemade?
2026-10-08 23:03:06,396 INFO S5 Randthema: Von Commodore bis Nintendo: Diese Gaming-Marken landeten wirklich auf 
2026-10-08 23:03:06,399 INFO S5 kein Bundesliga-Spieler oder -Klub erkennbar: Platzt der Knoten? Moore hofft auf Treffer im Rheinderby | "Bin bereit
2026-10-08 23:03:06,400 INFO S5 Randthema: SC Freiburg erwirtschaftet neuen Rekordumsatz
2026-10-08 23:03:06,400 INFO S5 Randthema: SC-Mitgliederversammlung wählt neuen Aufsichtsrat
2026-10-08 23:03:06,400 INFO S5 Randthema: SWR-Reporter Patrick Bauser bei der Mitgliederversammlung des SC Freib
2026-10-08 23:03:06,400 INFO S5 Randthema: Rückblick Jubiläum FFS
2026-10-08 23:03:06,401 INFO S5 kein Bundesliga-Spieler oder -Klub erkennbar: Mehr Spezi, neue Impulse: Bei TuS Marienborn weht nach Ära Ali Cakici 
2026-10-08 23:03:06,403 INFO S5: 57 neue Geschichten, 0 schon berichtet, 3 zu wartenden Geschichten ergänzt, 25 warten
2026-10-08 23:05:00,671 INFO S6 aussortiert (doppelt): Baums Plan gegen die Bayern: "Intensität wichtiger als Inhalt"
2026-10-08 23:05:00,671 INFO S6 aussortiert (doppelt): Kimmich-Diskussion beim DFB: Was FC-Bayern-Trainer Vincent Kompany daz
2026-10-08 23:05:00,671 INFO S6 aussortiert (doppelt): Bayern-Trainer weist Reporterfrage zu Kimmich zurück
2026-10-08 23:05:00,671 INFO S6 aussortiert (prio_0): Der Spielplan vom FC Bayern & BVB bis zum Klassiker im Vergleich
2026-10-08 23:05:00,671 INFO S6 aussortiert (prio_0): Mit starkem Finish zum Auswärtssieg
2026-10-08 23:05:00,671 INFO S6 aussortiert (prio_0): Deutliche Angelegenheit am Campus
2026-10-08 23:05:00,671 INFO S6 aussortiert (prio_1): BVB modernisiert wichtigen Fan-Bereich im Stadion: Das sind die Hinter
2026-10-08 23:05:00,672 INFO S6 aussortiert (prio_1): Transfer-Glücksgriffe: 3 große Gewinner bei Bayer 04
2026-10-08 23:05:00,672 INFO S6 aussortiert (prio_0): Bayer 04 Leverkusen
2026-10-08 23:05:00,672 INFO S6 aussortiert (doppelt): Andrich: „Es bleibt mir nichts anderes übrig“
2026-10-08 23:05:00,672 INFO S6 aussortiert (prio_1): Es wird nass! Wilde Challenge für Raum und Gebel
2026-10-08 23:05:00,672 INFO S6 aussortiert (doppelt): Schmidt stärkt Demichelis bei RB Leipzig den Rücken
2026-10-08 23:05:00,672 INFO S6 aussortiert (prio_0): VfB-Torschütze Daniel Ginczek nach dem Klassenerhalt 2015
2026-10-08 23:05:00,672 INFO S6 aussortiert (prio_0): VfB Stuttgart U21 vor Auswärtsspiel beim SV Meppen
2026-10-08 23:05:00,672 INFO S6 aussortiert (prio_0): So feierten die VfB-Fans 2015 den Klassenerhalt
2026-10-08 23:05:00,672 INFO S6 aussortiert (doppelt): VfB-Trainer Hoeneß wundert sich: Stenzel weiter ohne Verein
2026-10-08 23:05:00,672 INFO S6 aussortiert (doppelt): Vereinsloser Stenzel: VfB-Coach Hoeneß verwundert - Baden-Württemberg 
2026-10-08 23:05:00,673 INFO S6 aussortiert (prio_0): Eintracht Frankfurt
2026-10-08 23:05:00,673 INFO S6 aussortiert (prio_0): Bundesliga Update: Köln gegen Gladbach - Wagner-Endspiel bei Blessin-D
2026-10-08 23:05:00,673 INFO S6 aussortiert (doppelt): Borussia Mönchengladbach: Bundesligaklub verliert Trikotsponsor Reuter
2026-10-08 23:05:00,673 INFO S6 aussortiert (prio_0): 5 Fakten zum Spiel
2026-10-08 23:05:00,673 INFO S6 aussortiert (prio_1): HSV reist mit 10000 Fans zum Kellerduell nach Hoffenheim
2026-10-08 23:05:00,673 INFO S6 aussortiert (prio_0): 1.FSV Mainz 05 II
2026-10-08 23:05:00,673 INFO S6 aussortiert (prio_1): SV Elversberg: Hinweise für Auswärtsfans in Berlin
2026-10-08 23:05:00,673 INFO S6 aussortiert (prio_0): 1.FC Union Berlin
2026-10-08 23:05:00,673 INFO S6 aussortiert (prio_1): Youngster Louis Lemke: Diese HSV-Profis helfen ihm am meisten
2026-10-08 23:05:00,673 INFO S6 aussortiert (prio_0): Absturz einer Legende: Dieses Abstiegs-Drama veränderte den 1. FC Köln
2026-10-08 23:05:00,674 INFO S6 aussortiert (prio_1): Besonderer Moment: Manuel Neuer hatte bei Schalke-Rückkehr ein bestimm
2026-10-08 23:05:00,674 INFO S6 aussortiert (prio_0): FC Schalke 04 - Elfmeterstatistik
2026-10-08 23:05:00,674 INFO S6 aussortiert (prio_1): Spielerprofil Luca Vozar: Von der Nordkurve in den Bundesliga-Kader
2026-10-08 23:05:00,919 ERROR lxml parsing failed: Document is empty
2026-10-08 23:05:00,919 ERROR lxml parser bytestring Document is empty
2026-10-08 23:05:00,919 ERROR lxml parsing failed: Document is empty
2026-10-08 23:05:00,919 ERROR lxml parser bytestring Document is empty
2026-10-08 23:05:00,919 ERROR empty HTML tree: None
2026-10-08 23:05:00,919 WARNING discarding data: None
2026-10-08 23:05:00,920 INFO S7 kein Volltext (trafilatura_returned_empty): Jaquez ist wieder im Mannschaftstraining
2026-10-08 23:05:01,456 ERROR lxml parsing failed: Document is empty
2026-10-08 23:05:01,456 ERROR lxml parser bytestring Document is empty
2026-10-08 23:05:01,457 ERROR lxml parsing failed: Document is empty
2026-10-08 23:05:01,457 ERROR lxml parser bytestring Document is empty
2026-10-08 23:05:01,457 ERROR empty HTML tree: None
2026-10-08 23:05:01,457 WARNING discarding data: None
2026-10-08 23:05:01,457 INFO S7 kein Volltext (trafilatura_returned_empty): VfB Stuttgart: Luca Jaquez ist wieder im Mannschaftstraining
2026-10-08 23:05:01,721 ERROR lxml parsing failed: Document is empty
2026-10-08 23:05:01,721 ERROR lxml parser bytestring Document is empty
2026-10-08 23:05:01,721 ERROR lxml parsing failed: Document is empty
2026-10-08 23:05:01,721 ERROR lxml parser bytestring Document is empty
2026-10-08 23:05:01,721 ERROR empty HTML tree: None
2026-10-08 23:05:01,721 WARNING discarding data: None
2026-10-08 23:05:01,721 INFO S7 kein Volltext (trafilatura_returned_empty): VfB Stuttgart: Luca Jaquez ist wieder im Mannschaftstraining
2026-10-08 23:05:01,721 INFO S7 zu wenig Stoff (0 Wörter aus 0 Quellen, Versuch 3/3): VfB Stuttgart: Luca Jaquez ist wieder im Mannschaftstraining
2026-10-08 23:05:02,169 WARNING discarding data: None
2026-10-08 23:05:02,170 INFO S7 kein Volltext (trafilatura_returned_empty): Kane und Co. zurück an der Säbener Straße: Bayern bereitet s
2026-10-08 23:05:02,396 WARNING discarding data: None
2026-10-08 23:05:02,397 INFO S7 kein Volltext (trafilatura_returned_empty): Kane und Co. zurück an der Säbener Straße: Bayern bereitet s
2026-10-08 23:05:02,397 INFO S7 zu wenig Stoff (0 Wörter aus 0 Quellen, Versuch 2/3): Kane und Co. zurück an der Säbener Straße: Bayern bereitet s
2026-10-08 23:05:09,173 INFO S7 schreiben (Prio 3, 1 Quellen): VfB Stuttgart mit Torwartwechsel vor Spiel in Paderborn
2026-10-08 23:05:15,857 INFO   Kandidat: Stuttgart: Seimen soll in Paderborn sein Bundesliga-Debüt ge
2026-10-08 23:05:19,151 INFO S6.5 schon berichtet (Leverkusen will Maza frühzeitig langfristig b): Leverkusen keen to extend Maza's contract as Premier League 
2026-10-08 23:05:19,693 INFO S7 kein Volltext (too_short_63_words): Bayer 04: Maza sendet positive Signale
2026-10-08 23:05:19,693 INFO S7 zu wenig Stoff (0 Wörter aus 0 Quellen, Versuch 1/3): Bayer 04: Maza sendet positive Signale
2026-10-08 23:05:20,130 INFO S7 kein Volltext (too_short_15_words): Matchplan – 5. Spieltag: RB Leipzig gegen Frankfurt
2026-10-08 23:05:20,130 INFO S7 zu wenig Stoff (0 Wörter aus 0 Quellen, Versuch 2/3): Matchplan – 5. Spieltag: RB Leipzig gegen Frankfurt
2026-10-08 23:05:21,744 INFO S7 kein Volltext (too_short_63_words): Fehlt noch ein Stammspieler? So kämpft der HSV um El Ouahdi
2026-10-08 23:05:21,744 INFO S7 zu wenig Stoff (0 Wörter aus 0 Quellen, Versuch 3/3): Fehlt noch ein Stammspieler? So kämpft der HSV um El Ouahdi
2026-10-08 23:05:22,146 ERROR lxml parsing failed: Document is empty
2026-10-08 23:05:22,146 ERROR lxml parser bytestring Document is empty
2026-10-08 23:05:22,147 ERROR lxml parsing failed: Document is empty
2026-10-08 23:05:22,147 ERROR lxml parser bytestring Document is empty
2026-10-08 23:05:22,147 ERROR empty HTML tree: None
2026-10-08 23:05:22,147 WARNING discarding data: None
2026-10-08 23:05:22,147 INFO S7 kein Volltext (trafilatura_returned_empty): Bundesliga: Cedric Itten steht Werder immerhin zur Verfügung
2026-10-08 23:05:22,147 INFO S7 zu wenig Stoff (0 Wörter aus 0 Quellen, Versuch 1/3): Bundesliga: Cedric Itten steht Werder immerhin zur Verfügung
2026-10-08 23:05:22,854 INFO S7 kein Volltext (too_short_35_words): Das größte Fragezeichen beim HSV: Neue Vuskovic-Prognose von
2026-10-08 23:05:22,854 INFO S7 zu wenig Stoff (0 Wörter aus 0 Quellen, Versuch 3/3): Das größte Fragezeichen beim HSV: Neue Vuskovic-Prognose von
2026-10-08 23:05:23,098 INFO S7 kein Volltext (too_short_15_words): Kofane-Verlängerung bei Bayer 04 Leverkusen stockt: Stürmer 
2026-10-08 23:05:23,098 INFO S7 zu wenig Stoff (0 Wörter aus 0 Quellen, Versuch 3/3): Kofane-Verlängerung bei Bayer 04 Leverkusen stockt: Stürmer 
2026-10-08 23:05:23,333 INFO S7 kein Volltext (too_short_15_words): Waldemar Anton: Borussia Dortmund plant Vertragsverlängerung
2026-10-08 23:05:23,333 INFO S7 zu wenig Stoff (0 Wörter aus 0 Quellen, Versuch 3/3): Waldemar Anton: Borussia Dortmund plant Vertragsverlängerung
2026-10-08 23:05:24,182 INFO S7 kein Volltext (too_short_52_words): Neuer Schalke-Vertrag? Jetzt wäre es für Muslic-Verhandlunge
2026-10-08 23:05:24,183 INFO S7 zu wenig Stoff (0 Wörter aus 0 Quellen, Versuch 3/3): Neuer Schalke-Vertrag? Jetzt wäre es für Muslic-Verhandlunge
2026-10-08 23:05:24,431 WARNING discarding data: None
2026-10-08 23:05:24,432 INFO S7 kein Volltext (trafilatura_returned_empty): Musiala fällt weiter aus - so könnte Bayern gegen Augsburg s
2026-10-08 23:05:24,432 INFO S7 zu wenig Stoff (0 Wörter aus 0 Quellen, Versuch 2/3): Musiala fällt weiter aus - so könnte Bayern gegen Augsburg s
2026-10-08 23:05:24,707 ERROR lxml parsing failed: Document is empty
2026-10-08 23:05:24,708 ERROR lxml parser bytestring Document is empty
2026-10-08 23:05:24,708 ERROR lxml parsing failed: Document is empty
2026-10-08 23:05:24,708 ERROR lxml parser bytestring Document is empty
2026-10-08 23:05:24,708 ERROR empty HTML tree: None
2026-10-08 23:05:24,708 WARNING discarding data: None
2026-10-08 23:05:24,708 INFO S7 kein Volltext (trafilatura_returned_empty): Droht Bayern Abgang von Top-Talent Prescott? Große Klubs lau
2026-10-08 23:05:24,708 INFO S7 zu wenig Stoff (0 Wörter aus 0 Quellen, Versuch 3/3): Droht Bayern Abgang von Top-Talent Prescott? Große Klubs lau
2026-10-08 23:05:25,824 INFO S7 kein Volltext (too_short_36_words): Europa League: SC Freiburg gegen FK Jablonec
2026-10-08 23:05:25,824 INFO S7 zu wenig Stoff (0 Wörter aus 0 Quellen, Versuch 2/3): Europa League: SC Freiburg gegen FK Jablonec
2026-10-08 23:05:26,070 INFO S7 kein Volltext (too_short_15_words): Schlotterbeck vor BVB-Comeback: Dortmund-Star macht Klopp re
2026-10-08 23:05:26,071 INFO S7 zu wenig Stoff (0 Wörter aus 0 Quellen, Versuch 1/3): Schlotterbeck vor BVB-Comeback: Dortmund-Star macht Klopp re
2026-10-08 23:05:27,691 INFO S7 kein Volltext (seite_zu_alt): Pejcinovic-Deal perfekt: VfB Stuttgart verpflichtet Wolfsbur
2026-10-08 23:05:27,691 INFO S7 zu wenig Stoff (0 Wörter aus 0 Quellen, Versuch 2/3): Pejcinovic-Deal perfekt: VfB Stuttgart verpflichtet Wolfsbur
2026-10-08 23:05:27,937 INFO S7 kein Volltext (too_short_15_words): Werder Bremen holt Alexander Schlager aus Salzburg
2026-10-08 23:05:27,937 INFO S7 zu wenig Stoff (0 Wörter aus 0 Quellen, Versuch 3/3): Werder Bremen holt Alexander Schlager aus Salzburg
2026-10-08 23:05:28,358 INFO S7 kein Volltext (too_short_15_words): Polzin über Ilzers Hoffenheim: "Große Herausforderung"
2026-10-08 23:05:28,611 INFO S7 kein Volltext (too_short_15_words): Polzin vor Hoffenheim: ''Große Herausforderung''
2026-10-08 23:05:28,611 INFO S7 zu wenig Stoff (0 Wörter aus 0 Quellen, Versuch 1/3): Polzin über Ilzers Hoffenheim: "Große Herausforderung"
2026-10-08 23:05:29,199 INFO S7 kein Volltext (too_short_70_words): „Vielleicht ist dieses Derby der Zünder“: Gladbachs Robin Ha
2026-10-08 23:05:33,105 INFO S6.5 schon berichtet (Gladbach unter Blessin: Viele Baustellen vor ): „Vielleicht ist dieses Derby der Zünder“: Gladbachs Robin Ha
2026-10-08 23:05:36,005 INFO S7 schreiben (Prio 2, 1 Quellen): Völlig neue Trikots - Mit Pink Power! Leipzig siegt ganz ent
2026-10-08 23:05:39,172 INFO S7 verworfen (nicht_relevant): Völlig neue Trikots - Mit Pink Power! Leipzig siegt ganz ent
2026-10-08 23:05:41,693 INFO S6.5 schon berichtet (Bayern spricht erneut mit Gabriel, Spanien bl): FC Bayern müsste wohl irres Gesamtpaket für Supertalent JJ G
2026-10-08 23:05:43,004 INFO S7 kein Volltext (likely_paywall): Bayern linked with ex-academy talent and Preußen Münster sho
2026-10-08 23:05:43,004 INFO S7 zu wenig Stoff (0 Wörter aus 0 Quellen, Versuch 1/3): Bayern linked with ex-academy talent and Preußen Münster sho
2026-10-08 23:05:45,708 INFO S6.5 schon berichtet (Augsburgs Baum fordert gegen Bayern: „Wie ein): Augsburger Rezept für die Bayern? Die Vergangenheit zählt ni
2026-10-08 23:05:48,868 INFO S7 schreiben (Prio 2, 1 Quellen): "Vereinshistorische Spielzeit": SC Freiburg stößt in neue Sp
2026-10-08 23:05:56,406 INFO   Kandidat: Freiburg meldet Rekordumsatz und 30,5 Millionen Euro Übersch
2026-10-08 23:06:00,154 INFO S6.5 schon berichtet (Bayern spricht erneut mit Gabriel, Spanien bl): FC Bayern: So teuer ist Gabriel im Paket
2026-10-08 23:06:02,909 INFO S7 schreiben (Prio 2, 1 Quellen): Offensiv-Juwel glänzt in Italien - mit Folgen für den FC Bay
2026-10-08 23:06:06,835 INFO S7 verworfen (nicht_relevant): Offensiv-Juwel glänzt in Italien - mit Folgen für den FC Bay
2026-10-08 23:06:09,478 INFO S6.5 schon berichtet (Thioune über Füllkrug: „Wird motiviert sein“ ): Abgang veränderte alles: Füllkrug wird vor BVB-Rückkehr wehm
2026-10-08 23:06:11,694 INFO S6.5 schon berichtet (Leipzig gegen Frankfurt: Duell zweier Teams i): Hütter plant Eintracht-Aufstellung vor Leipzig-Spiel
2026-10-08 23:06:12,809 INFO S7 kein Volltext (too_short_17_words): Klub auf Höhenflug: Der SC Freiburg startet durch
2026-10-08 23:06:12,809 INFO S7 zu wenig Stoff (0 Wörter aus 0 Quellen, Versuch 1/3): Klub auf Höhenflug: Der SC Freiburg startet durch
2026-10-08 23:06:14,344 INFO S7 kein Volltext (likely_paywall): Ablösefreier Transfer im Sommer? Bayern-Talent sieht wohl ke
2026-10-08 23:06:14,344 INFO S7 zu wenig Stoff (0 Wörter aus 0 Quellen, Versuch 1/3): Ablösefreier Transfer im Sommer? Bayern-Talent sieht wohl ke
2026-10-08 23:06:19,682 INFO S7 schreiben (Prio 2, 1 Quellen): Köln gegen Gladbach: Sturmfrage vor dem Derby
2026-10-08 23:06:26,929 INFO   Kandidat: Köln vor dem Derby: Wagner fehlen Dallinga und Ache im Sturm
2026-10-08 23:06:27,955 INFO S7 kein Volltext (likely_paywall): Bayern droht Talent-Abgang zum Nulltarif
2026-10-08 23:06:27,955 INFO S7 zu wenig Stoff (0 Wörter aus 0 Quellen, Versuch 1/3): Bayern droht Talent-Abgang zum Nulltarif
2026-10-08 23:06:30,471 INFO S6.5 schon berichtet (Bayern ringt um Verlängerung mit Torwart Leon): FC Bayern: Prescott-Wechsel innerhalb der Bundesliga?
2026-10-08 23:06:30,742 WARNING discarding data: None
2026-10-08 23:06:30,743 INFO S7 kein Volltext (trafilatura_returned_empty): Harry Kane erhält freie Bahn für MLS-Wechsel
2026-10-08 23:06:30,743 INFO S7 zu wenig Stoff (0 Wörter aus 0 Quellen, Versuch 1/3): Harry Kane erhält freie Bahn für MLS-Wechsel
2026-10-08 23:06:32,900 INFO S7 kein Volltext (too_short_51_words): Thioune hat viel Respekt vor Werders nächstem Gegner
2026-10-08 23:06:32,900 INFO S7 zu wenig Stoff (0 Wörter aus 0 Quellen, Versuch 2/3): Thioune hat viel Respekt vor Werders nächstem Gegner
2026-10-08 23:06:33,347 INFO S7 kein Volltext (too_short_15_words): Wie geht es mit Stiller und Stuttgart weiter?
2026-10-08 23:06:33,347 INFO S7 zu wenig Stoff (0 Wörter aus 0 Quellen, Versuch 1/3): Wie geht es mit Stiller und Stuttgart weiter?
2026-10-08 23:06:33,825 INFO S7 kein Volltext (too_short_15_words): 1. FC Köln: Druck auf Rene Wagner wächst wieder - Derby gege
2026-10-08 23:06:33,826 INFO S7 zu wenig Stoff (0 Wörter aus 0 Quellen, Versuch 3/3): 1. FC Köln: Druck auf Rene Wagner wächst wieder - Derby gege
2026-10-08 23:06:35,312 INFO S7 kein Volltext (too_short_56_words): Hansen liebt Herausforderungen: Paderborns Blondschopf und d
2026-10-08 23:06:35,312 INFO S7 zu wenig Stoff (0 Wörter aus 0 Quellen, Versuch 3/3): Hansen liebt Herausforderungen: Paderborns Blondschopf und d
2026-10-08 23:06:36,619 INFO S7 kein Volltext (seite_zu_alt): Mega-Lob für HSV-Profi: Rayan Philippe der bisherige Gewinne
2026-10-08 23:06:36,619 INFO S7 zu wenig Stoff (0 Wörter aus 0 Quellen, Versuch 2/3): Mega-Lob für HSV-Profi: Rayan Philippe der bisherige Gewinne
2026-10-08 23:06:40,005 INFO S7 schreiben (Prio 2, 1 Quellen): Vor Pokalspiel gegen Dresden: Schalke greift zu besonderer M
2026-10-08 23:06:47,117 INFO   Kandidat: Schalke setzt in Dresden auf Papiertickets und strenge Abhol
2026-10-08 23:06:47,329 INFO S7 kein Volltext (too_short_15_words): Hütter: "Müssen viel laufen in Leipzig"
2026-10-08 23:06:47,329 INFO S7 zu wenig Stoff (0 Wörter aus 0 Quellen, Versuch 2/3): Hütter: "Müssen viel laufen in Leipzig"
2026-10-08 23:06:47,560 WARNING discarding data: None
2026-10-08 23:06:47,561 INFO S7 kein Volltext (trafilatura_returned_empty): Kovac tüftelt am BVB-Mittelfeld: Diese Variante könnte gegen
2026-10-08 23:06:47,561 INFO S7 zu wenig Stoff (0 Wörter aus 0 Quellen, Versuch 3/3): Kovac tüftelt am BVB-Mittelfeld: Diese Variante könnte gegen
2026-10-08 23:06:48,792 INFO S7 kein Volltext (seite_zu_alt): Karetsas-Traumtor beim Debüt: BVB schlägt englischen Meister
2026-10-08 23:06:48,793 INFO S7 zu wenig Stoff (0 Wörter aus 0 Quellen, Versuch 3/3): Karetsas-Traumtor beim Debüt: BVB schlägt englischen Meister
2026-10-08 23:06:50,088 INFO S7 kein Volltext (likely_paywall): Eintracht-Coach Hütter beschäftigt mehr als die Systemfrage
2026-10-08 23:06:50,088 INFO S7 zu wenig Stoff (0 Wörter aus 0 Quellen, Versuch 1/3): Eintracht-Coach Hütter beschäftigt mehr als die Systemfrage
2026-10-08 23:06:52,663 INFO S7 kein Volltext (too_short_38_words): Sturmsorgen beim HSV: Moffi und Poulsen Optionen für Kader
2026-10-08 23:06:52,663 INFO S7 zu wenig Stoff (0 Wörter aus 0 Quellen, Versuch 2/3): Sturmsorgen beim HSV: Moffi und Poulsen Optionen für Kader
2026-10-08 23:06:54,848 INFO S6.5 schon berichtet (Augsburgs Baum fordert gegen Bayern: „Wie ein): FCA gegen Bayern: "Mit dem Glauben geht es los"
2026-10-08 23:06:56,558 INFO S7 kein Volltext (too_short_27_words): Schalkes früheres Millionen-Versprechen ist zurück: Hibernia
2026-10-08 23:06:56,558 INFO S7 zu wenig Stoff (0 Wörter aus 0 Quellen, Versuch 3/3): Schalkes früheres Millionen-Versprechen ist zurück: Hibernia
2026-10-08 23:06:56,957 WARNING discarding data: None
2026-10-08 23:06:56,958 INFO S7 kein Volltext (trafilatura_returned_empty): Sechs Tage Bis Köln: Das Muss Borussia Mönchengladbach Jetzt
2026-10-08 23:06:56,958 INFO S7 zu wenig Stoff (0 Wörter aus 0 Quellen, Versuch 1/3): Sechs Tage Bis Köln: Das Muss Borussia Mönchengladbach Jetzt
2026-10-08 23:06:58,279 INFO S7 kein Volltext (seite_zu_alt): Big Match Preview: RB Leipzig vs. Eintracht Frankfurt
2026-10-08 23:06:58,279 INFO S7 zu wenig Stoff (0 Wörter aus 0 Quellen, Versuch 3/3): Big Match Preview: RB Leipzig vs. Eintracht Frankfurt
2026-10-08 23:06:58,739 ERROR lxml parsing failed: Document is empty
2026-10-08 23:06:58,739 ERROR lxml parser bytestring Document is empty
2026-10-08 23:06:58,739 ERROR lxml parsing failed: Document is empty
2026-10-08 23:06:58,739 ERROR lxml parser bytestring Document is empty
2026-10-08 23:06:58,739 ERROR empty HTML tree: None
2026-10-08 23:06:58,739 WARNING discarding data: None
2026-10-08 23:06:58,740 INFO S7 kein Volltext (trafilatura_returned_empty): Matondo soll für Hibernian „Unterschied ausmachen“ – Unter t
2026-10-08 23:06:58,740 INFO S7 zu wenig Stoff (0 Wörter aus 0 Quellen, Versuch 1/3): Matondo soll für Hibernian „Unterschied ausmachen“ – Unter t
2026-10-08 23:07:00,188 INFO S7 kein Volltext (seite_zu_alt): Gladbach prepare for away derby against FC Köln
2026-10-08 23:07:00,188 INFO S7 zu wenig Stoff (0 Wörter aus 0 Quellen, Versuch 3/3): Gladbach prepare for away derby against FC Köln
2026-10-08 23:07:00,197 INFO FinalCheck SKIP: stuttgart/{'fabian bredlow', 'dennis seimen', 'sebastian hoeneß'} stage=kader bereits in Archiv
2026-10-08 23:07:00,201 INFO FinalCheck SKIP: köln/{'thijs dallinga', 'rené wagner', 'ragnar ache'} stage=kader bereits in Archiv
2026-10-08 23:07:00,204 INFO S9.5 FinalCheck: 2/4 durch
2026-10-08 23:07:00,836 INFO Veröffentlicht: Freiburg meldet Rekordumsatz und 30,5 Millionen Euro Übersch
2026-10-08 23:07:00,903 INFO Veröffentlicht: Schalke setzt in Dresden auf Papiertickets und strenge Abhol
2026-10-08 23:07:00,930 INFO Reddit: Keine Credentials – übersprungen
2026-10-08 23:07:00,930 INFO Reddit: Keine Credentials – übersprungen
2026-10-08 23:07:00,931 INFO 💶 Kosten: dieser Lauf 0.000 $ (Budget 0.065 $) | heute 0.00 $ | Monat 0.72 / 23 $ | konferenz (abo) 1× 0.000 $, dublette (abo) 15× 0.000 $, schreiben (abo) 6× 0.000 $
2026-10-08 23:07:00,931 INFO 🎫 Abo-Verbrauch: 67,895 Tokens rein (davon Cache gelesen 6,375), 17,555 raus, API-Gegenwert 0.35 $ | konferenz 1×: 6,094/11,359, dublette 15×: 21,724/914, schreiben 6×: 40,077/5,282
2026-10-08 23:07:00,992 INFO Feeds: 60/60 begonnen, nächster Lauf startet bei Nr. 0
2026-10-08 23:07:00,993 INFO URL-Cache gespeichert: 29498 URLs
2026-10-08 23:07:00,993 INFO === Fertig. 2 neue Artikel. feed.json: 1515 ===
2026-10-08 23:07:00,993 INFO Stats: {"ts": "20261008_2300", "ingested": 135, "s2_pre_filter": 35, "s3_relevance": 27, "s4_dedup_early": 0, "gesammelt": 72, "geschichten_neu": 57, "s5_archiv_doppelt": 0, "s5_zusammengefuehrt": 3, "s6_aussortiert": 30, "s7_geschrieben": 6, "s7_verworfen": 11, "s5_fulltext_fail": 37, "s8_qa_rejected": 2, "published": 2, "s5_randthema": 6, "s5_ohne_bezug": 5, "kosten": {"lauf_usd": 0.0, "lauf_budget_usd": 0.065, "heute_usd": 0.0, "monat_usd": 0.7196, "monatsbudget_usd": 23.0, "aufrufe": {"konferenz (abo)": {"anzahl": 1, "usd": 0.0}, "dublette (abo)": {"anzahl": 15, "usd": 0.0}, "schreiben (abo)": {"anzahl": 6, "usd": 0.0}}, "guthaben_leer": false, "abo": true, "abo_tokens": {"konferenz": {"aufrufe": 1, "ein": 10, "cache_schreiben": 6084, "cache_lesen": 0, "aus": 11359, "api_wert_usd": 0.069}, "dublette": {"aufrufe": 15, "ein": 30, "cache_schreiben": 21694, "cache_lesen": 0, "aus": 914, "api_wert_usd": 0.0959}, "schreiben": {"aufrufe": 6, "ein": 12, "cache_schreiben": 33690, "cache_lesen": 6375, "aus": 5282, "api_wert_usd": 0.1889}}}}
