2026-10-07 08:02:00,299 INFO 💶 Budget: dieser Lauf 0.061 $ | heute 0.00 $ | Monat 0.72 / 23 $
2026-10-07 08:02:01,596 INFO URL-Cache geladen: 25970 bekannte URLs (letzte 30 Tage)
2026-10-07 08:02:01,596 INFO === Ligaoutsider Generator startet – max. 50 Artikel ===
2026-10-07 08:02:01,596 INFO Feed: https://newsfeed.kicker.de/news/bundesliga
2026-10-07 08:02:01,774 INFO Feed: https://www.sportschau.de/fussball/bundesliga/index~rss2.xml
2026-10-07 08:02:02,270 INFO Feed: https://sportbild.bild.de/feed/sportbild-home.xml
2026-10-07 08:02:02,754 INFO BL-Spielerliste geladen: 1002 Namen
2026-10-07 08:02:02,758 INFO S2 blacklist: Was für ein Märchen! - Messis emotionaler Abschied im Video
2026-10-07 08:02:02,758 INFO S2 blacklist: Argentinien-Legende emotional verabschiedet - „Messi klopfte
2026-10-07 08:02:02,759 INFO S2 blacklist: Handball-Champions-League heute - Wer zeigt KS Kielce – SC M
2026-10-07 08:02:02,759 INFO Feed: https://www.bild.de/rss-feeds/rss-16725492,feed=fussball-mix.bild.html
2026-10-07 08:02:03,259 INFO Feed: https://www.11freunde.de/feed
2026-10-07 08:02:04,308 INFO Feed: https://www.bundesliga.com/de/bundesliga/news.rss
2026-10-07 08:02:04,514 INFO Feed: https://news.google.com/rss/topics/CAAqJggKIiBDQkFTRWdvSUwyMHZNRFp1ZEdvU0FtUmxHZ0pFUlNnQVAB?hl=de&gl=DE&ceid=DE:de
2026-10-07 08:02:05,232 INFO S3 keyword miss: Ronaldo erklärt sich: "Trainer hat sein Wort gebrochen"
2026-10-07 08:02:05,232 INFO S2 blacklist: Emotionaler Messi-Abschied in Buenos Aires: Tränen, Feuerwer
2026-10-07 08:02:05,233 INFO S2 blacklist: Rekord und Doppelpack für Kane im Spiel gegen Tschechien
2026-10-07 08:02:05,233 INFO S2 blacklist: Sieg gegen Kroatien: Djoker Merino hält Spaniens Weltrekord-
2026-10-07 08:02:05,236 INFO S2 blacklist: Effenberg erwartet "ganz schwere Aufgabe" für Jürgen Klopp
2026-10-07 08:02:05,467 INFO S2 blacklist: Zweifel an Spielberechtigung vertuscht: FIFA droht nächster 
2026-10-07 08:02:05,467 INFO S2 blacklist: Ironman-WM auf Hawaii: Patrick Lange will "historische Chanc
2026-10-07 08:02:05,566 INFO Feed: https://news.google.com/rss/search?q=Bundesliga+Testspiel+Ergebnis&hl=de&gl=DE&ceid=DE:de
2026-10-07 08:02:05,935 INFO Feed: https://news.google.com/rss/search?q=Bundesliga+Vorbereitung+Sommertour&hl=de&gl=DE&ceid=DE:de
2026-10-07 08:02:06,168 INFO Feed: https://news.google.com/rss/search?q=Bundesliga+Verletzung+Ausfall+gesperrt&hl=de&gl=DE&ceid=DE:de
2026-10-07 08:02:06,588 INFO Feed: https://news.google.com/rss/search?q=Bundesliga+Transfer+Wechsel+verpflichtet&hl=de&gl=DE&ceid=DE:de
2026-10-07 08:02:06,948 INFO Feed: https://news.google.com/rss/search?q=Bundesliga+Gerücht+Interesse+Angebot&hl=de&gl=DE&ceid=DE:de
2026-10-07 08:02:07,405 INFO Feed: https://news.google.com/rss/search?q=Bundesliga+Vertrag+verlängert+ablösefrei&hl=de&gl=DE&ceid=DE:de
2026-10-07 08:02:07,729 INFO Feed: https://news.google.com/rss/search?q=%22FC+Bayern%22+OR+%22Bayern+M%C3%BCnchen%22+when%3A1d&hl=de&gl=DE&ceid=DE:de
2026-10-07 08:02:08,266 INFO S2 blacklist: Hier läuft FC Augsburg vs. FC Bayern live im TV und Stream
2026-10-07 08:02:08,269 INFO S2 blacklist: EuroLeague - FC Bayern Basketball hält gegen Olympiakos Pirä
2026-10-07 08:02:08,360 INFO S3 keyword miss: Schulter-OP abgehakt: Maycon Cardozo schwitzt wieder auf dem
2026-10-07 08:02:08,361 INFO Feed: https://news.google.com/rss/search?q=BVB+OR+%22Borussia+Dortmund%22+when%3A1d&hl=de&gl=DE&ceid=DE:de
2026-10-07 08:02:08,848 INFO S2 blacklist: Borussia Dortmund: So schlugen sich die 15 Nationalspieler i
2026-10-07 08:02:08,850 INFO S2 blacklist: Borussia Dortmund gegen Werder Bremen live im TV und Stream:
2026-10-07 08:02:08,976 INFO S3 keyword miss: Jürgen Klopp war an der Entwicklung maßgeblich beteiligt! De
2026-10-07 08:02:09,009 INFO Feed: https://news.google.com/rss/search?q=%22Bayer+Leverkusen%22+OR+%22Bayer+04%22+when%3A1d&hl=de&gl=DE&ceid=DE:de
2026-10-07 08:02:09,365 INFO S2 blacklist: Bayer 04 Leverkusen UEFA U19 - Beliebtheitsrangliste - Verei
2026-10-07 08:02:09,365 INFO Feed: https://news.google.com/rss/search?q=%22RB+Leipzig%22+when%3A1d&hl=de&gl=DE&ceid=DE:de
2026-10-07 08:02:09,830 INFO S3 keyword miss: FK Austria Wien
2026-10-07 08:02:09,830 INFO Feed: https://news.google.com/rss/search?q=%22VfB+Stuttgart%22+when%3A1d&hl=de&gl=DE&ceid=DE:de
2026-10-07 08:02:10,304 INFO S3 keyword miss: Kai Oswald
2026-10-07 08:02:10,305 INFO Feed: https://news.google.com/rss/search?q=%22Eintracht+Frankfurt%22+when%3A1d&hl=de&gl=DE&ceid=DE:de
2026-10-07 08:02:10,778 INFO S2 blacklist: Eintracht Frankfurt: Geheimer Bosse-Plan bei Bundesliga-Klub
2026-10-07 08:02:10,859 INFO S3 keyword miss: Eckehard Feigenspan
2026-10-07 08:02:10,861 INFO Feed: https://news.google.com/rss/search?q=Gladbach+OR+%22Borussia+M%C3%B6nchengladbach%22+when%3A1d&hl=de&gl=DE&ceid=DE:de
2026-10-07 08:02:11,424 INFO S3 keyword miss: Das machen Blessin und Wagner bei ihren Klubs anders
2026-10-07 08:02:11,429 INFO Feed: https://news.google.com/rss/search?q=%22SC+Freiburg%22+when%3A1d&hl=de&gl=DE&ceid=DE:de
2026-10-07 08:02:11,862 INFO S2 Liveticker übersprungen: Liveticker: SC Freiburg gegen FC Schalke 04
2026-10-07 08:02:11,862 INFO S2 blacklist: SC Freiburg - Spieler von A bis Z | Seite 3
2026-10-07 08:02:11,864 INFO S2 blacklist: Freiburger Fußballschule - Wo spielt eigentlich..? (Galerie)
2026-10-07 08:02:11,864 INFO Feed: https://news.google.com/rss/search?q=Hoffenheim+when%3A1d&hl=de&gl=DE&ceid=DE:de
2026-10-07 08:02:12,289 INFO Feed: https://news.google.com/rss/search?q=%22Mainz+05%22+when%3A1d&hl=de&gl=DE&ceid=DE:de
2026-10-07 08:02:12,798 INFO S3 keyword miss: Manfred Kipp
2026-10-07 08:02:12,884 INFO S3 keyword miss: Polizeieinsatz im Krankenhaus: Aggressiver Mann gefesselt
2026-10-07 08:02:12,884 INFO Feed: https://news.google.com/rss/search?q=%22FC+Augsburg%22+when%3A1d&hl=de&gl=DE&ceid=DE:de
2026-10-07 08:02:13,348 INFO S3 keyword miss: Bibiana Steinhaus-Webb
2026-10-07 08:02:13,437 INFO S3 keyword miss: „Der Trainer hat sein Wort gebrochen“: Cristiano Ronaldo äuß
2026-10-07 08:02:13,437 INFO Feed: https://news.google.com/rss/search?q=%22Union+Berlin%22+when%3A1d&hl=de&gl=DE&ceid=DE:de
2026-10-07 08:02:13,989 INFO S3 keyword miss: Wo der Fußball in Berlin seine Spuren hinterlassen hat
2026-10-07 08:02:13,990 INFO S2 blacklist: U21-EM Qualifikation - Abstellungen Genua CFC U20 | Seite 6
2026-10-07 08:02:13,990 INFO Feed: https://news.google.com/rss/search?q=%22Werder+Bremen%22+when%3A1d&hl=de&gl=DE&ceid=DE:de
2026-10-07 08:02:14,576 INFO S3 keyword miss: ÖFB-Duo vor Wechsel nach Italien
2026-10-07 08:02:14,610 INFO S2 blacklist: Großes Bangen vor BVB – Bremen: Reicht es doch noch zum Eins
2026-10-07 08:02:14,611 INFO S2 blacklist: Fußball heute: Wer spielt heute am 9.10.2026? BVB eröffnet g
2026-10-07 08:02:14,689 INFO S3 keyword miss: 96-Akademie (@96Akademie) on X
2026-10-07 08:02:14,689 INFO Feed: https://news.google.com/rss/search?q=HSV+OR+%22Hamburger+SV%22+when%3A1d&hl=de&gl=DE&ceid=DE:de
2026-10-07 08:02:15,031 INFO S2 blacklist: Hamburger SV - Kader im Detail 63/64 (Galerie) | Seite 3
2026-10-07 08:02:15,032 INFO S2 blacklist: FSV Schöningen - Hamburger SV II, 10.10.2026 - Regionalliga 
2026-10-07 08:02:15,036 INFO Feed: https://news.google.com/rss/search?q=%221.+FC+K%C3%B6ln%22+OR+%22FC+K%C3%B6ln%22+when%3A1d&hl=de&gl=DE&ceid=DE:de
2026-10-07 08:02:15,384 INFO S2 blacklist: 1.FC Köln - Beliebtheitsrangliste - Vereine
2026-10-07 08:02:15,384 INFO S2 blacklist: 1.FC Köln U19
2026-10-07 08:02:15,465 INFO S3 keyword miss: Stephan Salger
2026-10-07 08:02:15,466 INFO Feed: https://news.google.com/rss/search?q=Schalke+when%3A1d&hl=de&gl=DE&ceid=DE:de
2026-10-07 08:02:15,884 INFO Feed: https://news.google.com/rss/search?q=Elversberg+when%3A1d&hl=de&gl=DE&ceid=DE:de
2026-10-07 08:02:16,202 INFO Feed: https://news.google.com/rss/search?q=%22SC+Paderborn%22+when%3A1d&hl=de&gl=DE&ceid=DE:de
2026-10-07 08:02:16,651 INFO S3 keyword miss: Porto | Ronaldo wirft Trainer Wortbruch vor und will weiters
2026-10-07 08:02:16,652 INFO Feed: https://www.transfermarkt.de/rss/news
2026-10-07 08:02:16,710 INFO Feed: https://www.waz.de/sport/fussball/rss
2026-10-07 08:02:17,216 INFO Feed: https://www.faz.net/rss/aktuell/sport/fussball/bundesliga/
2026-10-07 08:02:17,456 INFO Feed: https://bulinews.com/rss.xml
2026-10-07 08:02:17,880 INFO Feed: https://www.abendblatt.de/sport/rss
2026-10-07 08:02:18,247 INFO S3 keyword miss: Mit Video: St.-Pauli-Größen feiern diesen neuen Hymnen-Vorsc
2026-10-07 08:02:18,326 INFO S3 keyword miss: So lief Lionel Messis letzte Gala – Große Emotionen in Bueno
2026-10-07 08:02:18,327 INFO Feed: https://www.merkur.de/sport/fc-bayern/rssfeed.rdf
2026-10-07 08:02:19,025 INFO Feed: https://www.eyefootball.com/rss_news_main.xml
2026-10-07 08:02:19,261 INFO Feed: https://www.ligaportal.at/international/deutsche-bundesliga?format=feed&type=rss
2026-10-07 08:02:21,757 INFO Feed: https://www.reddit.com/r/soccer/new.rss?limit=100
2026-10-07 08:02:22,647 INFO S3 keyword miss: Jorge Jesus when he was asked about Ronaldo’s statement: “I 
2026-10-07 08:02:22,648 INFO S2 blacklist: Croatia is eliminated from the group stage of the UEFA natio
2026-10-07 08:02:22,736 INFO S3 keyword miss: After Messi's farewell match against Benin, Argentine fans c
2026-10-07 08:02:22,884 INFO S3 keyword miss: [ESPN NL] Nuytinck is due to undergo surgery and is out of a
2026-10-07 08:02:22,885 INFO Feed: https://newsfeed.kicker.de/team/fc-bayern-muenchen
2026-10-07 08:02:23,033 INFO Feed: https://newsfeed.kicker.de/team/borussia-dortmund
2026-10-07 08:02:23,180 INFO Feed: https://newsfeed.kicker.de/team/rb-leipzig
2026-10-07 08:02:23,389 INFO Feed: https://newsfeed.kicker.de/team/bayer-04-leverkusen
2026-10-07 08:02:23,442 INFO Feed: https://newsfeed.kicker.de/team/vfb-stuttgart
2026-10-07 08:02:23,496 INFO Feed: https://newsfeed.kicker.de/team/eintracht-frankfurt
2026-10-07 08:02:23,714 INFO Feed: https://newsfeed.kicker.de/team/bor-moenchengladbach
2026-10-07 08:02:23,861 INFO Feed: https://newsfeed.kicker.de/team/sc-freiburg
2026-10-07 08:02:24,010 INFO Feed: https://newsfeed.kicker.de/team/tsg-hoffenheim
2026-10-07 08:02:24,065 INFO Feed: https://newsfeed.kicker.de/team/1-fsv-mainz-05
2026-10-07 08:02:24,232 INFO Feed: https://newsfeed.kicker.de/team/fc-augsburg
2026-10-07 08:02:24,285 INFO Feed: https://newsfeed.kicker.de/team/1-fc-union-berlin
2026-10-07 08:02:24,438 INFO Feed: https://newsfeed.kicker.de/team/werder-bremen
2026-10-07 08:02:24,490 INFO Feed: https://newsfeed.kicker.de/team/hamburger-sv
2026-10-07 08:02:24,538 INFO Feed: https://newsfeed.kicker.de/team/1-fc-koeln
2026-10-07 08:02:24,690 INFO Feed: https://newsfeed.kicker.de/team/fc-schalke-04
2026-10-07 08:02:24,838 INFO Feed: https://newsfeed.kicker.de/team/sv-elversberg
2026-10-07 08:02:25,068 INFO Feed: https://newsfeed.kicker.de/team/sc-paderborn-07
2026-10-07 08:02:25,295 INFO Feed: https://newsfeed.kicker.de/news/champions-league
2026-10-07 08:02:25,344 INFO Feed: ligainsider:themen
2026-10-07 08:02:48,680 INFO LigaInsider (Themenfinder): 128 Meldungen von 18 Vereinsseiten
2026-10-07 08:02:48,682 INFO Eingelesen: 64 Schlagzeilen nach den Gratis-Filtern
2026-10-07 08:02:50,333 INFO S5 kein Bundesliga-Spieler oder -Klub erkennbar: Bei Argentinien-Abschied - Messis letzte Rede rührt seine Antonella
2026-10-07 08:02:50,334 INFO S5 kein Bundesliga-Spieler oder -Klub erkennbar: "Sollten sich schämen!": Biathlon-Star sauer über Rücktrittsgerüchte
2026-10-07 08:02:50,334 INFO S5 kein Bundesliga-Spieler oder -Klub erkennbar: 07:42 Cristiano Ronaldo vollzieht spektakuläre Kehrtwende
2026-10-07 08:02:50,334 INFO S5 kein Bundesliga-Spieler oder -Klub erkennbar: "Beängstigend": So erlebten Fahrer und Co. das Software-Chaos in Malay
2026-10-07 08:02:50,335 INFO S5 kein Bundesliga-Spieler oder -Klub erkennbar: "Keinerlei Wut": Diese Konsequenzen hat die Disqualifikation für Danii
2026-10-07 08:02:50,335 INFO S5 schon berichtet (Bayern schickt Wernscheid zum Transfer-Gipfel): Transfer-Gipfel mit dem FC Bayern
2026-10-07 08:02:50,336 INFO S5 Sammelartikel: Transfer-Ticker: Auch Casteels ein Kandidat beim FC Bayern
2026-10-07 08:02:50,336 INFO S5 Randthema: FC Bayern Mitarbeiter jetzt Mitglied in Bethels Arminia Fanclub
2026-10-07 08:02:50,336 INFO S5 Randthema: FC Gießen - Bilanz gegen FC Bayern Alzenau
2026-10-07 08:02:50,341 INFO S5 kein Bundesliga-Spieler oder -Klub erkennbar: Nur fünf Serien waren länger: Borussias Auswärtsflaute gehört zu Bless
2026-10-07 08:02:50,342 INFO S5 schon berichtet (Gladbach: Blessin sieht nach 1:1 gegen St. Pa): Gladbach spielt im Test gegen St. Pauli unentschieden
2026-10-07 08:02:50,345 INFO S5 Fan-Wahl/Nachwuchs: Talente als Millionen-Geschäft Freiburg und Schalke nutzen Nachwuchsar
2026-10-07 08:02:50,349 INFO S5 kein Bundesliga-Spieler oder -Klub erkennbar: [NOS] National coach Veurink warns young talents: ‘Don’t rush off abro
2026-10-07 08:02:50,349 INFO S5: 48 neue Geschichten, 2 schon berichtet, 3 zu wartenden Geschichten ergänzt, 32 warten
2026-10-07 08:05:19,529 INFO S6 aussortiert (doppelt): England-Star in Top-Form - Knackt Kane jetzt den Ronaldo-Rekord?
2026-10-07 08:05:19,530 INFO S6 aussortiert (doppelt): Neue Trainer in Gladbach und Hannover - So krempelten Blessin und Wagn
2026-10-07 08:05:19,530 INFO S6 aussortiert (prio_1): Jonas Hummels beleuchtet Missbrauchs-Fälle
2026-10-07 08:05:19,530 INFO S6 aussortiert (doppelt): FC Bayern München
2026-10-07 08:05:19,530 INFO S6 aussortiert (doppelt): 1. FC Union Berlin - Bayern München, 08.11.2025: Aufstellungen & Start
2026-10-07 08:05:19,531 INFO S6 aussortiert (prio_1): Stefan Reuter verrät: Diese Lektionen hat er aus seiner Zeit beim FC B
2026-10-07 08:05:19,531 INFO S6 aussortiert (doppelt): Langfristige Zukunft: Gregor Kobel lässt BVB-Herzen höher schlagen
2026-10-07 08:05:19,531 INFO S6 aussortiert (doppelt): Nachfolger für Felix Nmecha? BVB offenbar an 25-Millionen-Euro-Teenage
2026-10-07 08:05:19,531 INFO S6 aussortiert (prio_1): BVB-Legende schießt gegen Ex-Schalker: „Hat was mit Ehre zu tun“
2026-10-07 08:05:19,532 INFO S6 aussortiert (prio_0): BVB-Spiel bringt dem PSV Bork einen Neuzugang Ex-Lüner debütiert nach 
2026-10-07 08:05:19,532 INFO S6 aussortiert (doppelt): Großes Lob für Kane: „Er ist der beste englische Spieler“
2026-10-07 08:05:19,532 INFO S6 aussortiert (doppelt): Die Bundesliga nach dem 11. September: Sogar Schalke und BVB hielten z
2026-10-07 08:05:19,532 INFO S6 aussortiert (doppelt): Baumgartner: Der nächste Schritt zum Comeback
2026-10-07 08:05:19,533 INFO S6 aussortiert (prio_0): Ulm gegen Eintracht Frankfurt II: Statistiken und Spieldaten
2026-10-07 08:05:19,533 INFO S6 aussortiert (prio_0): Kommunal, kurz und knapp: Video-Überwachung wieder beendet
2026-10-07 08:05:19,533 INFO S6 aussortiert (doppelt): Das GL-Wort – jeden Morgen neu
2026-10-07 08:05:19,533 INFO S6 aussortiert (prio_0): Wissen, was läuft: Der Tag in GL 7.10.2026
2026-10-07 08:05:19,533 INFO S6 aussortiert (prio_0): Kein Sieger In Gladbach | Bor. Mönchengladbach II - SV Rödinghausen | 
2026-10-07 08:05:19,533 INFO S6 aussortiert (doppelt): 5. Spieltag: 1.FC Köln - Borussia Mönchengladbach - 1. FC Köln - Foro 
2026-10-07 08:05:19,534 INFO S6 aussortiert (prio_0): Polizei-News Bergisch Gladbach, 06.10.26: Betrunken auf Autobahn unter
2026-10-07 08:05:19,534 INFO S6 aussortiert (prio_1): Bundesliga: Der SC Freiburg auf Rekordkurs: Im Breisgau darf geträumt 
2026-10-07 08:05:19,534 INFO S6 aussortiert (doppelt): 1.FSV Mainz 05 II
2026-10-07 08:05:19,534 INFO S6 aussortiert (prio_0): TSV 1860 München – FC Augsburg II, 2:2
2026-10-07 08:05:19,534 INFO S6 aussortiert (doppelt): SV Werder Bremen II
2026-10-07 08:05:19,535 INFO S6 aussortiert (doppelt): Angeschossener Pejcinovic über 1:0: "Habe mich ein bisschen schlecht g
2026-10-07 08:05:19,535 INFO S6 aussortiert (doppelt): HSV Barmbek-Uhlenhorst
2026-10-07 08:05:19,535 INFO S6 aussortiert (doppelt): HSV ODIN '59 Heemskerk II
2026-10-07 08:05:19,535 INFO S6 aussortiert (doppelt): Sturm-Juwel trainiert plötzlich beim 1. FC Köln: Ersetzt 18-Jähriger D
2026-10-07 08:05:19,535 INFO S6 aussortiert (prio_1): Schalker Legenden in Stadtlohn: Ein königsblauer Abend für die Hoffnun
2026-10-07 08:05:19,536 INFO S6 aussortiert (prio_0): Lewandowski versetzt Müller in ungewohnter Manier den Gnadenstoß
2026-10-07 08:05:19,536 INFO S6 aussortiert (prio_0): Aus 3:0 wird 3:3: Regensburg gibt Führung beim VfB II aus der Hand
2026-10-07 08:05:19,536 INFO S6 aussortiert (prio_1): Rieras Frontalangriff gegen SGE-Boss Hellmann: "Du bist ein Niemand"
2026-10-07 08:05:19,536 INFO S6 aussortiert (doppelt): Hamburger SV - Eintracht Frankfurt, 02.03.2008: Aufstellungen & Starte
2026-10-07 08:05:19,536 INFO S6 aussortiert (prio_0): Darmkrebszentrum des EVK erfolgreich zertifiziert
2026-10-07 08:05:19,537 INFO S6 aussortiert (doppelt): TSG Hoffenheim und Co.: Die Lage der Liga - Sport aus der Region - Nac
2026-10-07 08:05:19,537 INFO S6 aussortiert (doppelt): 1.FSV Mainz 05 II
2026-10-07 08:05:19,537 INFO S6 aussortiert (doppelt): SVW Mainz
2026-10-07 08:05:19,537 INFO S6 aussortiert (prio_0): Effizienztabelle der Bundesliga: Beim FC Augsburg schießt wenig Geld v
2026-10-07 08:05:19,537 INFO S6 aussortiert (doppelt): 1. FC Union Berlin
2026-10-07 08:05:19,537 INFO S6 aussortiert (doppelt): SV Werder Bremen
2026-10-07 08:05:19,538 INFO S6 aussortiert (prio_0): Afrika FC Köln
2026-10-07 08:05:19,538 INFO S6 aussortiert (doppelt): Live: 1. FC Köln - FC Viktoria Köln | 1. FC Köln Evidence (SntxaBruSr)
2026-10-07 08:05:19,538 INFO S6 aussortiert (prio_0): Absturz einer Legende: Dieses Abstiegs-Drama veränderte den 1. FC Köln
2026-10-07 08:05:19,538 INFO S6 aussortiert (doppelt): SV 07 Elversberg III
2026-10-07 08:05:21,879 INFO S7 kein Volltext (seite_zu_alt): Reise in die USA - ÖFB verkündet: Baumgartner macht Reha im 
2026-10-07 08:05:22,347 WARNING discarding data: None
2026-10-07 08:05:22,348 INFO S7 kein Volltext (trafilatura_returned_empty): Lichtblick bei RB Leipzig: Topscorer Baumgartner vor Rückkeh
2026-10-07 08:05:22,349 INFO S7 zu wenig Stoff (0 Wörter aus 0 Quellen, Versuch 3/3): Reise in die USA - ÖFB verkündet: Baumgartner macht Reha im 
2026-10-07 08:05:24,822 INFO S7 schreiben (Prio 3, 1 Quellen): BVB-Zukunft: Hat sich Kobel entschieden?
2026-10-07 08:05:32,735 INFO   Kandidat: Kobel zum BVB: „Zu einhundert Prozent“ in Dortmund, Verlänge
2026-10-07 08:05:33,619 WARNING discarding data: None
2026-10-07 08:05:33,620 INFO S7 kein Volltext (trafilatura_returned_empty): BVB-Star vor Blitz-Verlängerung?
2026-10-07 08:05:33,621 INFO S7 zu wenig Stoff (0 Wörter aus 0 Quellen, Versuch 1/3): BVB-Star vor Blitz-Verlängerung?
2026-10-07 08:05:33,842 WARNING discarding data: None
2026-10-07 08:05:33,843 INFO S7 kein Volltext (trafilatura_returned_empty): Köln vor Derby: El Mala und Moore zurück, Ekweribe trainiert
2026-10-07 08:05:33,843 INFO S7 zu wenig Stoff (0 Wörter aus 0 Quellen, Versuch 2/3): Köln vor Derby: El Mala und Moore zurück, Ekweribe trainiert
2026-10-07 08:05:34,590 INFO S7 kein Volltext (seite_zu_alt): Schröder macht Tempo: Lidberg fünfter Gladbach-Zugang
2026-10-07 08:05:34,590 INFO S7 zu wenig Stoff (0 Wörter aus 0 Quellen, Versuch 2/3): Schröder macht Tempo: Lidberg fünfter Gladbach-Zugang
2026-10-07 08:05:35,006 ERROR lxml parsing failed: Document is empty
2026-10-07 08:05:35,007 ERROR lxml parser bytestring Document is empty
2026-10-07 08:05:35,007 ERROR lxml parsing failed: Document is empty
2026-10-07 08:05:35,007 ERROR lxml parser bytestring Document is empty
2026-10-07 08:05:35,007 ERROR empty HTML tree: None
2026-10-07 08:05:35,007 WARNING discarding data: None
2026-10-07 08:05:35,008 INFO S7 kein Volltext (trafilatura_returned_empty): Top-Talent im Clinch mit United: Bayern führt Gespräche mit 
2026-10-07 08:05:35,008 INFO S7 zu wenig Stoff (0 Wörter aus 0 Quellen, Versuch 2/3): Top-Talent im Clinch mit United: Bayern führt Gespräche mit 
2026-10-07 08:05:35,524 INFO S7 kein Volltext (seite_zu_alt): BVB vor Werder Bremen: Jetzt zeigt sich, ob die neuen Transf
2026-10-07 08:05:36,033 WARNING discarding data: None
2026-10-07 08:05:36,034 INFO S7 kein Volltext (trafilatura_returned_empty): Hat Borussia Dortmund einen neuen Star gefunden? Transfer kö
2026-10-07 08:05:36,974 INFO S7 kein Volltext (too_short_24_words): Der BVB-Transfersommer 2027: Wo Sportdirektor Ole Book die g
2026-10-07 08:05:37,586 INFO S7 kein Volltext (too_short_15_words): Sky-Info: Adeyemi verlässt Dortmund – Einigung erzielt
2026-10-07 08:05:37,586 INFO S7 zu wenig Stoff (0 Wörter aus 0 Quellen, Versuch 2/3): BVB vor Werder Bremen: Jetzt zeigt sich, ob die neuen Transf
2026-10-07 08:05:38,048 INFO S7 kein Volltext (too_short_76_words): Wenn Krösche geht - Eintrachts geheimer Bosse-Plan
2026-10-07 08:05:38,048 INFO S7 zu wenig Stoff (0 Wörter aus 0 Quellen, Versuch 1/3): Wenn Krösche geht - Eintrachts geheimer Bosse-Plan
2026-10-07 08:05:38,613 INFO S7 schreiben (Prio 2, 1 Quellen): „Das begeistert mich“: HSV-Trainer Polzin mit Loblied auf Mi
2026-10-07 08:05:46,852 INFO   Kandidat: Polzin lobt Adeline: „Ich bin froh, dass er bei uns ist“
2026-10-07 08:05:49,262 INFO S6.5 schon berichtet (Kobel zum BVB: „Zu einhundert Prozent“ in Dor): Kobel deutet BVB-Knall an
2026-10-07 08:05:49,547 INFO S7 schreiben (Prio 2, 1 Quellen): Karl-Abgang vom FC Bayern wohl nicht ausgeschlossen
2026-10-07 08:05:59,344 INFO   Kandidat: Bayern: Lennart Karls Zukunft hängt an Michael Olise
2026-10-07 08:06:01,690 INFO S6.5 schon berichtet (Kobel zum BVB: „Zu einhundert Prozent“ in Dor): "Kann ich mir sehr gut vorstellen": BVB empfängt positive Si
2026-10-07 08:06:02,686 INFO S7 schreiben (Prio 2, 1 Quellen): Cole Campbell makes debut, Tillman and Albert start as USMNT
2026-10-07 08:06:15,133 INFO   Kandidat: Elversbergs Cole Campbell debütiert beim 1:0 der USA gegen K
2026-10-07 08:06:15,621 INFO S7 kein Volltext (too_short_35_words): Tendenz ist erkennbar: So will der HSV auch Hoffenheim stopp
2026-10-07 08:06:15,621 INFO S7 zu wenig Stoff (0 Wörter aus 0 Quellen, Versuch 1/3): Tendenz ist erkennbar: So will der HSV auch Hoffenheim stopp
2026-10-07 08:06:18,184 INFO S7 schreiben (Prio 2, 1 Quellen): Nächster Schritt geplant: Wie Gosens Schalke anschieben soll
2026-10-07 08:06:25,970 INFO   Kandidat: Schalke setzt auf Gosens: Linksfuß soll auf der Außenbahn an
2026-10-07 08:06:32,143 INFO S7 schreiben (Prio 2, 1 Quellen): Schalke-Forderung: Edin Dzeko soll besondere Aufgabe erfülle
2026-10-07 08:06:43,984 INFO   Kandidat: Schalke: Dzeko wohl wieder nur Joker, Fans sehen ihn als Füh
2026-10-07 08:06:48,207 INFO S7 schreiben (Prio 2, 1 Quellen): Leidenszeit vorbei: Startet diese Schalke-Leihgabe jetzt end
2026-10-07 08:06:57,697 INFO   Kandidat: Schalke-Leihgabe Gomis erlöst: Erstes Tor für Teneriffa nach
2026-10-07 08:07:01,996 INFO S6.5 schon berichtet (BVB und Leipzig beobachten Lens-Talent Andrij): BVB, Gerücht: Andrija Bulatovic als Nmecha-Ersatz im Gespräc
2026-10-07 08:07:04,267 INFO S7 schreiben (Prio 2, 1 Quellen): Bayern-Star Nathaniel Brown für DFB-Auftritte kritisiert: "B
2026-10-07 08:07:14,736 INFO   Kandidat: Babbel kritisiert Bayerns Nathaniel Brown: „Bleibt unsere gr
2026-10-07 08:07:15,534 INFO S7 kein Volltext (too_short_35_words): „Alles andere wäre gelogen“ – die VfB-Ambitionen vor Paderbo
2026-10-07 08:07:15,534 INFO S7 zu wenig Stoff (0 Wörter aus 0 Quellen, Versuch 2/3): „Alles andere wäre gelogen“ – die VfB-Ambitionen vor Paderbo
2026-10-07 08:07:17,329 INFO S7 kein Volltext (too_short_35_words): „Alles andere wäre gelogen“ – die VfB-Ambitionen vor Paderbo
2026-10-07 08:07:17,329 INFO S7 zu wenig Stoff (0 Wörter aus 0 Quellen, Versuch 1/3): „Alles andere wäre gelogen“ – die VfB-Ambitionen vor Paderbo
2026-10-07 08:07:18,562 INFO S7 schreiben (Prio 2, 1 Quellen): So läuft es für die Leihgaben des SC Paderborn 07 bei ihren 
2026-10-07 08:07:21,690 INFO S7 verworfen (nicht_relevant): So läuft es für die Leihgaben des SC Paderborn 07 bei ihren 
2026-10-07 08:07:29,985 INFO S7 schreiben (Prio 2, 1 Quellen): So läuft es für Schalkes verliehene Spieler Zwei nun angekom
2026-10-07 08:07:39,520 INFO S7 verworfen (nicht_relevant): So läuft es für Schalkes verliehene Spieler Zwei nun angekom
2026-10-07 08:07:40,092 INFO S7 kein Volltext (too_short_8_words): RB Leipzig: Stefan Ilsanker über Eintracht Frankfurt, Pressi
2026-10-07 08:07:40,092 INFO S7 zu wenig Stoff (0 Wörter aus 0 Quellen, Versuch 2/3): RB Leipzig: Stefan Ilsanker über Eintracht Frankfurt, Pressi
2026-10-07 08:07:41,435 INFO S7 kein Volltext (seite_zu_alt): Bayer Leverkusen heiß auf Abwehr-Talent von Bundesliga-Konku
2026-10-07 08:07:41,435 INFO S7 zu wenig Stoff (0 Wörter aus 0 Quellen, Versuch 2/3): Bayer Leverkusen heiß auf Abwehr-Talent von Bundesliga-Konku
2026-10-07 08:07:41,746 INFO S7 kein Volltext (too_short_8_words): RB-Telegramm: Vor Eintracht-Spiel - Demichelis wartet auf Na
2026-10-07 08:07:41,746 INFO S7 zu wenig Stoff (0 Wörter aus 0 Quellen, Versuch 1/3): RB-Telegramm: Vor Eintracht-Spiel - Demichelis wartet auf Na
2026-10-07 08:07:41,974 WARNING discarding data: None
2026-10-07 08:07:41,974 INFO S7 kein Volltext (trafilatura_returned_empty): Hoffenheim gegen Hamburg: Vorschau und Prognose zum Spiel am
2026-10-07 08:07:41,975 INFO S7 zu wenig Stoff (0 Wörter aus 0 Quellen, Versuch 2/3): Hoffenheim gegen Hamburg: Vorschau und Prognose zum Spiel am
2026-10-07 08:07:42,211 WARNING discarding data: None
2026-10-07 08:07:42,212 INFO S7 kein Volltext (trafilatura_returned_empty): Borussia Dortmund gegen Werder: Vorschau und Prognose, 9. Ok
2026-10-07 08:07:42,212 INFO S7 zu wenig Stoff (0 Wörter aus 0 Quellen, Versuch 2/3): Borussia Dortmund gegen Werder: Vorschau und Prognose, 9. Ok
2026-10-07 08:07:42,703 INFO S7 kein Volltext (too_short_15_words): #0003 - Wird Augsburg (wieder) zum Bayern-Schreck?
2026-10-07 08:07:42,703 INFO S7 zu wenig Stoff (0 Wörter aus 0 Quellen, Versuch 1/3): #0003 - Wird Augsburg (wieder) zum Bayern-Schreck?
2026-10-07 08:07:44,306 INFO S7 kein Volltext (too_short_21_words): VfB Stuttgart verliert gegen Union Berlin 0:4
2026-10-07 08:07:44,307 INFO S7 zu wenig Stoff (0 Wörter aus 0 Quellen, Versuch 1/3): VfB Stuttgart verliert gegen Union Berlin 0:4
2026-10-07 08:07:45,404 INFO S7 kein Volltext (too_short_45_words): Borussia Mönchengladbach: Alexander Blessin macht Millionen-
2026-10-07 08:07:45,404 INFO S7 zu wenig Stoff (0 Wörter aus 0 Quellen, Versuch 3/3): Borussia Mönchengladbach: Alexander Blessin macht Millionen-
2026-10-07 08:07:46,148 INFO S7 kein Volltext (likely_paywall): Gerüchte um Bühl-Abgang: Kein Vertrag mehr für FCB-Star?
2026-10-07 08:07:46,148 INFO S7 zu wenig Stoff (0 Wörter aus 0 Quellen, Versuch 3/3): Gerüchte um Bühl-Abgang: Kein Vertrag mehr für FCB-Star?
2026-10-07 08:07:46,641 INFO S7 kein Volltext (seite_zu_alt): Er weiß schon, wer den Ballon d’Or 2026 gewonnen hat
2026-10-07 08:07:46,641 INFO S7 zu wenig Stoff (0 Wörter aus 0 Quellen, Versuch 3/3): Er weiß schon, wer den Ballon d’Or 2026 gewonnen hat
2026-10-07 08:07:47,532 INFO S7 kein Volltext (seite_zu_alt): Hamburg & Schleswig-Holstein: HSV Hamburg kassiert Klatsche 
2026-10-07 08:07:47,532 INFO S7 zu wenig Stoff (0 Wörter aus 0 Quellen, Versuch 3/3): Hamburg & Schleswig-Holstein: HSV Hamburg kassiert Klatsche 
2026-10-07 08:07:48,031 ERROR lxml parsing failed: Document is empty
2026-10-07 08:07:48,032 ERROR lxml parser bytestring Document is empty
2026-10-07 08:07:48,032 ERROR lxml parsing failed: Document is empty
2026-10-07 08:07:48,032 ERROR lxml parser bytestring Document is empty
2026-10-07 08:07:48,032 ERROR empty HTML tree: None
2026-10-07 08:07:48,032 WARNING discarding data: None
2026-10-07 08:07:48,033 INFO S7 kein Volltext (trafilatura_returned_empty): Schon wieder Sylla: Schalke siegt auch in Lustenau
2026-10-07 08:07:48,033 INFO S7 zu wenig Stoff (0 Wörter aus 0 Quellen, Versuch 3/3): Schon wieder Sylla: Schalke siegt auch in Lustenau
2026-10-07 08:07:48,290 ERROR lxml parsing failed: Document is empty
2026-10-07 08:07:48,290 ERROR lxml parser bytestring Document is empty
2026-10-07 08:07:48,291 ERROR lxml parsing failed: Document is empty
2026-10-07 08:07:48,291 ERROR lxml parser bytestring Document is empty
2026-10-07 08:07:48,291 ERROR empty HTML tree: None
2026-10-07 08:07:48,291 WARNING discarding data: None
2026-10-07 08:07:48,291 INFO S7 kein Volltext (trafilatura_returned_empty): (k+) Ein Garant und noch keine Garantien: So starteten die P
2026-10-07 08:07:48,292 INFO S7 zu wenig Stoff (0 Wörter aus 0 Quellen, Versuch 3/3): (k+) Ein Garant und noch keine Garantien: So starteten die P
2026-10-07 08:07:48,308 INFO FinalCheck SKIP: bayern/{'lennart karl', 'michael olise'} stage=geruecht bereits in Archiv
2026-10-07 08:07:48,322 INFO S9.5 FinalCheck: 7/8 durch
2026-10-07 08:07:49,520 INFO Veröffentlicht: Kobel zum BVB: „Zu einhundert Prozent“ in Dortmund, Verlänge
2026-10-07 08:07:49,626 INFO Veröffentlicht: Polzin lobt Adeline: „Ich bin froh, dass er bei uns ist“
2026-10-07 08:07:49,735 INFO Veröffentlicht: Elversbergs Cole Campbell debütiert beim 1:0 der USA gegen K
2026-10-07 08:07:49,844 INFO Veröffentlicht: Schalke setzt auf Gosens: Linksfuß soll auf der Außenbahn an
2026-10-07 08:07:49,955 INFO Veröffentlicht: Schalke: Dzeko wohl wieder nur Joker, Fans sehen ihn als Füh
2026-10-07 08:07:50,067 INFO Veröffentlicht: Schalke-Leihgabe Gomis erlöst: Erstes Tor für Teneriffa nach
2026-10-07 08:07:50,179 INFO Veröffentlicht: Babbel kritisiert Bayerns Nathaniel Brown: „Bleibt unsere gr
2026-10-07 08:07:50,220 INFO Reddit: Keine Credentials – übersprungen
2026-10-07 08:07:50,221 INFO Reddit: Keine Credentials – übersprungen
2026-10-07 08:07:50,223 INFO Reddit: Keine Credentials – übersprungen
2026-10-07 08:07:50,224 INFO Reddit: Keine Credentials – übersprungen
2026-10-07 08:07:50,224 INFO Reddit: Keine Credentials – übersprungen
2026-10-07 08:07:50,225 INFO Reddit: Keine Credentials – übersprungen
2026-10-07 08:07:50,225 INFO Reddit: Keine Credentials – übersprungen
2026-10-07 08:07:50,226 INFO 💶 Kosten: dieser Lauf 0.000 $ (Budget 0.061 $) | heute 0.00 $ | Monat 0.72 / 23 $ | konferenz (abo) 1× 0.000 $, dublette (abo) 16× 0.000 $, schreiben (abo) 10× 0.000 $
2026-10-07 08:07:50,226 INFO 🎫 Abo-Verbrauch: 94,037 Tokens rein (davon Cache gelesen 11,475), 26,352 raus, API-Gegenwert 0.51 $ | konferenz 1×: 6,102/14,973, dublette 16×: 22,245/90, schreiben 10×: 65,690/11,289
2026-10-07 08:07:50,278 INFO Feeds: 60/60 begonnen, nächster Lauf startet bei Nr. 0
2026-10-07 08:07:50,278 INFO URL-Cache gespeichert: 26095 URLs
2026-10-07 08:07:50,278 INFO === Fertig. 7 neue Artikel. feed.json: 1400 ===
2026-10-07 08:07:50,278 INFO Stats: {"ts": "20261007_0800", "ingested": 121, "s2_pre_filter": 33, "s3_relevance": 21, "s4_dedup_early": 0, "gesammelt": 64, "geschichten_neu": 48, "s5_archiv_doppelt": 2, "s5_zusammengefuehrt": 3, "s6_aussortiert": 44, "s7_geschrieben": 10, "s7_verworfen": 5, "s5_fulltext_fail": 23, "s8_qa_rejected": 1, "published": 7, "s5_ohne_bezug": 7, "s5_randthema": 4, "kosten": {"lauf_usd": 0.0, "lauf_budget_usd": 0.0612, "heute_usd": 0.0, "monat_usd": 0.7196, "monatsbudget_usd": 23.0, "aufrufe": {"konferenz (abo)": {"anzahl": 1, "usd": 0.0}, "dublette (abo)": {"anzahl": 16, "usd": 0.0}, "schreiben (abo)": {"anzahl": 10, "usd": 0.0}}, "guthaben_leer": false, "abo": true, "abo_tokens": {"konferenz": {"aufrufe": 1, "ein": 10, "cache_schreiben": 6092, "cache_lesen": 0, "aus": 14973, "api_wert_usd": 0.0871}, "dublette": {"aufrufe": 16, "ein": 32, "cache_schreiben": 22213, "cache_lesen": 0, "aus": 90, "api_wert_usd": 0.0897}, "schreiben": {"aufrufe": 10, "ein": 20, "cache_schreiben": 54195, "cache_lesen": 11475, "aus": 11289, "api_wert_usd": 0.332}}}}
