2026-10-07 23:02:40,926 INFO 💶 Budget: dieser Lauf 0.063 $ | heute 0.00 $ | Monat 0.72 / 23 $
2026-10-07 23:02:41,243 INFO URL-Cache geladen: 27396 bekannte URLs (letzte 30 Tage)
2026-10-07 23:02:41,243 INFO === Ligaoutsider Generator startet – max. 50 Artikel ===
2026-10-07 23:02:41,243 INFO Feed: https://newsfeed.kicker.de/news/bundesliga
2026-10-07 23:02:41,592 INFO Feed: https://www.sportschau.de/fussball/bundesliga/index~rss2.xml
2026-10-07 23:02:42,426 INFO Feed: https://sportbild.bild.de/feed/sportbild-home.xml
2026-10-07 23:02:43,122 INFO BL-Spielerliste geladen: 1002 Namen
2026-10-07 23:02:43,164 INFO S3 keyword miss: Kristjansson wie im Rausch! - Magdeburg gewinnt Champions-Le
2026-10-07 23:02:43,239 INFO S3 keyword miss: „Alles ist geplatzt“ - Überraschende Transfer-Wende bei Carv
2026-10-07 23:02:43,314 INFO S3 keyword miss: Post geht viral - Unerwartete Ronaldo-Botschaft an Messi
2026-10-07 23:02:43,316 INFO Feed: https://www.bild.de/rss-feeds/rss-16725492,feed=fussball-mix.bild.html
2026-10-07 23:02:44,029 INFO Feed: https://www.11freunde.de/feed
2026-10-07 23:02:45,379 INFO Feed: https://www.bundesliga.com/de/bundesliga/news.rss
2026-10-07 23:02:45,594 INFO Feed: https://news.google.com/rss/topics/CAAqJggKIiBDQkFTRWdvSUwyMHZNRFp1ZEdvU0FtUmxHZ0pFUlNnQVAB?hl=de&gl=DE&ceid=DE:de
2026-10-07 23:02:50,740 INFO Feed: https://news.google.com/rss/search?q=Bundesliga+Testspiel+Ergebnis&hl=de&gl=DE&ceid=DE:de
2026-10-07 23:02:59,203 INFO Feed: https://news.google.com/rss/search?q=Bundesliga+Vorbereitung+Sommertour&hl=de&gl=DE&ceid=DE:de
2026-10-07 23:03:08,872 INFO Feed: https://news.google.com/rss/search?q=Bundesliga+Verletzung+Ausfall+gesperrt&hl=de&gl=DE&ceid=DE:de
2026-10-07 23:03:18,577 INFO Feed: https://news.google.com/rss/search?q=Bundesliga+Transfer+Wechsel+verpflichtet&hl=de&gl=DE&ceid=DE:de
2026-10-07 23:03:25,751 INFO Feed: https://news.google.com/rss/search?q=Bundesliga+Gerücht+Interesse+Angebot&hl=de&gl=DE&ceid=DE:de
2026-10-07 23:03:33,882 INFO Feed: https://news.google.com/rss/search?q=Bundesliga+Vertrag+verlängert+ablösefrei&hl=de&gl=DE&ceid=DE:de
2026-10-07 23:03:39,569 INFO Feed: https://news.google.com/rss/search?q=%22FC+Bayern%22+OR+%22Bayern+M%C3%BCnchen%22+when%3A1d&hl=de&gl=DE&ceid=DE:de
2026-10-07 23:03:48,184 INFO Feed: https://news.google.com/rss/search?q=BVB+OR+%22Borussia+Dortmund%22+when%3A1d&hl=de&gl=DE&ceid=DE:de
2026-10-07 23:03:57,155 INFO Feed: https://news.google.com/rss/search?q=%22Bayer+Leverkusen%22+OR+%22Bayer+04%22+when%3A1d&hl=de&gl=DE&ceid=DE:de
2026-10-07 23:04:03,572 INFO Feed: https://news.google.com/rss/search?q=%22RB+Leipzig%22+when%3A1d&hl=de&gl=DE&ceid=DE:de
2026-10-07 23:04:12,781 INFO Feed: https://news.google.com/rss/search?q=%22VfB+Stuttgart%22+when%3A1d&hl=de&gl=DE&ceid=DE:de
2026-10-07 23:04:21,477 INFO Feed: https://news.google.com/rss/search?q=%22Eintracht+Frankfurt%22+when%3A1d&hl=de&gl=DE&ceid=DE:de
2026-10-07 23:04:30,383 INFO Feed: https://news.google.com/rss/search?q=Gladbach+OR+%22Borussia+M%C3%B6nchengladbach%22+when%3A1d&hl=de&gl=DE&ceid=DE:de
2026-10-07 23:04:38,030 INFO Feed: https://news.google.com/rss/search?q=%22SC+Freiburg%22+when%3A1d&hl=de&gl=DE&ceid=DE:de
2026-10-07 23:04:45,604 INFO Feed: https://news.google.com/rss/search?q=Hoffenheim+when%3A1d&hl=de&gl=DE&ceid=DE:de
2026-10-07 23:04:55,033 INFO Feed: https://news.google.com/rss/search?q=%22Mainz+05%22+when%3A1d&hl=de&gl=DE&ceid=DE:de
2026-10-07 23:05:01,352 INFO Feed: https://news.google.com/rss/search?q=%22FC+Augsburg%22+when%3A1d&hl=de&gl=DE&ceid=DE:de
2026-10-07 23:05:08,187 INFO Feed: https://news.google.com/rss/search?q=%22Union+Berlin%22+when%3A1d&hl=de&gl=DE&ceid=DE:de
2026-10-07 23:05:14,312 INFO Feed: https://news.google.com/rss/search?q=%22Werder+Bremen%22+when%3A1d&hl=de&gl=DE&ceid=DE:de
2026-10-07 23:05:23,398 INFO Feed: https://news.google.com/rss/search?q=HSV+OR+%22Hamburger+SV%22+when%3A1d&hl=de&gl=DE&ceid=DE:de
2026-10-07 23:05:32,656 INFO Feed: https://news.google.com/rss/search?q=%221.+FC+K%C3%B6ln%22+OR+%22FC+K%C3%B6ln%22+when%3A1d&hl=de&gl=DE&ceid=DE:de
2026-10-07 23:05:38,215 INFO Feed: https://news.google.com/rss/search?q=Schalke+when%3A1d&hl=de&gl=DE&ceid=DE:de
2026-10-07 23:05:43,469 INFO Feed: https://news.google.com/rss/search?q=Elversberg+when%3A1d&hl=de&gl=DE&ceid=DE:de
2026-10-07 23:05:49,912 INFO Feed: https://news.google.com/rss/search?q=%22SC+Paderborn%22+when%3A1d&hl=de&gl=DE&ceid=DE:de
2026-10-07 23:05:57,740 INFO Feed: https://www.transfermarkt.de/rss/news
2026-10-07 23:05:58,003 INFO Feed: https://www.waz.de/sport/fussball/rss
2026-10-07 23:05:58,546 INFO Feed: https://www.faz.net/rss/aktuell/sport/fussball/bundesliga/
2026-10-07 23:05:59,694 INFO Feed: https://bulinews.com/rss.xml
2026-10-07 23:06:00,275 INFO Feed: https://www.abendblatt.de/sport/rss
2026-10-07 23:06:00,800 INFO Feed: https://www.merkur.de/sport/fc-bayern/rssfeed.rdf
2026-10-07 23:06:01,538 INFO Feed: https://www.eyefootball.com/rss_news_main.xml
2026-10-07 23:06:02,122 INFO S3 keyword miss: Juventus stance on selling Kenan Yildiz revealed
2026-10-07 23:06:02,203 INFO S3 keyword miss: Chelsea striker to miss Bournemouth game?
2026-10-07 23:06:02,284 INFO S3 keyword miss: Arsenal midfielder set to sign new contract
2026-10-07 23:06:02,284 INFO Feed: https://www.ligaportal.at/international/deutsche-bundesliga?format=feed&type=rss
2026-10-07 23:06:05,074 INFO Feed: https://www.reddit.com/r/soccer/new.rss?limit=100
2026-10-07 23:06:06,299 INFO S3 keyword miss: The WSL is taking a breather after reaching 1,500 games — an
2026-10-07 23:06:06,382 INFO S3 keyword miss: Arda Turan likely to replace Vincenzo Montella as Turkey NT 
2026-10-07 23:06:06,540 INFO S3 keyword miss: Lionel Messi’s Statement on his final game for the Argentina
2026-10-07 23:06:06,632 INFO S3 keyword miss: Argentina players on the bus were chanting to ask Messi to c
2026-10-07 23:06:06,719 INFO S3 keyword miss: [Official] Club icon Richard Roelofsen leaves De Graafschap 
2026-10-07 23:06:06,800 INFO S3 keyword miss: Fifa: Ex-Spurs player Ramon Vega intends to stand in 2027 pr
2026-10-07 23:06:06,801 INFO Feed: https://newsfeed.kicker.de/team/fc-bayern-muenchen
2026-10-07 23:06:07,004 INFO Feed: https://newsfeed.kicker.de/team/borussia-dortmund
2026-10-07 23:06:07,215 INFO Feed: https://newsfeed.kicker.de/team/rb-leipzig
2026-10-07 23:06:07,427 INFO Feed: https://newsfeed.kicker.de/team/bayer-04-leverkusen
2026-10-07 23:06:07,638 INFO Feed: https://newsfeed.kicker.de/team/vfb-stuttgart
2026-10-07 23:06:07,703 INFO Feed: https://newsfeed.kicker.de/team/eintracht-frankfurt
2026-10-07 23:06:07,930 INFO Feed: https://newsfeed.kicker.de/team/bor-moenchengladbach
2026-10-07 23:06:08,146 INFO Feed: https://newsfeed.kicker.de/team/sc-freiburg
2026-10-07 23:06:08,464 INFO Feed: https://newsfeed.kicker.de/team/tsg-hoffenheim
2026-10-07 23:06:08,679 INFO Feed: https://newsfeed.kicker.de/team/1-fsv-mainz-05
2026-10-07 23:06:08,903 INFO Feed: https://newsfeed.kicker.de/team/fc-augsburg
2026-10-07 23:06:09,113 INFO Feed: https://newsfeed.kicker.de/team/1-fc-union-berlin
2026-10-07 23:06:09,325 INFO Feed: https://newsfeed.kicker.de/team/werder-bremen
2026-10-07 23:06:09,541 INFO Feed: https://newsfeed.kicker.de/team/hamburger-sv
2026-10-07 23:06:09,755 INFO Feed: https://newsfeed.kicker.de/team/1-fc-koeln
2026-10-07 23:06:09,972 INFO Feed: https://newsfeed.kicker.de/team/fc-schalke-04
2026-10-07 23:06:10,199 INFO Feed: https://newsfeed.kicker.de/team/sv-elversberg
2026-10-07 23:06:10,512 INFO Feed: https://newsfeed.kicker.de/team/sc-paderborn-07
2026-10-07 23:06:10,808 INFO Feed: https://newsfeed.kicker.de/news/champions-league
2026-10-07 23:06:11,020 INFO Feed: ligainsider:themen
2026-10-07 23:06:36,159 INFO LigaInsider (Themenfinder): 150 Meldungen von 18 Vereinsseiten
2026-10-07 23:06:36,160 INFO Eingelesen: 5 Schlagzeilen nach den Gratis-Filtern
2026-10-07 23:06:37,595 INFO S5: 5 neue Geschichten, 0 schon berichtet, 0 zu wartenden Geschichten ergänzt, 55 warten
2026-10-07 23:07:39,441 INFO S6 aussortiert (prio_1): "Engagierter Anwalt für Menschlichkeit": Söder ehrt Kompany mit Sonder
2026-10-07 23:07:39,441 INFO S6 aussortiert (prio_0): Rückkehr zu altem Klub - Neuer Trainer-Job für Ex-Bayern-Star Jancker
2026-10-07 23:07:39,441 INFO S6 aussortiert (prio_0): Bayern Munich risk losing highly-rated youngster for free
2026-10-07 23:07:39,441 INFO S6 aussortiert (doppelt): Dortmund attacker keen to convince Jürgen Klopp after Germany snub
2026-10-07 23:07:45,627 INFO Google-News-Link nicht auflösbar: HTTP 503, keine Signatur
2026-10-07 23:07:45,628 INFO S7 zu wenig Stoff (0 Wörter aus 0 Quellen, Versuch 2/3): Laimer schon da, Kane fehlt noch: So sieht es mit der Rückke
2026-10-07 23:07:54,635 INFO Google-News-Link nicht auflösbar: HTTP 503, keine Signatur
2026-10-07 23:07:54,636 INFO S7 zu wenig Stoff (0 Wörter aus 0 Quellen, Versuch 3/3): Comeback gegen Bremen? Niko Kovac gibt Schlotterbeck-Update
2026-10-07 23:08:02,508 INFO Google-News-Link nicht auflösbar: HTTP 503, keine Signatur
2026-10-07 23:08:02,509 WARNING Google-News-Links in diesem Lauf nicht auflösbar – nur direkte Quellen
2026-10-07 23:08:02,509 INFO S7 zu wenig Stoff (0 Wörter aus 0 Quellen, Versuch 3/3): Aufstellung | FC Augsburg - Bayern München : | 5. Spieltag |
2026-10-07 23:08:02,510 INFO S7 zu wenig Stoff (0 Wörter aus 0 Quellen, Versuch 3/3): Aufstellung | Borussia Dortmund - Werder Bremen : | 5. Spiel
2026-10-07 23:08:02,510 INFO S7 zu wenig Stoff (0 Wörter aus 0 Quellen, Versuch 3/3): Aufstellung | 1. FSV Mainz 05 - Bayer 04 Leverkusen : | 5. S
2026-10-07 23:08:02,510 INFO S7 zu wenig Stoff (0 Wörter aus 0 Quellen, Versuch 3/3): Aufstellung | RB Leipzig - Eintracht Frankfurt : | 5. Spielt
2026-10-07 23:08:02,510 INFO S7 zu wenig Stoff (0 Wörter aus 0 Quellen, Versuch 3/3): Aufstellung | SC Paderborn 07 - VfB Stuttgart : | 5. Spielta
2026-10-07 23:08:02,510 INFO S7 zu wenig Stoff (0 Wörter aus 0 Quellen, Versuch 3/3): Aufstellung | SC Freiburg - FC Schalke 04 : | 5. Spieltag | 
2026-10-07 23:08:02,511 INFO S7 zu wenig Stoff (0 Wörter aus 0 Quellen, Versuch 3/3): Aufstellung | 1. FC Union Berlin - SV Elversberg : | 5. Spie
2026-10-07 23:08:02,511 INFO S7 zu wenig Stoff (0 Wörter aus 0 Quellen, Versuch 3/3): Aufstellung | 1. FC Köln - Bor. Mönchengladbach : | 5. Spiel
2026-10-07 23:08:02,511 INFO S7 zu wenig Stoff (0 Wörter aus 0 Quellen, Versuch 3/3): BVB-Kapitän Can erneut operiert: Wohl kein Einsatz mehr in d
2026-10-07 23:08:03,081 INFO S7 kein Volltext (likely_paywall): Wie viele Tore Vasiljevic machen soll - Der HSV und sein „eu
2026-10-07 23:08:03,081 INFO S7 zu wenig Stoff (0 Wörter aus 0 Quellen, Versuch 2/3): Wie viele Tore Vasiljevic machen soll - Der HSV und sein „eu
2026-10-07 23:08:04,232 INFO S7 kein Volltext (too_short_56_words): Neuer Dämpfer bei Paderborns Klaas
2026-10-07 23:08:04,232 INFO S7 zu wenig Stoff (0 Wörter aus 0 Quellen, Versuch 2/3): Neuer Dämpfer bei Paderborns Klaas
2026-10-07 23:08:05,180 INFO S7 schreiben (Prio 2, 1 Quellen): FC Bayern an England-Juwel dran – wird horrende Forderung zu
2026-10-07 23:08:14,761 INFO S7.6 doppelt (Bayern buhlt um Manchester-Talent JJ Gabriel): Bayern beobachtet Manchester Uniteds Talent JJ Gab
2026-10-07 23:08:14,761 INFO S7 zu wenig Stoff (0 Wörter aus 0 Quellen, Versuch 2/3): „Dein Körper ist wie ein Auto“: Werder-Profi Regeer seinen T
2026-10-07 23:08:14,761 INFO S7 zu wenig Stoff (0 Wörter aus 0 Quellen, Versuch 2/3): Wie schwer wiegen die Ausfälle von Dallinga und Ache? So bew
2026-10-07 23:08:14,761 INFO S7 zu wenig Stoff (0 Wörter aus 0 Quellen, Versuch 2/3): Kovac über Werders 0:7-Pleite gegen Twente: "Ich bewerte das
2026-10-07 23:08:14,761 INFO S7 zu wenig Stoff (0 Wörter aus 0 Quellen, Versuch 3/3): Karaman spricht Klartext zur Offensive: „Zu unsauber“ – was 
2026-10-07 23:08:14,762 INFO S7 zu wenig Stoff (0 Wörter aus 0 Quellen, Versuch 2/3): "Keineswegs schlecht": So ordnet Keeper Marvin Schwäbe den S
2026-10-07 23:08:14,762 INFO S7 zu wenig Stoff (0 Wörter aus 0 Quellen, Versuch 2/3): "Wir wollen unbedingt drei Punkte holen": Mittelstädt brennt
2026-10-07 23:08:14,762 INFO S7 zu wenig Stoff (0 Wörter aus 0 Quellen, Versuch 3/3): Kovac zur BVB-Spitzenreiterrolle: „Wir genießen es, sind abe
2026-10-07 23:08:14,762 INFO S7 zu wenig Stoff (0 Wörter aus 0 Quellen, Versuch 3/3): Muheim, Adeline, Stange? Wer die besten Chancen auf den Grön
2026-10-07 23:08:14,762 INFO S7 zu wenig Stoff (0 Wörter aus 0 Quellen, Versuch 3/3): Weggefährte: Auf diese Stars setzt Kovac beim BVB
2026-10-07 23:08:14,763 INFO S7 zu wenig Stoff (0 Wörter aus 0 Quellen, Versuch 3/3): Bayern droht ein Torwart-Talent zu verlieren: Leonard Presco
2026-10-07 23:08:14,763 INFO S7 zu wenig Stoff (0 Wörter aus 0 Quellen, Versuch 3/3): Fokus auf Gesundheit beim Heimspiel gegen Schalke
2026-10-07 23:08:14,763 INFO S7 zu wenig Stoff (0 Wörter aus 0 Quellen, Versuch 3/3): Fußball - Alexander Blessin soll bei Gladbach die Wende einl
2026-10-07 23:08:14,763 INFO S7 zu wenig Stoff (0 Wörter aus 0 Quellen, Versuch 2/3): Fußball - Alexander Blessin soll bei Gladbach die Wende einl
2026-10-07 23:08:14,764 INFO S7 zu wenig Stoff (0 Wörter aus 0 Quellen, Versuch 3/3): (k+) Tietz: "Wenn die Gegner mich beleidigen, gehe ich noch 
2026-10-07 23:08:14,764 INFO S7 zu wenig Stoff (0 Wörter aus 0 Quellen, Versuch 3/3): Schlägt Blitzstart-Eintracht zu? SGE will völlig verrückte L
2026-10-07 23:08:14,764 INFO S7 zu wenig Stoff (0 Wörter aus 0 Quellen, Versuch 3/3): Krösches Stil bei der Eintracht: „Demokratische Diktatur“
2026-10-07 23:08:14,764 INFO S7 zu wenig Stoff (0 Wörter aus 0 Quellen, Versuch 2/3): Krösches Stil bei der Eintracht: „Demokratische Diktatur“
2026-10-07 23:08:14,765 INFO S7 zu wenig Stoff (0 Wörter aus 0 Quellen, Versuch 3/3): Gejagter statt Jäger? Kovac: "Genießen im Moment die Positio
2026-10-07 23:08:14,765 INFO S7 zu wenig Stoff (0 Wörter aus 0 Quellen, Versuch 3/3): Marvin Schwäbe über Kölns Verletzungspech, das Gladbach-Derb
2026-10-07 23:08:14,765 INFO S7 zu wenig Stoff (0 Wörter aus 0 Quellen, Versuch 3/3): Kovac hat aus dem BVB eine Maschine gemacht
2026-10-07 23:08:14,765 INFO S7 zu wenig Stoff (0 Wörter aus 0 Quellen, Versuch 3/3): Wie verwandelt: Endlich Schluss mit BVB-Sachen (mit Matthias
2026-10-07 23:08:14,765 INFO S7 zu wenig Stoff (0 Wörter aus 0 Quellen, Versuch 3/3): „Unter dem Radar“: Kovac-Lob für diesen BVB-Star
2026-10-07 23:08:14,766 INFO S7 zu wenig Stoff (0 Wörter aus 0 Quellen, Versuch 3/3): Eintracht Frankfurt rüstet sich für Krösche-Abflug
2026-10-07 23:08:14,766 INFO S7 zu wenig Stoff (0 Wörter aus 0 Quellen, Versuch 2/3): Eintracht Frankfurt: Wie der Bundesligist mit seinen Nationa
2026-10-07 23:08:14,766 INFO S7 zu wenig Stoff (0 Wörter aus 0 Quellen, Versuch 2/3): Mega-Plan für 2027 – Gigant will Olise und Haaland
2026-10-07 23:08:14,766 INFO S7 zu wenig Stoff (0 Wörter aus 0 Quellen, Versuch 2/3): „Das wäre für Gladbach eine Hiobsbotschaft“
2026-10-07 23:08:14,886 ERROR lxml parsing failed: Document is empty
2026-10-07 23:08:14,886 ERROR lxml parser bytestring Document is empty
2026-10-07 23:08:14,886 ERROR lxml parsing failed: Document is empty
2026-10-07 23:08:14,886 ERROR lxml parser bytestring Document is empty
2026-10-07 23:08:14,887 ERROR empty HTML tree: None
2026-10-07 23:08:14,887 WARNING discarding data: None
2026-10-07 23:08:14,888 INFO S7 kein Volltext (trafilatura_returned_empty): HSV: Der Not-Plan gegen die Sturm-Sorgen
2026-10-07 23:08:14,888 INFO S7 zu wenig Stoff (0 Wörter aus 0 Quellen, Versuch 3/3): HSV: Der Not-Plan gegen die Sturm-Sorgen
2026-10-07 23:08:15,659 INFO S7 kein Volltext (likely_paywall): Harry Kane liefert nächste Gala ab – doch seine Chancen auf 
2026-10-07 23:08:15,659 INFO S7 zu wenig Stoff (0 Wörter aus 0 Quellen, Versuch 3/3): Harry Kane liefert nächste Gala ab – doch seine Chancen auf 
2026-10-07 23:08:15,660 INFO S7 zu wenig Stoff (0 Wörter aus 0 Quellen, Versuch 2/3): Weiser entwickelte „fast eine Psychose“ – Keine Gedanken übe
2026-10-07 23:08:15,827 INFO S7 kein Volltext (seite_zu_alt): Operation Begins at Fenerbahçe for World Star Brahim Diaz
2026-10-07 23:08:15,828 INFO S7 zu wenig Stoff (0 Wörter aus 0 Quellen, Versuch 3/3): Operation Begins at Fenerbahçe for World Star Brahim Diaz
2026-10-07 23:08:15,828 INFO S7 zu wenig Stoff (0 Wörter aus 0 Quellen, Versuch 3/3): „Zusammenarbeit macht sehr viel Spaß“: Eintracht-Boss Krösch
2026-10-07 23:08:15,828 INFO S7 zu wenig Stoff (0 Wörter aus 0 Quellen, Versuch 2/3): „Zusammenarbeit macht sehr viel Spaß“: Eintracht-Boss Krösch
2026-10-07 23:08:15,828 INFO S7 zu wenig Stoff (0 Wörter aus 0 Quellen, Versuch 2/3): Henning Matriciani über unfreiwilligen Abschied vom FC Schal
2026-10-07 23:08:15,829 INFO S7 zu wenig Stoff (0 Wörter aus 0 Quellen, Versuch 2/3): Bayern ließ ihn einst ablösefrei ziehen – jetzt lockt ein mö
2026-10-07 23:08:15,829 INFO S7 zu wenig Stoff (0 Wörter aus 0 Quellen, Versuch 3/3): Matze Ginter im Interview: "Maximal ambitioniert!"
2026-10-07 23:08:15,829 INFO S7 zu wenig Stoff (0 Wörter aus 0 Quellen, Versuch 2/3): Big Match Preview: Borussia Dortmund vs. Werder Bremen
2026-10-07 23:08:15,829 INFO S7 zu wenig Stoff (0 Wörter aus 0 Quellen, Versuch 2/3): Kniffliges Aufstellungspuzzle: Plötzlich hat Eintracht-Train
2026-10-07 23:08:15,829 INFO S7 zu wenig Stoff (0 Wörter aus 0 Quellen, Versuch 2/3): Kanes große Jubiläumsshow: "Der beste englische Spieler jema
2026-10-07 23:08:15,829 INFO S7 zu wenig Stoff (0 Wörter aus 0 Quellen, Versuch 3/3): Union-Verteidiger Querfeld verrät, mit welchem Liverpool-Sta
2026-10-07 23:08:15,829 INFO S7 zu wenig Stoff (0 Wörter aus 0 Quellen, Versuch 2/3): Gladbach draw with St. Pauli in international break friendly
2026-10-07 23:08:15,830 INFO S7 zu wenig Stoff (0 Wörter aus 0 Quellen, Versuch 3/3): Eintracht: Fares Chaibi steckt in der Sackgasse fest
2026-10-07 23:08:15,830 INFO S7 zu wenig Stoff (0 Wörter aus 0 Quellen, Versuch 1/3): Eintracht: Bloß kein Negativlauf
2026-10-07 23:08:15,840 INFO S9.5 FinalCheck: 0/0 durch
2026-10-07 23:08:15,883 INFO 💶 Kosten: dieser Lauf 0.000 $ (Budget 0.063 $) | heute 0.00 $ | Monat 0.72 / 23 $ | konferenz (abo) 1× 0.000 $, schreiben (abo) 1× 0.000 $
2026-10-07 23:08:15,883 INFO 🎫 Abo-Verbrauch: 9,474 Tokens rein (davon Cache gelesen 0), 8,084 raus, API-Gegenwert 0.08 $ | konferenz 1×: 2,688/6,708, schreiben 1×: 6,786/1,376
2026-10-07 23:08:15,939 INFO Feeds: 60/60 begonnen, nächster Lauf startet bei Nr. 0
2026-10-07 23:08:15,939 INFO URL-Cache gespeichert: 27413 URLs
2026-10-07 23:08:15,939 INFO === Fertig. 0 neue Artikel. feed.json: 1466 ===
2026-10-07 23:08:15,939 INFO Stats: {"ts": "20261007_2301", "ingested": 17, "s2_pre_filter": 0, "s3_relevance": 12, "s4_dedup_early": 0, "gesammelt": 5, "geschichten_neu": 5, "s5_archiv_doppelt": 0, "s5_zusammengefuehrt": 0, "s6_aussortiert": 4, "s7_geschrieben": 1, "s7_verworfen": 1, "s5_fulltext_fail": 55, "s8_qa_rejected": 0, "published": 0, "kosten": {"lauf_usd": 0.0, "lauf_budget_usd": 0.0628, "heute_usd": 0.0, "monat_usd": 0.7196, "monatsbudget_usd": 23.0, "aufrufe": {"konferenz (abo)": {"anzahl": 1, "usd": 0.0}, "schreiben (abo)": {"anzahl": 1, "usd": 0.0}}, "guthaben_leer": false, "abo": true, "abo_tokens": {"konferenz": {"aufrufe": 1, "ein": 2688, "cache_schreiben": 0, "cache_lesen": 0, "aus": 6708, "api_wert_usd": 0.0362}, "schreiben": {"aufrufe": 1, "ein": 2, "cache_schreiben": 6784, "cache_lesen": 0, "aus": 1376, "api_wert_usd": 0.0409}}}}
