2026-10-09 19:32:37,685 INFO 💶 Budget: dieser Lauf 0.102 $ | heute 0.00 $ | Monat 0.72 / 23 $
2026-10-09 19:32:38,079 INFO URL-Cache geladen: 31130 bekannte URLs (letzte 30 Tage)
2026-10-09 19:32:38,079 INFO === Ligaoutsider Generator startet – max. 50 Artikel ===
2026-10-09 19:32:38,079 INFO Feed: https://newsfeed.kicker.de/news/bundesliga
2026-10-09 19:32:38,243 INFO S2 blacklist: LIVE! Schlotterbeck in der Startelf gegen Bremen
2026-10-09 19:32:38,244 INFO S1 Medienseite ohne Artikeltext: Wagner über El Malas DFB-Debüt: "Das hat etwas mit ihm gemac
2026-10-09 19:32:38,244 INFO Feed: https://www.sportschau.de/fussball/bundesliga/index~rss2.xml
2026-10-09 19:32:38,793 INFO Feed: https://sportbild.bild.de/feed/sportbild-home.xml
2026-10-09 19:32:39,298 INFO BL-Spielerliste geladen: 1002 Namen
2026-10-09 19:32:39,338 INFO S3 keyword miss: Kommt jetzt Arda Turan? - Türkei: Montella muss gehen!
2026-10-09 19:32:39,416 INFO S3 keyword miss: „Covid! Covid!“ - Xhaka von Fan angepöbelt
2026-10-09 19:32:39,492 INFO S3 keyword miss: Große Überraschung bei der Komkurrenz - Formel 1: Entscheidu
2026-10-09 19:32:39,492 INFO Feed: https://www.bild.de/rss-feeds/rss-16725492,feed=fussball-mix.bild.html
2026-10-09 19:32:40,165 INFO S3 keyword miss: Offizielles Statement des Verbandes - Türkei-Knall!
2026-10-09 19:32:40,166 INFO S2 blacklist: Der große 158-Mio-Gipfel - Das wertvollste Spiel der 2. Bund
2026-10-09 19:32:40,241 INFO S3 keyword miss: Hoch in der Luft - Trainer verrät kuriose Verletzung bei St.
2026-10-09 19:32:40,242 INFO Feed: https://www.11freunde.de/feed
2026-10-09 19:32:41,331 INFO Feed: https://www.bundesliga.com/de/bundesliga/news.rss
2026-10-09 19:32:41,516 INFO Feed: https://news.google.com/rss/topics/CAAqJggKIiBDQkFTRWdvSUwyMHZNRFp1ZEdvU0FtUmxHZ0pFUlNnQVAB?hl=de&gl=DE&ceid=DE:de
2026-10-09 19:32:41,825 INFO S3 keyword miss: Formel 1: Verstappen gewinnt Sprint-Qualifying in Singapur
2026-10-09 19:32:41,825 INFO S2 blacklist: Braunschweig vs. Kiel Tipp, KI Prognose & Quoten 09.10.2026 
2026-10-09 19:32:41,826 INFO S2 blacklist: Nagelsmann vor Comeback? Bundesliga-Topklub offenbar eine Op
2026-10-09 19:32:41,827 INFO S2 blacklist: DFB-Team: Welcher Sender zeigt Deutschland vs. Australien li
2026-10-09 19:32:41,827 INFO S2 blacklist: FC Bayern: Es geht um drei DFB-Stars und einen Urlauber – Dr
2026-10-09 19:32:41,828 INFO S2 blacklist: Aus­fäl­le und TV-​Übertragung: Alle Infos vor dem Spiel Hei
2026-10-09 19:32:41,828 INFO S2 blacklist: Wintersportart steht vor dem Aus
2026-10-09 19:32:41,829 INFO S2 blacklist: Türkei trennt sich von Trainer Montella – Hatte erste WM-Tei
2026-10-09 19:32:41,830 INFO S2 blacklist: Expertentipp zum 8. Spieltag mit Torge Paetow
2026-10-09 19:32:41,914 INFO S3 keyword miss: Gefahrenabwehrordnung: Cannabis-Verbot soll Lilien-Lethargie
2026-10-09 19:32:41,918 INFO Feed: https://news.google.com/rss/search?q=Bundesliga+Testspiel+Ergebnis&hl=de&gl=DE&ceid=DE:de
2026-10-09 19:32:42,400 INFO Feed: https://news.google.com/rss/search?q=Bundesliga+Vorbereitung+Sommertour&hl=de&gl=DE&ceid=DE:de
2026-10-09 19:32:42,807 INFO Feed: https://news.google.com/rss/search?q=Bundesliga+Verletzung+Ausfall+gesperrt&hl=de&gl=DE&ceid=DE:de
2026-10-09 19:32:43,202 INFO Feed: https://news.google.com/rss/search?q=Bundesliga+Transfer+Wechsel+verpflichtet&hl=de&gl=DE&ceid=DE:de
2026-10-09 19:32:43,588 INFO Feed: https://news.google.com/rss/search?q=Bundesliga+Gerücht+Interesse+Angebot&hl=de&gl=DE&ceid=DE:de
2026-10-09 19:32:44,015 INFO Feed: https://news.google.com/rss/search?q=Bundesliga+Vertrag+verlängert+ablösefrei&hl=de&gl=DE&ceid=DE:de
2026-10-09 19:32:44,364 INFO Feed: https://news.google.com/rss/search?q=%22FC+Bayern%22+OR+%22Bayern+M%C3%BCnchen%22+when%3A1d&hl=de&gl=DE&ceid=DE:de
2026-10-09 19:32:44,942 INFO S2 Liveticker übersprungen: Liveticker - FC Bayern München II : SpVgg Unterhaching
2026-10-09 19:32:45,025 INFO S3 keyword miss: Paris Saint-Germain FC
2026-10-09 19:32:45,026 INFO Feed: https://news.google.com/rss/search?q=BVB+OR+%22Borussia+Dortmund%22+when%3A1d&hl=de&gl=DE&ceid=DE:de
2026-10-09 19:32:45,560 INFO S2 Liveticker übersprungen: Werder Bremen im Liveticker gegen Borussia Dortmund: Bundesl
2026-10-09 19:32:45,561 INFO S2 Liveticker übersprungen: Bundesliga heute: Borussia Dortmund – Werder Bremen hier im 
2026-10-09 19:32:45,562 INFO S2 Liveticker übersprungen: BVB will Tabellenführung gegen Bremen festigen: Bundesliga i
2026-10-09 19:32:45,652 INFO S3 keyword miss: „Vielleicht zu kurz gekommen“: Terzic verrät persönlichen Gr
2026-10-09 19:32:45,748 INFO S3 keyword miss: Wenn Popp kommt, ist Volksfest: So erlebt das ehemalige VfL-
2026-10-09 19:32:45,749 INFO S2 blacklist: ~!$"LIVE~IM"!! Borussia Dortmund gegen Werder Bremen heute l
2026-10-09 19:32:45,749 INFO Feed: https://news.google.com/rss/search?q=%22Bayer+Leverkusen%22+OR+%22Bayer+04%22+when%3A1d&hl=de&gl=DE&ceid=DE:de
2026-10-09 19:32:46,255 INFO S3 keyword miss: „Wollte, dass es vorbeigeht“ – Martinez giert mit Bayer auf 
2026-10-09 19:32:46,339 INFO S3 keyword miss: Sophia Winkler: Bilanz gegen Gegenspieler, Trainer & Vereine
2026-10-09 19:32:46,373 INFO Feed: https://news.google.com/rss/search?q=%22RB+Leipzig%22+when%3A1d&hl=de&gl=DE&ceid=DE:de
2026-10-09 19:32:46,918 INFO S2 blacklist: Das steckt hinter den Gerüchten um Julian Nagelsmann
2026-10-09 19:32:46,919 INFO S2 blacklist: RB Leipzig - Beliebtheitsrangliste - Vereine
2026-10-09 19:32:46,919 INFO S2 blacklist: Kehrt Julian Nagelsmann in die Bundesliga zurück?
2026-10-09 19:32:46,920 INFO Feed: https://news.google.com/rss/search?q=%22VfB+Stuttgart%22+when%3A1d&hl=de&gl=DE&ceid=DE:de
2026-10-09 19:32:47,512 INFO S2 blacklist: Seimen oder Bredlow: Wer steht beim VfB in Paderborn im Tor?
2026-10-09 19:32:47,512 INFO Feed: https://news.google.com/rss/search?q=%22Eintracht+Frankfurt%22+when%3A1d&hl=de&gl=DE&ceid=DE:de
2026-10-09 19:32:48,010 INFO S2 blacklist: Fußball Bundesliga: Werder gegen E. Frankfurt - Statistik: A
2026-10-09 19:32:48,013 INFO S2 Liveticker übersprungen: Eintracht Braunschweig - Holstein Kiel Liveticker, 09.10.202
2026-10-09 19:32:48,013 INFO Feed: https://news.google.com/rss/search?q=Gladbach+OR+%22Borussia+M%C3%B6nchengladbach%22+when%3A1d&hl=de&gl=DE&ceid=DE:de
2026-10-09 19:32:48,625 INFO S3 keyword miss: Norbert Dickel: Bilanz gegen Gegenspieler, Trainer & Vereine
2026-10-09 19:32:48,629 INFO Feed: https://news.google.com/rss/search?q=%22SC+Freiburg%22+when%3A1d&hl=de&gl=DE&ceid=DE:de
2026-10-09 19:32:49,145 INFO S3 keyword miss: Interview mit Jochen Saier
2026-10-09 19:32:49,148 INFO Feed: https://news.google.com/rss/search?q=Hoffenheim+when%3A1d&hl=de&gl=DE&ceid=DE:de
2026-10-09 19:32:49,517 INFO S2 blacklist: 5. Spieltag: TSG 1899 Hoffenheim - Hamburger SV - TSG Hoffen
2026-10-09 19:32:49,519 INFO S2 kein BL-Klub im Titel: Ein Drittligist erlebt große Marktwert-Explosion – auch Rot-
2026-10-09 19:32:49,519 INFO Feed: https://news.google.com/rss/search?q=%22Mainz+05%22+when%3A1d&hl=de&gl=DE&ceid=DE:de
2026-10-09 19:32:50,056 INFO S3 keyword miss: Franz Mattes
2026-10-09 19:32:50,105 INFO Feed: https://news.google.com/rss/search?q=%22FC+Augsburg%22+when%3A1d&hl=de&gl=DE&ceid=DE:de
2026-10-09 19:32:50,640 INFO S2 blacklist: Heiko Herrlich - Eingesetzte Spieler (Galerie) | Seite 265
2026-10-09 19:32:50,643 INFO Feed: https://news.google.com/rss/search?q=%22Union+Berlin%22+when%3A1d&hl=de&gl=DE&ceid=DE:de
2026-10-09 19:32:51,033 INFO Feed: https://news.google.com/rss/search?q=%22Werder+Bremen%22+when%3A1d&hl=de&gl=DE&ceid=DE:de
2026-10-09 19:32:51,668 INFO S3 keyword miss: Sportblitz vom 9. Oktober
2026-10-09 19:32:51,674 INFO S2 blacklist: ~!$[Live-Übertragung]TV#] BVB vs. Werder Bremen heute im liv
2026-10-09 19:32:51,674 INFO S2 blacklist: ~!$"LIVE~IM"!! BVB vs. Werder Bremen heute im live Übertragu
2026-10-09 19:32:51,680 INFO S2 Liveticker übersprungen: !++[LIVESTREAMS]FREE!! Werder Bremen - BVB live im Free-TV, 
2026-10-09 19:32:51,681 INFO S2 blacklist: ~!$"LIVE~IM"!! Werder Bremen gegen Borussia Dortmund heute l
2026-10-09 19:32:51,682 INFO S2 Liveticker übersprungen: ~!$[Live-Übertragung]TV#] BVB vs. Werder Bremen Heute Live-T
2026-10-09 19:32:51,683 INFO S2 blacklist: !+∇√$[+[!LIVESTREAMs!]+] Borussia Dortmund – Werder Bremen h
2026-10-09 19:32:51,686 INFO Feed: https://news.google.com/rss/search?q=HSV+OR+%22Hamburger+SV%22+when%3A1d&hl=de&gl=DE&ceid=DE:de
2026-10-09 19:32:52,148 INFO S2 blacklist: Hamburger SV - Kader im Detail 62/63 (Galerie) | Seite 16
2026-10-09 19:32:52,148 INFO S2 blacklist: Hamburger SV
2026-10-09 19:32:52,149 INFO S2 blacklist: Hoffenheim-Coach schimpft auf XXL-Länderspielpause
2026-10-09 19:32:52,149 INFO Feed: https://news.google.com/rss/search?q=%221.+FC+K%C3%B6ln%22+OR+%22FC+K%C3%B6ln%22+when%3A1d&hl=de&gl=DE&ceid=DE:de
2026-10-09 19:32:52,559 INFO S2 blacklist: U17 DFB-Nachwuchsliga - Vorrunde Gruppe E - Mannschaftskapit
2026-10-09 19:32:52,561 INFO Feed: https://news.google.com/rss/search?q=Schalke+when%3A1d&hl=de&gl=DE&ceid=DE:de
2026-10-09 19:32:53,288 INFO S3 keyword miss: Das war’s, Ralf Fährmann! Jetzt hast du dir deinen Ruf endgü
2026-10-09 19:32:53,288 INFO Feed: https://news.google.com/rss/search?q=Elversberg+when%3A1d&hl=de&gl=DE&ceid=DE:de
2026-10-09 19:32:53,906 INFO S3 keyword miss: Bundesliga Prognosen – Meine Experten Tipps zum 5. Spieltag
2026-10-09 19:32:53,906 INFO Feed: https://news.google.com/rss/search?q=%22SC+Paderborn%22+when%3A1d&hl=de&gl=DE&ceid=DE:de
2026-10-09 19:32:54,446 INFO S3 keyword miss: Fußball-Whistleblower Pinto darf Polizeischutz behalten
2026-10-09 19:32:54,527 INFO S3 keyword miss: Felix Lohkemper: Bilanz gegen Gegenspieler, Trainer & Verein
2026-10-09 19:32:54,528 INFO Feed: https://www.transfermarkt.de/rss/news
2026-10-09 19:32:54,562 INFO Feed: https://www.waz.de/sport/fussball/rss
2026-10-09 19:32:55,006 INFO Feed: https://www.faz.net/rss/aktuell/sport/fussball/bundesliga/
2026-10-09 19:32:55,302 INFO Feed: https://bulinews.com/rss.xml
2026-10-09 19:32:55,742 INFO Feed: https://www.abendblatt.de/sport/rss
2026-10-09 19:32:56,171 INFO Feed: https://www.merkur.de/sport/fc-bayern/rssfeed.rdf
2026-10-09 19:32:56,986 INFO S2 blacklist: Nächster Rückschlag für Leon Goretzka nach Bayern-Abgang
2026-10-09 19:32:56,987 INFO Feed: https://www.eyefootball.com/rss_news_main.xml
2026-10-09 19:32:57,349 INFO Feed: https://www.ligaportal.at/international/deutsche-bundesliga?format=feed&type=rss
2026-10-09 19:32:59,788 INFO Feed: https://www.reddit.com/r/soccer/new.rss?limit=100
2026-10-09 19:33:00,715 INFO S3 keyword miss: Lithuania W 0-3 Sweden W - Felicia Schroder 63'
2026-10-09 19:33:00,795 INFO S3 keyword miss: Lithuania W 0-2 Sweden W - Felicia Schroder 58'
2026-10-09 19:33:00,799 INFO S2 kein BL-Klub im Titel: Preußen Münster [1]-0 RW Essen - Montell Ndikom 16'
2026-10-09 19:33:00,877 INFO S3 keyword miss: Romania W 0-1 Norway W - Guro Reiten 10'
2026-10-09 19:33:00,961 INFO S3 keyword miss: Xavi Simons accepted into Harvard course while recovering fr
2026-10-09 19:33:01,042 INFO S3 keyword miss: Greece W 0-1 England W - Georgia Stanway 39'
2026-10-09 19:33:01,045 INFO S2 kein BL-Klub im Titel: Braunschweig 1-0 Holstein Kiel - Jan Urbich 11'
2026-10-09 19:33:01,125 INFO S3 keyword miss: Lithuania W 0-1 Sweden W - Felicia Schroder penalty 23'
2026-10-09 19:33:01,214 INFO S3 keyword miss: Pierre Sage on Glasner: "I don't want to compare, but have b
2026-10-09 19:33:01,299 INFO S3 keyword miss: Officially: Turkey announce Montella's departure as Turan ne
2026-10-09 19:33:01,300 INFO S2 blacklist: Match Thread: 1. FC Heidenheim 1846 vs Kaiserslautern | Germ
2026-10-09 19:33:01,301 INFO S2 blacklist: Match Thread: 2. Bundesliga Friday Konferenz (Simulcast) - R
2026-10-09 19:33:01,383 INFO S3 keyword miss: [Di Marzio] Turkey sack Vincenzo Montella as head coach
2026-10-09 19:33:01,474 INFO S3 keyword miss: Football leak whistleblower Rui Pinto will remain under witn
2026-10-09 19:33:01,550 INFO Feed: https://newsfeed.kicker.de/team/fc-bayern-muenchen
2026-10-09 19:33:01,603 INFO Feed: https://newsfeed.kicker.de/team/borussia-dortmund
2026-10-09 19:33:01,748 INFO Feed: https://newsfeed.kicker.de/team/rb-leipzig
2026-10-09 19:33:01,800 INFO Feed: https://newsfeed.kicker.de/team/bayer-04-leverkusen
2026-10-09 19:33:01,851 INFO Feed: https://newsfeed.kicker.de/team/vfb-stuttgart
2026-10-09 19:33:01,904 INFO Feed: https://newsfeed.kicker.de/team/eintracht-frankfurt
2026-10-09 19:33:02,049 INFO Feed: https://newsfeed.kicker.de/team/bor-moenchengladbach
2026-10-09 19:33:02,097 INFO Feed: https://newsfeed.kicker.de/team/sc-freiburg
2026-10-09 19:33:02,147 INFO Feed: https://newsfeed.kicker.de/team/tsg-hoffenheim
2026-10-09 19:33:02,199 INFO Feed: https://newsfeed.kicker.de/team/1-fsv-mainz-05
2026-10-09 19:33:02,356 INFO Feed: https://newsfeed.kicker.de/team/fc-augsburg
2026-10-09 19:33:02,507 INFO Feed: https://newsfeed.kicker.de/team/1-fc-union-berlin
2026-10-09 19:33:02,660 INFO Feed: https://newsfeed.kicker.de/team/werder-bremen
2026-10-09 19:33:02,715 INFO Feed: https://newsfeed.kicker.de/team/hamburger-sv
2026-10-09 19:33:02,763 INFO Feed: https://newsfeed.kicker.de/team/1-fc-koeln
2026-10-09 19:33:02,910 INFO Feed: https://newsfeed.kicker.de/team/fc-schalke-04
2026-10-09 19:33:03,060 INFO Feed: https://newsfeed.kicker.de/team/sv-elversberg
2026-10-09 19:33:03,331 INFO Feed: https://newsfeed.kicker.de/team/sc-paderborn-07
2026-10-09 19:33:03,493 INFO Feed: https://newsfeed.kicker.de/news/champions-league
2026-10-09 19:33:03,545 INFO Feed: ligainsider:themen
2026-10-09 19:33:27,021 INFO LigaInsider (Themenfinder): 171 Meldungen von 18 Vereinsseiten
2026-10-09 19:33:40,185 INFO Eingelesen: 93 Schlagzeilen nach den Gratis-Filtern
2026-10-09 19:33:41,955 INFO S5 kein Bundesliga-Spieler oder -Klub erkennbar: Selbst Florian Wirtz ist beeindruckt: Deutsche will den Ballon d'Or
2026-10-09 19:33:41,961 INFO S5 Randthema: Tickets für 1. FSV Mainz 05 gegen Bayer 04 Leverkusen: Bundesliga in d
2026-10-09 19:33:41,967 INFO S5 schon berichtet (Gladbach bangt vor dem Derby um Kapitän Klein): Derby in Gefahr: Gladbach bangt um zwei Stars
2026-10-09 19:33:41,969 INFO S5 Randthema: SC Freiburg präsentiert in der Mitgliederversammlung neuen Rekordumsat
2026-10-09 19:33:41,969 INFO S5 Randthema: SC Freiburg: Rekordumsatz von 212,1 Millionen Euro in der Saison 2025/
2026-10-09 19:33:41,970 INFO S5 kein Bundesliga-Spieler oder -Klub erkennbar: Horst Schulz
2026-10-09 19:33:41,972 INFO S5 Fan-Wahl/Nachwuchs: 1.FC Union Berlin Jugend
2026-10-09 19:33:41,978 INFO S5 kein Bundesliga-Spieler oder -Klub erkennbar: Tennis Borussia Berlin
2026-10-09 19:33:41,979 INFO S5 kein Bundesliga-Spieler oder -Klub erkennbar: Santos vs Flamengo - Brasileirão Série A - Red card given to Jorginho 
2026-10-09 19:33:41,980 INFO S5: 68 neue Geschichten, 1 schon berichtet, 1 zu wartenden Geschichten ergänzt, 45 warten
2026-10-09 19:36:19,011 INFO S6 aussortiert (prio_0): Dr. Müller-Wohlfahrt: „Ich will die Heilung stimulieren, bei der Heilu
2026-10-09 19:36:19,011 INFO S6 aussortiert (prio_0): Joselu kehrt nach Katar zurück: Viertwertvollster vereinsloser Mittels
2026-10-09 19:36:19,011 INFO S6 aussortiert (doppelt): Bayerisches Derby – Der FC Bayern trifft auf den FCA
2026-10-09 19:36:19,012 INFO S6 aussortiert (prio_0): Hier läuft FC Bayern II gegen SpVgg Unterhaching jetzt live: Übertragu
2026-10-09 19:36:19,012 INFO S6 aussortiert (prio_0): Fußball Bundesliga: Nürnberg gegen Werder - Übersicht über die Torjäge
2026-10-09 19:36:19,012 INFO S6 aussortiert (prio_0): Fußball Bundesliga: Hamburg gegen FC Bayern - Statistik: Top-Scorer - 
2026-10-09 19:36:19,013 INFO S6 aussortiert (prio_0): Fußball Bundesliga: K'lautern gegen FC Bayern - Übersicht über die Lau
2026-10-09 19:36:19,013 INFO S6 aussortiert (prio_0): FC Augsburg - FC Bayern München Statistiken: Fußball Ergebnisse & Info
2026-10-09 19:36:19,013 INFO S6 aussortiert (prio_0): FC Augsburg - FC Bayern München | Weitere Spiele: Fußball Live-Updates
2026-10-09 19:36:19,013 INFO S6 aussortiert (prio_0): Tackles per match - Bayern München stats for Bundesliga 2025/2026
2026-10-09 19:36:19,014 INFO S6 aussortiert (prio_1): Fashion-Show beim BVB: Was diese Partnerschaft für Søren bedeutet
2026-10-09 19:36:19,014 INFO S6 aussortiert (prio_0): Borussia Dortmund II
2026-10-09 19:36:19,014 INFO S6 aussortiert (prio_0): 1. FSV Mainz 05 - Bayer 04 Leverkusen | Weitere Spiele: Fußball Live-U
2026-10-09 19:36:19,014 INFO S6 aussortiert (prio_0): Equi Fernández: Bilanz gegen Gegenspieler, Trainer & Vereine
2026-10-09 19:36:19,014 INFO S6 aussortiert (prio_1): RB Leipzig erweitert Zusammenarbeit mit DHL
2026-10-09 19:36:19,015 INFO S6 aussortiert (prio_0): Fußball Bundesliga: Stuttgart gegen Duisburg - Übersicht über die Kart
2026-10-09 19:36:19,015 INFO S6 aussortiert (prio_0): Fußball Bundesliga: Dortmund gegen Stuttgart - Ergebnisse - 29. Spielt
2026-10-09 19:36:19,015 INFO S6 aussortiert (prio_0): Fußball Bundesliga: Braunschweig gegen Stuttgart - Statistik: Fouls be
2026-10-09 19:36:19,015 INFO S6 aussortiert (prio_0): Fußball DFB-Pokal: Paderborn gegen Stuttgart - Übersicht über die Kart
2026-10-09 19:36:19,015 INFO S6 aussortiert (prio_1): „Eintracht vom Main“: Memeti, Kampfsport, Traditionsduell
2026-10-09 19:36:19,016 INFO S6 aussortiert (prio_1): Marktschänke öffnet wieder: Eintracht-Fans übernehmen Kult-Kneipe
2026-10-09 19:36:19,016 INFO S6 aussortiert (prio_0): Fußball Bundesliga: M'gladbach gegen E. Frankfurt - Ergebnisse - 6. Sp
2026-10-09 19:36:19,016 INFO S6 aussortiert (prio_1): Eintracht tippen und gewinnen: Auswärtsspiel in Leipzig
2026-10-09 19:36:19,017 INFO S6 aussortiert (prio_0): Fußball Bundesliga: E. Frankfurt gegen Dortmund - Übersicht über die L
2026-10-09 19:36:19,017 INFO S6 aussortiert (prio_0): Fußball Bundesliga: E. Frankfurt gegen RW Essen - Übersicht über die T
2026-10-09 19:36:19,017 INFO S6 aussortiert (prio_0): Fußball Conference League: Freiburg gegen Panathinaikos - Ergebnisse -
2026-10-09 19:36:19,017 INFO S6 aussortiert (prio_0): Nikolas Nartey: Bilanz gegen Gegenspieler, Trainer & Vereine
2026-10-09 19:36:19,017 INFO S6 aussortiert (prio_1): Es geht um das Hotel: Ungewöhnliche Bayern-Maßnahme vor Augsburg-Spiel
2026-10-09 19:36:19,018 INFO S6 aussortiert (prio_0): Bayern gegen Augsburg - da war doch was?
2026-10-09 19:36:19,018 INFO S6 aussortiert (prio_0): Fußball Bundesliga: Dortmund gegen Werder - Statistik: Torjäger - 5. S
2026-10-09 19:36:19,018 INFO S6 aussortiert (prio_0): !$√[Übertragung/TV!]@! Borussia Dortmund gegen Werder Bremen heute liv
2026-10-09 19:36:19,018 INFO S6 aussortiert (prio_0): ~!$"LIVE~IM"!! Borussia Dortmund – Werder Bremen im Live Übertragung F
2026-10-09 19:36:19,019 INFO S6 aussortiert (prio_0): !$√[TV/Übertragung!]@! BVB gegen Werder Bremen live stream kostenlos 9
2026-10-09 19:36:19,019 INFO S6 aussortiert (prio_0): #√[[Live-Fußball+!]] BVB vs. Werder Bremen heute im live Übertragung 9
2026-10-09 19:36:19,019 INFO S6 aussortiert (prio_0): !$√[Übertragung/TV!]@! BVB - Werder Bremen im Live Übertragung Free-TV
2026-10-09 19:36:19,020 INFO S6 aussortiert (prio_1): Verena will den 1. FC Köln sehen – für sie könnte es das letzte Mal se
2026-10-09 19:36:19,020 INFO S6 aussortiert (prio_0): Fußball Bundesliga: Schalke gegen Rostock - Übersicht über die Karten 
2026-10-09 19:36:19,020 INFO S6 aussortiert (doppelt): Confirmed Lineups: Borussia Dortmund vs. Werder Bremen
2026-10-09 19:36:19,020 INFO S6 aussortiert (doppelt): El Ouahdi fällt gegen Hoffenheim aus
2026-10-09 19:36:19,020 INFO S6 aussortiert (prio_1): Emanzipation an der Elbe: So wurde aus dem HSV der Handball Club Hambu
2026-10-09 19:36:19,021 INFO S6 aussortiert (prio_1): "Dann waren da van der Vaart und de Jong und haben im Jacuzzi gesessen
2026-10-09 19:36:19,021 INFO S6 aussortiert (prio_1): 1. FC Köln veröffentlicht Fan-Mobilitätsanalyse
2026-10-09 19:36:19,021 INFO S6 aussortiert (prio_1): Ab 14 Uhr: Pressekonferenz vor #KOEBMG
2026-10-09 19:36:19,021 INFO S6 aussortiert (prio_0): Luca Waldschmidt: Saison-Stats Bundesliga 2026/27 im Ligavergleich
2026-10-09 19:36:19,021 INFO S6 aussortiert (doppelt): Schalke-Trainer Muslic platzt der Kragen: „Nicht im Sinne der Spieler“
2026-10-09 19:36:19,022 INFO S6 aussortiert (prio_0): (k+) Als Schalkes zahme Kaninchen Bayerns Weltmeister filetierten
2026-10-09 19:36:19,022 INFO S6 aussortiert (prio_1): Elversberg: Playmobil-Figur? Wagner witzelt über neue Frisur
2026-10-09 19:36:19,022 INFO S6 aussortiert (doppelt): Mainz 05 vs. Bayer Leverkusen preview: Visitors looking to extend unbe
2026-10-09 19:36:34,308 INFO S6.5 schon berichtet (Tabellenführer Dortmund empfängt Werder zum F): Angeschlagenes BVB‑Trio um Nico Schlotterbeck offenbar fit f
2026-10-09 19:36:37,769 INFO S6.5 schon berichtet (Tabellenführer Dortmund empfängt Werder zum F): Dortmund vs. Bremen: Startelf-Überraschungen beim BVB
2026-10-09 19:36:38,921 INFO S7 kein Volltext (too_short_56_words): Dennis Seimen feiert sein Stuttgart-Debüt ausgerechnet beim 
2026-10-09 19:36:38,921 INFO S7 zu wenig Stoff (0 Wörter aus 0 Quellen, Versuch 1/3): Dennis Seimen feiert sein Stuttgart-Debüt ausgerechnet beim 
2026-10-09 19:36:41,892 INFO S6.5 schon berichtet (Leverkusen ohne Kofane, Einsatz von Maza offe): Bayer Leverkusen: Kofane fällt mit Muskelverletzung mehrere 
2026-10-09 19:36:42,451 INFO S7 kein Volltext (seite_zu_alt): Kompany über Musiala: „Rückschläge formen dich fürs Leben“
2026-10-09 19:36:42,451 INFO S7 zu wenig Stoff (0 Wörter aus 0 Quellen, Versuch 2/3): Kompany über Musiala: „Rückschläge formen dich fürs Leben“
2026-10-09 19:36:44,123 INFO S7 kein Volltext (too_short_56_words): Schalke-PK vor dem Freiburg-Spiel im Video Muslic über Sturm
2026-10-09 19:36:44,123 INFO S7 zu wenig Stoff (0 Wörter aus 0 Quellen, Versuch 3/3): Schalke-PK vor dem Freiburg-Spiel im Video Muslic über Sturm
2026-10-09 19:36:45,471 INFO S7 kein Volltext (too_short_57_words): Kann der HSV für das Hoffenheim-Spiel auf El Ouahdi setzen?
2026-10-09 19:36:45,471 INFO S7 zu wenig Stoff (0 Wörter aus 0 Quellen, Versuch 3/3): Kann der HSV für das Hoffenheim-Spiel auf El Ouahdi setzen?
2026-10-09 19:36:45,778 ERROR lxml parsing failed: Document is empty
2026-10-09 19:36:45,779 ERROR lxml parser bytestring Document is empty
2026-10-09 19:36:45,779 ERROR lxml parsing failed: Document is empty
2026-10-09 19:36:45,779 ERROR lxml parser bytestring Document is empty
2026-10-09 19:36:45,779 ERROR empty HTML tree: None
2026-10-09 19:36:45,779 WARNING discarding data: None
2026-10-09 19:36:45,780 INFO S7 kein Volltext (trafilatura_returned_empty): Neuhaus erhält unter Blessin neue Chance: Muss Fähigkeiten „
2026-10-09 19:36:45,780 INFO S7 zu wenig Stoff (0 Wörter aus 0 Quellen, Versuch 3/3): Neuhaus erhält unter Blessin neue Chance: Muss Fähigkeiten „
2026-10-09 19:36:46,095 ERROR lxml parsing failed: Document is empty
2026-10-09 19:36:46,095 ERROR lxml parser bytestring Document is empty
2026-10-09 19:36:46,096 ERROR lxml parsing failed: Document is empty
2026-10-09 19:36:46,096 ERROR lxml parser bytestring Document is empty
2026-10-09 19:36:46,096 ERROR empty HTML tree: None
2026-10-09 19:36:46,096 WARNING discarding data: None
2026-10-09 19:36:46,096 INFO S7 kein Volltext (trafilatura_returned_empty): Nwaneri: "Jobe hat mich dazu ermutigt" | Erste Worte als BVB
2026-10-09 19:36:46,097 INFO S7 zu wenig Stoff (0 Wörter aus 0 Quellen, Versuch 3/3): Nwaneri: "Jobe hat mich dazu ermutigt" | Erste Worte als BVB
2026-10-09 19:36:46,600 WARNING discarding data: None
2026-10-09 19:36:46,601 INFO S7 kein Volltext (trafilatura_returned_empty): Borussia Mönchengladbach: Setzt Blessin im Derby auf umstrit
2026-10-09 19:36:46,601 INFO S7 zu wenig Stoff (0 Wörter aus 0 Quellen, Versuch 3/3): Borussia Mönchengladbach: Setzt Blessin im Derby auf umstrit
2026-10-09 19:36:46,849 ERROR lxml parsing failed: Document is empty
2026-10-09 19:36:46,849 ERROR lxml parser bytestring Document is empty
2026-10-09 19:36:46,850 ERROR lxml parsing failed: Document is empty
2026-10-09 19:36:46,850 ERROR lxml parser bytestring Document is empty
2026-10-09 19:36:46,850 ERROR empty HTML tree: None
2026-10-09 19:36:46,850 WARNING discarding data: None
2026-10-09 19:36:46,850 INFO S7 kein Volltext (trafilatura_returned_empty): 3:2 nach 0:2 in der 89. Minute: Das wundersame Werder-Comeba
2026-10-09 19:36:46,850 INFO S7 zu wenig Stoff (0 Wörter aus 0 Quellen, Versuch 3/3): 3:2 nach 0:2 in der 89. Minute: Das wundersame Werder-Comeba
2026-10-09 19:36:48,201 INFO S7 kein Volltext (seite_zu_alt): Nach Kreislaufproblemen: BVB gibt Update zu Karetsas - Kein 
2026-10-09 19:36:48,202 INFO S7 zu wenig Stoff (0 Wörter aus 0 Quellen, Versuch 1/3): Nach Kreislaufproblemen: BVB gibt Update zu Karetsas - Kein 
2026-10-09 19:36:48,573 WARNING discarding data: None
2026-10-09 19:36:48,574 INFO S7 kein Volltext (trafilatura_returned_empty): "Keine Zweifel": Vincent Kompany gibt vor dem Augsburg-Spiel
2026-10-09 19:36:48,574 INFO S7 zu wenig Stoff (0 Wörter aus 0 Quellen, Versuch 1/3): "Keine Zweifel": Vincent Kompany gibt vor dem Augsburg-Spiel
2026-10-09 19:36:48,989 INFO S7 kein Volltext (seite_zu_alt): SC Paderborn 07 - VfB Stuttgart Kader & Aufstellungen: Bunde
2026-10-09 19:36:48,990 INFO S7 zu wenig Stoff (0 Wörter aus 0 Quellen, Versuch 1/3): SC Paderborn 07 - VfB Stuttgart Kader & Aufstellungen: Bunde
2026-10-09 19:36:49,812 INFO S7 kein Volltext (likely_paywall): Eintracht-Neuzugang galt als zu nett: Eine ungewöhnliche Maß
2026-10-09 19:36:51,186 INFO S7 kein Volltext (likely_paywall): Eintracht-Neuzugang galt als zu nett: Eine ungewöhnliche Maß
2026-10-09 19:36:51,186 INFO S7 zu wenig Stoff (0 Wörter aus 0 Quellen, Versuch 2/3): Eintracht-Neuzugang galt als zu nett: Eine ungewöhnliche Maß
2026-10-09 19:36:55,160 INFO S6.5 schon berichtet (Schalke vor Freiburg: Karaman trotzt der Ausw): SC Freiburg vs. FC Schalke 04 preview: Unbeaten hosts face S
2026-10-09 19:36:55,463 ERROR lxml parsing failed: Document is empty
2026-10-09 19:36:55,463 ERROR lxml parser bytestring Document is empty
2026-10-09 19:36:55,464 ERROR lxml parsing failed: Document is empty
2026-10-09 19:36:55,464 ERROR lxml parser bytestring Document is empty
2026-10-09 19:36:55,464 ERROR empty HTML tree: None
2026-10-09 19:36:55,464 WARNING discarding data: None
2026-10-09 19:36:55,465 INFO S7 kein Volltext (trafilatura_returned_empty): Vorbild Klopp: Demichelis lässt Druck bei RB Leipzig kalt – 
2026-10-09 19:36:55,465 INFO S7 zu wenig Stoff (0 Wörter aus 0 Quellen, Versuch 1/3): Vorbild Klopp: Demichelis lässt Druck bei RB Leipzig kalt – 
2026-10-09 19:36:59,596 INFO S6.5 schon berichtet (Köln vor dem Derby: Trainer Wagner unter Druc): 1. FC Köln vor dem Rheinderby: Köln gewinnt, weil es das Der
2026-10-09 19:37:00,259 INFO S7 kein Volltext (seite_zu_alt): "Zeit ist reif": Gladbach siegt, weil Blessin genau das Rich
2026-10-09 19:37:00,259 INFO S7 zu wenig Stoff (0 Wörter aus 0 Quellen, Versuch 1/3): "Zeit ist reif": Gladbach siegt, weil Blessin genau das Rich
2026-10-09 19:37:05,587 INFO S7 schreiben (Prio 2, 1 Quellen): "Es war wunderschön": Junior Adamu über Tor-Premiere für Öst
2026-10-09 19:37:14,590 INFO   Kandidat: Adamu über Länderspieltor: „Es war wunderschön“
2026-10-09 19:37:19,007 INFO S6.5 schon berichtet (Union läuft weniger als die Gegner: Fehlstart): Krise in Köpenick: Wie viel Veränderung verträgt Union Berli
2026-10-09 19:37:23,365 INFO S6.5 schon berichtet (HSV vor Hoffenheim: Stange könnte im Sturm ei): Hoffenheim will gegen den HSV „brutale Energie“ auf den Plat
2026-10-09 19:37:23,620 WARNING discarding data: None
2026-10-09 19:37:23,621 INFO S7 kein Volltext (trafilatura_returned_empty): FC Schalke 04: Spannende Details um möglichen Muslic-Abgang 
2026-10-09 19:37:23,621 INFO S7 zu wenig Stoff (0 Wörter aus 0 Quellen, Versuch 1/3): FC Schalke 04: Spannende Details um möglichen Muslic-Abgang 
2026-10-09 19:37:26,215 INFO S6.5 schon berichtet (Union ohne Andrej Ilic gegen Elversberg, Latt): Sturm-Alarm bei Union Berlin: Bringt Er jetzt die Wende?
2026-10-09 19:37:27,265 INFO S7 kein Volltext (too_short_51_words): RB Leipzig und Demichelis wollen gegen Eintracht Frankfurt f
2026-10-09 19:37:27,265 INFO S7 zu wenig Stoff (0 Wörter aus 0 Quellen, Versuch 1/3): RB Leipzig und Demichelis wollen gegen Eintracht Frankfurt f
2026-10-09 19:37:30,900 INFO S7 schreiben (Prio 2, 1 Quellen): Krasse Maßnahme vor Derby? Entscheidung beim 1. FC Köln gefa
2026-10-09 19:37:37,976 INFO S7.6 doppelt (Köln hält vor dem Derby an Trainer Wagner fest): Köln verzichtet trotz Ausfällen von Dallinga und A
2026-10-09 19:37:42,032 INFO S7 schreiben (Prio 2, 1 Quellen): Leidenszeit vorbei: Startet diese Schalke-Leihgabe jetzt end
2026-10-09 19:37:51,716 INFO   Kandidat: Schalke-Leihgabe Gomis beendet Torflaute bei Teneriffa
2026-10-09 19:37:52,236 INFO S7 kein Volltext (too_short_15_words): Union Berlin: Mit Schweiz-Duo zum Erfolg?
2026-10-09 19:37:52,236 INFO S7 zu wenig Stoff (0 Wörter aus 0 Quellen, Versuch 1/3): Union Berlin: Mit Schweiz-Duo zum Erfolg?
2026-10-09 19:37:52,670 INFO S7 kein Volltext (too_short_64_words): Nach der 0:6-Schmach - Hütters geheimer Rache-Plan für Leipz
2026-10-09 19:37:52,670 INFO S7 zu wenig Stoff (0 Wörter aus 0 Quellen, Versuch 3/3): Nach der 0:6-Schmach - Hütters geheimer Rache-Plan für Leipz
2026-10-09 19:37:55,184 INFO S6.5 schon berichtet (HSV: Warmed Omari droht trotz Spielpraxis die): HSV hofft auf Bornauw: Endet jetzt die Defensiv-Misere?
2026-10-09 19:37:55,939 INFO S7 kein Volltext (too_short_66_words): Schalkes Torproblem: Fünf Argumente verändern plötzlich die 
2026-10-09 19:37:55,939 INFO S7 zu wenig Stoff (0 Wörter aus 0 Quellen, Versuch 1/3): Schalkes Torproblem: Fünf Argumente verändern plötzlich die 
2026-10-09 19:37:56,298 WARNING discarding data: None
2026-10-09 19:37:56,299 INFO S7 kein Volltext (trafilatura_returned_empty): Borussia Dortmund kämpft mit Brighton um Transfer eines jung
2026-10-09 19:37:56,299 INFO S7 zu wenig Stoff (0 Wörter aus 0 Quellen, Versuch 2/3): Borussia Dortmund kämpft mit Brighton um Transfer eines jung
2026-10-09 19:37:59,218 INFO S6.5 schon berichtet (Bayern ringt um Verlängerung mit Torwart Leon): Bayerns Talentdilemma: Prescott droht der Abgang, Stenzel wa
2026-10-09 19:38:06,739 INFO S7 schreiben (Prio 2, 1 Quellen): Kane zuerst: Bayern will danach auch Olise binden
2026-10-09 19:38:13,477 INFO   Kandidat: Bayern will erst Kane und dann Olise langfristig binden
2026-10-09 19:38:13,850 INFO S7 kein Volltext (too_short_15_words): ''Eine unfassbar coole Arbeit'' - Muslic lobt Freiburg & Sch
2026-10-09 19:38:13,850 INFO S7 zu wenig Stoff (0 Wörter aus 0 Quellen, Versuch 2/3): ''Eine unfassbar coole Arbeit'' - Muslic lobt Freiburg & Sch
2026-10-09 19:38:14,500 INFO S7 kein Volltext (too_short_8_words): RB Leipzig gegen Eintracht Frankfurt: Schmidt, Demichelis un
2026-10-09 19:38:14,500 INFO S7 zu wenig Stoff (0 Wörter aus 0 Quellen, Versuch 2/3): RB Leipzig gegen Eintracht Frankfurt: Schmidt, Demichelis un
2026-10-09 19:38:19,910 INFO S6.5 schon berichtet (Leipzig gegen Frankfurt: Duell zweier Teams i): Fußball: Eintracht Frankfurt vor Leipzig mit Systemfrage
2026-10-09 19:38:20,319 ERROR lxml parsing failed: Document is empty
2026-10-09 19:38:20,319 ERROR lxml parser bytestring Document is empty
2026-10-09 19:38:20,320 ERROR lxml parsing failed: Document is empty
2026-10-09 19:38:20,320 ERROR lxml parser bytestring Document is empty
2026-10-09 19:38:20,320 ERROR empty HTML tree: None
2026-10-09 19:38:20,320 WARNING discarding data: None
2026-10-09 19:38:20,321 INFO S7 kein Volltext (trafilatura_returned_empty): Freiburgs Coach Schuster: "Von der Kabine her eine Top-Team"
2026-10-09 19:38:20,321 INFO S7 zu wenig Stoff (0 Wörter aus 0 Quellen, Versuch 2/3): Freiburgs Coach Schuster: "Von der Kabine her eine Top-Team"
2026-10-09 19:38:21,281 INFO S7 kein Volltext (likely_paywall): Gladbach boss Blessin opens door for Neuhaus after difficult
2026-10-09 19:38:21,281 INFO S7 zu wenig Stoff (0 Wörter aus 0 Quellen, Versuch 1/3): Gladbach boss Blessin opens door for Neuhaus after difficult
2026-10-09 19:38:28,973 INFO S6.5 schon berichtet (Schalke vor Freiburg: Karaman trotzt der Ausw): Drei heiße Aufgaben für Schalke 04: Jetzt muss Miron Muslic 
2026-10-09 19:38:37,056 INFO S6.5 schon berichtet (Muslic kritisiert Länderspielpause: „Mehr Zei): Muslic wundert sich wegen Ayhan: Schalke-Coach übt deutliche
2026-10-09 19:38:37,480 WARNING discarding data: None
2026-10-09 19:38:37,481 INFO S7 kein Volltext (trafilatura_returned_empty): FC Schalke 04: Neue Details um Muslic-Klausel enthüllt
2026-10-09 19:38:37,481 INFO S7 zu wenig Stoff (0 Wörter aus 0 Quellen, Versuch 1/3): FC Schalke 04: Neue Details um Muslic-Klausel enthüllt
2026-10-09 19:38:37,744 WARNING discarding data: None
2026-10-09 19:38:37,744 INFO S7 kein Volltext (trafilatura_returned_empty): Lustrinelli zieht Elversberg-Parallele: "Ich kenne dieses Ge
2026-10-09 19:38:37,744 INFO S7 zu wenig Stoff (0 Wörter aus 0 Quellen, Versuch 1/3): Lustrinelli zieht Elversberg-Parallele: "Ich kenne dieses Ge
2026-10-09 19:38:38,589 INFO S7 kein Volltext (too_short_48_words): RB Leipzig: Der Trainer muss jetzt liefern
2026-10-09 19:38:38,590 INFO S7 zu wenig Stoff (0 Wörter aus 0 Quellen, Versuch 2/3): RB Leipzig: Der Trainer muss jetzt liefern
2026-10-09 19:38:38,962 INFO S7 kein Volltext (too_short_15_words): ''Die Stimmung ist immer gut'' - Muslic will Flow mit nach F
2026-10-09 19:38:38,963 INFO S7 zu wenig Stoff (0 Wörter aus 0 Quellen, Versuch 3/3): ''Die Stimmung ist immer gut'' - Muslic will Flow mit nach F
2026-10-09 19:38:39,579 INFO S7 kein Volltext (too_short_29_words): Vor dem Auswärtsspiel in Hoffenheim: Der HSV im Aufwind?
2026-10-09 19:38:39,579 INFO S7 zu wenig Stoff (0 Wörter aus 0 Quellen, Versuch 3/3): Vor dem Auswärtsspiel in Hoffenheim: Der HSV im Aufwind?
2026-10-09 19:38:44,341 INFO S6.5 schon berichtet (Köln vor Härtetest: Gegen tiefstehende Gegner): Kölner Standardschwäche: René Wagner verschiebt den Fokus
2026-10-09 19:38:44,856 INFO S7 kein Volltext (too_short_8_words): RB Leipzig: Kommt die intensivste Saisonphase genau zur rich
2026-10-09 19:38:44,856 INFO S7 zu wenig Stoff (0 Wörter aus 0 Quellen, Versuch 3/3): RB Leipzig: Kommt die intensivste Saisonphase genau zur rich
2026-10-09 19:38:45,101 ERROR lxml parsing failed: Document is empty
2026-10-09 19:38:45,101 ERROR lxml parser bytestring Document is empty
2026-10-09 19:38:45,102 ERROR lxml parsing failed: Document is empty
2026-10-09 19:38:45,102 ERROR lxml parser bytestring Document is empty
2026-10-09 19:38:45,102 ERROR empty HTML tree: None
2026-10-09 19:38:45,102 WARNING discarding data: None
2026-10-09 19:38:45,103 INFO S7 kein Volltext (trafilatura_returned_empty): Blessin vor dem Rheinderby: "Wahnsinniges Vertrauen in die J
2026-10-09 19:38:45,103 INFO S7 zu wenig Stoff (0 Wörter aus 0 Quellen, Versuch 3/3): Blessin vor dem Rheinderby: "Wahnsinniges Vertrauen in die J
2026-10-09 19:38:45,132 ERROR lxml parsing failed: Document is empty
2026-10-09 19:38:45,132 ERROR lxml parser bytestring Document is empty
2026-10-09 19:38:45,132 ERROR lxml parsing failed: Document is empty
2026-10-09 19:38:45,133 ERROR lxml parser bytestring Document is empty
2026-10-09 19:38:45,133 ERROR empty HTML tree: None
2026-10-09 19:38:45,133 WARNING discarding data: None
2026-10-09 19:38:45,133 INFO S7 kein Volltext (trafilatura_returned_empty): "Den Mut habe ich": Wird Uno Blessins Überraschungsfaktor fü
2026-10-09 19:38:45,134 INFO S7 zu wenig Stoff (0 Wörter aus 0 Quellen, Versuch 3/3): "Den Mut habe ich": Wird Uno Blessins Überraschungsfaktor fü
2026-10-09 19:38:45,430 WARNING discarding data: None
2026-10-09 19:38:45,430 INFO S7 kein Volltext (trafilatura_returned_empty): Druck vor dem Rheinderby: René Wagner nimmt Skepsis beim 1. 
2026-10-09 19:38:45,431 INFO S7 zu wenig Stoff (0 Wörter aus 0 Quellen, Versuch 1/3): Druck vor dem Rheinderby: René Wagner nimmt Skepsis beim 1. 
2026-10-09 19:38:46,322 INFO S7 kein Volltext (too_short_78_words): SV Elversberg zu Gast bei Union Berlin
2026-10-09 19:38:46,322 INFO S7 zu wenig Stoff (0 Wörter aus 0 Quellen, Versuch 3/3): SV Elversberg zu Gast bei Union Berlin
2026-10-09 19:38:46,595 WARNING discarding data: None
2026-10-09 19:38:46,596 INFO S7 kein Volltext (trafilatura_returned_empty): Setzt Gladbach im Derby auf umstrittenen Profi?
2026-10-09 19:38:46,596 INFO S7 zu wenig Stoff (0 Wörter aus 0 Quellen, Versuch 2/3): Setzt Gladbach im Derby auf umstrittenen Profi?
2026-10-09 19:38:47,138 INFO S7 kein Volltext (too_short_8_words): Diese Probleme muss Blessin bei Schlusslicht Gladbach lösen
2026-10-09 19:38:47,138 INFO S7 zu wenig Stoff (0 Wörter aus 0 Quellen, Versuch 3/3): Diese Probleme muss Blessin bei Schlusslicht Gladbach lösen
2026-10-09 19:38:47,400 ERROR lxml parsing failed: Document is empty
2026-10-09 19:38:47,400 ERROR lxml parser bytestring Document is empty
2026-10-09 19:38:47,400 ERROR lxml parsing failed: Document is empty
2026-10-09 19:38:47,401 ERROR lxml parser bytestring Document is empty
2026-10-09 19:38:47,401 ERROR empty HTML tree: None
2026-10-09 19:38:47,401 WARNING discarding data: None
2026-10-09 19:38:47,401 INFO S7 kein Volltext (trafilatura_returned_empty): Muslic verärgert und hoffnungsvoll: Sylla soll die Sturmflau
2026-10-09 19:38:47,402 INFO S7 zu wenig Stoff (0 Wörter aus 0 Quellen, Versuch 3/3): Muslic verärgert und hoffnungsvoll: Sylla soll die Sturmflau
2026-10-09 19:38:47,431 ERROR lxml parsing failed: Document is empty
2026-10-09 19:38:47,431 ERROR lxml parser bytestring Document is empty
2026-10-09 19:38:47,432 ERROR lxml parsing failed: Document is empty
2026-10-09 19:38:47,432 ERROR lxml parser bytestring Document is empty
2026-10-09 19:38:47,432 ERROR empty HTML tree: None
2026-10-09 19:38:47,432 WARNING discarding data: None
2026-10-09 19:38:47,432 INFO S7 kein Volltext (trafilatura_returned_empty): Wagner spürt die Skepsis: "Es ist schwer, das nicht wahrzune
2026-10-09 19:38:47,433 INFO S7 zu wenig Stoff (0 Wörter aus 0 Quellen, Versuch 3/3): Wagner spürt die Skepsis: "Es ist schwer, das nicht wahrzune
2026-10-09 19:38:47,728 WARNING discarding data: None
2026-10-09 19:38:47,729 INFO S7 kein Volltext (trafilatura_returned_empty): Keine Einigung in Sicht: Angelo Stiller tendiert zum Abschie
2026-10-09 19:38:47,729 INFO S7 zu wenig Stoff (0 Wörter aus 0 Quellen, Versuch 1/3): Keine Einigung in Sicht: Angelo Stiller tendiert zum Abschie
2026-10-09 19:38:47,987 WARNING discarding data: None
2026-10-09 19:38:47,987 INFO S7 kein Volltext (trafilatura_returned_empty): Werder-Star äußert sich zu Abschieds-Gerüchten
2026-10-09 19:38:47,988 INFO S7 zu wenig Stoff (0 Wörter aus 0 Quellen, Versuch 2/3): Werder-Star äußert sich zu Abschieds-Gerüchten
2026-10-09 19:38:48,402 ERROR parsed tree length: 0, wrong data type or not valid HTML
2026-10-09 19:38:48,403 ERROR parsed tree length: 0, wrong data type or not valid HTML
2026-10-09 19:38:48,403 ERROR empty HTML tree: None
2026-10-09 19:38:48,403 WARNING discarding data: None
2026-10-09 19:38:48,404 INFO S7 kein Volltext (trafilatura_returned_empty): Kann Rieder die Bayern erneut ärgern?
2026-10-09 19:38:48,404 INFO S7 zu wenig Stoff (0 Wörter aus 0 Quellen, Versuch 2/3): Kann Rieder die Bayern erneut ärgern?
2026-10-09 19:38:48,928 INFO S7 kein Volltext (too_short_15_words): Fußball-Bundesliga: Druck auf Unions Lustrinelli? Energie fl
2026-10-09 19:38:48,928 INFO S7 zu wenig Stoff (0 Wörter aus 0 Quellen, Versuch 1/3): Fußball-Bundesliga: Druck auf Unions Lustrinelli? Energie fl
2026-10-09 19:38:49,380 INFO S7 kein Volltext (too_short_67_words): HSV: Vuskovic macht schon Druck – Obwohl er gar nicht spiele
2026-10-09 19:38:49,380 INFO S7 zu wenig Stoff (0 Wörter aus 0 Quellen, Versuch 3/3): HSV: Vuskovic macht schon Druck – Obwohl er gar nicht spiele
2026-10-09 19:38:50,275 INFO S7 kein Volltext (seite_zu_alt): 1. FC Köln - Borussia Mönchengladbach Analyse
2026-10-09 19:38:50,275 INFO S7 zu wenig Stoff (0 Wörter aus 0 Quellen, Versuch 1/3): 1. FC Köln - Borussia Mönchengladbach Analyse
2026-10-09 19:38:50,503 ERROR lxml parsing failed: Document is empty
2026-10-09 19:38:50,503 ERROR lxml parser bytestring Document is empty
2026-10-09 19:38:50,503 ERROR lxml parsing failed: Document is empty
2026-10-09 19:38:50,503 ERROR lxml parser bytestring Document is empty
2026-10-09 19:38:50,503 ERROR empty HTML tree: None
2026-10-09 19:38:50,504 WARNING discarding data: None
2026-10-09 19:38:50,504 INFO S7 kein Volltext (trafilatura_returned_empty): Kompany zu City-Vorwürfen: "Stehe hinter den Leistungen" | F
2026-10-09 19:38:50,504 INFO S7 zu wenig Stoff (0 Wörter aus 0 Quellen, Versuch 3/3): Kompany zu City-Vorwürfen: "Stehe hinter den Leistungen" | F
2026-10-09 19:38:51,124 INFO S7 kein Volltext (fetch_failed_SSLError): Bayern gegen Augsburg - da war doch was?
2026-10-09 19:38:51,124 INFO S7 zu wenig Stoff (0 Wörter aus 0 Quellen, Versuch 3/3): Bayern gegen Augsburg - da war doch was?
2026-10-09 19:38:55,817 INFO S6.5 schon berichtet (Mainz gegen Leverkusen: Zwei Offensivteams mi): Mainz 05 gegen Bayer Leverkusen: Paul Nebel scharrt mit den 
2026-10-09 19:38:55,834 INFO S9.5 summary-dup (sim=82.88973384030419, 'Schalke-Leihgabe Gomis erlöst: Erstes To'): Schalke-Leihgabe Gomis beendet Torflaute bei Tener
2026-10-09 19:38:55,838 INFO FinalCheck SKIP: bayern/{'harry kane', 'vincent kompany', 'michael olise'} stage=vertrag bereits in Archiv
2026-10-09 19:38:55,838 INFO S9.5 FinalCheck: 1/3 durch
2026-10-09 19:38:57,049 INFO Veröffentlicht: Adamu über Länderspieltor: „Es war wunderschön“
2026-10-09 19:38:57,108 INFO Reddit: Keine Credentials – übersprungen
2026-10-09 19:38:57,109 INFO 💶 Kosten: dieser Lauf 0.000 $ (Budget 0.102 $) | heute 0.00 $ | Monat 0.72 / 23 $ | konferenz (abo) 2× 0.000 $, dublette (abo) 31× 0.000 $, schreiben (abo) 4× 0.000 $
2026-10-09 19:38:57,109 INFO 🎫 Abo-Verbrauch: 80,948 Tokens rein (davon Cache gelesen 3,825), 25,357 raus, API-Gegenwert 0.45 $ | konferenz 2×: 9,734/17,634, dublette 31×: 44,311/2,627, schreiben 4×: 26,903/5,096
2026-10-09 19:38:57,172 INFO Feeds: 60/60 begonnen, nächster Lauf startet bei Nr. 0
2026-10-09 19:38:57,173 INFO URL-Cache gespeichert: 31325 URLs
2026-10-09 19:38:57,173 INFO === Fertig. 1 neue Artikel. feed.json: 1505 ===
2026-10-09 19:38:57,173 INFO Stats: {"ts": "20261009_1931", "ingested": 170, "s2_pre_filter": 40, "s3_relevance": 30, "s4_dedup_early": 0, "gesammelt": 93, "geschichten_neu": 68, "s5_archiv_doppelt": 1, "s5_zusammengefuehrt": 1, "s6_aussortiert": 48, "s7_geschrieben": 4, "s7_verworfen": 16, "s5_fulltext_fail": 46, "s8_qa_rejected": 2, "published": 1, "s5_ohne_bezug": 4, "s5_randthema": 4, "kosten": {"lauf_usd": 0.0, "lauf_budget_usd": 0.1017, "heute_usd": 0.0, "monat_usd": 0.7196, "monatsbudget_usd": 23.0, "aufrufe": {"konferenz (abo)": {"anzahl": 2, "usd": 0.0}, "dublette (abo)": {"anzahl": 31, "usd": 0.0}, "schreiben (abo)": {"anzahl": 4, "usd": 0.0}}, "guthaben_leer": false, "abo": true, "abo_tokens": {"konferenz": {"aufrufe": 2, "ein": 2388, "cache_schreiben": 7346, "cache_lesen": 0, "aus": 17634, "api_wert_usd": 0.1053}, "dublette": {"aufrufe": 31, "ein": 62, "cache_schreiben": 44249, "cache_lesen": 0, "aus": 2627, "api_wert_usd": 0.2035}, "schreiben": {"aufrufe": 4, "ein": 8, "cache_schreiben": 23070, "cache_lesen": 3825, "aus": 5096, "api_wert_usd": 0.144}}}}
