2026-10-10 01:02:51,106 INFO 💶 Budget: dieser Lauf 0.103 $ | heute 0.00 $ | Monat 0.72 / 23 $
2026-10-10 01:02:51,798 INFO URL-Cache geladen: 31792 bekannte URLs (letzte 30 Tage)
2026-10-10 01:02:51,798 INFO === Ligaoutsider Generator startet – max. 50 Artikel ===
2026-10-10 01:02:51,798 INFO Feed: https://newsfeed.kicker.de/news/bundesliga
2026-10-10 01:02:52,223 INFO Feed: https://www.sportschau.de/fussball/bundesliga/index~rss2.xml
2026-10-10 01:02:52,876 INFO Feed: https://sportbild.bild.de/feed/sportbild-home.xml
2026-10-10 01:02:53,385 INFO Feed: https://www.bild.de/rss-feeds/rss-16725492,feed=fussball-mix.bild.html
2026-10-10 01:02:54,164 INFO BL-Spielerliste geladen: 1002 Namen
2026-10-10 01:02:54,205 INFO S3 keyword miss: Remis in Heidenheim - Dieser Lautern-Star kassiert eine Fünf
2026-10-10 01:02:54,301 INFO S3 keyword miss: Wildes 3:3 gegen Essen - Preußen lässt Derby-Sieg liegen
2026-10-10 01:02:54,303 INFO Feed: https://www.11freunde.de/feed
2026-10-10 01:02:55,494 INFO Feed: https://www.bundesliga.com/de/bundesliga/news.rss
2026-10-10 01:02:56,304 INFO S3 keyword miss: Die Trainerstimmen zum 5. Spieltag
2026-10-10 01:02:56,304 INFO Feed: https://news.google.com/rss/topics/CAAqJggKIiBDQkFTRWdvSUwyMHZNRFp1ZEdvU0FtUmxHZ0pFUlNnQVAB?hl=de&gl=DE&ceid=DE:de
2026-10-10 01:02:56,989 INFO S2 blacklist: DFB-Frauen starten dank neuer Goalgetterin erfolgreich in WM
2026-10-10 01:02:57,081 INFO S3 keyword miss: Portugal suspendiert Cristiano Ronaldo
2026-10-10 01:02:57,082 INFO S2 blacklist: 2. Bundesliga: Lautern verpasst Sprung auf Platz drei – Kiel
2026-10-10 01:02:57,082 INFO S2 blacklist: DTM-Training Hockenheim: Titelfavorit Thomas Preining domini
2026-10-10 01:02:57,083 INFO S2 blacklist: Warum DAZN die Champions League jetzt kostenlos zeigt
2026-10-10 01:02:57,210 INFO Feed: https://news.google.com/rss/search?q=Bundesliga+Testspiel+Ergebnis&hl=de&gl=DE&ceid=DE:de
2026-10-10 01:02:57,723 INFO Feed: https://news.google.com/rss/search?q=Bundesliga+Vorbereitung+Sommertour&hl=de&gl=DE&ceid=DE:de
2026-10-10 01:02:58,055 INFO Feed: https://news.google.com/rss/search?q=Bundesliga+Verletzung+Ausfall+gesperrt&hl=de&gl=DE&ceid=DE:de
2026-10-10 01:02:58,568 INFO Feed: https://news.google.com/rss/search?q=Bundesliga+Transfer+Wechsel+verpflichtet&hl=de&gl=DE&ceid=DE:de
2026-10-10 01:02:59,054 INFO Feed: https://news.google.com/rss/search?q=Bundesliga+Gerücht+Interesse+Angebot&hl=de&gl=DE&ceid=DE:de
2026-10-10 01:02:59,522 INFO Feed: https://news.google.com/rss/search?q=Bundesliga+Vertrag+verlängert+ablösefrei&hl=de&gl=DE&ceid=DE:de
2026-10-10 01:02:59,919 INFO Feed: https://news.google.com/rss/search?q=%22FC+Bayern%22+OR+%22Bayern+M%C3%BCnchen%22+when%3A1d&hl=de&gl=DE&ceid=DE:de
2026-10-10 01:03:00,494 INFO Feed: https://news.google.com/rss/search?q=BVB+OR+%22Borussia+Dortmund%22+when%3A1d&hl=de&gl=DE&ceid=DE:de
2026-10-10 01:03:01,195 INFO S2 blacklist: 5. Spieltag: Borussia Dortmund - SV Werder Bremen - Borussia
2026-10-10 01:03:01,197 INFO Feed: https://news.google.com/rss/search?q=%22Bayer+Leverkusen%22+OR+%22Bayer+04%22+when%3A1d&hl=de&gl=DE&ceid=DE:de
2026-10-10 01:03:01,818 INFO S3 keyword miss: Exequiel Palacios: Bilanz gegen Gegenspieler, Trainer & Vere
2026-10-10 01:03:01,901 INFO S3 keyword miss: Florian Wirtz: Bilanz gegen Gegenspieler, Trainer & Vereine
2026-10-10 01:03:02,015 INFO S3 keyword miss: Bleibt Bayer im siebten Duell unbesiegt?
2026-10-10 01:03:02,015 INFO Feed: https://news.google.com/rss/search?q=%22RB+Leipzig%22+when%3A1d&hl=de&gl=DE&ceid=DE:de
2026-10-10 01:03:02,638 INFO S3 keyword miss: Josip Brekalo: Bilanz gegen Gegenspieler, Trainer & Vereine
2026-10-10 01:03:02,756 INFO S3 keyword miss: Demichelis on Messi’s farewell: 'He is the greatest in our f
2026-10-10 01:03:02,757 INFO Feed: https://news.google.com/rss/search?q=%22VfB+Stuttgart%22+when%3A1d&hl=de&gl=DE&ceid=DE:de
2026-10-10 01:03:03,405 INFO S3 keyword miss: Vincent Kompany: Bilanz als Trainer & Spieler – Gegner, Trai
2026-10-10 01:03:03,490 INFO S3 keyword miss: Miiko Albornoz: Bilanz gegen Gegenspieler, Trainer & Vereine
2026-10-10 01:03:03,491 INFO S2 blacklist: Freiburger FC U19
2026-10-10 01:03:03,573 INFO S3 keyword miss: Orel Mangala: Bilanz gegen Gegenspieler, Trainer & Vereine
2026-10-10 01:03:03,573 INFO S2 blacklist: U19 DFB-Nachwuchsliga - Vorrunde Gruppe D
2026-10-10 01:03:03,573 INFO Feed: https://news.google.com/rss/search?q=%22Eintracht+Frankfurt%22+when%3A1d&hl=de&gl=DE&ceid=DE:de
2026-10-10 01:03:04,216 INFO S2 blacklist: Fußball Bundesliga: Hannover gegen E. Frankfurt - Übersicht 
2026-10-10 01:03:04,303 INFO S3 keyword miss: Heiko Westermann: Bilanz gegen Gegenspieler, Trainer & Verei
2026-10-10 01:03:04,340 INFO Feed: https://news.google.com/rss/search?q=Gladbach+OR+%22Borussia+M%C3%B6nchengladbach%22+when%3A1d&hl=de&gl=DE&ceid=DE:de
2026-10-10 01:03:05,015 INFO S3 keyword miss: Suat Serdar: Bilanz gegen Gegenspieler, Trainer & Vereine
2026-10-10 01:03:05,098 INFO S3 keyword miss: Achraf Hakimi: Bilanz gegen Gegenspieler, Trainer & Vereine
2026-10-10 01:03:05,179 INFO S3 keyword miss: Zoran Zekic: Bilanz gegen Gegenspieler, Trainer & Vereine
2026-10-10 01:03:05,260 INFO S3 keyword miss: Julian Weigl: Bilanz gegen Gegenspieler, Trainer & Vereine
2026-10-10 01:03:05,343 INFO S3 keyword miss: Sead Kolasinac: Bilanz gegen Gegenspieler, Trainer & Vereine
2026-10-10 01:03:05,343 INFO Feed: https://news.google.com/rss/search?q=%22SC+Freiburg%22+when%3A1d&hl=de&gl=DE&ceid=DE:de
2026-10-10 01:03:05,827 INFO S2 blacklist: Läuft SC Freiburg gegen Schalke 04 heute im Free-TV?
2026-10-10 01:03:05,911 INFO S3 keyword miss: Dóra Zeller: Bilanz gegen Gegenspieler, Trainer & Vereine
2026-10-10 01:03:05,998 INFO S3 keyword miss: 11.10. – Bundesliga am Sonntag
2026-10-10 01:03:06,079 INFO S3 keyword miss: Johannes Flum: Bilanz gegen Gegenspieler, Trainer & Vereine
2026-10-10 01:03:06,162 INFO S3 keyword miss: Samantha Steuerwald: Bilanz gegen Gegenspieler, Trainer & Ve
2026-10-10 01:03:06,243 INFO S3 keyword miss: Meret Felde: Bilanz gegen Gegenspieler, Trainer & Vereine
2026-10-10 01:03:06,244 INFO Feed: https://news.google.com/rss/search?q=Hoffenheim+when%3A1d&hl=de&gl=DE&ceid=DE:de
2026-10-10 01:03:06,785 INFO S3 keyword miss: Pablo de Blasis: Bilanz gegen Gegenspieler, Trainer & Verein
2026-10-10 01:03:06,867 INFO S3 keyword miss: Sarai Linder: Bilanz gegen Gegenspieler, Trainer & Vereine
2026-10-10 01:03:06,950 INFO S3 keyword miss: Glódís Perla Viggósdóttir: Bilanz gegen Gegenspieler, Traine
2026-10-10 01:03:07,032 INFO S3 keyword miss: Luiz Gustavo: Bilanz gegen Gegenspieler, Trainer & Vereine
2026-10-10 01:03:07,115 INFO S3 keyword miss: Bundesliga Tabelle: Fußball Ergebnisse, Daten, Spielplan
2026-10-10 01:03:07,193 INFO S3 keyword miss: Luigi Mignano
2026-10-10 01:03:07,194 INFO S2 blacklist: Kritik nach XXL-Pause - Ilzer platzt wegen der Nations Leagu
2026-10-10 01:03:07,194 INFO Feed: https://news.google.com/rss/search?q=%22Mainz+05%22+when%3A1d&hl=de&gl=DE&ceid=DE:de
2026-10-10 01:03:07,753 INFO S3 keyword miss: Josef Erb
2026-10-10 01:03:07,754 INFO S2 blacklist: Regionalliga Südwest (63/64 - 73/74)
2026-10-10 01:03:07,834 INFO S3 keyword miss: Josef Meinhardt
2026-10-10 01:03:07,916 INFO S3 keyword miss: Zoltán Stieber: Bilanz gegen Gegenspieler, Trainer & Vereine
2026-10-10 01:03:07,916 INFO Feed: https://news.google.com/rss/search?q=%22FC+Augsburg%22+when%3A1d&hl=de&gl=DE&ceid=DE:de
2026-10-10 01:03:08,445 INFO S3 keyword miss: Felipe Chávez: Bilanz gegen Gegenspieler, Trainer & Vereine
2026-10-10 01:03:08,529 INFO S3 keyword miss: Gojko Kačar: Bilanz gegen Gegenspieler, Trainer & Vereine
2026-10-10 01:03:08,607 INFO S3 keyword miss: Markus Zimmermann
2026-10-10 01:03:08,608 INFO S2 blacklist: Heiko Herrlich - Eingesetzte Spieler (Galerie) | Seite 111
2026-10-10 01:03:08,609 INFO Feed: https://news.google.com/rss/search?q=%22Union+Berlin%22+when%3A1d&hl=de&gl=DE&ceid=DE:de
2026-10-10 01:03:09,138 INFO S3 keyword miss: Kenny-Prince Redondo: Bilanz gegen Gegenspieler, Trainer & V
2026-10-10 01:03:09,139 INFO Feed: https://news.google.com/rss/search?q=%22Werder+Bremen%22+when%3A1d&hl=de&gl=DE&ceid=DE:de
2026-10-10 01:03:09,710 INFO S2 blacklist: 5. Spieltag: Borussia Dortmund - SV Werder Bremen - Werder B
2026-10-10 01:03:09,790 INFO S3 keyword miss: Folge 18 - Bundesliga - 5. Spieltag 26/27
2026-10-10 01:03:09,874 INFO S3 keyword miss: Die Trainerstimmen zum 5. Spieltag
2026-10-10 01:03:09,877 INFO Feed: https://news.google.com/rss/search?q=HSV+OR+%22Hamburger+SV%22+when%3A1d&hl=de&gl=DE&ceid=DE:de
2026-10-10 01:03:10,428 INFO S3 keyword miss: Manfred Kaltz: Bilanz gegen Gegenspieler, Trainer & Vereine
2026-10-10 01:03:10,432 INFO Feed: https://news.google.com/rss/search?q=%221.+FC+K%C3%B6ln%22+OR+%22FC+K%C3%B6ln%22+when%3A1d&hl=de&gl=DE&ceid=DE:de
2026-10-10 01:03:10,970 INFO S2 blacklist: 1.FC Köln UEFA U19
2026-10-10 01:03:11,052 INFO S3 keyword miss: Berni Klodt: Bilanz gegen Gegenspieler, Trainer & Vereine
2026-10-10 01:03:11,138 INFO S3 keyword miss: Kingsley Schindler: Bilanz gegen Gegenspieler, Trainer & Ver
2026-10-10 01:03:11,138 INFO Feed: https://news.google.com/rss/search?q=Schalke+when%3A1d&hl=de&gl=DE&ceid=DE:de
2026-10-10 01:03:11,755 INFO S3 keyword miss: Diego Contento: Bilanz gegen Gegenspieler, Trainer & Vereine
2026-10-10 01:03:11,834 INFO S3 keyword miss: Michael Büskens
2026-10-10 01:03:11,919 INFO S3 keyword miss: ''Das wird kommen'' - Muslic macht sich keine Sorgen um Offe
2026-10-10 01:03:12,001 INFO S3 keyword miss: Angelos Charisteas: Bilanz gegen Gegenspieler, Trainer & Ver
2026-10-10 01:03:12,002 INFO Feed: https://news.google.com/rss/search?q=Elversberg+when%3A1d&hl=de&gl=DE&ceid=DE:de
2026-10-10 01:03:12,500 INFO Feed: https://news.google.com/rss/search?q=%22SC+Paderborn%22+when%3A1d&hl=de&gl=DE&ceid=DE:de
2026-10-10 01:03:13,016 INFO S3 keyword miss: Marco Thiede: Bilanz gegen Gegenspieler, Trainer & Vereine
2026-10-10 01:03:13,016 INFO Feed: https://www.transfermarkt.de/rss/news
2026-10-10 01:03:13,127 INFO Feed: https://www.waz.de/sport/fussball/rss
2026-10-10 01:03:13,558 INFO Feed: https://www.faz.net/rss/aktuell/sport/fussball/bundesliga/
2026-10-10 01:03:14,123 INFO Feed: https://bulinews.com/rss.xml
2026-10-10 01:03:14,700 INFO Feed: https://www.abendblatt.de/sport/rss
2026-10-10 01:03:15,233 INFO Feed: https://www.merkur.de/sport/fc-bayern/rssfeed.rdf
2026-10-10 01:03:16,008 INFO Feed: https://www.eyefootball.com/rss_news_main.xml
2026-10-10 01:03:16,574 INFO Feed: https://www.ligaportal.at/international/deutsche-bundesliga?format=feed&type=rss
2026-10-10 01:03:19,366 INFO Feed: https://www.reddit.com/r/soccer/new.rss?limit=100
2026-10-10 01:03:20,906 INFO S3 keyword miss: Israel W 3 - [5] Switzerland W - Riola Xhemaili great goal 7
2026-10-10 01:03:20,990 INFO S3 keyword miss: Mikel Arteta: Arsenal boss has clear conscience over Man Cit
2026-10-10 01:03:21,081 INFO S3 keyword miss: Match Thread: Instituto (Córdoba) vs Boca Juniors | Argentin
2026-10-10 01:03:21,251 INFO S3 keyword miss: AFA has reportedly decided that Argentina will no longer pla
2026-10-10 01:03:21,423 INFO S3 keyword miss: Braga 1-[3] Sporting CP - Rodrigo Zalazar Martinez 82'
2026-10-10 01:03:21,423 INFO Feed: https://newsfeed.kicker.de/team/fc-bayern-muenchen
2026-10-10 01:03:21,623 INFO Feed: https://newsfeed.kicker.de/team/borussia-dortmund
2026-10-10 01:03:21,815 INFO Feed: https://newsfeed.kicker.de/team/rb-leipzig
2026-10-10 01:03:22,004 INFO Feed: https://newsfeed.kicker.de/team/bayer-04-leverkusen
2026-10-10 01:03:22,209 INFO Feed: https://newsfeed.kicker.de/team/vfb-stuttgart
2026-10-10 01:03:22,402 INFO Feed: https://newsfeed.kicker.de/team/eintracht-frankfurt
2026-10-10 01:03:22,608 INFO Feed: https://newsfeed.kicker.de/team/bor-moenchengladbach
2026-10-10 01:03:22,803 INFO Feed: https://newsfeed.kicker.de/team/sc-freiburg
2026-10-10 01:03:22,992 INFO Feed: https://newsfeed.kicker.de/team/tsg-hoffenheim
2026-10-10 01:03:23,175 INFO Feed: https://newsfeed.kicker.de/team/1-fsv-mainz-05
2026-10-10 01:03:23,372 INFO Feed: https://newsfeed.kicker.de/team/fc-augsburg
2026-10-10 01:03:23,568 INFO Feed: https://newsfeed.kicker.de/team/1-fc-union-berlin
2026-10-10 01:03:23,766 INFO Feed: https://newsfeed.kicker.de/team/werder-bremen
2026-10-10 01:03:23,953 INFO Feed: https://newsfeed.kicker.de/team/hamburger-sv
2026-10-10 01:03:24,142 INFO Feed: https://newsfeed.kicker.de/team/1-fc-koeln
2026-10-10 01:03:24,326 INFO Feed: https://newsfeed.kicker.de/team/fc-schalke-04
2026-10-10 01:03:24,511 INFO Feed: https://newsfeed.kicker.de/team/sv-elversberg
2026-10-10 01:03:24,716 INFO Feed: https://newsfeed.kicker.de/team/sc-paderborn-07
2026-10-10 01:03:24,996 INFO Feed: https://newsfeed.kicker.de/news/champions-league
2026-10-10 01:03:25,188 INFO Feed: ligainsider:themen
2026-10-10 01:03:55,732 INFO LigaInsider (Themenfinder): 154 Meldungen von 18 Vereinsseiten
2026-10-10 01:03:55,733 INFO Eingelesen: 125 Schlagzeilen nach den Gratis-Filtern
2026-10-10 01:03:57,691 INFO S5 schon berichtet (Füllkrug rettet Werder spät einen Punkt in Do): Treffer zum 2:2-Ausgleich - Füllkrug erklärt seinen Jubel ge
2026-10-10 01:03:57,692 INFO S5 kein Bundesliga-Spieler oder -Klub erkennbar: Erling Haaland: Streit mit einem polnischen Elektriker wird nun vor EU
2026-10-10 01:03:57,701 INFO S5 Randthema: SC-Mitgliederversammlung wählt neuen Aufsichtsrat
2026-10-10 01:03:57,706 INFO S5 kein Bundesliga-Spieler oder -Klub erkennbar: Donyell Malen on leaving Aston Villa “It was my decision. I wanted to 
2026-10-10 01:03:57,707 INFO S5: 58 neue Geschichten, 1 schon berichtet, 1 zu wartenden Geschichten ergänzt, 23 warten
2026-10-10 01:05:42,587 INFO S6 aussortiert (prio_1): Gegnerische Fans wünschen ihm den Tod - Widerliche Hass-Gesänge gegen 
2026-10-10 01:05:42,588 INFO S6 aussortiert (prio_0): Eintracht Braunschweig gewinnt Keller-Krimi gegen Holstein Kiel
2026-10-10 01:05:42,588 INFO S6 aussortiert (prio_0): FC Bayern vs. Schalke 0:7 – Ein Jahrhundertspiel wird 50
2026-10-10 01:05:42,588 INFO S6 aussortiert (prio_0): 17:30 SAT.1 Bayern - Bayerisches Fußball-Derby: FC Augsburg gegen FC B
2026-10-10 01:05:42,588 INFO S6 aussortiert (prio_0): Fußball Bundesliga: Braunschweig gegen Stuttgart - Übersicht über die 
2026-10-10 01:05:42,592 INFO S6 aussortiert (doppelt): FC Bayern: Leihgabe Bryan Zaragoza von Fans mit Todes-Gesängen angefei
2026-10-10 01:05:42,592 INFO S6 aussortiert (prio_0): 5. Spieltag: FC Augsburg - FC Bayern München - FC Augsburg - Forum | P
2026-10-10 01:05:42,592 INFO S6 aussortiert (prio_0): Pfeiffer belohnt Haching im S-Bahn-Derby gegen Bayern II
2026-10-10 01:05:42,593 INFO S6 aussortiert (prio_0): Fußball Bundesliga: Bochum gegen FC Bayern - Statistik: Anzahl Sprints
2026-10-10 01:05:42,593 INFO S6 aussortiert (prio_0): Fußball Bundesliga: Dortmund gegen FC Bayern - Statistik: Fouls begang
2026-10-10 01:05:42,593 INFO S6 aussortiert (prio_0): ''Es ist eine Enttäuschung'' - Stimmen zu BVB gegen Werder
2026-10-10 01:05:42,593 INFO S6 aussortiert (doppelt): Nach wilder Aufholjagd: Bremen holt Punkt in Dortmund
2026-10-10 01:05:42,593 INFO S6 aussortiert (doppelt): Füllkrug sorgt mit Last-Minute-Tor für Punktgewinn für Werder beim BVB
2026-10-10 01:05:42,594 INFO S6 aussortiert (doppelt): BVB 2:2 nach 2:0 – Doch wer war der Mann des Spiels?
2026-10-10 01:05:42,594 INFO S6 aussortiert (doppelt): Bitteres WM-Dejavu für Anton: BVB-Traumtor nach vermeintlichem Foul ei
2026-10-10 01:05:42,594 INFO S6 aussortiert (doppelt): „Füllkrug bringt die BVB-Fans zum Schweigen“
2026-10-10 01:05:42,594 INFO S6 aussortiert (doppelt): Werder Bremen in Noten gegen den BVB: Füllkrug wieder der Punkteliefer
2026-10-10 01:05:42,594 INFO S6 aussortiert (doppelt): HIGHLIGHTS | Borussia Dortmund – SV Werder Bremen | 5. Spieltag
2026-10-10 01:05:42,595 INFO S6 aussortiert (doppelt): Borussia Dortmund gegen Werder Bremen Aufstellung - Bundesliga 5. Spie
2026-10-10 01:05:42,595 INFO S6 aussortiert (prio_0): Florian Le Joncour: Bilanz gegen Gegenspieler, Trainer & Vereine
2026-10-10 01:05:42,596 INFO S6 aussortiert (prio_0): 5. Spieltag: RB Leipzig - Eintracht Frankfurt - Eintracht Frankfurt - 
2026-10-10 01:05:42,596 INFO S6 aussortiert (doppelt): SC Paderborn 07 - VfB Stuttgart
2026-10-10 01:05:42,596 INFO S6 aussortiert (prio_0): Fußball Bundesliga: Stuttgart gegen Duisburg - Statistik: Top-Scorer -
2026-10-10 01:05:42,596 INFO S6 aussortiert (prio_0): Fußball Bundesliga: Dortmund gegen Stuttgart - Statistik: Zweikämpfe -
2026-10-10 01:05:42,596 INFO S6 aussortiert (prio_0): Fußball Bundesliga: Braunschweig gegen Stuttgart - Statistik: Karten -
2026-10-10 01:05:42,596 INFO S6 aussortiert (prio_0): Fußball Bundesliga: Braunschweig gegen Frankfurter SGE - Statistik: To
2026-10-10 01:05:42,597 INFO S6 aussortiert (prio_0): 5. Spieltag: 1.FC Köln - Borussia Mönchengladbach - Bor. Mönchengladba
2026-10-10 01:05:42,597 INFO S6 aussortiert (prio_0): Fußball Conference League: Freiburg gegen Panathinaikos - Statistik: Z
2026-10-10 01:05:42,597 INFO S6 aussortiert (prio_0): SC Freiburg - FC Schalke 04 | Weitere Spiele: Fußball Live-Updates
2026-10-10 01:05:42,597 INFO S6 aussortiert (prio_0): Union Berlin vs Elversberg Quoten, Prognose & Tipp - 10.10.2026
2026-10-10 01:05:42,597 INFO S6 aussortiert (doppelt): (k+) Beeindruckendes Werder-Muster und bemerkenswerter Musterprofi
2026-10-10 01:05:42,598 INFO S6 aussortiert (doppelt): Borussia Dortmund - SV Werder Bremen Kader & Aufstellungen: Bundesliga
2026-10-10 01:05:42,598 INFO S6 aussortiert (doppelt): BVB – Werder: Füllkrug trifft gegen seinen Ex-Verein
2026-10-10 01:05:42,598 INFO S6 aussortiert (doppelt): Borussia Dortmund - SV Werder Bremen | Weitere Spiele: Fußball Live-Up
2026-10-10 01:05:42,598 INFO S6 aussortiert (doppelt): Völlig irres Spiel in Dortmund: Werder Bremen entführt dank spätem Fül
2026-10-10 01:05:42,598 INFO S6 aussortiert (doppelt): Melhores momentos: Borussia Dortmund 2 - 2 SV Werder Bremen (Bundeslig
2026-10-10 01:05:42,598 INFO S6 aussortiert (prio_0): 5. Spieltag: Borussia Dortmund - SV Werder Bremen - Borussia Dortmund 
2026-10-10 01:05:42,599 INFO S6 aussortiert (doppelt): RE-LIVE: HAMBURGER SV Vs. FC KOPENHAGEN I TESTSPIEL Im Volksparkstadio
2026-10-10 01:05:42,599 INFO S6 aussortiert (prio_0): Zu FC-TV
2026-10-10 01:05:42,599 INFO S6 aussortiert (prio_1): Elversberg: Playmobil-Figur? Wagner witzelt über neue Frisur
2026-10-10 01:05:42,599 INFO S6 aussortiert (doppelt): West Ham loanee Füllkrug likens Bremen’s dramatic draw in Dortmund to 
2026-10-10 01:05:43,442 WARNING discarding data: None
2026-10-10 01:05:43,443 INFO S7 kein Volltext (trafilatura_returned_empty): FC Bayern legt XXL-Preisschild fest
2026-10-10 01:05:43,443 INFO S7 zu wenig Stoff (0 Wörter aus 0 Quellen, Versuch 2/3): FC Bayern legt XXL-Preisschild fest
2026-10-10 01:05:47,289 INFO S7 kein Volltext (seite_zu_alt): Fußball Conference League: Trabzon gegen Freiburg - Übersich
2026-10-10 01:05:47,289 INFO S7 zu wenig Stoff (0 Wörter aus 0 Quellen, Versuch 2/3): Fußball Conference League: Trabzon gegen Freiburg - Übersich
2026-10-10 01:05:48,325 INFO S7 kein Volltext (too_short_4_words): Mit Hein im Tor: Werders Aufstellung in Dortmund
2026-10-10 01:05:48,325 INFO S7 zu wenig Stoff (0 Wörter aus 0 Quellen, Versuch 3/3): Mit Hein im Tor: Werders Aufstellung in Dortmund
2026-10-10 01:05:48,851 WARNING discarding data: None
2026-10-10 01:05:48,852 INFO S7 kein Volltext (trafilatura_returned_empty): Wann steht Jamal Musiala wieder auf dem Platz? Potenzielles 
2026-10-10 01:05:48,852 INFO S7 zu wenig Stoff (0 Wörter aus 0 Quellen, Versuch 2/3): Wann steht Jamal Musiala wieder auf dem Platz? Potenzielles 
2026-10-10 01:05:52,211 INFO S7 kein Volltext (too_short_44_words): Fußball-Bundesliga: Gladbachs neuer Coach gibt Neuhaus Persp
2026-10-10 01:05:55,593 INFO S6.5 schon berichtet (Gladbach unter Blessin: Viele Baustellen vor ): Fußball-Bundesliga: Gladbachs neuer Coach gibt Neuhaus Persp
2026-10-10 01:05:58,269 INFO S6.5 schon berichtet (Füllkrug rettet Werder spät einen Punkt in Do): Was dahintersteckt - Füllkrug holt Busfahrer in die Werder-K
2026-10-10 01:05:59,550 INFO S7 kein Volltext (likely_paywall): “Proud” Thioune hails Bremen’s resilience as Hein shares del
2026-10-10 01:05:59,550 INFO S7 zu wenig Stoff (0 Wörter aus 0 Quellen, Versuch 1/3): “Proud” Thioune hails Bremen’s resilience as Hein shares del
2026-10-10 01:06:02,780 INFO S6.5 schon berichtet (Füllkrug rettet Werder spät einen Punkt in Do): Lars Ricken and Niko Kovac react to “pure disappointment” fo
2026-10-10 01:06:03,015 ERROR lxml parsing failed: Document is empty
2026-10-10 01:06:03,015 ERROR lxml parser bytestring Document is empty
2026-10-10 01:06:03,015 ERROR lxml parsing failed: Document is empty
2026-10-10 01:06:03,015 ERROR lxml parser bytestring Document is empty
2026-10-10 01:06:03,015 ERROR empty HTML tree: None
2026-10-10 01:06:03,016 WARNING discarding data: None
2026-10-10 01:06:03,016 INFO S7 kein Volltext (trafilatura_returned_empty): Füllkrug: "Da kommt der Champions-League-Fülle raus"
2026-10-10 01:06:03,016 INFO S7 zu wenig Stoff (0 Wörter aus 0 Quellen, Versuch 1/3): Füllkrug: "Da kommt der Champions-League-Fülle raus"
2026-10-10 01:06:03,066 ERROR lxml parsing failed: Document is empty
2026-10-10 01:06:03,066 ERROR lxml parser bytestring Document is empty
2026-10-10 01:06:03,067 ERROR lxml parsing failed: Document is empty
2026-10-10 01:06:03,067 ERROR lxml parser bytestring Document is empty
2026-10-10 01:06:03,067 ERROR empty HTML tree: None
2026-10-10 01:06:03,067 WARNING discarding data: None
2026-10-10 01:06:03,068 INFO S7 kein Volltext (trafilatura_returned_empty): "Wir hatten alles im Griff": Schlotterbeck schwankt zwischen
2026-10-10 01:06:03,068 INFO S7 zu wenig Stoff (0 Wörter aus 0 Quellen, Versuch 1/3): "Wir hatten alles im Griff": Schlotterbeck schwankt zwischen
2026-10-10 01:06:03,476 INFO S7 kein Volltext (too_short_4_words): "Es war eine gute Nacht für uns"
2026-10-10 01:06:03,476 INFO S7 zu wenig Stoff (0 Wörter aus 0 Quellen, Versuch 1/3): "Es war eine gute Nacht für uns"
2026-10-10 01:06:04,863 INFO S7 kein Volltext (too_short_46_words): Werder-Held Füllkrug: "Wir glauben immer dran"
2026-10-10 01:06:04,863 INFO S7 zu wenig Stoff (0 Wörter aus 0 Quellen, Versuch 1/3): Werder-Held Füllkrug: "Wir glauben immer dran"
2026-10-10 01:06:06,246 INFO S7 kein Volltext (seite_zu_alt): «Gänsehaut»: Paderborn-Trainer trifft auf Lieblingsteam
2026-10-10 01:06:06,247 INFO S7 zu wenig Stoff (0 Wörter aus 0 Quellen, Versuch 1/3): «Gänsehaut»: Paderborn-Trainer trifft auf Lieblingsteam
2026-10-10 01:06:09,881 INFO S6.5 schon berichtet (Leipzig gegen Frankfurt: Duell zweier Teams i): Adlercheck: Leipziger „auf Motorrädern“
2026-10-10 01:06:10,304 ERROR lxml parsing failed: Document is empty
2026-10-10 01:06:10,304 ERROR lxml parser bytestring Document is empty
2026-10-10 01:06:10,304 ERROR lxml parsing failed: Document is empty
2026-10-10 01:06:10,304 ERROR lxml parser bytestring Document is empty
2026-10-10 01:06:10,304 ERROR empty HTML tree: None
2026-10-10 01:06:10,304 WARNING discarding data: None
2026-10-10 01:06:10,305 INFO S7 kein Volltext (trafilatura_returned_empty): Bei Mainz hat für Fischer das Gefühl gepasst
2026-10-10 01:06:10,305 INFO S7 zu wenig Stoff (0 Wörter aus 0 Quellen, Versuch 2/3): Bei Mainz hat für Fischer das Gefühl gepasst
2026-10-10 01:06:11,499 INFO S7 kein Volltext (seite_zu_alt): Sat.1 NRW - Trainerdebüt im Derby: Köln empfängt Mönchenglad
2026-10-10 01:06:11,499 INFO S7 zu wenig Stoff (0 Wörter aus 0 Quellen, Versuch 2/3): Sat.1 NRW - Trainerdebüt im Derby: Köln empfängt Mönchenglad
2026-10-10 01:06:13,275 WARNING discarding data: None
2026-10-10 01:06:13,276 INFO S7 kein Volltext (trafilatura_returned_empty): Borussia Dortmund gegen Werder Bremen Deutsche Bundesliga Sp
2026-10-10 01:06:13,276 INFO S7 zu wenig Stoff (0 Wörter aus 0 Quellen, Versuch 3/3): Borussia Dortmund gegen Werder Bremen Deutsche Bundesliga Sp
2026-10-10 01:06:14,413 INFO S7 kein Volltext (likely_paywall): Bundesliga-Restart in der Hauptstadt: SV Elversberg zu Gast 
2026-10-10 01:06:14,413 INFO S7 zu wenig Stoff (0 Wörter aus 0 Quellen, Versuch 3/3): Bundesliga-Restart in der Hauptstadt: SV Elversberg zu Gast 
2026-10-10 01:06:15,354 INFO S7 kein Volltext (too_short_29_words): Werder-Trainer erklärt es: Füllkrugs Rolle gegen den BVB
2026-10-10 01:06:15,354 INFO S7 zu wenig Stoff (0 Wörter aus 0 Quellen, Versuch 3/3): Werder-Trainer erklärt es: Füllkrugs Rolle gegen den BVB
2026-10-10 01:06:15,713 WARNING discarding data: None
2026-10-10 01:06:15,713 INFO S7 kein Volltext (trafilatura_returned_empty): Klassenerhalt für Schalke? Das traut Klaus Fischer seinem Ve
2026-10-10 01:06:15,713 INFO S7 zu wenig Stoff (0 Wörter aus 0 Quellen, Versuch 2/3): Klassenerhalt für Schalke? Das traut Klaus Fischer seinem Ve
2026-10-10 01:06:16,796 INFO S7 kein Volltext (too_short_43_words): "Unser einziges Ziel ist, dass die Gladbacher bei null Punkt
2026-10-10 01:06:16,797 INFO S7 zu wenig Stoff (0 Wörter aus 0 Quellen, Versuch 1/3): "Unser einziges Ziel ist, dass die Gladbacher bei null Punkt
2026-10-10 01:06:19,947 INFO S6.5 schon berichtet (Bischof droht nach DFB-Auftritt beim FC Bayer): Kompany stellt klar: Bischofs DFB-Form zählt für Bayern nich
2026-10-10 01:06:22,810 INFO S6.5 schon berichtet (Union ohne Andrej Ilic gegen Elversberg, Latt): Fußball-Bundesliga: Union gegen Elversberg unter Druck: "Gro
2026-10-10 01:06:23,184 INFO S7 kein Volltext (too_short_4_words): Vorbericht vor dem Highlightspiel gegen den Hamburger SV: De
2026-10-10 01:06:23,184 INFO S7 zu wenig Stoff (0 Wörter aus 0 Quellen, Versuch 2/3): Vorbericht vor dem Highlightspiel gegen den Hamburger SV: De
2026-10-10 01:06:23,549 WARNING discarding data: None
2026-10-10 01:06:23,550 INFO S7 kein Volltext (trafilatura_returned_empty): Kane, Saibari, Tah und Co.: Einblicke ins geheime Bayern-Abs
2026-10-10 01:06:23,550 INFO S7 zu wenig Stoff (0 Wörter aus 0 Quellen, Versuch 3/3): Kane, Saibari, Tah und Co.: Einblicke ins geheime Bayern-Abs
2026-10-10 01:06:35,959 INFO S7 kein Volltext (fetch_failed_ReadTimeout): Geschichte: Bayern München 1-1 Univ. Craiova | Infos zum Spi
2026-10-10 01:06:35,960 INFO S7 zu wenig Stoff (0 Wörter aus 0 Quellen, Versuch 3/3): Geschichte: Bayern München 1-1 Univ. Craiova | Infos zum Spi
2026-10-10 01:06:36,379 WARNING discarding data: None
2026-10-10 01:06:36,380 INFO S7 kein Volltext (trafilatura_returned_empty): FC Bayern reist schon am Freitag nach Augsburg: Das steckt d
2026-10-10 01:06:36,380 INFO S7 zu wenig Stoff (0 Wörter aus 0 Quellen, Versuch 3/3): FC Bayern reist schon am Freitag nach Augsburg: Das steckt d
2026-10-10 01:06:36,717 WARNING discarding data: None
2026-10-10 01:06:36,718 INFO S7 kein Volltext (trafilatura_returned_empty): FC Bayern reist schon am Freitag nach Augsburg: Das steckt d
2026-10-10 01:06:36,718 INFO S7 zu wenig Stoff (0 Wörter aus 0 Quellen, Versuch 2/3): FC Bayern reist schon am Freitag nach Augsburg: Das steckt d
2026-10-10 01:06:39,637 INFO S6.5 schon berichtet (Kompany: „Jetzt müssen wir liefern“ im Kampf ): Kompany freut sich nach Augsburgs starkem Saisonauftakt auf 
2026-10-10 01:06:40,024 ERROR lxml parsing failed: Document is empty
2026-10-10 01:06:40,024 ERROR lxml parser bytestring Document is empty
2026-10-10 01:06:40,024 ERROR lxml parsing failed: Document is empty
2026-10-10 01:06:40,024 ERROR lxml parser bytestring Document is empty
2026-10-10 01:06:40,025 ERROR empty HTML tree: None
2026-10-10 01:06:40,025 WARNING discarding data: None
2026-10-10 01:06:40,025 INFO S7 kein Volltext (trafilatura_returned_empty): Unruhe um Kölns Wagner: „Nehme ich natürlich wahr“ – 5 Train
2026-10-10 01:06:40,026 INFO S7 zu wenig Stoff (0 Wörter aus 0 Quellen, Versuch 2/3): Unruhe um Kölns Wagner: „Nehme ich natürlich wahr“ – 5 Train
2026-10-10 01:06:40,422 WARNING discarding data: None
2026-10-10 01:06:40,422 INFO S7 kein Volltext (trafilatura_returned_empty): Damar sagt, ob er seinen Kumpel Asllani nach geplatztem Leip
2026-10-10 01:06:40,423 INFO S7 zu wenig Stoff (0 Wörter aus 0 Quellen, Versuch 3/3): Damar sagt, ob er seinen Kumpel Asllani nach geplatztem Leip
2026-10-10 01:06:40,931 ERROR lxml parsing failed: Document is empty
2026-10-10 01:06:40,931 ERROR lxml parser bytestring Document is empty
2026-10-10 01:06:40,931 ERROR lxml parsing failed: Document is empty
2026-10-10 01:06:40,931 ERROR lxml parser bytestring Document is empty
2026-10-10 01:06:40,931 ERROR empty HTML tree: None
2026-10-10 01:06:40,932 WARNING discarding data: None
2026-10-10 01:06:40,933 INFO S7 kein Volltext (trafilatura_returned_empty): Neuhaus erhält unter Blessin neue Chance: Muss Fähigkeiten „
2026-10-10 01:06:40,933 INFO S7 zu wenig Stoff (0 Wörter aus 0 Quellen, Versuch 3/3): Neuhaus erhält unter Blessin neue Chance: Muss Fähigkeiten „
2026-10-10 01:06:41,939 INFO S7 kein Volltext (too_short_27_words): Muslic kritisiert Ayhans geringe Türkei-Spielzeit: Auf Schal
2026-10-10 01:06:41,940 INFO S7 zu wenig Stoff (0 Wörter aus 0 Quellen, Versuch 3/3): Muslic kritisiert Ayhans geringe Türkei-Spielzeit: Auf Schal
2026-10-10 01:06:42,449 ERROR lxml parsing failed: Document is empty
2026-10-10 01:06:42,449 ERROR lxml parser bytestring Document is empty
2026-10-10 01:06:42,450 ERROR lxml parsing failed: Document is empty
2026-10-10 01:06:42,450 ERROR lxml parser bytestring Document is empty
2026-10-10 01:06:42,450 ERROR empty HTML tree: None
2026-10-10 01:06:42,450 WARNING discarding data: None
2026-10-10 01:06:42,451 INFO S7 kein Volltext (trafilatura_returned_empty): "Dickes Ausrufezeichen" von Schalke und "ein ganz, ganz klei
2026-10-10 01:06:42,451 INFO S7 zu wenig Stoff (0 Wörter aus 0 Quellen, Versuch 2/3): "Dickes Ausrufezeichen" von Schalke und "ein ganz, ganz klei
2026-10-10 01:06:43,632 INFO S7 kein Volltext (too_short_12_words): Köln gewinnt, weil es das Derby ist - 1. FC Köln - Sport
2026-10-10 01:06:43,632 INFO S7 zu wenig Stoff (0 Wörter aus 0 Quellen, Versuch 2/3): Köln gewinnt, weil es das Derby ist - 1. FC Köln - Sport
2026-10-10 01:06:44,673 INFO S7 kein Volltext (too_short_49_words): Bayern gegen Augsburg - da war doch was?
2026-10-10 01:06:44,674 INFO S7 zu wenig Stoff (0 Wörter aus 0 Quellen, Versuch 2/3): Bayern gegen Augsburg - da war doch was?
2026-10-10 01:06:45,301 INFO S7 kein Volltext (too_short_45_words): Ilzer vor dem Duell mit dem HSV
2026-10-10 01:06:45,301 INFO S7 zu wenig Stoff (0 Wörter aus 0 Quellen, Versuch 1/3): Ilzer vor dem Duell mit dem HSV
2026-10-10 01:06:45,850 INFO S7 kein Volltext (too_short_45_words): Wagners Aussagen vor dem Duell gegen Gladbach
2026-10-10 01:06:45,850 INFO S7 zu wenig Stoff (0 Wörter aus 0 Quellen, Versuch 1/3): Wagners Aussagen vor dem Duell gegen Gladbach
2026-10-10 01:06:46,372 INFO S7 kein Volltext (too_short_45_words): Kompany über Musiala, Augsburg und die Pause
2026-10-10 01:06:46,372 INFO S7 zu wenig Stoff (0 Wörter aus 0 Quellen, Versuch 1/3): Kompany über Musiala, Augsburg und die Pause
2026-10-10 01:06:48,919 INFO S6.5 schon berichtet (Augsburgs Baum fordert gegen Bayern: „Wie ein): Stellt der FC Augsburg den Bayern wieder ein Bein?
2026-10-10 01:06:48,930 INFO S9.5 FinalCheck: 0/0 durch
2026-10-10 01:06:48,992 INFO 💶 Kosten: dieser Lauf 0.000 $ (Budget 0.103 $) | heute 0.00 $ | Monat 0.72 / 23 $ | konferenz (abo) 1× 0.000 $, dublette (abo) 8× 0.000 $
2026-10-10 01:06:48,992 INFO 🎫 Abo-Verbrauch: 17,053 Tokens rein (davon Cache gelesen 0), 13,351 raus, API-Gegenwert 0.12 $ | konferenz 1×: 6,022/13,174, dublette 8×: 11,031/177
2026-10-10 01:06:49,056 INFO Feeds: 60/60 begonnen, nächster Lauf startet bei Nr. 0
2026-10-10 01:06:49,056 INFO URL-Cache gespeichert: 32031 URLs
2026-10-10 01:06:49,056 INFO === Fertig. 0 neue Artikel. feed.json: 1507 ===
2026-10-10 01:06:49,057 INFO Stats: {"ts": "20261010_0101", "ingested": 235, "s2_pre_filter": 59, "s3_relevance": 51, "s4_dedup_early": 0, "gesammelt": 125, "geschichten_neu": 58, "s5_archiv_doppelt": 1, "s5_zusammengefuehrt": 1, "s6_aussortiert": 41, "s7_geschrieben": 0, "s7_verworfen": 8, "s5_fulltext_fail": 32, "s8_qa_rejected": 0, "published": 0, "s5_ohne_bezug": 2, "s5_randthema": 1, "kosten": {"lauf_usd": 0.0, "lauf_budget_usd": 0.1032, "heute_usd": 0.0, "monat_usd": 0.7196, "monatsbudget_usd": 23.0, "aufrufe": {"konferenz (abo)": {"anzahl": 1, "usd": 0.0}, "dublette (abo)": {"anzahl": 8, "usd": 0.0}}, "guthaben_leer": false, "abo": true, "abo_tokens": {"konferenz": {"aufrufe": 1, "ein": 10, "cache_schreiben": 6012, "cache_lesen": 0, "aus": 13174, "api_wert_usd": 0.0779}, "dublette": {"aufrufe": 8, "ein": 16, "cache_schreiben": 11015, "cache_lesen": 0, "aus": 177, "api_wert_usd": 0.0458}}}}
