2026-10-08 10:02:39,243 INFO 💶 Budget: dieser Lauf 0.064 $ | heute 0.00 $ | Monat 0.72 / 23 $
2026-10-08 10:02:39,587 INFO URL-Cache geladen: 27816 bekannte URLs (letzte 30 Tage)
2026-10-08 10:02:39,587 INFO === Ligaoutsider Generator startet – max. 50 Artikel ===
2026-10-08 10:02:39,587 INFO Feed: https://newsfeed.kicker.de/news/bundesliga
2026-10-08 10:02:39,910 INFO Feed: https://www.sportschau.de/fussball/bundesliga/index~rss2.xml
2026-10-08 10:02:40,456 INFO Feed: https://sportbild.bild.de/feed/sportbild-home.xml
2026-10-08 10:02:40,904 INFO BL-Spielerliste geladen: 1002 Namen
2026-10-08 10:02:40,947 INFO S3 keyword miss: „Bin mir nicht sicher“ - NFL-Star zweifelt an Mondlandung
2026-10-08 10:02:41,024 INFO S3 keyword miss: Trauer im Volleyball - Italienische Ex-Nationalspielerin (35
2026-10-08 10:02:41,024 INFO S2 blacklist: Freundschaftsspiel der DFB-Frauen - So sehen Sie Deutschland
2026-10-08 10:02:41,025 INFO Feed: https://www.bild.de/rss-feeds/rss-16725492,feed=fussball-mix.bild.html
2026-10-08 10:02:41,807 INFO S3 keyword miss: So geht es mit Meister-Coach Arteta weiter - Trainer-Entsche
2026-10-08 10:02:41,885 INFO S3 keyword miss: Hätten Sie es gewusst? - Ex-DFB-Star jetzt Trainer in Saudi-
2026-10-08 10:02:41,947 INFO S2 blacklist: Vor Test-Doppelpack - Frauen-Nationalelf so jung wie lange n
2026-10-08 10:02:42,025 INFO S3 keyword miss: Nach den ersten vier Klopp-Spielen - Deutschland rutscht wie
2026-10-08 10:02:42,025 INFO Feed: https://www.11freunde.de/feed
2026-10-08 10:02:43,130 INFO S3 keyword miss: Christoph Kramer schätzt seine Pokémon-Sammlung auf 400.000 
2026-10-08 10:02:43,130 INFO Feed: https://www.bundesliga.com/de/bundesliga/news.rss
2026-10-08 10:02:43,874 INFO S3 keyword miss: Die Schiedsrichter-Ansetzungen am 5. Spieltag
2026-10-08 10:02:43,875 INFO Feed: https://news.google.com/rss/topics/CAAqJggKIiBDQkFTRWdvSUwyMHZNRFp1ZEdvU0FtUmxHZ0pFUlNnQVAB?hl=de&gl=DE&ceid=DE:de
2026-10-08 10:02:44,540 INFO S2 blacklist: Das Kreuzband noch kaputt, das Metall noch im Bein – trotzde
2026-10-08 10:02:44,626 INFO S3 keyword miss: "Ein Schock": Ex-Sportler stirbt bei Jagdausflug mit nur 45 
2026-10-08 10:02:44,760 INFO S3 keyword miss: Nach Finanz-Skandal bei Manchester City: England-Ikone mit ü
2026-10-08 10:02:44,761 INFO S2 blacklist: 08:07 Klare Front gegen Infantino bröckelt gewaltig
2026-10-08 10:02:44,890 INFO S3 keyword miss: Alexander Zverev: Wann kann er die Nummer eins der Weltrangl
2026-10-08 10:02:45,021 INFO S3 keyword miss: Achte Station im Ausland: Ex-DFB-Stürmer wird Trainer in Sau
2026-10-08 10:02:45,110 INFO S3 keyword miss: Lahm lobt Klose: "DNA eines guten Trainers"
2026-10-08 10:02:45,284 INFO S3 keyword miss: Handball: Magdeburg feiert Sieg im Schlüsselspiel
2026-10-08 10:02:45,289 INFO S2 blacklist: "Alles ist geplatzt": Real Madrids Ex-Kapitän Dani Carvajal 
2026-10-08 10:02:45,290 INFO S2 blacklist: KSC rennt und rennt – doch jetzt droht Unruhe
2026-10-08 10:02:45,290 INFO S2 blacklist: Vor Porto-Duell: Füchse weiter von Infekt geplagt
2026-10-08 10:02:45,379 INFO S3 keyword miss: Riesiger Schuldenberg und Frust pur! Kompanys Ex-Verein steh
2026-10-08 10:02:45,379 INFO Feed: https://news.google.com/rss/search?q=Bundesliga+Testspiel+Ergebnis&hl=de&gl=DE&ceid=DE:de
2026-10-08 10:02:45,801 INFO Feed: https://news.google.com/rss/search?q=Bundesliga+Vorbereitung+Sommertour&hl=de&gl=DE&ceid=DE:de
2026-10-08 10:02:46,073 INFO Feed: https://news.google.com/rss/search?q=Bundesliga+Verletzung+Ausfall+gesperrt&hl=de&gl=DE&ceid=DE:de
2026-10-08 10:02:46,467 INFO Feed: https://news.google.com/rss/search?q=Bundesliga+Transfer+Wechsel+verpflichtet&hl=de&gl=DE&ceid=DE:de
2026-10-08 10:02:46,853 INFO Feed: https://news.google.com/rss/search?q=Bundesliga+Gerücht+Interesse+Angebot&hl=de&gl=DE&ceid=DE:de
2026-10-08 10:02:47,320 INFO Feed: https://news.google.com/rss/search?q=Bundesliga+Vertrag+verlängert+ablösefrei&hl=de&gl=DE&ceid=DE:de
2026-10-08 10:02:47,676 INFO Feed: https://news.google.com/rss/search?q=%22FC+Bayern%22+OR+%22Bayern+M%C3%BCnchen%22+when%3A1d&hl=de&gl=DE&ceid=DE:de
2026-10-08 10:02:48,215 INFO S2 blacklist: FC Bayern, Nationalmannschaft: K-Frage bei Klopp – das sagt 
2026-10-08 10:02:48,304 INFO S3 keyword miss: Vor Bundesliga-Restart: Supercomputer sagt Bundesliga-Tabell
2026-10-08 10:02:48,375 INFO Feed: https://news.google.com/rss/search?q=BVB+OR+%22Borussia+Dortmund%22+when%3A1d&hl=de&gl=DE&ceid=DE:de
2026-10-08 10:02:48,899 INFO S2 blacklist: "Inakzeptabel": Kovac hält wenig vom Länderspiel-Marathon
2026-10-08 10:02:49,017 INFO S3 keyword miss: Nach Großkreutz-Kritik: Fährmann meldet sich mit überraschen
2026-10-08 10:02:49,055 INFO Feed: https://news.google.com/rss/search?q=%22Bayer+Leverkusen%22+OR+%22Bayer+04%22+when%3A1d&hl=de&gl=DE&ceid=DE:de
2026-10-08 10:02:49,457 INFO S2 blacklist: Bayer 04 Leverkusen UEFA U19
2026-10-08 10:02:49,458 INFO S2 blacklist: CONCACAF Nations League Finals - Abstellungen Panetolikos | 
2026-10-08 10:02:49,458 INFO Feed: https://news.google.com/rss/search?q=%22RB+Leipzig%22+when%3A1d&hl=de&gl=DE&ceid=DE:de
2026-10-08 10:02:49,925 INFO S2 blacklist: FCM-Frauen bei RB Leipzig II abgesagt: Magdeburg siegt kampf
2026-10-08 10:02:50,092 INFO S3 keyword miss: „Spygate” bei Southampton: Bewährungsstrafe für Ex-RB-Jugend
2026-10-08 10:02:50,126 INFO Feed: https://news.google.com/rss/search?q=%22VfB+Stuttgart%22+when%3A1d&hl=de&gl=DE&ceid=DE:de
2026-10-08 10:02:50,548 INFO Feed: https://news.google.com/rss/search?q=%22Eintracht+Frankfurt%22+when%3A1d&hl=de&gl=DE&ceid=DE:de
2026-10-08 10:02:51,170 INFO S3 keyword miss: Peter Stocker
2026-10-08 10:02:51,173 INFO Feed: https://news.google.com/rss/search?q=Gladbach+OR+%22Borussia+M%C3%B6nchengladbach%22+when%3A1d&hl=de&gl=DE&ceid=DE:de
2026-10-08 10:02:51,613 INFO Feed: https://news.google.com/rss/search?q=%22SC+Freiburg%22+when%3A1d&hl=de&gl=DE&ceid=DE:de
2026-10-08 10:02:52,047 INFO Feed: https://news.google.com/rss/search?q=Hoffenheim+when%3A1d&hl=de&gl=DE&ceid=DE:de
2026-10-08 10:02:52,462 INFO S2 kein BL-Klub im Titel: "Not-OP" bei Fortuna Düsseldorf
2026-10-08 10:02:52,462 INFO Feed: https://news.google.com/rss/search?q=%22Mainz+05%22+when%3A1d&hl=de&gl=DE&ceid=DE:de
2026-10-08 10:02:52,961 INFO S3 keyword miss: Williams vom Parkplatz, Seric mit dem Dagger: Niners rehabil
2026-10-08 10:02:52,962 INFO Feed: https://news.google.com/rss/search?q=%22FC+Augsburg%22+when%3A1d&hl=de&gl=DE&ceid=DE:de
2026-10-08 10:02:53,331 INFO S2 blacklist: Volles Programm für die FCA-Frauen und -Juniorinnen
2026-10-08 10:02:53,331 INFO S2 blacklist: u19-und-u17-zurueck-aus-der-laenderspielpause
2026-10-08 10:02:53,418 INFO S3 keyword miss: "Auf den Vergleich lasse ich mich nicht ein": Wagner-Nachfol
2026-10-08 10:02:53,419 INFO S2 blacklist: Michael Gregoritsch: Saison-Stats Nations League 2018/19 im 
2026-10-08 10:02:53,497 INFO S3 keyword miss: Winfried Nothnik
2026-10-08 10:02:53,498 INFO Feed: https://news.google.com/rss/search?q=%22Union+Berlin%22+when%3A1d&hl=de&gl=DE&ceid=DE:de
2026-10-08 10:02:53,880 INFO S2 blacklist: U17 DFB-Nachwuchsliga - Vorrunde Gruppe A
2026-10-08 10:02:53,961 INFO S3 keyword miss: Tibor Lüders
2026-10-08 10:02:54,048 INFO S2 blacklist: Mitch Kniat - Bilanz gegen ... | Seite 4
2026-10-08 10:02:54,048 INFO Feed: https://news.google.com/rss/search?q=%22Werder+Bremen%22+when%3A1d&hl=de&gl=DE&ceid=DE:de
2026-10-08 10:02:54,593 INFO S2 blacklist: SV Werder Bremen - Kader im Detail 1905/06 (Galerie)
2026-10-08 10:02:54,598 INFO Feed: https://news.google.com/rss/search?q=HSV+OR+%22Hamburger+SV%22+when%3A1d&hl=de&gl=DE&ceid=DE:de
2026-10-08 10:02:55,010 INFO S2 blacklist: Hamburger SV - Kader im Detail 62/63 (Galerie) | Seite 20
2026-10-08 10:02:55,011 INFO S2 blacklist: Deutsche Fußball-Nationalmannschaft: Hamburgs Antwort auf Mü
2026-10-08 10:02:55,014 INFO S2 blacklist: HSV VUC Den Haag - Kader im Detail 1927/28 (Galerie) | Seite
2026-10-08 10:02:55,014 INFO Feed: https://news.google.com/rss/search?q=%221.+FC+K%C3%B6ln%22+OR+%22FC+K%C3%B6ln%22+when%3A1d&hl=de&gl=DE&ceid=DE:de
2026-10-08 10:02:55,543 INFO S3 keyword miss: Nächste Entlassung in der Bundesliga? Kapitän bricht Lanze f
2026-10-08 10:02:55,547 INFO Feed: https://news.google.com/rss/search?q=Schalke+when%3A1d&hl=de&gl=DE&ceid=DE:de
2026-10-08 10:02:56,126 INFO S2 blacklist: Huub Stevens - Eingesetzte Spieler (Galerie) | Seite 7
2026-10-08 10:02:56,127 INFO S2 blacklist: Emil Højlund: Saison-Stats 2. Bundesliga 2024/25 im Ligaverg
2026-10-08 10:02:56,127 INFO Feed: https://news.google.com/rss/search?q=Elversberg+when%3A1d&hl=de&gl=DE&ceid=DE:de
2026-10-08 10:02:56,561 INFO S3 keyword miss: Mike Eglseder
2026-10-08 10:02:56,640 INFO S3 keyword miss: Luca Heiler
2026-10-08 10:02:56,755 INFO S3 keyword miss: Langes letzter Hawaii-Akt - Was ist drin für die Deutschen?
2026-10-08 10:02:56,755 INFO Feed: https://news.google.com/rss/search?q=%22SC+Paderborn%22+when%3A1d&hl=de&gl=DE&ceid=DE:de
2026-10-08 10:02:57,192 INFO S3 keyword miss: Schauspielerin Iris Berben wird zur Stimme des Doms
2026-10-08 10:02:57,276 INFO S3 keyword miss: Schiedsrichter-Chef: Diese Unsitte der WM unterbinden wir
2026-10-08 10:02:57,361 INFO S3 keyword miss: Langes letzter Hawaii-Akt - Was ist drin für die Deutschen?
2026-10-08 10:02:57,440 INFO S3 keyword miss: Mitch Kniat
2026-10-08 10:02:57,440 INFO Feed: https://www.transfermarkt.de/rss/news
2026-10-08 10:02:57,534 INFO Feed: https://www.waz.de/sport/fussball/rss
2026-10-08 10:02:58,034 INFO Feed: https://www.faz.net/rss/aktuell/sport/fussball/bundesliga/
2026-10-08 10:02:58,408 INFO Feed: https://bulinews.com/rss.xml
2026-10-08 10:02:58,922 INFO Feed: https://www.abendblatt.de/sport/rss
2026-10-08 10:02:59,306 INFO S2 blacklist: HSV, WM und Nationalmannschaft: Hamburgs Antwort auf Müller-
2026-10-08 10:02:59,307 INFO Feed: https://www.merkur.de/sport/fc-bayern/rssfeed.rdf
2026-10-08 10:03:00,053 INFO Feed: https://www.eyefootball.com/rss_news_main.xml
2026-10-08 10:03:00,634 INFO Feed: https://www.ligaportal.at/international/deutsche-bundesliga?format=feed&type=rss
2026-10-08 10:03:03,527 INFO Feed: https://www.reddit.com/r/soccer/new.rss?limit=100
2026-10-08 10:03:04,565 INFO S3 keyword miss: Brazilian YouTuber Sergio Barboza Jr. makes history in Tahit
2026-10-08 10:03:04,661 INFO S3 keyword miss: Baldini, coach of Italy U21 "If a player dives I reprimand h
2026-10-08 10:03:04,748 INFO S3 keyword miss: Workers are being paid a basic wage of less than £1 an hour 
2026-10-08 10:03:04,848 INFO S3 keyword miss: After the ban on betting companies on the 25th of September,
2026-10-08 10:03:04,849 INFO S2 blacklist: From Oceania U-16 champion to professional football: Ben Tre
2026-10-08 10:03:04,849 INFO Feed: https://newsfeed.kicker.de/team/fc-bayern-muenchen
2026-10-08 10:03:05,047 INFO Feed: https://newsfeed.kicker.de/team/borussia-dortmund
2026-10-08 10:03:05,123 INFO Feed: https://newsfeed.kicker.de/team/rb-leipzig
2026-10-08 10:03:05,308 INFO Feed: https://newsfeed.kicker.de/team/bayer-04-leverkusen
2026-10-08 10:03:05,493 INFO Feed: https://newsfeed.kicker.de/team/vfb-stuttgart
2026-10-08 10:03:05,676 INFO Feed: https://newsfeed.kicker.de/team/eintracht-frankfurt
2026-10-08 10:03:05,869 INFO Feed: https://newsfeed.kicker.de/team/bor-moenchengladbach
2026-10-08 10:03:06,065 INFO Feed: https://newsfeed.kicker.de/team/sc-freiburg
2026-10-08 10:03:06,250 INFO Feed: https://newsfeed.kicker.de/team/tsg-hoffenheim
2026-10-08 10:03:06,435 INFO Feed: https://newsfeed.kicker.de/team/1-fsv-mainz-05
2026-10-08 10:03:06,631 INFO Feed: https://newsfeed.kicker.de/team/fc-augsburg
2026-10-08 10:03:06,817 INFO Feed: https://newsfeed.kicker.de/team/1-fc-union-berlin
2026-10-08 10:03:07,003 INFO Feed: https://newsfeed.kicker.de/team/werder-bremen
2026-10-08 10:03:07,195 INFO Feed: https://newsfeed.kicker.de/team/hamburger-sv
2026-10-08 10:03:07,383 INFO Feed: https://newsfeed.kicker.de/team/1-fc-koeln
2026-10-08 10:03:07,569 INFO Feed: https://newsfeed.kicker.de/team/fc-schalke-04
2026-10-08 10:03:07,769 INFO Feed: https://newsfeed.kicker.de/team/sv-elversberg
2026-10-08 10:03:07,964 INFO Feed: https://newsfeed.kicker.de/team/sc-paderborn-07
2026-10-08 10:03:08,161 INFO Feed: https://newsfeed.kicker.de/news/champions-league
2026-10-08 10:03:08,342 INFO Feed: ligainsider:themen
2026-10-08 10:03:08,995 INFO LigaInsider (Themenfinder): 0 Meldungen von 0 Vereinsseiten
2026-10-08 10:03:08,996 INFO Eingelesen: 82 Schlagzeilen nach den Gratis-Filtern
2026-10-08 10:03:10,730 INFO S5 kein Bundesliga-Spieler oder -Klub erkennbar: Medienbericht - Ex-Barça-Star soll neuer Türkei-Trainer werden
2026-10-08 10:03:10,731 INFO S5 kein Bundesliga-Spieler oder -Klub erkennbar: Helmut Marko: Malaysia-Chaos war "beschämend" für die Formel 1
2026-10-08 10:03:10,731 INFO S5 kein Bundesliga-Spieler oder -Klub erkennbar: China Smash: Im Achtelfinale! Wim Verdonschot setzt Lauf fort
2026-10-08 10:03:10,732 INFO S5 kein Bundesliga-Spieler oder -Klub erkennbar: Deutschlands WM-Kader: So stehen die Chancen der Wackelkandidaten
2026-10-08 10:03:10,733 INFO S5 schon berichtet (Bayern soll Leeds-Verteidiger Muharemovic im ): Torwartsuche beim FC Bayern: Die Kandidatenliste wird immer 
2026-10-08 10:03:10,736 INFO S5 kein Bundesliga-Spieler oder -Klub erkennbar: Thomas Müller wäre beinahe bei diesem englischen Topklub gelandet
2026-10-08 10:03:10,738 INFO S5 Sammelartikel: FC Bayern München News: Bayern-Coach Kompany zur Kimmich-Diskussion: "
2026-10-08 10:03:10,738 INFO S5 Sammelartikel: Transfer-Ticker: Superstar empfiehlt BVB-Wechsel
2026-10-08 10:03:10,741 INFO S5 kein Bundesliga-Spieler oder -Klub erkennbar: Bundesliga Talent Series: VfL-Talente starten mit einem starken Ausruf
2026-10-08 10:03:10,747 INFO S5 kein Bundesliga-Spieler oder -Klub erkennbar: Musik-Star soll St. Pauli-Lied planen – alte Hymne und zwei Songs spal
2026-10-08 10:03:10,753 INFO S5: 70 neue Geschichten, 1 schon berichtet, 1 zu wartenden Geschichten ergänzt, 15 warten
2026-10-08 10:05:16,118 WARNING discarding data: None
2026-10-08 10:05:16,119 INFO S7 kein Volltext (trafilatura_returned_empty): Schalke-Star fordert neuen Vertrag: Jetzt reagiert S04
2026-10-08 10:05:16,119 INFO S7 zu wenig Stoff (0 Wörter aus 0 Quellen, Versuch 2/3): Schalke-Star fordert neuen Vertrag: Jetzt reagiert S04
2026-10-08 10:05:28,559 INFO S7 kein Volltext (fetch_failed_ReadTimeout): Aufstellung: Bayern vs. Leverkusen - DFB-Pokal 26/27
2026-10-08 10:05:28,559 INFO S7 zu wenig Stoff (0 Wörter aus 0 Quellen, Versuch 3/3): Aufstellung: Bayern vs. Leverkusen - DFB-Pokal 26/27
2026-10-08 10:05:29,148 ERROR lxml parsing failed: Document is empty
2026-10-08 10:05:29,149 ERROR lxml parser bytestring Document is empty
2026-10-08 10:05:29,149 ERROR lxml parsing failed: Document is empty
2026-10-08 10:05:29,149 ERROR lxml parser bytestring Document is empty
2026-10-08 10:05:29,149 ERROR empty HTML tree: None
2026-10-08 10:05:29,149 WARNING discarding data: None
2026-10-08 10:05:29,150 INFO S7 kein Volltext (trafilatura_returned_empty): (k+) Schwäbe im Interview: "Das ist eine Analyse, die der Si
2026-10-08 10:05:29,703 ERROR lxml parsing failed: Document is empty
2026-10-08 10:05:29,703 ERROR lxml parser bytestring Document is empty
2026-10-08 10:05:29,703 ERROR lxml parsing failed: Document is empty
2026-10-08 10:05:29,704 ERROR lxml parser bytestring Document is empty
2026-10-08 10:05:29,704 ERROR empty HTML tree: None
2026-10-08 10:05:29,704 WARNING discarding data: None
2026-10-08 10:05:29,704 INFO S7 kein Volltext (trafilatura_returned_empty): (k+) Schwäbe im Interview: "Das ist eine Analyse, die der Si
2026-10-08 10:05:29,705 INFO S7 zu wenig Stoff (0 Wörter aus 0 Quellen, Versuch 2/3): (k+) Schwäbe im Interview: "Das ist eine Analyse, die der Si
2026-10-08 10:05:30,268 INFO S7 kein Volltext (too_short_50_words): Unions Trainer Mauro Lustrinelli im Interview: „Ich erkenne 
2026-10-08 10:05:30,268 INFO S7 zu wenig Stoff (0 Wörter aus 0 Quellen, Versuch 2/3): Unions Trainer Mauro Lustrinelli im Interview: „Ich erkenne 
2026-10-08 10:05:30,648 INFO S7 kein Volltext (too_short_61_words): Überraschende Namen dabei - Das sind die fünf Blessin-Gewinn
2026-10-08 10:05:30,648 INFO S7 zu wenig Stoff (0 Wörter aus 0 Quellen, Versuch 3/3): Überraschende Namen dabei - Das sind die fünf Blessin-Gewinn
2026-10-08 10:05:32,484 INFO S7 kein Volltext (too_short_27_words): Schalke: Montella vor dem Aus?: Was das für Karaman und die 
2026-10-08 10:05:32,484 INFO S7 zu wenig Stoff (0 Wörter aus 0 Quellen, Versuch 2/3): Schalke: Montella vor dem Aus?: Was das für Karaman und die 
2026-10-08 10:05:33,739 INFO S7 kein Volltext (seite_zu_alt): Champions League am Donnerstag - Como führt Leipzig beim Deb
2026-10-08 10:05:33,739 INFO S7 zu wenig Stoff (0 Wörter aus 0 Quellen, Versuch 3/3): Champions League am Donnerstag - Como führt Leipzig beim Deb
2026-10-08 10:05:35,193 INFO S7 kein Volltext (seite_zu_alt): Was war mit den Eintracht-Stars los? Coach Hütter gibt brisa
2026-10-08 10:05:35,193 INFO S7 zu wenig Stoff (0 Wörter aus 0 Quellen, Versuch 3/3): Was war mit den Eintracht-Stars los? Coach Hütter gibt brisa
2026-10-08 10:05:36,599 INFO S7 kein Volltext (seite_zu_alt): Premier League heiß auf Leipzig-Star Nusa
2026-10-08 10:05:36,600 INFO S7 zu wenig Stoff (0 Wörter aus 0 Quellen, Versuch 3/3): Premier League heiß auf Leipzig-Star Nusa
2026-10-08 10:05:36,954 WARNING discarding data: None
2026-10-08 10:05:36,955 INFO S7 kein Volltext (trafilatura_returned_empty): Bayern München an Bernd Leno interessiert
2026-10-08 10:05:36,955 INFO S7 zu wenig Stoff (0 Wörter aus 0 Quellen, Versuch 3/3): Bayern München an Bernd Leno interessiert
2026-10-08 10:05:37,492 INFO S7 kein Volltext (seite_zu_alt): "Lege mich nicht fest": Gibt Bayer-Leverkusen-Kapitän Andric
2026-10-08 10:05:37,493 INFO S7 zu wenig Stoff (0 Wörter aus 0 Quellen, Versuch 3/3): "Lege mich nicht fest": Gibt Bayer-Leverkusen-Kapitän Andric
2026-10-08 10:05:37,976 INFO S7 kein Volltext (too_short_15_words): #0004 - Flutlicht-Freitag vs. Werder: Rauscht der BVB weiter
2026-10-08 10:05:37,976 INFO S7 zu wenig Stoff (0 Wörter aus 0 Quellen, Versuch 2/3): #0004 - Flutlicht-Freitag vs. Werder: Rauscht der BVB weiter
2026-10-08 10:05:38,881 INFO S7 kein Volltext (seite_zu_alt): Kovac zur BVB-Spitzenreiterrolle: „Wir genießen es, sind abe
2026-10-08 10:05:38,881 INFO S7 zu wenig Stoff (0 Wörter aus 0 Quellen, Versuch 3/3): Kovac zur BVB-Spitzenreiterrolle: „Wir genießen es, sind abe
2026-10-08 10:05:39,930 INFO S7 kein Volltext (seite_zu_alt): „Du bist ein Niemand und hast nichts getan“: Ex-Frankfurt Co
2026-10-08 10:05:39,930 INFO S7 zu wenig Stoff (0 Wörter aus 0 Quellen, Versuch 2/3): „Du bist ein Niemand und hast nichts getan“: Ex-Frankfurt Co
2026-10-08 10:05:40,680 INFO S7 kein Volltext (too_short_58_words): Fußball: Krösches Stil bei der Eintracht – Demokratische Dik
2026-10-08 10:05:40,680 INFO S7 zu wenig Stoff (0 Wörter aus 0 Quellen, Versuch 2/3): Fußball: Krösches Stil bei der Eintracht – Demokratische Dik
2026-10-08 10:05:40,692 INFO S9.5 FinalCheck: 0/0 durch
2026-10-08 10:05:40,737 INFO 💶 Kosten: dieser Lauf 0.000 $ (Budget 0.064 $) | heute 0.00 $ | Monat 0.72 / 23 $ | konferenz (abo) 1× 0.000 $
2026-10-08 10:05:40,737 INFO 🎫 Abo-Verbrauch: 7,383 Tokens rein (davon Cache gelesen 0), 12,593 raus, API-Gegenwert 0.08 $ | konferenz 1×: 7,383/12,593
2026-10-08 10:05:40,793 INFO Feeds: 60/60 begonnen, nächster Lauf startet bei Nr. 0
2026-10-08 10:05:40,793 INFO URL-Cache gespeichert: 27967 URLs
2026-10-08 10:05:40,793 INFO === Fertig. 0 neue Artikel. feed.json: 1476 ===
2026-10-08 10:05:40,793 INFO Stats: {"ts": "20261008_1001", "ingested": 146, "s2_pre_filter": 30, "s3_relevance": 34, "s4_dedup_early": 0, "gesammelt": 82, "geschichten_neu": 70, "s5_archiv_doppelt": 1, "s5_zusammengefuehrt": 1, "s6_aussortiert": 0, "s7_geschrieben": 0, "s7_verworfen": 0, "s5_fulltext_fail": 15, "s8_qa_rejected": 0, "published": 0, "s5_ohne_bezug": 7, "s5_randthema": 2, "kosten": {"lauf_usd": 0.0, "lauf_budget_usd": 0.0635, "heute_usd": 0.0, "monat_usd": 0.7196, "monatsbudget_usd": 23.0, "aufrufe": {"konferenz (abo)": {"anzahl": 1, "usd": 0.0}}, "guthaben_leer": false, "abo": true, "abo_tokens": {"konferenz": {"aufrufe": 1, "ein": 10, "cache_schreiben": 7373, "cache_lesen": 0, "aus": 12593, "api_wert_usd": 0.0777}}}}
