2026-10-06 16:33:16,640 INFO 💶 Budget: dieser Lauf 0.060 $ | heute 0.00 $ | Monat 0.72 / 23 $
2026-10-06 16:33:17,078 INFO URL-Cache geladen: 24981 bekannte URLs (letzte 30 Tage)
2026-10-06 16:33:17,078 INFO === Ligaoutsider Generator startet – max. 50 Artikel ===
2026-10-06 16:33:17,078 INFO Feed: https://newsfeed.kicker.de/news/bundesliga
2026-10-06 16:33:17,511 INFO Feed: https://www.sportschau.de/fussball/bundesliga/index~rss2.xml
2026-10-06 16:33:18,063 INFO Feed: https://sportbild.bild.de/feed/sportbild-home.xml
2026-10-06 16:33:18,678 INFO S2 blacklist: Heute letztes Spiel für Argentinien - Fifa verbietet besonde
2026-10-06 16:33:18,706 INFO BL-Spielerliste geladen: 1002 Namen
2026-10-06 16:33:18,733 INFO S3 keyword miss: Droht jetzt die totale Eskalation? - Hammer! Ronaldo trifft 
2026-10-06 16:33:18,784 INFO S3 keyword miss: Pikanter Verdacht im TV - Reif: Ist beim DFB  „was wegtraini
2026-10-06 16:33:18,835 INFO S3 keyword miss: Tennis-Legende gewinnt ATP-Turnier in Peking - Gruselige Djo
2026-10-06 16:33:18,835 INFO Feed: https://www.bild.de/rss-feeds/rss-16725492,feed=fussball-mix.bild.html
2026-10-06 16:33:19,376 INFO S3 keyword miss: Auf Druck von DFB-Boss Neuendorf - Infantino muss seinen Fri
2026-10-06 16:33:19,419 INFO S3 keyword miss: Ist ER der Aufstiegstrumpf? - Gute Nachrichten von Lauterns 
2026-10-06 16:33:19,464 INFO S3 keyword miss: Nach XXL-Pause kommt Wolfsburg - Bundesliga-Test für Klose
2026-10-06 16:33:19,508 INFO S3 keyword miss: FCS-Legende Poklitar ist tot - Sein Leben war wie ein Agente
2026-10-06 16:33:19,509 INFO Feed: https://www.11freunde.de/feed
2026-10-06 16:33:20,656 INFO S2 blacklist: Lionel Messi und Argentinien: Zehn irre Rekorde seiner Natio
2026-10-06 16:33:20,656 INFO Feed: https://www.bundesliga.com/de/bundesliga/news.rss
2026-10-06 16:33:21,287 INFO Feed: https://news.google.com/rss/topics/CAAqJggKIiBDQkFTRWdvSUwyMHZNRFp1ZEdvU0FtUmxHZ0pFUlNnQVAB?hl=de&gl=DE&ceid=DE:de
2026-10-06 16:33:21,642 INFO S3 keyword miss: Saisonaus für Sinner: Alexander Zverev wird die neue Nummer 
2026-10-06 16:33:21,643 INFO S2 blacklist: Deutsche U21 spielt in Bielefeld
2026-10-06 16:33:21,734 INFO S2 blacklist: IOC: Sechs Konkurrenten für München im Kampf um Olympia 2036
2026-10-06 16:33:21,813 INFO S3 keyword miss: Littler sensationell raus: Deutscher Darts-Außenseiter steht
2026-10-06 16:33:21,814 INFO S2 blacklist: Olise tanzt erneut mit den Teufeln: Belgien verliert 1:4 in 
2026-10-06 16:33:21,899 INFO S3 keyword miss: Probleme beim Verbandswechsel: Darum muss Ben Farhat aufs U2
2026-10-06 16:33:21,949 INFO S3 keyword miss: Markus Klug übernimmt Stall von Axel Kleinkorres – der wird 
2026-10-06 16:33:21,951 INFO Feed: https://news.google.com/rss/search?q=Bundesliga+Testspiel+Ergebnis&hl=de&gl=DE&ceid=DE:de
2026-10-06 16:33:22,358 INFO Feed: https://news.google.com/rss/search?q=Bundesliga+Vorbereitung+Sommertour&hl=de&gl=DE&ceid=DE:de
2026-10-06 16:33:22,663 INFO Feed: https://news.google.com/rss/search?q=Bundesliga+Verletzung+Ausfall+gesperrt&hl=de&gl=DE&ceid=DE:de
2026-10-06 16:33:23,041 INFO Feed: https://news.google.com/rss/search?q=Bundesliga+Transfer+Wechsel+verpflichtet&hl=de&gl=DE&ceid=DE:de
2026-10-06 16:33:23,540 INFO Feed: https://news.google.com/rss/search?q=Bundesliga+Gerücht+Interesse+Angebot&hl=de&gl=DE&ceid=DE:de
2026-10-06 16:33:23,996 INFO Feed: https://news.google.com/rss/search?q=Bundesliga+Vertrag+verlängert+ablösefrei&hl=de&gl=DE&ceid=DE:de
2026-10-06 16:33:24,422 INFO Feed: https://news.google.com/rss/search?q=%22FC+Bayern%22+OR+%22Bayern+M%C3%BCnchen%22+when%3A1d&hl=de&gl=DE&ceid=DE:de
2026-10-06 16:33:24,977 INFO S2 blacklist: EuroLeague - FC Bayern Basketball hält gegen Olympiakos Pirä
2026-10-06 16:33:24,977 INFO Feed: https://news.google.com/rss/search?q=BVB+OR+%22Borussia+Dortmund%22+when%3A1d&hl=de&gl=DE&ceid=DE:de
2026-10-06 16:33:25,481 INFO S2 blacklist: DFB und Nationalmannschaften - Borussia Dortmund - Forum | S
2026-10-06 16:33:25,482 INFO S2 blacklist: Regionalliga West: BVB U23 – SG Wattenscheid am Samstag (14 
2026-10-06 16:33:25,533 INFO S3 keyword miss: Siebenmal Startelf in Folge: Marktwert-Gewinner Reyna denkt 
2026-10-06 16:33:25,533 INFO S2 blacklist: Borussia Dortmund II - Spieler von A bis Z | Seite 11
2026-10-06 16:33:25,534 INFO S2 blacklist: Trotz starker Performance unter Klopp: Tom Bischof plant mit
2026-10-06 16:33:25,534 INFO Feed: https://news.google.com/rss/search?q=%22Bayer+Leverkusen%22+OR+%22Bayer+04%22+when%3A1d&hl=de&gl=DE&ceid=DE:de
2026-10-06 16:33:25,955 INFO S3 keyword miss: Top-Vier-Chancen und Mittelmaß-Risiko: Bayer startet in die 
2026-10-06 16:33:26,001 INFO S3 keyword miss: Dragoslav Stepanovic
2026-10-06 16:33:26,051 INFO S3 keyword miss: Fußball: Bundesliga-Präsidium warnt vor Gerichtsstreit um 50
2026-10-06 16:33:26,098 INFO S3 keyword miss: Bleibt Bayer im siebten Duell unbesiegt?
2026-10-06 16:33:26,146 INFO S3 keyword miss: Rebrov lehnt Angebot von CSKA Sofia ab
2026-10-06 16:33:26,146 INFO Feed: https://news.google.com/rss/search?q=%22RB+Leipzig%22+when%3A1d&hl=de&gl=DE&ceid=DE:de
2026-10-06 16:33:26,569 INFO S2 blacklist: Tickets für die RBL-Frauen gegen Eintracht Frankfurt in der 
2026-10-06 16:33:26,618 INFO S3 keyword miss: Conrad Harder Weibel Schandorf: Alle Spiele 2026/27 – Einsät
2026-10-06 16:33:26,618 INFO Feed: https://news.google.com/rss/search?q=%22VfB+Stuttgart%22+when%3A1d&hl=de&gl=DE&ceid=DE:de
2026-10-06 16:33:27,090 INFO S2 blacklist: Jan Mattsson - Bilanz gegen VfB Stuttgart | Seite 5
2026-10-06 16:33:27,136 INFO S3 keyword miss: Bruno Labbadia
2026-10-06 16:33:27,137 INFO S2 blacklist: Spielinfo | VfB Stuttgart - SGS Essen : | Achtelfinale | DFB
2026-10-06 16:33:27,137 INFO Feed: https://news.google.com/rss/search?q=%22Eintracht+Frankfurt%22+when%3A1d&hl=de&gl=DE&ceid=DE:de
2026-10-06 16:33:27,806 INFO S2 blacklist: DFB-Hammer um Mittelfeld-Talent: Jürgen Klopp plant Ländersp
2026-10-06 16:33:27,806 INFO S2 blacklist: Regionalliga Südwest - Eintracht Frankfurt II 1 - 2 Homburg
2026-10-06 16:33:27,807 INFO Feed: https://news.google.com/rss/search?q=Gladbach+OR+%22Borussia+M%C3%B6nchengladbach%22+when%3A1d&hl=de&gl=DE&ceid=DE:de
2026-10-06 16:33:28,308 INFO S3 keyword miss: Ex-Bundesliga-Kapitän erlebt "Fiasko" in der Schweiz
2026-10-06 16:33:28,329 INFO Feed: https://news.google.com/rss/search?q=%22SC+Freiburg%22+when%3A1d&hl=de&gl=DE&ceid=DE:de
2026-10-06 16:33:28,846 INFO S3 keyword miss: "Säule unserer Mannschaft": Weltmeister verlängert bei Bunde
2026-10-06 16:33:28,849 INFO S2 kein BL-Klub im Titel: Live-Übertragung des Pokalspiels: Fortuna Düsseldorf gegen D
2026-10-06 16:33:28,897 INFO S3 keyword miss: DFB: Bittere Nachrichten wegen Louey Ben Farhat
2026-10-06 16:33:28,899 INFO Feed: https://news.google.com/rss/search?q=Hoffenheim+when%3A1d&hl=de&gl=DE&ceid=DE:de
2026-10-06 16:33:29,336 INFO S3 keyword miss: Rico Wentsch
2026-10-06 16:33:29,337 INFO Feed: https://news.google.com/rss/search?q=%22Mainz+05%22+when%3A1d&hl=de&gl=DE&ceid=DE:de
2026-10-06 16:33:29,855 INFO S2 blacklist: Regionalliga Südwest - H.-Freiberg 5 - 0 Mainz 05 II
2026-10-06 16:33:29,906 INFO S3 keyword miss: Kickboxerin Theresa Pekrul: Trainerin mit Leidenschaft
2026-10-06 16:33:29,953 INFO S3 keyword miss: Luca Götz
2026-10-06 16:33:30,004 INFO S3 keyword miss: „Ist irgendwo im Garten“: „Sportschau“-Moderator Alex Schlüt
2026-10-06 16:33:30,050 INFO S3 keyword miss: Reinhard Jung
2026-10-06 16:33:30,051 INFO Feed: https://news.google.com/rss/search?q=%22FC+Augsburg%22+when%3A1d&hl=de&gl=DE&ceid=DE:de
2026-10-06 16:33:30,493 INFO S2 kein BL-Klub im Titel: Stürmer-Dilemma bei Hertha BSC: Torlos-Grönning oder Zwei-To
2026-10-06 16:33:30,538 INFO S3 keyword miss: Josef Steinberger
2026-10-06 16:33:30,540 INFO S2 blacklist: FC Augsburg II - Viktoria Aschaffenburg (Regionalliga Bayern
2026-10-06 16:33:30,586 INFO S3 keyword miss: Gerhard Schroll
2026-10-06 16:33:30,633 INFO S3 keyword miss: Unsere U14 gewinnt Turnier in Berlin
2026-10-06 16:33:30,633 INFO Feed: https://news.google.com/rss/search?q=%22Union+Berlin%22+when%3A1d&hl=de&gl=DE&ceid=DE:de
2026-10-06 16:33:31,012 INFO S2 blacklist: Türkiyemspor Berlin U19
2026-10-06 16:33:31,066 INFO S3 keyword miss: Akaki Gogia
2026-10-06 16:33:31,066 INFO Feed: https://news.google.com/rss/search?q=%22Werder+Bremen%22+when%3A1d&hl=de&gl=DE&ceid=DE:de
2026-10-06 16:33:31,600 INFO S2 blacklist: Werder Bremen: U23 unterliegt Hannover 96 II mit 0:2
2026-10-06 16:33:31,600 INFO S2 blacklist: Spielschema | Werder Bremen II - Hannover 96 II 0:2 | 11. Sp
2026-10-06 16:33:31,601 INFO Feed: https://news.google.com/rss/search?q=HSV+OR+%22Hamburger+SV%22+when%3A1d&hl=de&gl=DE&ceid=DE:de
2026-10-06 16:33:32,076 INFO Feed: https://news.google.com/rss/search?q=%221.+FC+K%C3%B6ln%22+OR+%22FC+K%C3%B6ln%22+when%3A1d&hl=de&gl=DE&ceid=DE:de
2026-10-06 16:33:32,568 INFO S3 keyword miss: Besserung schon im Derby?: FC beackert größte Schwachstelle 
2026-10-06 16:33:32,568 INFO Feed: https://news.google.com/rss/search?q=Schalke+when%3A1d&hl=de&gl=DE&ceid=DE:de
2026-10-06 16:33:33,070 INFO S3 keyword miss: Said Benkarit
2026-10-06 16:33:33,122 INFO S3 keyword miss: Nick Weber
2026-10-06 16:33:33,124 INFO Feed: https://news.google.com/rss/search?q=Elversberg+when%3A1d&hl=de&gl=DE&ceid=DE:de
2026-10-06 16:33:33,562 INFO S3 keyword miss: Warum es schwieriger wird, an Bundesliga-Tickets zu kommen
2026-10-06 16:33:33,611 INFO S3 keyword miss: Damals Fan, heute im Ring: Kabayel verteidigt WM-Titel
2026-10-06 16:33:33,611 INFO Feed: https://news.google.com/rss/search?q=%22SC+Paderborn%22+when%3A1d&hl=de&gl=DE&ceid=DE:de
2026-10-06 16:33:34,020 INFO S2 blacklist: SC Paderborn 07 U17
2026-10-06 16:33:34,069 INFO S3 keyword miss: Berlin | Sinner beendet Saison: Zverevs Riesenchance auf Num
2026-10-06 16:33:34,070 INFO S2 blacklist: Frankfurt/Mai | Neuendorf fordert Rote Karte für Infantino
2026-10-06 16:33:34,071 INFO S2 blacklist: DFB-Pokal Übertragung: Diese Spiele der 2. Runde laufen grat
2026-10-06 16:33:34,071 INFO Feed: https://www.transfermarkt.de/rss/news
2026-10-06 16:33:34,125 INFO Feed: https://www.waz.de/sport/fussball/rss
2026-10-06 16:33:34,596 INFO Feed: https://www.faz.net/rss/aktuell/sport/fussball/bundesliga/
2026-10-06 16:33:35,050 INFO Feed: https://bulinews.com/rss.xml
2026-10-06 16:33:35,568 INFO Feed: https://www.abendblatt.de/sport/rss
2026-10-06 16:33:35,919 INFO S3 keyword miss: Hype um Agit Kabayel in Düsseldorf: Irrer Run auf Tickets, A
2026-10-06 16:33:35,920 INFO Feed: https://www.merkur.de/sport/fc-bayern/rssfeed.rdf
2026-10-06 16:33:36,545 INFO Feed: https://www.eyefootball.com/rss_news_main.xml
2026-10-06 16:33:36,944 INFO Feed: https://www.ligaportal.at/international/deutsche-bundesliga?format=feed&type=rss
2026-10-06 16:33:39,503 INFO Feed: https://www.reddit.com/r/soccer/new.rss?limit=100
2026-10-06 16:33:40,436 INFO S3 keyword miss: India [1]-1 Uruguay - Thapa 22'
2026-10-06 16:33:40,483 INFO S3 keyword miss: India [1]-1 Uruguay - Anirudh Thapa 22'
2026-10-06 16:33:40,531 INFO S3 keyword miss: India 0-[1] Uruguay - Darwin Nunez 12' (Penalty)
2026-10-06 16:33:40,578 INFO S3 keyword miss: Moldova U21 0-1 Kazakhstan U21 - Seif Popov 13'
2026-10-06 16:33:40,625 INFO S3 keyword miss: Azerbaijan U21 1-0 Gibraltar U21 - Nihad Ahmadzada 8'
2026-10-06 16:33:40,679 INFO S3 keyword miss: [MARCA] Agreement reached between Dani Carvajal and Getafe, 
2026-10-06 16:33:40,732 INFO S3 keyword miss: Match Thread: India vs Uruguay | International Friendly
2026-10-06 16:33:40,733 INFO S2 blacklist: Match Thread: Kazakhstan vs Faroe Islands | UEFA Nations Lea
2026-10-06 16:33:40,803 INFO S3 keyword miss: Did Fifa do DR Congo a favour at World Cup after keeper’s in
2026-10-06 16:33:40,871 INFO S3 keyword miss: I’ve been working on a map of football clubs around the worl
2026-10-06 16:33:40,918 INFO S3 keyword miss: Shihao Wei (China) second yellow card against Tajikistan 59'
2026-10-06 16:33:40,988 INFO S3 keyword miss: How Argentina learnt to love Lionel Messi. He retires a god
2026-10-06 16:33:40,989 INFO Feed: https://newsfeed.kicker.de/team/fc-bayern-muenchen
2026-10-06 16:33:41,072 INFO Feed: https://newsfeed.kicker.de/team/borussia-dortmund
2026-10-06 16:33:41,247 INFO Feed: https://newsfeed.kicker.de/team/rb-leipzig
2026-10-06 16:33:41,431 INFO Feed: https://newsfeed.kicker.de/team/bayer-04-leverkusen
2026-10-06 16:33:41,600 INFO Feed: https://newsfeed.kicker.de/team/vfb-stuttgart
2026-10-06 16:33:41,778 INFO Feed: https://newsfeed.kicker.de/team/eintracht-frankfurt
2026-10-06 16:33:41,955 INFO Feed: https://newsfeed.kicker.de/team/bor-moenchengladbach
2026-10-06 16:33:42,018 INFO Feed: https://newsfeed.kicker.de/team/sc-freiburg
2026-10-06 16:33:42,214 INFO Feed: https://newsfeed.kicker.de/team/tsg-hoffenheim
2026-10-06 16:33:42,386 INFO Feed: https://newsfeed.kicker.de/team/1-fsv-mainz-05
2026-10-06 16:33:42,579 INFO Feed: https://newsfeed.kicker.de/team/fc-augsburg
2026-10-06 16:33:42,876 INFO Feed: https://newsfeed.kicker.de/team/1-fc-union-berlin
2026-10-06 16:33:43,050 INFO Feed: https://newsfeed.kicker.de/team/werder-bremen
2026-10-06 16:33:43,221 INFO Feed: https://newsfeed.kicker.de/team/hamburger-sv
2026-10-06 16:33:43,292 INFO Feed: https://newsfeed.kicker.de/team/1-fc-koeln
2026-10-06 16:33:43,458 INFO Feed: https://newsfeed.kicker.de/team/fc-schalke-04
2026-10-06 16:33:43,624 INFO Feed: https://newsfeed.kicker.de/team/sv-elversberg
2026-10-06 16:33:43,803 INFO Feed: https://newsfeed.kicker.de/team/sc-paderborn-07
2026-10-06 16:33:43,978 INFO Feed: https://newsfeed.kicker.de/news/champions-league
2026-10-06 16:33:44,149 INFO Feed: ligainsider:themen
2026-10-06 16:34:12,621 INFO LigaInsider (Themenfinder): 140 Meldungen von 18 Vereinsseiten
2026-10-06 16:34:13,484 INFO Eingelesen: 93 Schlagzeilen nach den Gratis-Filtern
2026-10-06 16:34:14,440 INFO S5 kein Bundesliga-Spieler oder -Klub erkennbar: De Minaur gibt auf! Djokovic erneut Champion in Peking
2026-10-06 16:34:14,440 INFO S5 kein Bundesliga-Spieler oder -Klub erkennbar: Formel-1-Weltmeister in Singapur: Das unwahrscheinliche Szenario für A
2026-10-06 16:34:14,440 INFO S5 kein Bundesliga-Spieler oder -Klub erkennbar: Erst Lego, dann Oracle: So spottet Max Verstappen über die Software-Pa
2026-10-06 16:34:14,441 INFO S5 kein Bundesliga-Spieler oder -Klub erkennbar: Berlin: Eskalation nach Pokal-Pleite - Dynamo-Chaoten wollen auf TeBe-
2026-10-06 16:34:14,441 INFO S5 Sammelartikel: (CLUB) News: Leroy Sané, VfB Stuttgart, Vinícius Júnior
2026-10-06 16:34:14,441 INFO S5 schon berichtet (Musiala trainiert nach Muskelfaserriss wieder): FC Bayern: Kimmich und Co. wieder im Betrieb - Musiala train
2026-10-06 16:34:14,444 INFO S5 Sammelartikel: VfB Stuttgart News: Acht Profis fehlen zum Trainingsauftakt aus unters
2026-10-06 16:34:14,445 INFO S5 Randthema: Auswärtstickets gegen Leipzig
2026-10-06 16:34:14,445 INFO S5 Randthema: Heimtickets für die Partie gegen Eindhoven
2026-10-06 16:34:14,446 INFO S5 schon berichtet (Gladbach bangt vor dem Derby um Kapitän Klein): Vor dem Derby: Kleindienst-Schreck und Sorgen um Itakura
2026-10-06 16:34:14,447 INFO S5 schon berichtet (Freiburg verlängert mit Innenverteidiger Matt): "Säule der Mannschaft": Matthias Ginter verlängert beim SC F
2026-10-06 16:34:14,450 INFO S5 schon berichtet (Schalke lehnt Angebot aus Libyen für Moussa S): FC Schalke 04: Kaderplaner spricht über Winter-Transfers
2026-10-06 16:34:14,450 INFO S5 Randthema: Ohne Ticket zum Meisterspiel – die irre Reise eines Schalkers aus Port
2026-10-06 16:34:14,451 INFO S5 Randthema: Zweites Weihnachtssingen in Paderborner Home Deluxe Arena
2026-10-06 16:34:14,451 INFO S5 schon berichtet (Musiala trainiert nach Muskelfaserriss wieder): Musiala nimmt individuelles Training auf
2026-10-06 16:34:14,452 INFO S5: 69 neue Geschichten, 5 schon berichtet, 4 zu wartenden Geschichten ergänzt, 297 warten
2026-10-06 16:36:19,517 INFO S6 aussortiert (prio_1): Zwangspause genutzt: Warum Can einen weiteren Eingriff vornehmen ließ
2026-10-06 16:36:19,517 INFO S6 aussortiert (prio_1): „Finger war plötzlich doppelt so groß“ - Biss von Kater Maylo verzöger
2026-10-06 16:36:19,517 INFO S6 aussortiert (doppelt): Unglaublicher Vorfall im Amateurfußball - Halbzeit-Festnahme bei HSV-S
2026-10-06 16:36:19,517 INFO S6 aussortiert (prio_0): Freiburg sicher - Diese Statistik macht Schalke schon Angst
2026-10-06 16:36:19,517 INFO S6 aussortiert (prio_1): Unions Querfeld - Mit welchem Liverpool-Star er Kaffee trinken will
2026-10-06 16:36:19,517 INFO S6 aussortiert (prio_1): Was passiert mit Sammer beim BVB?
2026-10-06 16:36:19,518 INFO S6 aussortiert (prio_1): Kuriose Verhandlungen beim FC Bayern aufgedeckt
2026-10-06 16:36:19,518 INFO S6 aussortiert (doppelt): "Olise Ballon d’Or!"-Gesänge: FC-Bayern-Star verzückt Frankreich
2026-10-06 16:36:19,518 INFO S6 aussortiert (prio_1): Für den FC Bayern gibt dieser Memminger sogar seinen Chefposten bei ei
2026-10-06 16:36:19,518 INFO S6 aussortiert (prio_0): FC Bayern München
2026-10-06 16:36:19,518 INFO S6 aussortiert (doppelt): Fällt der Füllkrug-Rekord ausgerechnet in Dortmund?
2026-10-06 16:36:19,518 INFO S6 aussortiert (prio_0): Zwei Dortmund-Profis für Golden-Boy-Award nominiert: Alle BVB-News
2026-10-06 16:36:19,518 INFO S6 aussortiert (prio_0): C-Juniorinnen der JSG Westfalen stellen BVB zunächst vor Probleme
2026-10-06 16:36:19,518 INFO S6 aussortiert (prio_0): BVB gegen Werder Bremen live: Dieser Sender zeigt das Freitagsspiel im
2026-10-06 16:36:19,518 INFO S6 aussortiert (prio_1): Borussia Dortmund ordnet Führung neu und BVB-Aktie notiert 3,13 Euro
2026-10-06 16:36:19,519 INFO S6 aussortiert (prio_1): „Gesamtpaket“ - Austria holt Verteidiger von Borussia Dortmund
2026-10-06 16:36:19,519 INFO S6 aussortiert (prio_1): In Italien zurück zur alten Stärke: So läuft es bei BVB-Flop Yan Couto
2026-10-06 16:36:19,519 INFO S6 aussortiert (prio_0): Torgefahr im Doppelpack: Fünf Fakten zum Topspiel
2026-10-06 16:36:19,519 INFO S6 aussortiert (prio_1): Nach Fan-Kritik: Das ändert sich jetzt bei RB Leipzig gegen Eintracht 
2026-10-06 16:36:19,519 INFO S6 aussortiert (prio_1): Modernisierter CLUB 1893 feierlich eröffnet
2026-10-06 16:36:19,519 INFO S6 aussortiert (prio_0): VfB Stuttgart II
2026-10-06 16:36:19,519 INFO S6 aussortiert (prio_1): VfB Stuttgart: Neuer VIP-Bereich – so sieht es auf der Gegengerade aus
2026-10-06 16:36:19,519 INFO S6 aussortiert (prio_1): Kein Anruf von Klopp – was VfB-Verteidiger Chabot über den DFB-Korb ve
2026-10-06 16:36:19,519 INFO S6 aussortiert (prio_1): VfB muss 40 Millionen erlösen – wackelt die 2028er-Riege?
2026-10-06 16:36:19,519 INFO S6 aussortiert (prio_0): „SOKO Stuttgart“: Ex-VfB-Keeper Timo Hildebrand spielt Mordopfer
2026-10-06 16:36:19,520 INFO S6 aussortiert (prio_1): VfB-Legenden gastieren bei Fußballfest in Schwaigern
2026-10-06 16:36:19,520 INFO S6 aussortiert (prio_1): Eintracht Frankfurt vor Bundesliga-Spiel in Leipzig
2026-10-06 16:36:19,520 INFO S6 aussortiert (doppelt): Neue Gladbach-Sorgen: Kleindienst muss Training in der Derby-Woche abb
2026-10-06 16:36:19,520 INFO S6 aussortiert (prio_0): CDU: Prioritäten statt Schuldzuweisungen
2026-10-06 16:36:19,520 INFO S6 aussortiert (prio_1): Auf den Spuren von Zlatan: Gladbach-Profi bejubelt Rückkehr mit ikonis
2026-10-06 16:36:19,520 INFO S6 aussortiert (prio_0): SV Hasel erhält Fair-Ways-Förderung von SC Freiburg
2026-10-06 16:36:19,520 INFO S6 aussortiert (prio_0): Kurz gespielt KW41: VAG & Heimspiel-Verkauf
2026-10-06 16:36:19,520 INFO S6 aussortiert (prio_0): SC Freiburg: Bundesliga-Präsidium positioniert sich zu 50+1
2026-10-06 16:36:19,520 INFO S6 aussortiert (doppelt): Vom Kinderblock zur Säule: Freiburg verlängert mit Eigengewächs
2026-10-06 16:36:19,520 INFO S6 aussortiert (prio_0): SC Freiburg II
2026-10-06 16:36:19,521 INFO S6 aussortiert (doppelt): Abwehrpartner von Philipp Lienhart verlängert in Freiburg
2026-10-06 16:36:19,521 INFO S6 aussortiert (prio_0): Fans vom BVB, Schalke & Co. kennen es: Bundesliga-Problem wird immer g
2026-10-06 16:36:19,521 INFO S6 aussortiert (prio_0): Das neue SPIELFELD ist da
2026-10-06 16:36:19,521 INFO S6 aussortiert (doppelt): Verletzten-Update: Ein wichtiges Trio kehrt bei Mainz 05 zurück
2026-10-06 16:36:19,521 INFO S6 aussortiert (prio_0): Augsburg Oder Aubstadt: Wer Beendet Die Durststrecke? Scores (eaVhu4bO
2026-10-06 16:36:19,521 INFO S6 aussortiert (doppelt): Schock beim Training! Bange Blicke auf Union-Star Latte Lath
2026-10-06 16:36:19,521 INFO S6 aussortiert (prio_1): Data-Talk: Darum ist Werder Bremen so gut gestartet
2026-10-06 16:36:19,521 INFO S6 aussortiert (prio_0): 5. Spieltag: Borussia Dortmund - SV Werder Bremen - Werder Bremen - Fo
2026-10-06 16:36:19,521 INFO S6 aussortiert (doppelt): Verletzung im Test: Werder muss weiter auf Agu verzichten
2026-10-06 16:36:19,521 INFO S6 aussortiert (prio_0): HSV-Blog: Großteil der deutschen Fußballfans glaubt an Abstieg der Rot
2026-10-06 16:36:19,521 INFO S6 aussortiert (prio_1): Rio-Weltmeister verrät, was ihm beim „Feind“ HSV schwerfiel: „Auf die 
2026-10-06 16:36:19,521 INFO S6 aussortiert (prio_0): HSV Hoek
2026-10-06 16:36:19,521 INFO S6 aussortiert (doppelt): Unglaublich! Hamburger Amateurfußballer auf dem Platz festgenommen
2026-10-06 16:36:19,521 INFO S6 aussortiert (prio_0): HSV Barmbek-Uhlenhorst
2026-10-06 16:36:19,522 INFO S6 aussortiert (prio_0): Günter Mahlmann
2026-10-06 16:36:19,522 INFO S6 aussortiert (prio_0): Ex-Schalker: Timo Hildebrand spielt Mordopfer in bekannter Krimiserie
2026-10-06 16:36:19,522 INFO S6 aussortiert (prio_1): Sechs Millionen Euro: Nie war Paderborns Castaneda wertvoller
2026-10-06 16:36:19,522 INFO S6 aussortiert (prio_0): Tipps fürs Wochenende im Kreis Paderborn: Stadtfest, Zumba Party und F
2026-10-06 16:36:19,522 INFO S6 aussortiert (prio_0): Real Madrid, Barcelona and Manchester City among clubs chasing 15-year
2026-10-06 16:36:19,522 INFO S6 aussortiert (doppelt): Festgenommener Fußballer: Warum darf ein verurteilter Sexualstraftäter
2026-10-06 16:36:20,440 INFO S7 kein Volltext (too_short_36_words): Es geht um zwei HSV-Stürmer: Gute und schlechte Nachrichten 
2026-10-06 16:36:20,441 INFO S7 zu wenig Stoff (0 Wörter aus 0 Quellen, Versuch 1/3): Es geht um zwei HSV-Stürmer: Gute und schlechte Nachrichten 
2026-10-06 16:36:26,267 INFO S7 schreiben (Prio 3, 1 Quellen): Grønbæk zurück im HSV-Training! Und die Stürmer-Situation?
2026-10-06 16:36:33,008 INFO   Kandidat: HSV: Grønbæk und Daka trainieren wieder, Poulsen fehlt auf d
2026-10-06 16:36:38,015 INFO S7 schreiben (Prio 3, 1 Quellen): Werder Bremen provide Karl Hein injury update after internat
2026-10-06 16:36:46,601 INFO   Kandidat: Werder: Hein erleidet nur Oberschenkelprellung und plant Dor
2026-10-06 16:36:46,787 ERROR lxml parsing failed: Document is empty
2026-10-06 16:36:46,787 ERROR lxml parser bytestring Document is empty
2026-10-06 16:36:46,787 ERROR lxml parsing failed: Document is empty
2026-10-06 16:36:46,788 ERROR lxml parser bytestring Document is empty
2026-10-06 16:36:46,788 ERROR empty HTML tree: None
2026-10-06 16:36:46,788 WARNING discarding data: None
2026-10-06 16:36:46,788 INFO S7 kein Volltext (trafilatura_returned_empty): Gute Nachrichten für Mainz-Coach Fischer: Ein Trio um Nebel 
2026-10-06 16:36:46,789 INFO S7 zu wenig Stoff (0 Wörter aus 0 Quellen, Versuch 3/3): Gute Nachrichten für Mainz-Coach Fischer: Ein Trio um Nebel 
2026-10-06 16:36:48,088 INFO S7 kein Volltext (seite_zu_alt): Österreichs WM-Torwart Schlager wechselt zu Werder – Konkurr
2026-10-06 16:36:48,088 INFO S7 zu wenig Stoff (0 Wörter aus 0 Quellen, Versuch 3/3): Österreichs WM-Torwart Schlager wechselt zu Werder – Konkurr
2026-10-06 16:36:50,721 INFO S7 schreiben (Prio 3, 1 Quellen): BVB droht bitterer Ausfall gegen Werder Bremen
2026-10-06 16:36:57,731 INFO S7.6 doppelt (BVB als Tabellenführer: Die Defensive trägt den Do): BVB bangt vor Werder-Spiel um Julian Ryerson
2026-10-06 16:36:58,257 ERROR lxml parsing failed: Document is empty
2026-10-06 16:36:58,257 ERROR lxml parser bytestring Document is empty
2026-10-06 16:36:58,257 ERROR lxml parsing failed: Document is empty
2026-10-06 16:36:58,258 ERROR lxml parser bytestring Document is empty
2026-10-06 16:36:58,258 ERROR empty HTML tree: None
2026-10-06 16:36:58,258 WARNING discarding data: None
2026-10-06 16:36:58,258 INFO S7 kein Volltext (trafilatura_returned_empty): BVB hat Top-Talent Regula für Winter wieder auf dem Zettel –
2026-10-06 16:36:58,828 ERROR lxml parsing failed: Document is empty
2026-10-06 16:36:58,828 ERROR lxml parser bytestring Document is empty
2026-10-06 16:36:58,828 ERROR lxml parsing failed: Document is empty
2026-10-06 16:36:58,828 ERROR lxml parser bytestring Document is empty
2026-10-06 16:36:58,828 ERROR empty HTML tree: None
2026-10-06 16:36:58,829 WARNING discarding data: None
2026-10-06 16:36:58,829 INFO S7 kein Volltext (trafilatura_returned_empty): BVB hat Top-Talent Regula für Winter wieder auf dem Zettel –
2026-10-06 16:36:59,287 WARNING discarding data: None
2026-10-06 16:36:59,288 INFO S7 kein Volltext (trafilatura_returned_empty): Arsenal könnte dem BVB Transferziel wegschnappen
2026-10-06 16:36:59,288 INFO S7 zu wenig Stoff (0 Wörter aus 0 Quellen, Versuch 2/3): BVB hat Top-Talent Regula für Winter wieder auf dem Zettel –
2026-10-06 16:36:59,576 INFO S7 kein Volltext (too_short_49_words): BILD klärt auf - Das ist dran am Bayern-Gerücht um Baumann
2026-10-06 16:37:00,099 WARNING discarding data: None
2026-10-06 16:37:00,100 INFO S7 kein Volltext (trafilatura_returned_empty): Bayern-Interesse an Oliver Baumann? Das ist dran am Gerücht 
2026-10-06 16:37:00,862 INFO S7 kein Volltext (too_short_49_words): TSG Hoffenheim: Das ist dran am Bayern-Gerücht um Baumann
2026-10-06 16:37:00,863 INFO S7 zu wenig Stoff (0 Wörter aus 0 Quellen, Versuch 3/3): BILD klärt auf - Das ist dran am Bayern-Gerücht um Baumann
2026-10-06 16:37:01,118 INFO S7 kein Volltext (too_short_69_words): JUPPSTURZ - Darum spielt dieser Eintracht-Star keine Rolle
2026-10-06 16:37:01,610 INFO S7 kein Volltext (too_short_69_words): Eintracht Frankfurt: Darum spielt dieser Flügel-Star keine R
2026-10-06 16:37:01,610 INFO S7 zu wenig Stoff (0 Wörter aus 0 Quellen, Versuch 1/3): JUPPSTURZ - Darum spielt dieser Eintracht-Star keine Rolle
2026-10-06 16:37:05,002 INFO S6.5 schon berichtet (Olise führt Frankreich zum 4:1 gegen Belgien,): Nächste Frankreich-Gala des Bayern-Flügels - Wird Olise der 
2026-10-06 16:37:11,047 INFO S7 schreiben (Prio 2, 2 Quellen): Schalke-Star Dzeko verabschiedet sich – „Wusste, dass dieser
2026-10-06 16:37:21,692 INFO   Kandidat: Dzeko tritt aus Nationalelf zurück, Schalke-Legenden diskuti
2026-10-06 16:37:22,718 INFO S7 kein Volltext (likely_paywall): Chandler schwärmt von Eintracht-Juwel Ilicevic – und traut i
2026-10-06 16:37:23,909 INFO S7 kein Volltext (likely_paywall): Chandler schwärmt von Eintracht-Juwel Ilicevic – und traut i
2026-10-06 16:37:23,909 INFO S7 zu wenig Stoff (0 Wörter aus 0 Quellen, Versuch 2/3): Chandler schwärmt von Eintracht-Juwel Ilicevic – und traut i
2026-10-06 16:37:27,291 INFO S7 schreiben (Prio 2, 2 Quellen): Konkurrenz ist groß: Gladbach hat Stürmer-Juwel mit internat
2026-10-06 16:37:34,795 INFO S7.6 doppelt (Gladbach und Chiakha: Preis des Rosenborg-Stürmers): Gladbach und Freiburg beobachten Rosenborgs Amin C
2026-10-06 16:37:35,676 INFO S7 kein Volltext (seite_zu_alt): Torwart-Plan enthüllt! Das ist geheime Transfer-Liste des FC
2026-10-06 16:37:35,676 INFO S7 zu wenig Stoff (0 Wörter aus 0 Quellen, Versuch 1/3): Torwart-Plan enthüllt! Das ist geheime Transfer-Liste des FC
2026-10-06 16:37:38,588 INFO S6.5 schon berichtet (Schalke: Katic kehrt nach vier Startelfeinsät): Katic im Dauereinsatz: Wird das für Schalke zum Problem?
2026-10-06 16:37:39,738 INFO S7 schreiben (Prio 2, 1 Quellen): Transfer-Gipfel in München: Rechte Hand von FC-Bayern-Boss E
2026-10-06 16:37:49,612 INFO   Kandidat: Bayern sucht Abnehmer: Rummenigge nennt Lücke bei Verkäufen
2026-10-06 16:37:49,795 ERROR lxml parsing failed: Document is empty
2026-10-06 16:37:49,795 ERROR lxml parser bytestring Document is empty
2026-10-06 16:37:49,796 ERROR lxml parsing failed: Document is empty
2026-10-06 16:37:49,796 ERROR lxml parser bytestring Document is empty
2026-10-06 16:37:49,796 ERROR empty HTML tree: None
2026-10-06 16:37:49,796 WARNING discarding data: None
2026-10-06 16:37:49,796 INFO S7 kein Volltext (trafilatura_returned_empty): Zentner auf dem Platz – aber noch nicht voll dabei
2026-10-06 16:37:49,797 INFO S7 zu wenig Stoff (0 Wörter aus 0 Quellen, Versuch 2/3): Zentner auf dem Platz – aber noch nicht voll dabei
2026-10-06 16:37:50,678 INFO S7 kein Volltext (likely_paywall): Widmer steht vor der Rückkehr in den Mainz-Kader
2026-10-06 16:37:50,678 INFO S7 zu wenig Stoff (0 Wörter aus 0 Quellen, Versuch 2/3): Widmer steht vor der Rückkehr in den Mainz-Kader
2026-10-06 16:37:51,500 INFO S7 schreiben (Prio 2, 1 Quellen): „Reality-Check“: Querfeld kämpft beim 1. FC Union Berlin um 
2026-10-06 16:37:59,510 INFO   Kandidat: Querfeld kämpft bei Union um seinen Stammplatz
2026-10-06 16:38:00,529 INFO S7 kein Volltext (likely_paywall): Nach harter Hütter-Kritik im Sommer: Steht Eintracht-Torhüte
2026-10-06 16:38:00,529 INFO S7 zu wenig Stoff (0 Wörter aus 0 Quellen, Versuch 1/3): Nach harter Hütter-Kritik im Sommer: Steht Eintracht-Torhüte
2026-10-06 16:38:03,188 INFO S7 schreiben (Prio 2, 1 Quellen): Holt Schalke im Winter Neuzugänge? Aussagen lassen aufhorche
2026-10-06 16:38:13,963 INFO   Kandidat: Schalke: Acht Verträge laufen aus, Kaufpflicht bei Gosens
2026-10-06 16:38:14,996 INFO S7 kein Volltext (likely_paywall): Eintracht: Bloß kein Negativlauf
2026-10-06 16:38:14,996 INFO S7 zu wenig Stoff (0 Wörter aus 0 Quellen, Versuch 1/3): Eintracht: Bloß kein Negativlauf
2026-10-06 16:38:16,149 INFO S7 kein Volltext (too_short_20_words): Schalkes Leih-Konstruktion mit Gosens und Hwang So plant S04
2026-10-06 16:38:16,149 INFO S7 zu wenig Stoff (0 Wörter aus 0 Quellen, Versuch 2/3): Schalkes Leih-Konstruktion mit Gosens und Hwang So plant S04
2026-10-06 16:38:18,269 INFO S7 kein Volltext (too_short_37_words): VfB Stuttgart: Jeff Chabot über Wechselgerüchte: „Gab keine 
2026-10-06 16:38:18,269 INFO S7 zu wenig Stoff (0 Wörter aus 0 Quellen, Versuch 1/3): VfB Stuttgart: Jeff Chabot über Wechselgerüchte: „Gab keine 
2026-10-06 16:38:18,985 INFO S7 kein Volltext (too_short_36_words): Was der HSV am Kopenhagen-Test verdient hat – aber droht ein
2026-10-06 16:38:18,985 INFO S7 zu wenig Stoff (0 Wörter aus 0 Quellen, Versuch 2/3): Was der HSV am Kopenhagen-Test verdient hat – aber droht ein
2026-10-06 16:38:19,656 INFO S7 kein Volltext (too_short_43_words): Eintracht Frankfurt: Russland-Reise von Bundesliga-Star abge
2026-10-06 16:38:19,657 INFO S7 zu wenig Stoff (0 Wörter aus 0 Quellen, Versuch 2/3): Eintracht Frankfurt: Russland-Reise von Bundesliga-Star abge
2026-10-06 16:38:20,070 WARNING discarding data: None
2026-10-06 16:38:20,071 INFO S7 kein Volltext (trafilatura_returned_empty): Bayer-Leverkusen-Talent im Visier der Giganten. Real Madrid 
2026-10-06 16:38:20,071 INFO S7 zu wenig Stoff (0 Wörter aus 0 Quellen, Versuch 2/3): Bayer-Leverkusen-Talent im Visier der Giganten. Real Madrid 
2026-10-06 16:38:21,303 INFO S7 schreiben (Prio 2, 1 Quellen): Europa beobachtet Ilicevic – doch der Vertrag liegt in Frank
2026-10-06 16:38:25,042 INFO S7 verworfen (nicht_relevant): Europa beobachtet Ilicevic – doch der Vertrag liegt in Frank
2026-10-06 16:38:32,408 INFO S7 schreiben (Prio 2, 1 Quellen): Nach zehn Jahren bei BVB und Bayern: Guerreiro bald in der S
2026-10-06 16:38:36,453 INFO S7 verworfen (nicht_relevant): Nach zehn Jahren bei BVB und Bayern: Guerreiro bald in der S
2026-10-06 16:38:39,234 INFO S7 schreiben (Prio 2, 1 Quellen): Trotz vier Startelf-Einsätzen: HSV-Profi droht die Bank
2026-10-06 16:38:48,198 INFO   Kandidat: HSV: Warmed Omari droht trotz Spielpraxis die Bank in Hoffen
2026-10-06 16:38:50,974 INFO S7 schreiben (Prio 2, 1 Quellen): BVB-Engpass auf der linken Seite: Kovac muss improvisieren, 
2026-10-06 16:38:53,866 INFO S7 verworfen (zu_wenig_stoff): BVB-Engpass auf der linken Seite: Kovac muss improvisieren, 
2026-10-06 16:39:02,795 INFO S7 schreiben (Prio 2, 1 Quellen): Schlotterbeck postet ein GIF – und plötzlich geht es wieder 
2026-10-06 16:39:11,505 INFO   Kandidat: Schlotterbeck-GIF befeuert Spekulationen um Sancho-Rückkehr 
2026-10-06 16:39:12,569 INFO S7 kein Volltext (too_short_28_words): Katic setzt im Nationalteam nächstes Ausrufezeichen: Tanaka 
2026-10-06 16:39:12,569 INFO S7 zu wenig Stoff (0 Wörter aus 0 Quellen, Versuch 1/3): Katic setzt im Nationalteam nächstes Ausrufezeichen: Tanaka 
2026-10-06 16:39:14,918 INFO S7 kein Volltext (seite_zu_alt): TSG Hoffenheim - Besiktas Istanbul
2026-10-06 16:39:14,918 INFO S7 zu wenig Stoff (0 Wörter aus 0 Quellen, Versuch 1/3): TSG Hoffenheim - Besiktas Istanbul
2026-10-06 16:39:15,425 ERROR lxml parsing failed: Document is empty
2026-10-06 16:39:15,425 ERROR lxml parser bytestring Document is empty
2026-10-06 16:39:15,425 ERROR lxml parsing failed: Document is empty
2026-10-06 16:39:15,425 ERROR lxml parser bytestring Document is empty
2026-10-06 16:39:15,425 ERROR empty HTML tree: None
2026-10-06 16:39:15,425 WARNING discarding data: None
2026-10-06 16:39:15,426 INFO S7 kein Volltext (trafilatura_returned_empty): Höler trifft doppelt für Freiburg gegen Luzern
2026-10-06 16:39:15,426 INFO S7 zu wenig Stoff (0 Wörter aus 0 Quellen, Versuch 1/3): Höler trifft doppelt für Freiburg gegen Luzern
2026-10-06 16:39:16,728 INFO S7 kein Volltext (likely_paywall): Eintracht-Star darf nach Verletzungs-Drama plötzlich vom DFB
2026-10-06 16:39:16,728 INFO S7 zu wenig Stoff (0 Wörter aus 0 Quellen, Versuch 2/3): Eintracht-Star darf nach Verletzungs-Drama plötzlich vom DFB
2026-10-06 16:39:20,191 INFO S7 schreiben (Prio 2, 1 Quellen): Free-agent ex-Bayern defender again linked with Milan amid i
2026-10-06 16:39:27,329 INFO S7 verworfen (kein_bl_hauptklub): Guerreiro wieder Thema beim AC Mailand
2026-10-06 16:39:27,834 INFO S7 schreiben (Prio 2, 1 Quellen): Free Agent als Lösung in Stürmer-Not? So plant der Effzeh
2026-10-06 16:39:35,584 INFO   Kandidat: Köln verzichtet auf Free Agent trotz Ausfällen von Dallinga 
2026-10-06 16:39:38,722 INFO S7 schreiben (Prio 2, 1 Quellen): Newcastle goalkeeper emerges as option for Bayern Munich
2026-10-06 16:39:46,135 INFO S7.6 doppelt (Kahn kritisiert Klopp: Urbig-Einsatz „schon etwas ): Bayern prüft Nick Pope als Back-up für Jonas Urbig
2026-10-06 16:39:46,497 ERROR lxml parsing failed: Document is empty
2026-10-06 16:39:46,497 ERROR lxml parser bytestring Document is empty
2026-10-06 16:39:46,497 ERROR lxml parsing failed: Document is empty
2026-10-06 16:39:46,497 ERROR lxml parser bytestring Document is empty
2026-10-06 16:39:46,497 ERROR empty HTML tree: None
2026-10-06 16:39:46,497 WARNING discarding data: None
2026-10-06 16:39:46,498 INFO S7 kein Volltext (trafilatura_returned_empty): Top-Talent im Clinch mit United: Bayern führt Gespräche mit 
2026-10-06 16:39:46,498 INFO S7 zu wenig Stoff (0 Wörter aus 0 Quellen, Versuch 2/3): Top-Talent im Clinch mit United: Bayern führt Gespräche mit 
2026-10-06 16:39:47,497 INFO S7 schreiben (Prio 2, 1 Quellen): „Wieder deutlich agiler“: Neue Hoffnung für Stuttgarts Torjä
2026-10-06 16:39:54,982 INFO   Kandidat: Undav findet vor dem Spiel in Paderborn zurück in die Spur
2026-10-06 16:40:02,069 INFO S7 schreiben (Prio 2, 1 Quellen): Schalke-Boss Lüftl: Wie Bayern seine Karriere beeinflusste
2026-10-06 16:40:11,297 INFO   Kandidat: Schalke-Kaderplaner Lüftl: Prägende Jahre im Bayern-Nachwuch
2026-10-06 16:40:12,301 INFO S7 kein Volltext (likely_paywall): Mammutaufgaben in Leipzig und Dortmund: Eintracht Frankfurt 
2026-10-06 16:40:12,301 INFO S7 zu wenig Stoff (0 Wörter aus 0 Quellen, Versuch 3/3): Mammutaufgaben in Leipzig und Dortmund: Eintracht Frankfurt 
2026-10-06 16:40:12,653 INFO S7 kein Volltext (too_short_57_words): Klopp-Entdeckung als Vorbild - Blessin ist Gladbachs große M
2026-10-06 16:40:12,653 INFO S7 zu wenig Stoff (0 Wörter aus 0 Quellen, Versuch 3/3): Klopp-Entdeckung als Vorbild - Blessin ist Gladbachs große M
2026-10-06 16:40:17,713 INFO S7 schreiben (Prio 2, 1 Quellen): Ex-Spieler zurück zum FC Bayern?
2026-10-06 16:40:27,732 INFO S7.6 doppelt (Yildiz: Bayern soll Rückkehr des Ex-Talents prüfen): Bayern offenbar an Juventus-Star Kenan Yildiz inte
2026-10-06 16:40:37,394 INFO S7 schreiben (Prio 2, 1 Quellen): Schalke vor dem Freiburg-Spiel: S04-Trainer Muslic hat jetzt
2026-10-06 16:40:41,245 INFO S7 verworfen (zu_wenig_stoff): Schalke vor dem Freiburg-Spiel: S04-Trainer Muslic hat jetzt
2026-10-06 16:40:41,853 INFO S7 kein Volltext (too_short_34_words): HSV-Profi beichtet: „Ich liege im Bett und denke: ‚Hey, was 
2026-10-06 16:40:41,853 INFO S7 zu wenig Stoff (0 Wörter aus 0 Quellen, Versuch 3/3): HSV-Profi beichtet: „Ich liege im Bett und denke: ‚Hey, was 
2026-10-06 16:40:43,138 INFO S7 kein Volltext (seite_zu_alt): Hamann zerlegt Frankfurt & Riera: "Alles in Schutt und Asche
2026-10-06 16:40:43,138 INFO S7 zu wenig Stoff (0 Wörter aus 0 Quellen, Versuch 2/3): Hamann zerlegt Frankfurt & Riera: "Alles in Schutt und Asche
2026-10-06 16:40:43,578 INFO S7 kein Volltext (likely_paywall): Arsenal and Liverpool eyeing moves for Leipzig star?
2026-10-06 16:40:43,579 INFO S7 zu wenig Stoff (0 Wörter aus 0 Quellen, Versuch 3/3): Arsenal and Liverpool eyeing moves for Leipzig star?
2026-10-06 16:40:44,650 INFO S7 kein Volltext (seite_zu_alt): Rückkehr trotz „blutiger Nasen“? RB Leipzig will angeblich K
2026-10-06 16:40:44,650 INFO S7 zu wenig Stoff (0 Wörter aus 0 Quellen, Versuch 3/3): Rückkehr trotz „blutiger Nasen“? RB Leipzig will angeblich K
2026-10-06 16:40:44,800 INFO S7 kein Volltext (seite_zu_alt): France [1]-1 Belgium - Desire Doue 77'
2026-10-06 16:40:44,801 INFO S7 zu wenig Stoff (0 Wörter aus 0 Quellen, Versuch 2/3): France [1]-1 Belgium - Desire Doue 77'
2026-10-06 16:40:45,314 INFO S7 kein Volltext (too_short_15_words): Bald Nationalspieler? Klopp-Plan mit Noel Aseko von Eintrach
2026-10-06 16:40:45,314 INFO S7 zu wenig Stoff (0 Wörter aus 0 Quellen, Versuch 2/3): Bald Nationalspieler? Klopp-Plan mit Noel Aseko von Eintrach
2026-10-06 16:40:46,260 INFO S7 kein Volltext (seite_zu_alt): „Im Fußball weiß man nie“, sagt Matchwinner Vuskovic über ei
2026-10-06 16:40:46,260 INFO S7 zu wenig Stoff (0 Wörter aus 0 Quellen, Versuch 2/3): „Im Fußball weiß man nie“, sagt Matchwinner Vuskovic über ei
2026-10-06 16:40:46,654 WARNING discarding data: None
2026-10-06 16:40:46,655 INFO S7 kein Volltext (trafilatura_returned_empty): Großes Potenzial: Littbarski schwärmt von Frankfurt-Stürmer 
2026-10-06 16:40:46,656 INFO S7 zu wenig Stoff (0 Wörter aus 0 Quellen, Versuch 2/3): Großes Potenzial: Littbarski schwärmt von Frankfurt-Stürmer 
2026-10-06 16:40:47,111 WARNING discarding data: None
2026-10-06 16:40:47,111 INFO S7 kein Volltext (trafilatura_returned_empty): Der Favorit reist fast ohne Innenverteidiger an
2026-10-06 16:40:47,112 INFO S7 zu wenig Stoff (0 Wörter aus 0 Quellen, Versuch 2/3): Der Favorit reist fast ohne Innenverteidiger an
2026-10-06 16:40:47,536 WARNING discarding data: None
2026-10-06 16:40:47,536 INFO S7 kein Volltext (trafilatura_returned_empty): Absage an Beşiktaş: Werder Bremen plant fest mit Talent Darw
2026-10-06 16:40:47,537 INFO S7 zu wenig Stoff (0 Wörter aus 0 Quellen, Versuch 2/3): Absage an Beşiktaş: Werder Bremen plant fest mit Talent Darw
2026-10-06 16:40:48,036 WARNING discarding data: None
2026-10-06 16:40:48,037 INFO S7 kein Volltext (trafilatura_returned_empty): Bis zu 100 Millionen: ManCity wollte Bayern-Star verpflichte
2026-10-06 16:40:48,037 INFO S7 zu wenig Stoff (0 Wörter aus 0 Quellen, Versuch 2/3): Bis zu 100 Millionen: ManCity wollte Bayern-Star verpflichte
2026-10-06 16:40:48,229 ERROR lxml parsing failed: Document is empty
2026-10-06 16:40:48,229 ERROR lxml parser bytestring Document is empty
2026-10-06 16:40:48,229 ERROR lxml parsing failed: Document is empty
2026-10-06 16:40:48,229 ERROR lxml parser bytestring Document is empty
2026-10-06 16:40:48,229 ERROR empty HTML tree: None
2026-10-06 16:40:48,229 WARNING discarding data: None
2026-10-06 16:40:48,230 INFO S7 kein Volltext (trafilatura_returned_empty): Im Schatten von El Mala: Nutzt Kölns Talent Heskey seine näc
2026-10-06 16:40:48,230 INFO S7 zu wenig Stoff (0 Wörter aus 0 Quellen, Versuch 1/3): Im Schatten von El Mala: Nutzt Kölns Talent Heskey seine näc
2026-10-06 16:40:53,272 INFO S7 schreiben (Prio 2, 1 Quellen): Werder plant weiter mit Soylu: Winter-Abgang kein Thema
2026-10-06 16:40:57,273 INFO S7 verworfen (nicht_relevant): Werder plant weiter mit Soylu: Winter-Abgang kein Thema
2026-10-06 16:40:57,798 INFO S7 schreiben (Prio 2, 1 Quellen): Eintracht Frankfurt: Erste Nominierung sicher? Spannender Kl
2026-10-06 16:41:06,702 INFO   Kandidat: Frankfurts Noel Aseko vor erster Nominierung für die Nationa
2026-10-06 16:41:06,702 INFO S7 Abo-Deckel (12 Artikel) erreicht – Rest wartet auf den nächsten Lauf
2026-10-06 16:41:06,731 INFO S9.5 FinalCheck: 12/12 durch
2026-10-06 16:41:07,422 INFO Veröffentlicht: HSV: Grønbæk und Daka trainieren wieder, Poulsen fehlt auf d
2026-10-06 16:41:07,487 INFO Veröffentlicht: Werder: Hein erleidet nur Oberschenkelprellung und plant Dor
2026-10-06 16:41:07,549 INFO Veröffentlicht: Dzeko tritt aus Nationalelf zurück, Schalke-Legenden diskuti
2026-10-06 16:41:07,610 INFO Veröffentlicht: Bayern sucht Abnehmer: Rummenigge nennt Lücke bei Verkäufen
2026-10-06 16:41:07,670 INFO Veröffentlicht: Querfeld kämpft bei Union um seinen Stammplatz
2026-10-06 16:41:07,730 INFO Veröffentlicht: Schalke: Acht Verträge laufen aus, Kaufpflicht bei Gosens
2026-10-06 16:41:07,792 INFO Veröffentlicht: HSV: Warmed Omari droht trotz Spielpraxis die Bank in Hoffen
2026-10-06 16:41:07,855 INFO Veröffentlicht: Schlotterbeck-GIF befeuert Spekulationen um Sancho-Rückkehr 
2026-10-06 16:41:07,917 INFO Veröffentlicht: Köln verzichtet auf Free Agent trotz Ausfällen von Dallinga 
2026-10-06 16:41:07,978 INFO Veröffentlicht: Undav findet vor dem Spiel in Paderborn zurück in die Spur
2026-10-06 16:41:08,041 INFO Veröffentlicht: Schalke-Kaderplaner Lüftl: Prägende Jahre im Bayern-Nachwuch
2026-10-06 16:41:08,106 INFO Veröffentlicht: Frankfurts Noel Aseko vor erster Nominierung für die Nationa
2026-10-06 16:41:08,128 INFO Reddit: Keine Credentials – übersprungen
2026-10-06 16:41:08,129 INFO Reddit: Keine Credentials – übersprungen
2026-10-06 16:41:08,129 INFO Reddit: Keine Credentials – übersprungen
2026-10-06 16:41:08,130 INFO Reddit: Keine Credentials – übersprungen
2026-10-06 16:41:08,130 INFO Reddit: Keine Credentials – übersprungen
2026-10-06 16:41:08,130 INFO Reddit: Keine Credentials – übersprungen
2026-10-06 16:41:08,131 INFO Reddit: Keine Credentials – übersprungen
2026-10-06 16:41:08,131 INFO Reddit: Keine Credentials – übersprungen
2026-10-06 16:41:08,132 INFO Reddit: Keine Credentials – übersprungen
2026-10-06 16:41:08,133 INFO Reddit: Keine Credentials – übersprungen
2026-10-06 16:41:08,133 INFO Reddit: Keine Credentials – übersprungen
2026-10-06 16:41:08,133 INFO Reddit: Keine Credentials – übersprungen
2026-10-06 16:41:08,134 INFO 💶 Kosten: dieser Lauf 0.000 $ (Budget 0.060 $) | heute 0.00 $ | Monat 0.72 / 23 $ | konferenz (abo) 1× 0.000 $, dublette (abo) 30× 0.000 $, schreiben (abo) 22× 0.000 $
2026-10-06 16:41:08,134 INFO 🎫 Abo-Verbrauch: 190,656 Tokens rein (davon Cache gelesen 26,775), 34,032 raus, API-Gegenwert 0.93 $ | konferenz 1×: 6,281/12,003, dublette 30×: 42,301/174, schreiben 22×: 142,074/21,855
2026-10-06 16:41:08,161 INFO Feeds: 60/60 begonnen, nächster Lauf startet bei Nr. 0
2026-10-06 16:41:08,161 INFO URL-Cache gespeichert: 25167 URLs
2026-10-06 16:41:08,161 INFO === Fertig. 12 neue Artikel. feed.json: 1337 ===
2026-10-06 16:41:08,161 INFO Stats: {"ts": "20261006_1632", "ingested": 177, "s2_pre_filter": 34, "s3_relevance": 49, "s4_dedup_early": 0, "gesammelt": 93, "geschichten_neu": 69, "s5_archiv_doppelt": 5, "s5_zusammengefuehrt": 4, "s6_aussortiert": 55, "s7_geschrieben": 22, "s7_verworfen": 12, "s5_fulltext_fail": 36, "s8_qa_rejected": 0, "published": 12, "s5_ohne_bezug": 4, "s5_randthema": 6, "kosten": {"lauf_usd": 0.0, "lauf_budget_usd": 0.0601, "heute_usd": 0.0, "monat_usd": 0.7196, "monatsbudget_usd": 23.0, "aufrufe": {"konferenz (abo)": {"anzahl": 1, "usd": 0.0}, "dublette (abo)": {"anzahl": 30, "usd": 0.0}, "schreiben (abo)": {"anzahl": 22, "usd": 0.0}}, "guthaben_leer": false, "abo": true, "abo_tokens": {"konferenz": {"aufrufe": 1, "ein": 10, "cache_schreiben": 6271, "cache_lesen": 0, "aus": 12003, "api_wert_usd": 0.0726}, "dublette": {"aufrufe": 30, "ein": 60, "cache_schreiben": 42241, "cache_lesen": 0, "aus": 174, "api_wert_usd": 0.1707}, "schreiben": {"aufrufe": 22, "ein": 44, "cache_schreiben": 115255, "cache_lesen": 26775, "aus": 21855, "api_wert_usd": 0.685}}}}
