2026-10-08 15:02:10,992 INFO 💶 Budget: dieser Lauf 0.064 $ | heute 0.00 $ | Monat 0.72 / 23 $
2026-10-08 15:02:11,586 INFO URL-Cache geladen: 28367 bekannte URLs (letzte 30 Tage)
2026-10-08 15:02:11,586 INFO === Ligaoutsider Generator startet – max. 50 Artikel ===
2026-10-08 15:02:11,587 INFO Feed: https://newsfeed.kicker.de/news/bundesliga
2026-10-08 15:02:12,007 INFO S1 Medienseite ohne Artikeltext: Platz der Knoten? Moore hofft auf Treffer im Rheinderby
2026-10-08 15:02:12,016 INFO Feed: https://www.sportschau.de/fussball/bundesliga/index~rss2.xml
2026-10-08 15:02:12,713 INFO Feed: https://sportbild.bild.de/feed/sportbild-home.xml
2026-10-08 15:02:13,197 INFO BL-Spielerliste geladen: 1002 Namen
2026-10-08 15:02:13,233 INFO S3 keyword miss: „Er wird schlecht beraten“ - Mbappé-Frust wächst weiter bei 
2026-10-08 15:02:13,233 INFO Feed: https://www.bild.de/rss-feeds/rss-16725492,feed=fussball-mix.bild.html
2026-10-08 15:02:13,815 INFO S3 keyword miss: Sie ist noch ohne Deutschland-Einsatz - Neue DFB-Spielerin s
2026-10-08 15:02:13,908 INFO S3 keyword miss: Ribéry & Pizarro jubeln - Top-Stars Demme und Halstenberg wi
2026-10-08 15:02:13,911 INFO S2 blacklist: „Das schlimmste Spiel meiner Karriere“ - HSV-Star spricht üb
2026-10-08 15:02:13,975 INFO S3 keyword miss: Vor Lautern-Hit in Heidenheim - Irrer Känguru-Vergleich von 
2026-10-08 15:02:13,977 INFO Feed: https://www.11freunde.de/feed
2026-10-08 15:02:15,319 INFO Feed: https://www.bundesliga.com/de/bundesliga/news.rss
2026-10-08 15:02:15,486 INFO Feed: https://news.google.com/rss/topics/CAAqJggKIiBDQkFTRWdvSUwyMHZNRFp1ZEdvU0FtUmxHZ0pFUlNnQVAB?hl=de&gl=DE&ceid=DE:de
2026-10-08 15:02:15,775 INFO S2 blacklist: Ramon Vega möchte Gianni Infantino bei FIFA-Wahl herausforde
2026-10-08 15:02:15,895 INFO S3 keyword miss: "Ihr seid feige Schweine": Trainer-Legende packt aus
2026-10-08 15:02:15,983 INFO S2 blacklist: Nationalmannschaft | Großes Lob und große Ehre für Jürgen Kl
2026-10-08 15:02:16,096 INFO S3 keyword miss: "Großartiges Happy End": Voigt ordnet Roglic-Coup ein
2026-10-08 15:02:16,209 INFO S3 keyword miss: Verdiente Nummer eins? Clijsters mit klarer Meinung in Zvere
2026-10-08 15:02:16,330 INFO S3 keyword miss: "Er kapiert es nicht": Effenberg und Hamann kritisieren Rona
2026-10-08 15:02:16,495 INFO S3 keyword miss: Handball | Champions League: SC Magdeburg siegt im Hexenkess
2026-10-08 15:02:16,570 INFO S3 keyword miss: Kylian Mbappé vor Wechsel zum FC Liverpool?
2026-10-08 15:02:16,571 INFO S2 blacklist: DFB-Elf siegt erstmals unter Klopp - Europa ist beeindruckt
2026-10-08 15:02:16,646 INFO S3 keyword miss: "Seltsame Umstellung": Ex-Fußballstar ist jetzt "Uberfahrer"
2026-10-08 15:02:16,721 INFO S3 keyword miss: Wenn andere Klubs nicht hoch wollen: Könnte 1860 sogar als S
2026-10-08 15:02:16,835 INFO S3 keyword miss: Der Löwen-Tag: Das ist los bei Sechzig!
2026-10-08 15:02:16,835 INFO Feed: https://news.google.com/rss/search?q=Bundesliga+Testspiel+Ergebnis&hl=de&gl=DE&ceid=DE:de
2026-10-08 15:02:17,224 INFO Feed: https://news.google.com/rss/search?q=Bundesliga+Vorbereitung+Sommertour&hl=de&gl=DE&ceid=DE:de
2026-10-08 15:02:17,498 INFO Feed: https://news.google.com/rss/search?q=Bundesliga+Verletzung+Ausfall+gesperrt&hl=de&gl=DE&ceid=DE:de
2026-10-08 15:02:17,914 INFO Feed: https://news.google.com/rss/search?q=Bundesliga+Transfer+Wechsel+verpflichtet&hl=de&gl=DE&ceid=DE:de
2026-10-08 15:02:18,278 INFO Feed: https://news.google.com/rss/search?q=Bundesliga+Gerücht+Interesse+Angebot&hl=de&gl=DE&ceid=DE:de
2026-10-08 15:02:18,730 INFO Feed: https://news.google.com/rss/search?q=Bundesliga+Vertrag+verlängert+ablösefrei&hl=de&gl=DE&ceid=DE:de
2026-10-08 15:02:19,093 INFO Feed: https://news.google.com/rss/search?q=%22FC+Bayern%22+OR+%22Bayern+M%C3%BCnchen%22+when%3A1d&hl=de&gl=DE&ceid=DE:de
2026-10-08 15:02:19,733 INFO S3 keyword miss: Vorm Kracher-Heimduell: Niners tanken Selbstvertrauen
2026-10-08 15:02:19,735 INFO Feed: https://news.google.com/rss/search?q=BVB+OR+%22Borussia+Dortmund%22+when%3A1d&hl=de&gl=DE&ceid=DE:de
2026-10-08 15:02:20,486 INFO S2 blacklist: Bundesliga-Restart: Was ist neu nach drei Wochen Länderspiel
2026-10-08 15:02:20,491 INFO S2 blacklist: Sieglos gegen Unbesiegbar: Rhenania Bottrop empfängt den BVB
2026-10-08 15:02:20,495 INFO S2 blacklist: Borussia Dortmund U17
2026-10-08 15:02:20,495 INFO Feed: https://news.google.com/rss/search?q=%22Bayer+Leverkusen%22+OR+%22Bayer+04%22+when%3A1d&hl=de&gl=DE&ceid=DE:de
2026-10-08 15:02:20,870 INFO S2 blacklist: Mainz 05 gegen Leverkusen: Wer zeigt das Bundesliga-Spiel li
2026-10-08 15:02:21,009 INFO S3 keyword miss: Hiobsbotschaft für Bayer: Angreifer kehrt verletzt zurück
2026-10-08 15:02:21,040 INFO Feed: https://news.google.com/rss/search?q=%22RB+Leipzig%22+when%3A1d&hl=de&gl=DE&ceid=DE:de
2026-10-08 15:02:21,565 INFO S2 blacklist: Sensations-Comeback von Nagelsmann? Eintracht-Sieg gegen RB 
2026-10-08 15:02:21,565 INFO S2 blacklist: „Reine Vorsichtsmaßnahme“ – Leipzig-Profi Gomis meldet sich 
2026-10-08 15:02:21,566 INFO S2 blacklist: SV Meppen U19
2026-10-08 15:02:21,566 INFO S2 blacklist: Absage an Rückkehr-Gerüchte: Julian Nagelsmann wird nicht Tr
2026-10-08 15:02:21,566 INFO Feed: https://news.google.com/rss/search?q=%22VfB+Stuttgart%22+when%3A1d&hl=de&gl=DE&ceid=DE:de
2026-10-08 15:02:22,098 INFO S3 keyword miss: Kein "Jobsharing": Hoeneß verkündet neuen Stammkeeper
2026-10-08 15:02:22,101 INFO S2 blacklist: Mit so vielen Zuschauern rechnet der SV Meppen in der ersten
2026-10-08 15:02:22,134 INFO S2 blacklist: Bundestrainer Christian Wück muss bei den DFB-Frauen nachnom
2026-10-08 15:02:22,220 INFO Feed: https://news.google.com/rss/search?q=%22Eintracht+Frankfurt%22+when%3A1d&hl=de&gl=DE&ceid=DE:de
2026-10-08 15:02:22,880 INFO S3 keyword miss: „Es war meine falsche Entscheidung“: Krösche gesteht öffentl
2026-10-08 15:02:22,952 INFO S3 keyword miss: Dilemma der DFB-Stürmer? Hütter "glücklich, Optionen zu habe
2026-10-08 15:02:22,953 INFO S2 blacklist: Eintracht Frankfurt - Bilanz gegen Borussia Mönchengladbach 
2026-10-08 15:02:22,954 INFO S2 blacklist: Regionalliga Südwest
2026-10-08 15:02:22,954 INFO Feed: https://news.google.com/rss/search?q=Gladbach+OR+%22Borussia+M%C3%B6nchengladbach%22+when%3A1d&hl=de&gl=DE&ceid=DE:de
2026-10-08 15:02:23,581 INFO S3 keyword miss: Polizei bereitet sich auf das Derby vor: Neues Konzept greif
2026-10-08 15:02:23,582 INFO S2 blacklist: Raus aus dem Abstiegskampf? Der Gladbach-Spielplan nach der 
2026-10-08 15:02:23,655 INFO S3 keyword miss: Wie viel Kredit hat René Wagner noch vor dem Rheinderby?
2026-10-08 15:02:23,658 INFO S2 blacklist: Bundesliga-Neustart: BVB vorn, Gladbach und Union unter Druc
2026-10-08 15:02:23,659 INFO Feed: https://news.google.com/rss/search?q=%22SC+Freiburg%22+when%3A1d&hl=de&gl=DE&ceid=DE:de
2026-10-08 15:02:24,036 INFO S2 blacklist: Sensations-Comeback von Nagelsmann? Eintracht-Sieg gegen RB 
2026-10-08 15:02:24,112 INFO S3 keyword miss: „Kenne ihn seit den Achtzigern“: Absolut-Fussball-Reporter s
2026-10-08 15:02:24,184 INFO S3 keyword miss: Weltmeisterschaft - Abstellungen Al-Ramtha SC
2026-10-08 15:02:24,257 INFO S3 keyword miss: KSC-Trainer fordert Geduld mit glücklosem Ben Farhat
2026-10-08 15:02:24,328 INFO S3 keyword miss: Pius Dorn vor Comeback für den FC Luzern in Lugano
2026-10-08 15:02:24,329 INFO S2 blacklist: Bundesliga-Start-Check 2026/27: Alle 18 Teams im Überblick
2026-10-08 15:02:24,330 INFO Feed: https://news.google.com/rss/search?q=Hoffenheim+when%3A1d&hl=de&gl=DE&ceid=DE:de
2026-10-08 15:02:24,763 INFO S2 Liveticker übersprungen: MSV Duisburg gegen die TSG 1899 Hoffenheim II im Liveticker
2026-10-08 15:02:24,842 INFO S3 keyword miss: „Sehr erleichtert“ – Bookjans nicht schwerer verletzt, zwei 
2026-10-08 15:02:24,843 INFO S2 blacklist: VfL Wolfsburg gegen TSG Hoffenheim im Datenvergleich | Achte
2026-10-08 15:02:24,846 INFO S2 kein BL-Klub im Titel: MSV Duisburg: Besondere Aktion mit aktiver Fanszene – Verlet
2026-10-08 15:02:24,847 INFO Feed: https://news.google.com/rss/search?q=%22Mainz+05%22+when%3A1d&hl=de&gl=DE&ceid=DE:de
2026-10-08 15:02:25,267 INFO S2 blacklist: 1.FSV Mainz 05 - Spieler von A bis Z | Seite 64
2026-10-08 15:02:25,334 INFO S3 keyword miss: Richard Schiffmann
2026-10-08 15:02:25,403 INFO S3 keyword miss: SV Viktoria Aschaffenburg
2026-10-08 15:02:25,472 INFO S3 keyword miss: Manuel Wintzheimer
2026-10-08 15:02:25,546 INFO S3 keyword miss: Williams vom Parkplatz, Seric mit dem Dagger: Niners rehabil
2026-10-08 15:02:25,546 INFO Feed: https://news.google.com/rss/search?q=%22FC+Augsburg%22+when%3A1d&hl=de&gl=DE&ceid=DE:de
2026-10-08 15:02:25,978 INFO S3 keyword miss: Fußball-Bundesliga 2026/2027: Wettervorhersage für den 5. Sp
2026-10-08 15:02:26,008 INFO Feed: https://news.google.com/rss/search?q=%22Union+Berlin%22+when%3A1d&hl=de&gl=DE&ceid=DE:de
2026-10-08 15:02:26,446 INFO S3 keyword miss: Dr. Markus Merk
2026-10-08 15:02:26,447 INFO Feed: https://news.google.com/rss/search?q=%22Werder+Bremen%22+when%3A1d&hl=de&gl=DE&ceid=DE:de
2026-10-08 15:02:27,072 INFO S2 blacklist: BVB gegen Werder: Füllkrug will bei seiner Rückkehr Geschich
2026-10-08 15:02:27,075 INFO Feed: https://news.google.com/rss/search?q=HSV+OR+%22Hamburger+SV%22+when%3A1d&hl=de&gl=DE&ceid=DE:de
2026-10-08 15:02:27,461 INFO S2 blacklist: Hamburger SV - Kader im Detail 55/56 (Galerie) | Seite 6
2026-10-08 15:02:27,462 INFO S2 blacklist: HSV VUC Den Haag - Kader im Detail 36/37 (Galerie)
2026-10-08 15:02:27,463 INFO S2 blacklist: HSV Barmbek-Uhlenhorst U19
2026-10-08 15:02:27,464 INFO S2 blacklist: Zukunftswunsch im Norden: HSV-Stürmer Poulsen strebt Verblei
2026-10-08 15:02:27,464 INFO Feed: https://news.google.com/rss/search?q=%221.+FC+K%C3%B6ln%22+OR+%22FC+K%C3%B6ln%22+when%3A1d&hl=de&gl=DE&ceid=DE:de
2026-10-08 15:02:27,908 INFO Feed: https://news.google.com/rss/search?q=Schalke+when%3A1d&hl=de&gl=DE&ceid=DE:de
2026-10-08 15:02:28,405 INFO Feed: https://news.google.com/rss/search?q=Elversberg+when%3A1d&hl=de&gl=DE&ceid=DE:de
2026-10-08 15:02:28,737 INFO Feed: https://news.google.com/rss/search?q=%22SC+Paderborn%22+when%3A1d&hl=de&gl=DE&ceid=DE:de
2026-10-08 15:02:29,176 INFO Feed: https://www.transfermarkt.de/rss/news
2026-10-08 15:02:29,217 INFO Feed: https://www.waz.de/sport/fussball/rss
2026-10-08 15:02:29,842 INFO Feed: https://www.faz.net/rss/aktuell/sport/fussball/bundesliga/
2026-10-08 15:02:31,672 INFO Feed: https://bulinews.com/rss.xml
2026-10-08 15:02:32,216 INFO Feed: https://www.abendblatt.de/sport/rss
2026-10-08 15:02:32,775 INFO Feed: https://www.merkur.de/sport/fc-bayern/rssfeed.rdf
2026-10-08 15:02:33,542 INFO S2 blacklist: FC Bayern gibt Fitness-Update zu Sorgenkind Jamal Musiala
2026-10-08 15:02:33,542 INFO Feed: https://www.eyefootball.com/rss_news_main.xml
2026-10-08 15:02:34,166 INFO Feed: https://www.ligaportal.at/international/deutsche-bundesliga?format=feed&type=rss
2026-10-08 15:02:37,671 INFO S2 blacklist: Dilemma der DFB-Stürmer? Hütter "glücklich, Optionen zu habe
2026-10-08 15:02:37,672 INFO Feed: https://www.reddit.com/r/soccer/new.rss?limit=100
2026-10-08 15:02:38,687 INFO S3 keyword miss: Mikel Arteta exclusive interview: ‘I have poison in my veins
2026-10-08 15:02:38,756 INFO S3 keyword miss: Fiorentina renew Luca Ranieri to 2029
2026-10-08 15:02:38,856 INFO S3 keyword miss: Benin’s head coach Gernot Rohr: “The Argentinians didn’t giv
2026-10-08 15:02:38,940 INFO S3 keyword miss: José Mourinho on Manchester City's case "I’d rather have a b
2026-10-08 15:02:38,941 INFO Feed: https://newsfeed.kicker.de/team/fc-bayern-muenchen
2026-10-08 15:02:39,012 INFO Feed: https://newsfeed.kicker.de/team/borussia-dortmund
2026-10-08 15:02:39,253 INFO Feed: https://newsfeed.kicker.de/team/rb-leipzig
2026-10-08 15:02:39,479 INFO Feed: https://newsfeed.kicker.de/team/bayer-04-leverkusen
2026-10-08 15:02:39,707 INFO Feed: https://newsfeed.kicker.de/team/vfb-stuttgart
2026-10-08 15:02:39,788 INFO Feed: https://newsfeed.kicker.de/team/eintracht-frankfurt
2026-10-08 15:02:40,064 INFO Feed: https://newsfeed.kicker.de/team/bor-moenchengladbach
2026-10-08 15:02:40,170 INFO Feed: https://newsfeed.kicker.de/team/sc-freiburg
2026-10-08 15:02:40,397 INFO Feed: https://newsfeed.kicker.de/team/tsg-hoffenheim
2026-10-08 15:02:40,618 INFO Feed: https://newsfeed.kicker.de/team/1-fsv-mainz-05
2026-10-08 15:02:40,852 INFO Feed: https://newsfeed.kicker.de/team/fc-augsburg
2026-10-08 15:02:41,072 INFO Feed: https://newsfeed.kicker.de/team/1-fc-union-berlin
2026-10-08 15:02:41,295 INFO Feed: https://newsfeed.kicker.de/team/werder-bremen
2026-10-08 15:02:41,528 INFO Feed: https://newsfeed.kicker.de/team/hamburger-sv
2026-10-08 15:02:41,748 INFO Feed: https://newsfeed.kicker.de/team/1-fc-koeln
2026-10-08 15:02:41,967 INFO Feed: https://newsfeed.kicker.de/team/fc-schalke-04
2026-10-08 15:02:42,190 INFO Feed: https://newsfeed.kicker.de/team/sv-elversberg
2026-10-08 15:02:42,422 INFO Feed: https://newsfeed.kicker.de/team/sc-paderborn-07
2026-10-08 15:02:42,658 INFO Feed: https://newsfeed.kicker.de/news/champions-league
2026-10-08 15:02:42,726 INFO Feed: ligainsider:themen
2026-10-08 15:03:07,041 INFO LigaInsider (Themenfinder): 139 Meldungen von 18 Vereinsseiten
2026-10-08 15:03:10,831 INFO Eingelesen: 138 Schlagzeilen nach den Gratis-Filtern
2026-10-08 15:03:12,614 INFO S5 kein Bundesliga-Spieler oder -Klub erkennbar: Aufregung um Mbappé bei Real Madrid
2026-10-08 15:03:12,615 INFO S5 schon berichtet (Thioune über Füllkrug: „Wird motiviert sein“ ): Thioune über Füllkrug-Rückkehr: "Wird motiviert sein"
2026-10-08 15:03:12,615 INFO S5 Sammelartikel: Hein fit für Werders Startelf, acht Spieler um Lynen fallen aus: Das P
2026-10-08 15:03:12,616 INFO S5 kein Bundesliga-Spieler oder -Klub erkennbar: Formel 1: Valtteri Bottas reist zum nächsten Rennen 350 Kilometer mit 
2026-10-08 15:03:12,623 INFO S5 schon berichtet (Nach 0:7 in Enschede: Werders Defensivproblem): buten un binnen: Werder will sich nach dem Testspiel-Debakel
2026-10-08 15:03:12,624 INFO S5 schon berichtet (Cramer dementiert Sammer-Aus: Berater bleibt ): "Frage der Zeit": BVB vor Verlängerung mit Kovac
2026-10-08 15:03:12,624 INFO S5 kein Bundesliga-Spieler oder -Klub erkennbar: Rücktritt vom Rücktritt steht im Raum: Warum Bayer-Torjäger Schick übe
2026-10-08 15:03:12,630 INFO S5 Randthema: Für S04-Fans gehts ins Europa-Park-Stadion Was bei Tickets, Alkohol un
2026-10-08 15:03:12,633 INFO S5 kein Bundesliga-Spieler oder -Klub erkennbar: Füllkrugs besondere Rückkehr: «Bestes Jahr meiner Karriere»
2026-10-08 15:03:12,633 INFO S5 Sammelartikel: Borussia Dortmund News: Füllkrugs besondere Rückkehr: "Bestes Jahr mei
2026-10-08 15:03:12,636 INFO S5 Sammelartikel: Personal-Update: Paderborn-Trio um Klaas benötigt noch etwas Zeit – de
2026-10-08 15:03:12,638 INFO S5: 102 neue Geschichten, 3 schon berichtet, 6 zu wartenden Geschichten ergänzt, 51 warten
2026-10-08 15:07:07,966 INFO S6 aussortiert (doppelt): Eintracht-Trainer grübelt noch - Das sagt Hütter zu den 3 heißen Start
2026-10-08 15:07:07,966 INFO S6 aussortiert (doppelt): VfB-Trainer trifft Entscheidung - Hoeneß-Klartext zur Torwart-Position
2026-10-08 15:07:07,967 INFO S6 aussortiert (prio_0): Union-Trainerin Eta nennt Zahlen - So viel verdienen Bundesliga-Spiele
2026-10-08 15:07:07,967 INFO S6 aussortiert (doppelt): Niclas Füllkrug: Ich freue mich auf die Gelbe Wand
2026-10-08 15:07:07,967 INFO S6 aussortiert (prio_0): Marktwerte Belgien: Tresoldi neuer Spitzenreiter – Leipzig-Leihgabe Ve
2026-10-08 15:07:07,967 INFO S6 aussortiert (prio_0): Wer zeigt / überträgt FC Augsburg gegen FC Bayern München im TV und LI
2026-10-08 15:07:07,967 INFO S6 aussortiert (doppelt): Bayern provide fresh injury update on Musiala
2026-10-08 15:07:07,967 INFO S6 aussortiert (doppelt): FC Bayern | Urbig bleibt Nummer zwei - Keine Zweifel bei Olise
2026-10-08 15:07:07,968 INFO S6 aussortiert (doppelt): Kompany schaltet sich in Kimmich-Diskussion ein
2026-10-08 15:07:07,968 INFO S6 aussortiert (prio_0): Die Top-Stats: Augsburg vs. FC Bayern
2026-10-08 15:07:07,968 INFO S6 aussortiert (doppelt): Droht jetzt die Bank? Bislang gesetzter Bayern-Star zittert vor CL-Auf
2026-10-08 15:07:07,968 INFO S6 aussortiert (prio_1): FC Bayern trauert um früheren Co-Trainer – Ex-Heynckes-Assistent wurde
2026-10-08 15:07:07,968 INFO S6 aussortiert (doppelt): BVB-Trainer Kovac lobt Waldemar Antons Wichtigkeit für die jungen Spie
2026-10-08 15:07:07,968 INFO S6 aussortiert (doppelt): BVB-Star ist die größte Entdeckung von Jürgen Klopp
2026-10-08 15:07:07,968 INFO S6 aussortiert (doppelt): Rückkehr zum BVB: „Wichtig einen wie Fülle zu haben“
2026-10-08 15:07:07,968 INFO S6 aussortiert (doppelt): Niclas Füllkrug kehrt mit Werder nach Dortmund zurück | 5. Spieltag
2026-10-08 15:07:07,969 INFO S6 aussortiert (doppelt): Nach Tritt ans Sprunggelenk: Bayer Leverkusen bangt um Kreativspieler 
2026-10-08 15:07:07,969 INFO S6 aussortiert (doppelt): Gute Nachrichten für Bayer: Eichhorn macht Fortschritte
2026-10-08 15:07:07,969 INFO S6 aussortiert (prio_1): Verkehrsinfos zum Bundesliga-Heimspiel von RB Leipzig und Eintracht Fr
2026-10-08 15:07:07,969 INFO S6 aussortiert (doppelt): VfB Stuttgart beim SC Paderborn: Die lang ersehnte Chance für Dennis S
2026-10-08 15:07:07,969 INFO S6 aussortiert (doppelt): VfB-Coach Hoeneß trifft klare Torwart-Entscheidung
2026-10-08 15:07:07,970 INFO S6 aussortiert (doppelt): "Er wird spielen": Sebastian Hoeneß kündigt Debüt beim VfB Stuttgart a
2026-10-08 15:07:07,970 INFO S6 aussortiert (prio_0): 5. Spieltag: SC Paderborn 07 - VfB Stuttgart - VfB Stuttgart - Forum |
2026-10-08 15:07:07,970 INFO S6 aussortiert (doppelt): Dennis Seimen beginnt im Tor
2026-10-08 15:07:07,970 INFO S6 aussortiert (doppelt): VfB klärt Torwart-Frage
2026-10-08 15:07:07,970 INFO S6 aussortiert (prio_0): Die Top-Stats: Paderborn vs. VFB Stuttgart
2026-10-08 15:07:07,970 INFO S6 aussortiert (doppelt): Baden-Württemberg: Debüt unter Druck: Seimen nun Nummer eins im VfB-To
2026-10-08 15:07:07,970 INFO S6 aussortiert (prio_0): SV Meppen - VfB Stuttgart II im Live-Stream und TV: Wohin gehen am 8. 
2026-10-08 15:07:07,970 INFO S6 aussortiert (doppelt): Das sagt Eintracht-Trainer Hütter vor dem Leipzig-Spiel
2026-10-08 15:07:07,971 INFO S6 aussortiert (doppelt): Erfahrung aus Prestige-Derby: FC-Talent Moore heiß auf Gladbach-Duell
2026-10-08 15:07:07,971 INFO S6 aussortiert (prio_0): 5. Spieltag: 1.FC Köln - Borussia Mönchengladbach - Bor. Mönchengladba
2026-10-08 15:07:07,971 INFO S6 aussortiert (prio_0): Polizei-News Bergisch Gladbach, 08.10.26: Auffahrunfall mit einer schw
2026-10-08 15:07:07,971 INFO S6 aussortiert (prio_0): SPD und Grüne: Demokratische Regeln einhalten
2026-10-08 15:07:07,971 INFO S6 aussortiert (prio_0): Familienzentrum der „Guten Hand“ in Kürten feiert 30. Geburtstag
2026-10-08 15:07:07,971 INFO S6 aussortiert (prio_0): SC Freiburg II
2026-10-08 15:07:07,971 INFO S6 aussortiert (prio_1): Werder-Profi Dinkci spricht über krebskranke Freundin
2026-10-08 15:07:07,972 INFO S6 aussortiert (prio_0): "Wollen gut reinkommen" - MSV Duisburg fordert Hoffenheim
2026-10-08 15:07:07,972 INFO S6 aussortiert (prio_0): 1.FSV Mainz 05
2026-10-08 15:07:07,972 INFO S6 aussortiert (prio_0): 1. Bundesliga: SV Elversberg gegen 1. FC Union Berlin – hier sehen Sie
2026-10-08 15:07:07,972 INFO S6 aussortiert (prio_0): 1.FC Union Berlin
2026-10-08 15:07:07,972 INFO S6 aussortiert (doppelt): Werder-Trainer Thioune über Füllkrug: "Zieht uns als Lokomotive mit"
2026-10-08 15:07:07,972 INFO S6 aussortiert (doppelt): „Kolossaler Warnschuss“: Zieht Werder die Konsequenzen?
2026-10-08 15:07:07,972 INFO S6 aussortiert (prio_0): Handballerin Denise Engelke feiert Werder-Comeback
2026-10-08 15:07:07,972 INFO S6 aussortiert (prio_1): „Noch nie erlebt“ HSV-Profi berichtet von Rassismus und Gewalt
2026-10-08 15:07:07,973 INFO S6 aussortiert (prio_1): Schalke 04: Als Passwort das Gegenteil von Beton-Abwehr
2026-10-08 15:07:07,973 INFO S6 aussortiert (prio_1): FC Schalke 04: Fährmann meldet sich nach Großkreutz-Vorwürfen zu Wort 
2026-10-08 15:07:07,973 INFO S6 aussortiert (prio_0): Freizeitgelände Langdell: Bald soll es los gehen – Trendsport Padel-Te
2026-10-08 15:07:07,973 INFO S6 aussortiert (prio_1): Wagner kürzt Haare während Elversbergs Bundesligasaison
2026-10-08 15:07:07,973 INFO S6 aussortiert (prio_0): Wichtige Hinweise - News-Fans - Fans
2026-10-08 15:07:07,973 INFO S6 aussortiert (prio_0): Sportfreunde Lotte - SC Paderborn 07 II | Weitere Spiele: Fußball Live
2026-10-08 15:07:07,973 INFO S6 aussortiert (prio_0): Borussia Dortmund vs. Werder Bremen preview: Hosts keen to maintain to
2026-10-08 15:07:07,973 INFO S6 aussortiert (prio_0): Lineker backs Kane for Ballon d'Or glory: "It would be very well deser
2026-10-08 15:07:22,182 INFO S7 schreiben (Prio 3, 3 Quellen): Kofane fällt aus! - Leverkusen zittert um Maza
2026-10-08 15:07:33,516 INFO   Kandidat: Leverkusen ohne Kofane, Einsatz von Maza in Mainz offen
2026-10-08 15:07:35,893 INFO S7 kein Volltext (likely_paywall): „Macht Fortschritte“: FC Bayern gibt Musiala-Update – erste 
2026-10-08 15:07:36,557 INFO S7 kein Volltext (too_short_15_words): Jamal Musiala: Bayern-Star absolviert nächste Einheit auf de
2026-10-08 15:07:43,647 INFO S6.5 schon berichtet (Musiala trainiert nach Muskelfaserriss wieder): „Macht Fortschritte“: FC Bayern gibt Musiala-Update – erste 
2026-10-08 15:07:46,375 INFO S7 kein Volltext (too_short_4_words): Thioune über Hein: "Gehe davon aus, dass er spielen wird"
2026-10-08 15:07:57,006 INFO S6.5 schon berichtet (Werder ohne Agu und Alvero in Dortmund, Hein ): Thioune über Hein: "Gehe davon aus, dass er spielen wird"
2026-10-08 15:07:57,995 INFO S7 kein Volltext (likely_paywall): Bayern-Juwel feiert Verletzungs-Comeback und bekommt besonde
2026-10-08 15:08:07,118 INFO S6.5 schon berichtet (Schwäbe im Fokus des FC Bayern: Kölner Kapitä): Bayern-Juwel feiert Verletzungs-Comeback und bekommt besonde
2026-10-08 15:08:09,170 WARNING discarding data: None
2026-10-08 15:08:09,172 INFO S7 kein Volltext (trafilatura_returned_empty): Weiterer Eingriff: Comeback von BVB-Kapitän Can weiter offen
2026-10-08 15:08:12,524 INFO S6.5 schon berichtet (Dortmunds Emre Can unterzieht sich weiterem E): Weiterer Eingriff: Comeback von BVB-Kapitän Can weiter offen
2026-10-08 15:08:12,748 ERROR lxml parsing failed: Document is empty
2026-10-08 15:08:12,748 ERROR lxml parser bytestring Document is empty
2026-10-08 15:08:12,749 ERROR lxml parsing failed: Document is empty
2026-10-08 15:08:12,749 ERROR lxml parser bytestring Document is empty
2026-10-08 15:08:12,749 ERROR empty HTML tree: None
2026-10-08 15:08:12,749 WARNING discarding data: None
2026-10-08 15:08:12,750 INFO S7 kein Volltext (trafilatura_returned_empty): Hoeneß legt sich fest: Seimen rückt ins Stuttgarter Tor
2026-10-08 15:08:14,127 INFO S7 kein Volltext (likely_paywall): Gibt Dennis Seimen sein VfB-Debüt gegen Paderborn? So plant 
2026-10-08 15:08:14,127 INFO S7 zu wenig Stoff (0 Wörter aus 0 Quellen, Versuch 2/3): Gibt Dennis Seimen sein VfB-Debüt gegen Paderborn? So plant 
2026-10-08 15:08:14,552 INFO S7 kein Volltext (too_short_49_words): Dortmund will vorzeitig mit ihm verlängern - Dieser BVB-Star
2026-10-08 15:08:14,553 INFO S7 zu wenig Stoff (0 Wörter aus 0 Quellen, Versuch 1/3): Dortmund will vorzeitig mit ihm verlängern - Dieser BVB-Star
2026-10-08 15:08:22,044 INFO S7 schreiben (Prio 3, 1 Quellen): HSV droht weiterer Stammspieler-Ausfall - aber das Sturm-Laz
2026-10-08 15:08:33,099 INFO   Kandidat: HSV: El Ouahdi erkältet, Einsatz in Hoffenheim auf der Kippe
2026-10-08 15:08:34,558 INFO S7 kein Volltext (too_short_75_words): Bayer Leverkusen forward hit by injury setback
2026-10-08 15:08:34,558 INFO S7 zu wenig Stoff (0 Wörter aus 0 Quellen, Versuch 1/3): Bayer Leverkusen forward hit by injury setback
2026-10-08 15:08:37,880 INFO S6.5 schon berichtet (Augsburg gegen Bayern: Torhungriger FCA triff): FCA-Trainer Manuel Baum kündigt Veränderungen in der Startel
2026-10-08 15:08:38,922 INFO S7 kein Volltext (too_short_52_words): Bleibt Muslic langfristig? Die Wahrheit über den Schalke-Ver
2026-10-08 15:08:38,922 INFO S7 zu wenig Stoff (0 Wörter aus 0 Quellen, Versuch 1/3): Bleibt Muslic langfristig? Die Wahrheit über den Schalke-Ver
2026-10-08 15:08:42,247 INFO S6.5 schon berichtet (Onyeka verletzt von der U21 abgereist: Elvers): Elversberg wohl ohne U21-Nationalspieler Onyeka
2026-10-08 15:08:50,036 INFO S6.5 schon berichtet (Seimen oder Bredlow: VfB vor Torwart-Entschei): VfB Stuttgart: Trainer verkündet die Entscheidung! Seimen ke
2026-10-08 15:08:53,736 INFO S6.5 schon berichtet (Union: Burke, Friedrich und Imeri zurück, Sor): Weitere Sorgen für Union Berlin: Einsatz von Latte Lath unkl
2026-10-08 15:08:58,768 INFO S6.5 schon berichtet (Seimen oder Bredlow: VfB vor Torwart-Entschei): Stuttgart make goalkeeper call ahead of trip to Paderborn
2026-10-08 15:09:02,565 INFO S6.5 schon berichtet (Leverkusens Eichhorn hat Klinikaufenthalt hin): Klinikaufenthalt beendet: Leverkusens Eichhorn macht Fortsch
2026-10-08 15:09:03,141 WARNING discarding data: None
2026-10-08 15:09:03,142 INFO S7 kein Volltext (trafilatura_returned_empty): Konkurrenzkampf im Mittelfeld: Fernandez-Reise eröffnet Andr
2026-10-08 15:09:03,142 INFO S7 zu wenig Stoff (0 Wörter aus 0 Quellen, Versuch 1/3): Konkurrenzkampf im Mittelfeld: Fernandez-Reise eröffnet Andr
2026-10-08 15:09:09,583 INFO S6.5 schon berichtet (Werder ohne Agu und Alvero in Dortmund, Hein ): Alex Schlager bleibt Bundesliga-Debüt weiter verwehrt
2026-10-08 15:09:09,971 ERROR lxml parsing failed: Document is empty
2026-10-08 15:09:09,972 ERROR lxml parser bytestring Document is empty
2026-10-08 15:09:09,972 ERROR lxml parsing failed: Document is empty
2026-10-08 15:09:09,972 ERROR lxml parser bytestring Document is empty
2026-10-08 15:09:09,972 ERROR empty HTML tree: None
2026-10-08 15:09:09,972 WARNING discarding data: None
2026-10-08 15:09:09,973 INFO S7 kein Volltext (trafilatura_returned_empty): Vor Dortmund, nach dem Debakel: Weiser ist bereit für mehr -
2026-10-08 15:09:09,973 INFO S7 zu wenig Stoff (0 Wörter aus 0 Quellen, Versuch 2/3): Vor Dortmund, nach dem Debakel: Weiser ist bereit für mehr -
2026-10-08 15:09:13,887 INFO S6.5 schon berichtet (Werder ohne Agu und Alvero in Dortmund, Hein ): Werder Bremen: Update vor BVB-Kracher – Hein kann rein! Weis
2026-10-08 15:09:14,601 INFO S7 kein Volltext (likely_paywall): Torhüter-Entscheidung gefallen: Werder-Update vor dem Dortmu
2026-10-08 15:09:14,601 INFO S7 zu wenig Stoff (0 Wörter aus 0 Quellen, Versuch 2/3): Torhüter-Entscheidung gefallen: Werder-Update vor dem Dortmu
2026-10-08 15:09:15,772 INFO S7 kein Volltext (too_short_76_words): Schalke kämpft um Muslic: Diese Klausel soll raus
2026-10-08 15:09:15,772 INFO S7 zu wenig Stoff (0 Wörter aus 0 Quellen, Versuch 3/3): Schalke kämpft um Muslic: Diese Klausel soll raus
2026-10-08 15:09:16,129 WARNING discarding data: None
2026-10-08 15:09:16,130 INFO S7 kein Volltext (trafilatura_returned_empty): Zukunftsplan für den Erfolgstrainer: Schalke will Ausstiegsk
2026-10-08 15:09:16,130 INFO S7 zu wenig Stoff (0 Wörter aus 0 Quellen, Versuch 2/3): Zukunftsplan für den Erfolgstrainer: Schalke will Ausstiegsk
2026-10-08 15:09:18,853 WARNING discarding data: None
2026-10-08 15:09:18,854 INFO S7 kein Volltext (trafilatura_returned_empty): 1.FC Köln : Luka Lochoshvilli Kommt Zum Effzeh /1.Spieltag H
2026-10-08 15:09:18,854 INFO S7 zu wenig Stoff (0 Wörter aus 0 Quellen, Versuch 2/3): 1.FC Köln : Luka Lochoshvilli Kommt Zum Effzeh /1.Spieltag H
2026-10-08 15:09:19,502 INFO S7 kein Volltext (too_short_15_words): Werder Bremen holt Alexander Schlager aus Salzburg
2026-10-08 15:09:19,503 INFO S7 zu wenig Stoff (0 Wörter aus 0 Quellen, Versuch 1/3): Werder Bremen holt Alexander Schlager aus Salzburg
2026-10-08 15:09:20,055 WARNING discarding data: None
2026-10-08 15:09:20,056 INFO S7 kein Volltext (trafilatura_returned_empty): Wechsel perfekt: VfB verpflichtet Wolfsburgs Pejcinovic
2026-10-08 15:09:20,056 INFO S7 zu wenig Stoff (0 Wörter aus 0 Quellen, Versuch 2/3): Wechsel perfekt: VfB verpflichtet Wolfsburgs Pejcinovic
2026-10-08 15:09:20,309 ERROR lxml parsing failed: Document is empty
2026-10-08 15:09:20,309 ERROR lxml parser bytestring Document is empty
2026-10-08 15:09:20,309 ERROR lxml parsing failed: Document is empty
2026-10-08 15:09:20,309 ERROR lxml parser bytestring Document is empty
2026-10-08 15:09:20,309 ERROR empty HTML tree: None
2026-10-08 15:09:20,309 WARNING discarding data: None
2026-10-08 15:09:20,310 INFO S7 kein Volltext (trafilatura_returned_empty): Fernandez' Aufstieg als Andrichs Chance? Warum Martinez in d
2026-10-08 15:09:20,837 ERROR lxml parsing failed: Document is empty
2026-10-08 15:09:20,837 ERROR lxml parser bytestring Document is empty
2026-10-08 15:09:20,837 ERROR lxml parsing failed: Document is empty
2026-10-08 15:09:20,837 ERROR lxml parser bytestring Document is empty
2026-10-08 15:09:20,837 ERROR empty HTML tree: None
2026-10-08 15:09:20,837 WARNING discarding data: None
2026-10-08 15:09:20,838 INFO S7 kein Volltext (trafilatura_returned_empty): Fernandez' Aufstieg als Andrichs Chance? Warum Martinez in d
2026-10-08 15:09:21,288 ERROR lxml parsing failed: Document is empty
2026-10-08 15:09:21,288 ERROR lxml parser bytestring Document is empty
2026-10-08 15:09:21,289 ERROR lxml parsing failed: Document is empty
2026-10-08 15:09:21,289 ERROR lxml parser bytestring Document is empty
2026-10-08 15:09:21,289 ERROR empty HTML tree: None
2026-10-08 15:09:21,289 WARNING discarding data: None
2026-10-08 15:09:21,290 INFO S7 kein Volltext (trafilatura_returned_empty): Fernandez' Aufstieg als Andrichs Chance? Warum Martinez in d
2026-10-08 15:09:21,290 INFO S7 zu wenig Stoff (0 Wörter aus 0 Quellen, Versuch 3/3): Fernandez' Aufstieg als Andrichs Chance? Warum Martinez in d
2026-10-08 15:09:25,952 INFO S6.5 schon berichtet (Köln vor dem Derby: Schwäbe stärkt Trainer Wa): „Zu 100 Prozent der richtige Zeitpunkt“ - Köln-Star Moore tr
2026-10-08 15:09:26,376 INFO S7 kein Volltext (too_short_40_words): Es geht um Werders National-Ösis - Thioune ist stinkig wegen
2026-10-08 15:09:27,191 INFO S7 kein Volltext (too_short_40_words): Werder Bremen: Es geht um die National-Ösis – Thioune ist st
2026-10-08 15:09:27,191 INFO S7 zu wenig Stoff (0 Wörter aus 0 Quellen, Versuch 1/3): Es geht um Werders National-Ösis - Thioune ist stinkig wegen
2026-10-08 15:09:28,413 INFO S7 kein Volltext (too_short_33_words): Europa League: SC Freiburg gegen Panathinaikos
2026-10-08 15:09:29,406 INFO S7 kein Volltext (too_short_39_words): Europa League: AS Monaco gegen SC Freiburg
2026-10-08 15:09:29,406 INFO S7 zu wenig Stoff (0 Wörter aus 0 Quellen, Versuch 1/3): Europa League: SC Freiburg gegen Panathinaikos
2026-10-08 15:09:38,932 INFO S6.5 schon berichtet (Bayern: Olmo-Angebot offenbar nicht geplant, ): Heiße Transfer-Aktie - Schnappt sich der FC Bayern einen Ex-
2026-10-08 15:09:41,005 INFO S7 kein Volltext (too_short_27_words): Schalkes früheres Millionen-Versprechen ist zurück: Hibernia
2026-10-08 15:09:41,640 WARNING discarding data: None
2026-10-08 15:09:41,641 INFO S7 kein Volltext (trafilatura_returned_empty): Schalkes Königstransfer rechnet mit Ex-Verein ab: „Brutal“
2026-10-08 15:09:41,641 INFO S7 zu wenig Stoff (0 Wörter aus 0 Quellen, Versuch 2/3): Schalkes früheres Millionen-Versprechen ist zurück: Hibernia
2026-10-08 15:09:43,301 INFO S7 kein Volltext (seite_zu_alt): Hütters Transferwünsche kollidieren mit dem Eintracht-Kader:
2026-10-08 15:09:52,867 INFO S7 schreiben (Prio 2, 1 Quellen): Hütters Transferwünsche kollidieren mit dem Eintracht-Kader:
2026-10-08 15:09:57,121 INFO S7 verworfen (zu_wenig_stoff): Hütters Transferwünsche kollidieren mit dem Eintracht-Kader:
2026-10-08 15:09:57,748 INFO S7 kein Volltext (too_short_15_words): Robert Andrich über Bayer Leverkusen, seine veränderte Rolle
2026-10-08 15:09:58,112 INFO S7 kein Volltext (too_short_15_words): Robert Andrich über sportliche Situation, Saisonziele und Sc
2026-10-08 15:09:58,112 INFO S7 zu wenig Stoff (0 Wörter aus 0 Quellen, Versuch 3/3): Robert Andrich über Bayer Leverkusen, seine veränderte Rolle
2026-10-08 15:09:58,484 INFO S7 kein Volltext (too_short_70_words): BILD enthüllt die Gründe - Das steckt wirklich hinter Freibu
2026-10-08 15:09:58,484 INFO S7 zu wenig Stoff (0 Wörter aus 0 Quellen, Versuch 1/3): BILD enthüllt die Gründe - Das steckt wirklich hinter Freibu
2026-10-08 15:09:58,712 INFO S7 kein Volltext (too_short_60_words): Fischer kämpft gegen schwarze Serie - Warum Leverkusen auch 
2026-10-08 15:09:58,713 INFO S7 zu wenig Stoff (0 Wörter aus 0 Quellen, Versuch 2/3): Fischer kämpft gegen schwarze Serie - Warum Leverkusen auch 
2026-10-08 15:10:03,601 INFO S6.5 schon berichtet (Union vor Elversberg: Krattenmacher als Gefah): 1. FC Union Berlin – SV Elversberg: Voraussichtliche Aufstel
2026-10-08 15:10:09,160 INFO S6.5 schon berichtet (HSV: El Ouahdi erkältet, Einsatz in Hoffenhei): HSV-Offensivsorgen: Polzin sucht neue Lösungen
2026-10-08 15:10:13,755 INFO S6.5 schon berichtet (Leipzig gegen Frankfurt: Duell zweier Teams i): Eintracht Frankfurt: 3 heiße Startelf-Duelle vor dem Spiel i
2026-10-08 15:10:24,667 INFO S6.5 schon berichtet (HSV vor Hoffenheim: Stange könnte im Sturm ei): Sturmsorgen beim HSV: Moffi und Poulsen Optionen für Kader
2026-10-08 15:10:25,142 INFO S7 kein Volltext (too_short_75_words): Buxtehude verliert trotz starkem Comeback: BVB bleibt souver
2026-10-08 15:10:25,142 INFO S7 zu wenig Stoff (0 Wörter aus 0 Quellen, Versuch 1/3): Buxtehude verliert trotz starkem Comeback: BVB bleibt souver
2026-10-08 15:10:32,722 INFO S6.5 schon berichtet (Füllkrug vor Rückkehr nach Dortmund: „Wollen ): Ex-BVB-Star kehrt zurück: „Habe mich für den emotionalen Weg
2026-10-08 15:10:46,911 INFO S7 schreiben (Prio 2, 1 Quellen): FC Bayern München - Rummenigge glaubt an Vertragsverlängerun
2026-10-08 15:10:55,933 INFO   Kandidat: Rummenigge zuversichtlich: Kane und Olise sollen bei Bayern 
2026-10-08 15:10:56,298 INFO S7 kein Volltext (too_short_15_words): BVB gegen Werder: Flanken, Standards und Schlüsselduelle ent
2026-10-08 15:10:56,298 INFO S7 zu wenig Stoff (0 Wörter aus 0 Quellen, Versuch 1/3): BVB gegen Werder: Flanken, Standards und Schlüsselduelle ent
2026-10-08 15:11:00,053 INFO S7 schreiben (Prio 2, 1 Quellen): Baden-Württemberg: Vereinsloser Stenzel: VfB-Coach Hoeneß ve
2026-10-08 15:11:08,639 INFO   Kandidat: Hoeneß wundert sich: Stenzel nach VfB-Aus noch ohne Klub
2026-10-08 15:11:11,879 INFO S7 schreiben (Prio 2, 1 Quellen): Bittere Nachricht! - Eintracht droht Abgang ihres Talente-Jä
2026-10-08 15:11:23,631 INFO S7 verworfen (zu_wenig_stoff): Bittere Nachricht! - Eintracht droht Abgang ihres Talente-Jä
2026-10-08 15:11:25,077 INFO S7 kein Volltext (too_short_38_words): Europa League: Kauno Zalgiris gegen SC Freiburg
2026-10-08 15:11:25,078 INFO S7 zu wenig Stoff (0 Wörter aus 0 Quellen, Versuch 1/3): Europa League: Kauno Zalgiris gegen SC Freiburg
2026-10-08 15:11:35,280 INFO S7 schreiben (Prio 2, 1 Quellen): Bleibt Gwinn beim FC Bayern?
2026-10-08 15:11:42,158 INFO S7 verworfen (nicht_relevant): Bleibt Gwinn beim FC Bayern?
2026-10-08 15:11:50,830 INFO S6.5 schon berichtet (HSV vor Hoffenheim: Stange könnte im Sturm ei): HSV in Hoffenheim: „Uns wurden ganz klar die Grenzen aufgeze
2026-10-08 15:11:52,658 INFO S7 kein Volltext (too_short_36_words): Europa League: Trabzonspor gegen SC Freiburg
2026-10-08 15:11:52,658 INFO S7 zu wenig Stoff (0 Wörter aus 0 Quellen, Versuch 1/3): Europa League: Trabzonspor gegen SC Freiburg
2026-10-08 15:11:54,033 INFO S7 kein Volltext (likely_paywall): Eintracht Frankfurt scharf auf Leipzig-Krise: Rätselraten um
2026-10-08 15:11:54,034 INFO S7 zu wenig Stoff (0 Wörter aus 0 Quellen, Versuch 1/3): Eintracht Frankfurt scharf auf Leipzig-Krise: Rätselraten um
2026-10-08 15:12:10,651 INFO S6.5 schon berichtet (Bayern: Olmo-Angebot offenbar nicht geplant, ): Wechsel zum FC Bayern? Olmo-Entscheidung enthüllt
2026-10-08 15:12:12,422 INFO S7 kein Volltext (seite_zu_alt): #MSVTSG | Die Medienrunde mit Dietmar Hirsch vor Hoffenheim
2026-10-08 15:12:12,422 INFO S7 zu wenig Stoff (0 Wörter aus 0 Quellen, Versuch 1/3): #MSVTSG | Die Medienrunde mit Dietmar Hirsch vor Hoffenheim
2026-10-08 15:12:23,733 INFO S7 schreiben (Prio 2, 1 Quellen): Konkurrenz für Serhou Guirassy und Fabio Silva? BVB hat ange
2026-10-08 15:12:36,084 INFO S7.6 doppelt (Dortmund soll im Rennen um Salzburgs Karim Konaté ): BVB beschäftigt sich angeblich mit Salzburgs Karim
2026-10-08 15:12:37,649 INFO S7 kein Volltext (likely_paywall): Fußball: Neuer Look, unveränderte Vorzeichen: Wagner vor Uni
2026-10-08 15:12:37,649 INFO S7 zu wenig Stoff (0 Wörter aus 0 Quellen, Versuch 1/3): Fußball: Neuer Look, unveränderte Vorzeichen: Wagner vor Uni
2026-10-08 15:12:45,765 INFO S6.5 schon berichtet (Gladbach vor dem Derby: Sander trifft am lieb): Besondere Leistungen: Das sind Borussias Derby-Helden gegen 
2026-10-08 15:12:53,432 INFO S7 schreiben (Prio 2, 1 Quellen): “Now we have to deliver” – Kompany sets sights on Champions 
2026-10-08 15:13:00,566 INFO   Kandidat: Kompany: „Jetzt müssen wir liefern“ im Kampf um die Champion
2026-10-08 15:13:06,236 INFO S7 schreiben (Prio 2, 1 Quellen): „Ihr seid Feige Schweine!“: Ex-Eintracht-Trainer offenbart s
2026-10-08 15:13:13,661 INFO S7 verworfen (nicht_relevant): „Ihr seid Feige Schweine!“: Ex-Eintracht-Trainer offenbart s
2026-10-08 15:13:15,015 INFO S7 kein Volltext (too_short_52_words): BVB-Maßnahmen im Hammer-Herbst: Worauf geachtet wird, welche
2026-10-08 15:13:15,016 INFO S7 zu wenig Stoff (0 Wörter aus 0 Quellen, Versuch 1/3): BVB-Maßnahmen im Hammer-Herbst: Worauf geachtet wird, welche
2026-10-08 15:13:15,940 INFO S7 kein Volltext (too_short_27_words): BVB vor Hammer-Wochen: Kovac hat ein Problem – und ein Trans
2026-10-08 15:13:15,940 INFO S7 zu wenig Stoff (0 Wörter aus 0 Quellen, Versuch 1/3): BVB vor Hammer-Wochen: Kovac hat ein Problem – und ein Trans
2026-10-08 15:13:45,136 INFO S6.5 schon berichtet (Bayern beobachtet Brightons Luka Vuskovic wei): Dritter Anlauf? Bayern offenbar weiterhin an Top-Innenvertei
2026-10-08 15:13:45,397 ERROR lxml parsing failed: Document is empty
2026-10-08 15:13:45,397 ERROR lxml parser bytestring Document is empty
2026-10-08 15:13:45,397 ERROR lxml parsing failed: Document is empty
2026-10-08 15:13:45,397 ERROR lxml parser bytestring Document is empty
2026-10-08 15:13:45,397 ERROR empty HTML tree: None
2026-10-08 15:13:45,397 WARNING discarding data: None
2026-10-08 15:13:45,398 INFO S7 kein Volltext (trafilatura_returned_empty): Bremens 0:7-Klatsche weckt bei Kovac Erinnerungen
2026-10-08 15:13:45,398 INFO S7 zu wenig Stoff (0 Wörter aus 0 Quellen, Versuch 2/3): Bremens 0:7-Klatsche weckt bei Kovac Erinnerungen
2026-10-08 15:13:46,131 INFO S7 kein Volltext (too_short_60_words): Mainz 05: Warum Leverkusen-Duell auch Albtraum-Bewältigung w
2026-10-08 15:13:46,131 INFO S7 zu wenig Stoff (0 Wörter aus 0 Quellen, Versuch 2/3): Mainz 05: Warum Leverkusen-Duell auch Albtraum-Bewältigung w
2026-10-08 15:13:46,607 INFO S7 kein Volltext (too_short_4_words): "Mit dem Anpfiff ist es ein offenes Rennen"
2026-10-08 15:13:46,607 INFO S7 zu wenig Stoff (0 Wörter aus 0 Quellen, Versuch 2/3): "Mit dem Anpfiff ist es ein offenes Rennen"
2026-10-08 15:13:47,491 INFO S7 kein Volltext (too_short_75_words): Köln - Gladbach: Derby mit Sturzgefahr - Wagner und Blessin 
2026-10-08 15:13:47,492 INFO S7 zu wenig Stoff (0 Wörter aus 0 Quellen, Versuch 2/3): Köln - Gladbach: Derby mit Sturzgefahr - Wagner und Blessin 
2026-10-08 15:13:47,967 ERROR lxml parsing failed: Document is empty
2026-10-08 15:13:47,967 ERROR lxml parser bytestring Document is empty
2026-10-08 15:13:47,967 ERROR lxml parsing failed: Document is empty
2026-10-08 15:13:47,967 ERROR lxml parser bytestring Document is empty
2026-10-08 15:13:47,967 ERROR empty HTML tree: None
2026-10-08 15:13:47,967 WARNING discarding data: None
2026-10-08 15:13:47,968 INFO S7 kein Volltext (trafilatura_returned_empty): DFB-Debütant Behrens hat zwei Vorbilder – Extremer Spaß unte
2026-10-08 15:13:47,969 INFO S7 zu wenig Stoff (0 Wörter aus 0 Quellen, Versuch 1/3): DFB-Debütant Behrens hat zwei Vorbilder – Extremer Spaß unte
2026-10-08 15:13:52,128 INFO S7 schreiben (Prio 2, 1 Quellen): Trainer Thioune erklärt neue Führungsstruktur bei Werder – u
2026-10-08 15:14:00,238 INFO   Kandidat: Werder ohne Mannschaftsrat: Stage und Lynen sind Friedls Viz
2026-10-08 15:14:19,571 INFO S6.5 schon berichtet (Bayern: Olmo-Angebot offenbar nicht geplant, ): Manchester United konkurriert mit dem FC Bayern München um D
2026-10-08 15:14:21,231 INFO S7 kein Volltext (likely_paywall): Neuer Name auf der Torwart-Liste? Bayern schaut bei Ex-Münch
2026-10-08 15:14:21,231 INFO S7 zu wenig Stoff (0 Wörter aus 0 Quellen, Versuch 2/3): Neuer Name auf der Torwart-Liste? Bayern schaut bei Ex-Münch
2026-10-08 15:14:22,300 INFO S7 kein Volltext (too_short_36_words): Wurde HSV-Stürmer Moffi von Nizza-Ultras attackiert? Gericht
2026-10-08 15:14:22,300 INFO S7 zu wenig Stoff (0 Wörter aus 0 Quellen, Versuch 2/3): Wurde HSV-Stürmer Moffi von Nizza-Ultras attackiert? Gericht
2026-10-08 15:14:22,802 INFO S7 kein Volltext (too_short_4_words): Jens Stage und Senne Lynen sind Marco Friedls Stellvertreter
2026-10-08 15:14:22,802 INFO S7 zu wenig Stoff (0 Wörter aus 0 Quellen, Versuch 3/3): Jens Stage und Senne Lynen sind Marco Friedls Stellvertreter
2026-10-08 15:14:23,289 WARNING discarding data: None
2026-10-08 15:14:23,290 INFO S7 kein Volltext (trafilatura_returned_empty): Kovac über das Wiedersehen mit dem Ex-Stürmer: BVB-Trainer f
2026-10-08 15:14:23,290 INFO S7 zu wenig Stoff (0 Wörter aus 0 Quellen, Versuch 1/3): Kovac über das Wiedersehen mit dem Ex-Stürmer: BVB-Trainer f
2026-10-08 15:14:24,063 INFO S7 kein Volltext (too_short_8_words): Füllkrug hat einen Lauf: Warum er für Klopp aktuell trotzdem
2026-10-08 15:14:24,064 INFO S7 zu wenig Stoff (0 Wörter aus 0 Quellen, Versuch 3/3): Füllkrug hat einen Lauf: Warum er für Klopp aktuell trotzdem
2026-10-08 15:14:24,691 WARNING discarding data: None
2026-10-08 15:14:24,692 INFO S7 kein Volltext (trafilatura_returned_empty): Enzo dos Santos sagt, was ihm seit dem Traumvertrag bei Boru
2026-10-08 15:14:24,692 INFO S7 zu wenig Stoff (0 Wörter aus 0 Quellen, Versuch 3/3): Enzo dos Santos sagt, was ihm seit dem Traumvertrag bei Boru
2026-10-08 15:14:25,129 WARNING discarding data: None
2026-10-08 15:14:25,130 INFO S7 kein Volltext (trafilatura_returned_empty): „Besondere Brisanz“: Köln-Torwart heizt vor dem Rhein-Derby 
2026-10-08 15:14:25,130 INFO S7 zu wenig Stoff (0 Wörter aus 0 Quellen, Versuch 3/3): „Besondere Brisanz“: Köln-Torwart heizt vor dem Rhein-Derby 
2026-10-08 15:14:25,513 WARNING discarding data: None
2026-10-08 15:14:25,514 INFO S7 kein Volltext (trafilatura_returned_empty): Eintracht Frankfurt bereitet sich auf Krösche-Abgang vor
2026-10-08 15:14:25,515 INFO S7 zu wenig Stoff (0 Wörter aus 0 Quellen, Versuch 2/3): Eintracht Frankfurt bereitet sich auf Krösche-Abgang vor
2026-10-08 15:14:26,379 INFO S7 kein Volltext (seite_zu_alt): Big Match Preview: Mainz vs. Bayer 04
2026-10-08 15:14:26,379 INFO S7 zu wenig Stoff (0 Wörter aus 0 Quellen, Versuch 2/3): Big Match Preview: Mainz vs. Bayer 04
2026-10-08 15:14:26,832 WARNING discarding data: None
2026-10-08 15:14:26,833 INFO S7 kein Volltext (trafilatura_returned_empty): Werder-Profi Weiser warnt vor BVB-Spiel: "Wir werden einen T
2026-10-08 15:14:26,834 INFO S7 zu wenig Stoff (0 Wörter aus 0 Quellen, Versuch 1/3): Werder-Profi Weiser warnt vor BVB-Spiel: "Wir werden einen T
2026-10-08 15:14:28,190 INFO S7 kein Volltext (seite_zu_alt): Ellyes Skhiri plötzlich vor Abschied bei Eintracht Frankfurt
2026-10-08 15:14:28,190 INFO S7 zu wenig Stoff (0 Wörter aus 0 Quellen, Versuch 2/3): Ellyes Skhiri plötzlich vor Abschied bei Eintracht Frankfurt
2026-10-08 15:14:29,461 INFO S7 kein Volltext (likely_paywall): „Will man auch sehen“: Zaubert Eintracht-Trainer Adi Hütter 
2026-10-08 15:14:29,462 INFO S7 zu wenig Stoff (0 Wörter aus 0 Quellen, Versuch 1/3): „Will man auch sehen“: Zaubert Eintracht-Trainer Adi Hütter 
2026-10-08 15:14:40,292 INFO S7 schreiben (Prio 2, 1 Quellen): Warum blieb Lemke beim HSV? Top-Juwel verrät es im Interview
2026-10-08 15:14:49,308 INFO   Kandidat: HSV-Talent Lemke erklärt, warum er in Hamburg geblieben ist
2026-10-08 15:15:02,524 INFO S6.5 schon berichtet (Bayern bereitet Generationenwechsel in den Gr): Die nächste Generation: Beim FC Bayern ist der Umbruch in vo
2026-10-08 15:15:15,091 INFO S6.5 schon berichtet (Gladbach unter Blessin: Viele Baustellen vor ): Knochenharte Derby-Arbeit bei Gladbach: Blessin benennt Prob
2026-10-08 15:15:21,354 INFO S6.5 schon berichtet (Schwäbe im Fokus des FC Bayern: Kölner Kapitä): Bayern-Kandidat Schwäbe spricht über Zukunft beim 1. FC Köln
2026-10-08 15:15:33,590 INFO S6.5 schon berichtet (Glatzel über HSV-Abschied: „Natürlich musste ): „Es tat ein bisschen weh“: Ex-HSV-Liebling spricht über Vusk
2026-10-08 15:15:35,334 INFO S7 kein Volltext (too_short_78_words): Wie Paderborn gegen Stuttgart den nächsten Sieg einfahren ka
2026-10-08 15:15:35,334 INFO S7 zu wenig Stoff (0 Wörter aus 0 Quellen, Versuch 1/3): Wie Paderborn gegen Stuttgart den nächsten Sieg einfahren ka
2026-10-08 15:15:41,056 INFO S6.5 schon berichtet (Paderborn empfängt Stuttgart: Duell auf Augen): So viel Südwesten steckt im nächsten VfB-Gegner Paderborn
2026-10-08 15:15:45,498 INFO S7 schreiben (Prio 2, 1 Quellen): FC Schalke 04: Fährmann meldet sich nach Großkreutz-Vorwürfe
2026-10-08 15:15:52,994 INFO S7 verworfen (nicht_relevant): FC Schalke 04: Fährmann meldet sich nach Großkreutz-Vorwürfe
2026-10-08 15:15:54,768 INFO S7 kein Volltext (seite_zu_alt): Gladbach bereitet sich auf das Auswärtsderby beim 1. FC Köln
2026-10-08 15:15:54,768 INFO S7 zu wenig Stoff (0 Wörter aus 0 Quellen, Versuch 1/3): Gladbach bereitet sich auf das Auswärtsderby beim 1. FC Köln
2026-10-08 15:15:57,045 INFO S7 kein Volltext (too_short_50_words): Unions Trainer Mauro Lustrinelli im Interview: „Ich erkenne 
2026-10-08 15:15:57,046 INFO S7 zu wenig Stoff (0 Wörter aus 0 Quellen, Versuch 3/3): Unions Trainer Mauro Lustrinelli im Interview: „Ich erkenne 
2026-10-08 15:16:10,970 INFO S7 schreiben (Prio 2, 1 Quellen): "Herausragend gemacht": Baum äußert sich zu Wechselgerüchten
2026-10-08 15:16:19,380 INFO   Kandidat: Baum lobt Dahmen: „Die Partien hat er herausragend gemacht“
2026-10-08 15:16:26,920 INFO S6.5 schon berichtet (Köln vor dem Derby: Schwäbe stärkt Trainer Wa): Schwäbe vor Rheinderby: "Sollten nicht sofort nervös werden"
2026-10-08 15:16:28,750 INFO S7 kein Volltext (too_short_27_words): Schalke: Montella vor dem Aus?: Was das für Karaman und die 
2026-10-08 15:16:28,750 INFO S7 zu wenig Stoff (0 Wörter aus 0 Quellen, Versuch 3/3): Schalke: Montella vor dem Aus?: Was das für Karaman und die 
2026-10-08 15:16:36,615 INFO S6.5 schon berichtet (Bayern ringt um Verlängerung mit Torwart Leon): Prescott-Poker: Bayern droht Worst-Case-Szenario
2026-10-08 15:16:42,989 INFO S6.5 schon berichtet (Tabellenführer Dortmund empfängt Werder zum F): Pflichtsieg? Warum der BVB Werder nicht unterschätzen darf
2026-10-08 15:16:58,164 INFO S6.5 schon berichtet (Rummenigge zuversichtlich: Kane und Olise sol): Real und PSG lauern: Wann Bayern bei Olise wirklich zittern 
2026-10-08 15:16:59,583 INFO S7 kein Volltext (low_unique_content_ratio): „Dein Körper ist wie ein Auto“: Werder-Profi Regeer seinen T
2026-10-08 15:16:59,583 INFO S7 zu wenig Stoff (0 Wörter aus 0 Quellen, Versuch 1/3): „Dein Körper ist wie ein Auto“: Werder-Profi Regeer seinen T
2026-10-08 15:17:00,195 INFO S7 kein Volltext (too_short_15_words): #0004 - Flutlicht-Freitag vs. Werder: Rauscht der BVB weiter
2026-10-08 15:17:00,195 INFO S7 zu wenig Stoff (0 Wörter aus 0 Quellen, Versuch 3/3): #0004 - Flutlicht-Freitag vs. Werder: Rauscht der BVB weiter
2026-10-08 15:17:01,451 INFO S7 kein Volltext (seite_zu_alt): „Du bist ein Niemand und hast nichts getan“: Ex-Frankfurt Co
2026-10-08 15:17:01,451 INFO S7 zu wenig Stoff (0 Wörter aus 0 Quellen, Versuch 3/3): „Du bist ein Niemand und hast nichts getan“: Ex-Frankfurt Co
2026-10-08 15:17:02,998 INFO S7 kein Volltext (too_short_58_words): Fußball: Krösches Stil bei der Eintracht – Demokratische Dik
2026-10-08 15:17:02,998 INFO S7 zu wenig Stoff (0 Wörter aus 0 Quellen, Versuch 3/3): Fußball: Krösches Stil bei der Eintracht – Demokratische Dik
2026-10-08 15:17:03,979 WARNING error in JSON metadata extraction: 'NoneType' object is not iterable
2026-10-08 15:17:07,264 INFO S6.5 schon berichtet (Eintracht Frankfurt: Machtkampf um Krösche, H): Krösche-Aus könnte bei Eintracht zum Aufstieg von Hellmann f
2026-10-08 15:17:07,285 INFO FinalCheck SKIP: bayern/{'harry kane', 'michael olise', 'karl-heinz rummenigge'} stage=vertrag bereits in Archiv
2026-10-08 15:17:07,302 INFO S9.5 FinalCheck: 7/8 durch
2026-10-08 15:17:08,315 INFO Veröffentlicht: Leverkusen ohne Kofane, Einsatz von Maza in Mainz offen
2026-10-08 15:17:08,411 INFO Veröffentlicht: HSV: El Ouahdi erkältet, Einsatz in Hoffenheim auf der Kippe
2026-10-08 15:17:08,508 INFO Veröffentlicht: Hoeneß wundert sich: Stenzel nach VfB-Aus noch ohne Klub
2026-10-08 15:17:08,607 INFO Veröffentlicht: Kompany: „Jetzt müssen wir liefern“ im Kampf um die Champion
2026-10-08 15:17:08,704 INFO Veröffentlicht: Werder ohne Mannschaftsrat: Stage und Lynen sind Friedls Viz
2026-10-08 15:17:08,801 INFO Veröffentlicht: HSV-Talent Lemke erklärt, warum er in Hamburg geblieben ist
2026-10-08 15:17:08,898 INFO Veröffentlicht: Baum lobt Dahmen: „Die Partien hat er herausragend gemacht“
2026-10-08 15:17:08,934 INFO Reddit: Keine Credentials – übersprungen
2026-10-08 15:17:08,934 INFO Reddit: Keine Credentials – übersprungen
2026-10-08 15:17:08,935 INFO Reddit: Keine Credentials – übersprungen
2026-10-08 15:17:08,935 INFO Reddit: Keine Credentials – übersprungen
2026-10-08 15:17:08,935 INFO Reddit: Keine Credentials – übersprungen
2026-10-08 15:17:08,936 INFO Reddit: Keine Credentials – übersprungen
2026-10-08 15:17:08,936 INFO Reddit: Keine Credentials – übersprungen
2026-10-08 15:17:08,937 INFO 💶 Kosten: dieser Lauf 0.000 $ (Budget 0.064 $) | heute 0.00 $ | Monat 0.72 / 23 $ | konferenz (abo) 2× 0.000 $, dublette (abo) 86× 0.000 $, schreiben (abo) 14× 0.000 $
2026-10-08 15:17:08,937 INFO 🎫 Abo-Verbrauch: 230,526 Tokens rein (davon Cache gelesen 22,715), 40,579 raus, API-Gegenwert 1.10 $ | konferenz 2×: 12,280/23,318, dublette 86×: 120,857/4,388, schreiben 14×: 97,389/12,873
2026-10-08 15:17:08,992 INFO Feeds: 60/60 begonnen, nächster Lauf startet bei Nr. 0
2026-10-08 15:17:08,992 INFO URL-Cache gespeichert: 28593 URLs
2026-10-08 15:17:08,992 INFO === Fertig. 7 neue Artikel. feed.json: 1499 ===
2026-10-08 15:17:08,992 INFO Stats: {"ts": "20261008_1501", "ingested": 216, "s2_pre_filter": 42, "s3_relevance": 35, "s4_dedup_early": 0, "gesammelt": 138, "geschichten_neu": 102, "s5_archiv_doppelt": 3, "s5_zusammengefuehrt": 6, "s6_aussortiert": 52, "s7_geschrieben": 14, "s7_verworfen": 40, "s5_fulltext_fail": 53, "s8_qa_rejected": 1, "published": 7, "s5_ohne_bezug": 4, "s5_randthema": 4, "kosten": {"lauf_usd": 0.0, "lauf_budget_usd": 0.064, "heute_usd": 0.0, "monat_usd": 0.7196, "monatsbudget_usd": 23.0, "aufrufe": {"konferenz (abo)": {"anzahl": 2, "usd": 0.0}, "dublette (abo)": {"anzahl": 86, "usd": 0.0}, "schreiben (abo)": {"anzahl": 14, "usd": 0.0}}, "guthaben_leer": false, "abo": true, "abo_tokens": {"konferenz": {"aufrufe": 2, "ein": 3974, "cache_schreiben": 8306, "cache_lesen": 0, "aus": 23318, "api_wert_usd": 0.1372}, "dublette": {"aufrufe": 86, "ein": 172, "cache_schreiben": 120685, "cache_lesen": 0, "aus": 4388, "api_wert_usd": 0.527}, "schreiben": {"aufrufe": 14, "ein": 30, "cache_schreiben": 74644, "cache_lesen": 22715, "aus": 12873, "api_wert_usd": 0.432}}}}
