2026-10-09 06:03:08,482 INFO 💶 Budget: dieser Lauf 0.098 $ | heute 0.00 $ | Monat 0.72 / 23 $
2026-10-09 06:03:08,795 INFO URL-Cache geladen: 29580 bekannte URLs (letzte 30 Tage)
2026-10-09 06:03:08,795 INFO === Ligaoutsider Generator startet – max. 50 Artikel ===
2026-10-09 06:03:08,795 INFO Feed: https://newsfeed.kicker.de/news/bundesliga
2026-10-09 06:03:09,097 INFO Feed: https://www.sportschau.de/fussball/bundesliga/index~rss2.xml
2026-10-09 06:03:09,606 INFO Feed: https://sportbild.bild.de/feed/sportbild-home.xml
2026-10-09 06:03:09,909 INFO BL-Spielerliste geladen: 1002 Namen
2026-10-09 06:03:09,951 INFO S3 keyword miss: Tampa-Knall in der NFL - Nowitzki sieht Football-Wunder
2026-10-09 06:03:09,951 INFO Feed: https://www.bild.de/rss-feeds/rss-16725492,feed=fussball-mix.bild.html
2026-10-09 06:03:10,368 INFO S3 keyword miss: „Das geht mir auf den Sack“ - Kultkicker tobt und macht Aufs
2026-10-09 06:03:10,444 INFO S3 keyword miss: Hansas Aufstiegsmission startet - DAS will Breitenreiter seh
2026-10-09 06:03:10,520 INFO S3 keyword miss: Nur noch Reservist - Denkt dieser Halle-Profi an Winter-Fluc
2026-10-09 06:03:10,521 INFO S2 blacklist: Jetzt geht's gegen Ex-Klub Dynamo - Kabinen-Gaudi! Zweitliga
2026-10-09 06:03:10,601 INFO S3 keyword miss: Druck-Spiele gegen Ex-Klubs - Schwimmt sich Ende bei Fortuna
2026-10-09 06:03:10,603 INFO S2 blacklist: Heute geht es wieder los - Das ist neu in der Bundesliga!
2026-10-09 06:03:10,679 INFO S3 keyword miss: Er informierte den Verband - Toni Kroos bald Trainer in Span
2026-10-09 06:03:10,680 INFO Feed: https://www.11freunde.de/feed
2026-10-09 06:03:11,598 INFO Feed: https://www.bundesliga.com/de/bundesliga/news.rss
2026-10-09 06:03:11,787 INFO Feed: https://news.google.com/rss/topics/CAAqJggKIiBDQkFTRWdvSUwyMHZNRFp1ZEdvU0FtUmxHZ0pFUlNnQVAB?hl=de&gl=DE&ceid=DE:de
2026-10-09 06:03:12,584 INFO S3 keyword miss: Der Große Preis von Indonesien: Wo die Trainings und Rennen 
2026-10-09 06:03:12,713 INFO S3 keyword miss: Dank Gidsel-Gala: Wichtiger Füchse-Sieg in der Champions Lea
2026-10-09 06:03:12,857 INFO S3 keyword miss: Der Anti-Messi: Ronaldo steuert traurigem Ende entgegen
2026-10-09 06:03:12,976 INFO S2 blacklist: Überfälle im Hexenkessel: Dynamo muss gewarnt sein
2026-10-09 06:03:12,979 INFO S2 kein BL-Klub im Titel: Aufstieg mit Kaiserslautern? Lieberknecht: "Das ist ein Lebe
2026-10-09 06:03:12,980 INFO S2 blacklist: DFB-Boss Andreas Rettig übt Kritik an Jürgen Klopps Start: "
2026-10-09 06:03:13,119 INFO S3 keyword miss: Nick Woltemade sorgt "für Stirnrunzeln": Droht dem DFB-Star 
2026-10-09 06:03:13,260 INFO S3 keyword miss: "Spygate" - Bewährungsstrafe für Southamptons Trainer Eckert
2026-10-09 06:03:13,261 INFO Feed: https://news.google.com/rss/search?q=Bundesliga+Testspiel+Ergebnis&hl=de&gl=DE&ceid=DE:de
2026-10-09 06:03:13,702 INFO Feed: https://news.google.com/rss/search?q=Bundesliga+Vorbereitung+Sommertour&hl=de&gl=DE&ceid=DE:de
2026-10-09 06:03:13,948 INFO Feed: https://news.google.com/rss/search?q=Bundesliga+Verletzung+Ausfall+gesperrt&hl=de&gl=DE&ceid=DE:de
2026-10-09 06:03:14,378 INFO Feed: https://news.google.com/rss/search?q=Bundesliga+Transfer+Wechsel+verpflichtet&hl=de&gl=DE&ceid=DE:de
2026-10-09 06:03:14,768 INFO Feed: https://news.google.com/rss/search?q=Bundesliga+Gerücht+Interesse+Angebot&hl=de&gl=DE&ceid=DE:de
2026-10-09 06:03:15,241 INFO Feed: https://news.google.com/rss/search?q=Bundesliga+Vertrag+verlängert+ablösefrei&hl=de&gl=DE&ceid=DE:de
2026-10-09 06:03:15,615 INFO Feed: https://news.google.com/rss/search?q=%22FC+Bayern%22+OR+%22Bayern+M%C3%BCnchen%22+when%3A1d&hl=de&gl=DE&ceid=DE:de
2026-10-09 06:03:16,173 INFO Feed: https://news.google.com/rss/search?q=BVB+OR+%22Borussia+Dortmund%22+when%3A1d&hl=de&gl=DE&ceid=DE:de
2026-10-09 06:03:16,711 INFO S2 blacklist: BVB empfängt Werder nach dreiwöchiger Länderspielpause
2026-10-09 06:03:16,712 INFO S2 blacklist: BVB empfängt Werder nach dreiwöchiger Länderspielpause
2026-10-09 06:03:16,715 INFO S2 blacklist: Borussia Dortmund U19 - Beliebtheitsrangliste - Vereine
2026-10-09 06:03:16,715 INFO Feed: https://news.google.com/rss/search?q=%22Bayer+Leverkusen%22+OR+%22Bayer+04%22+when%3A1d&hl=de&gl=DE&ceid=DE:de
2026-10-09 06:03:17,252 INFO S3 keyword miss: Memorial event for Peter Hermann
2026-10-09 06:03:17,366 INFO S3 keyword miss: Calmund packt über Völler-Transfer aus
2026-10-09 06:03:17,366 INFO Feed: https://news.google.com/rss/search?q=%22RB+Leipzig%22+when%3A1d&hl=de&gl=DE&ceid=DE:de
2026-10-09 06:03:17,824 INFO S2 blacklist: FCM-Frauen bei RB Leipzig II abgesagt: Magdeburg siegt kampf
2026-10-09 06:03:17,825 INFO S2 blacklist: „Sky“: Nagelsmann im Blickfeld von Leipzig – Demichelis hat 
2026-10-09 06:03:17,857 INFO Feed: https://news.google.com/rss/search?q=%22VfB+Stuttgart%22+when%3A1d&hl=de&gl=DE&ceid=DE:de
2026-10-09 06:03:18,423 INFO Feed: https://news.google.com/rss/search?q=%22Eintracht+Frankfurt%22+when%3A1d&hl=de&gl=DE&ceid=DE:de
2026-10-09 06:03:19,043 INFO S3 keyword miss: Jürgen Grabowski: Alle Spiele 1966/67 – Einsätze, Tore & Vor
2026-10-09 06:03:19,129 INFO S3 keyword miss: Jürgen Grabowski: Alle Spiele 1968/69 – Einsätze, Tore & Vor
2026-10-09 06:03:19,162 INFO Feed: https://news.google.com/rss/search?q=Gladbach+OR+%22Borussia+M%C3%B6nchengladbach%22+when%3A1d&hl=de&gl=DE&ceid=DE:de
2026-10-09 06:03:19,757 INFO S3 keyword miss: Sportfreunde 06 Neuwerk
2026-10-09 06:03:19,843 INFO S3 keyword miss: Nach Rot für Kollegen - Kovac schüttelt den Kopf: „Wo nimmt 
2026-10-09 06:03:19,921 INFO S3 keyword miss: Rix
2026-10-09 06:03:19,924 INFO Feed: https://news.google.com/rss/search?q=%22SC+Freiburg%22+when%3A1d&hl=de&gl=DE&ceid=DE:de
2026-10-09 06:03:20,296 INFO S2 Liveticker übersprungen: Liveticker: SC Freiburg macht den höchsten Umsatz der Verein
2026-10-09 06:03:20,376 INFO S3 keyword miss: Jonas Gläsemann
2026-10-09 06:03:20,380 INFO Feed: https://news.google.com/rss/search?q=Hoffenheim+when%3A1d&hl=de&gl=DE&ceid=DE:de
2026-10-09 06:03:20,841 INFO S2 blacklist: U19 DFB-Nachwuchsliga - Vorrunde Gruppe F - Die torgefährlic
2026-10-09 06:03:20,874 INFO Feed: https://news.google.com/rss/search?q=%22Mainz+05%22+when%3A1d&hl=de&gl=DE&ceid=DE:de
2026-10-09 06:03:21,312 INFO S2 blacklist: 1.FSV Mainz 05 U17
2026-10-09 06:03:21,393 INFO S3 keyword miss: Auguste Jordan
2026-10-09 06:03:21,394 INFO S2 blacklist: Pavel Dotchev - Verkaufte Spieler | Seite 5
2026-10-09 06:03:21,476 INFO S3 keyword miss: Maresca: "Tenemos confianza total en el club"
2026-10-09 06:03:21,563 INFO S3 keyword miss: Maresca: 'Entendemos el ruido, pero nos centramos en lo que 
2026-10-09 06:03:21,647 INFO S3 keyword miss: Cuca elogia retorno de Neymar e comenta possível 'dupla' com
2026-10-09 06:03:21,731 INFO S3 keyword miss: Manolo, en estado puro: "¿Ultimátum? Ni p*** idea"
2026-10-09 06:03:21,731 INFO Feed: https://news.google.com/rss/search?q=%22FC+Augsburg%22+when%3A1d&hl=de&gl=DE&ceid=DE:de
2026-10-09 06:03:22,185 INFO S3 keyword miss: Sascha Stegemann
2026-10-09 06:03:22,266 INFO S3 keyword miss: - WELT
2026-10-09 06:03:22,268 INFO S2 blacklist: Heiko Herrlich - Eingesetzte Spieler (Galerie) | Seite 24
2026-10-09 06:03:22,269 INFO Feed: https://news.google.com/rss/search?q=%22Union+Berlin%22+when%3A1d&hl=de&gl=DE&ceid=DE:de
2026-10-09 06:03:22,672 INFO S2 blacklist: Union Berlin – Elversberg Tipp, KI Prognose & Quoten | 10.10
2026-10-09 06:03:22,672 INFO S2 blacklist: 5. Spieltag: 1.FC Union Berlin - SV 07 Elversberg - SV Elver
2026-10-09 06:03:22,754 INFO S3 keyword miss: René Unglaube
2026-10-09 06:03:22,838 INFO S3 keyword miss: Nach Pokal-Aus: Polizei muss BFC-Anhänger stoppen
2026-10-09 06:03:22,841 INFO Feed: https://news.google.com/rss/search?q=%22Werder+Bremen%22+when%3A1d&hl=de&gl=DE&ceid=DE:de
2026-10-09 06:03:23,379 INFO S2 blacklist: SV Werder Bremen U19
2026-10-09 06:03:23,415 INFO Feed: https://news.google.com/rss/search?q=HSV+OR+%22Hamburger+SV%22+when%3A1d&hl=de&gl=DE&ceid=DE:de
2026-10-09 06:03:23,869 INFO S2 blacklist: Handball DHB-Pokal Frauen: HSV Sol.-Gräfr. gegen Buxtehude -
2026-10-09 06:03:23,872 INFO S2 blacklist: Handball DHB-Pokal Frauen: HSV Sol.-Gräfr. gegen Buxtehude -
2026-10-09 06:03:23,873 INFO S2 blacklist: Baum lachend: "Ich mag es immer noch, dem HSV zuzuschauen" |
2026-10-09 06:03:23,874 INFO S2 blacklist: Hamburger SV - Kader im Detail 66/67 (Galerie) | Seite 13
2026-10-09 06:03:23,957 INFO S3 keyword miss: Slovan Bratislava
2026-10-09 06:03:24,042 INFO S3 keyword miss: Thorsten Judt
2026-10-09 06:03:24,122 INFO S3 keyword miss: Brian Schimmel
2026-10-09 06:03:24,123 INFO Feed: https://news.google.com/rss/search?q=%221.+FC+K%C3%B6ln%22+OR+%22FC+K%C3%B6ln%22+when%3A1d&hl=de&gl=DE&ceid=DE:de
2026-10-09 06:03:24,544 INFO S2 blacklist: 1. FC Köln - Fortuna Düsseldorf I 2. Bundesliga 23. Spieltag
2026-10-09 06:03:24,544 INFO S2 blacklist: Afrika-Cup-Qualifikation - Abstellungen 1.FC Köln (Galerie)
2026-10-09 06:03:24,580 INFO S2 blacklist: Ralf Aussem - Eingesetzte Spieler (Galerie)
2026-10-09 06:03:24,662 INFO S3 keyword miss: Joshua Schwirten
2026-10-09 06:03:24,696 INFO Feed: https://news.google.com/rss/search?q=Schalke+when%3A1d&hl=de&gl=DE&ceid=DE:de
2026-10-09 06:03:25,288 INFO S3 keyword miss: Robert Schröder
2026-10-09 06:03:25,370 INFO S3 keyword miss: Norbert Janzon
2026-10-09 06:03:25,374 INFO Feed: https://news.google.com/rss/search?q=Elversberg+when%3A1d&hl=de&gl=DE&ceid=DE:de
2026-10-09 06:03:25,751 INFO S2 blacklist: SV 07 Elversberg - Spieler von A bis Z | Seite 13
2026-10-09 06:03:25,833 INFO S3 keyword miss: Yannick Momper
2026-10-09 06:03:25,834 INFO S2 blacklist: Regionalliga Südwest: FC Homburg steht in Offenbach unter Dr
2026-10-09 06:03:25,834 INFO Feed: https://news.google.com/rss/search?q=%22SC+Paderborn%22+when%3A1d&hl=de&gl=DE&ceid=DE:de
2026-10-09 06:03:26,230 INFO S2 blacklist: SC Paderborn 07 II - Rekord-Zugänge (Galerie)
2026-10-09 06:03:26,315 INFO S3 keyword miss: Stephan Schmidt
2026-10-09 06:03:26,317 INFO Feed: https://www.transfermarkt.de/rss/news
2026-10-09 06:03:26,434 INFO Feed: https://www.waz.de/sport/fussball/rss
2026-10-09 06:03:26,813 INFO Feed: https://www.faz.net/rss/aktuell/sport/fussball/bundesliga/
2026-10-09 06:03:27,313 INFO Feed: https://bulinews.com/rss.xml
2026-10-09 06:03:27,758 INFO Feed: https://www.abendblatt.de/sport/rss
2026-10-09 06:03:28,191 INFO Feed: https://www.merkur.de/sport/fc-bayern/rssfeed.rdf
2026-10-09 06:03:28,679 INFO Feed: https://www.eyefootball.com/rss_news_main.xml
2026-10-09 06:03:29,034 INFO Feed: https://www.ligaportal.at/international/deutsche-bundesliga?format=feed&type=rss
2026-10-09 06:03:31,455 INFO Feed: https://www.reddit.com/r/soccer/new.rss?limit=100
2026-10-09 06:03:32,476 INFO S3 keyword miss: Julián Álvarez splits with long-time agent Fernando Hidalgo,
2026-10-09 06:03:32,559 INFO S3 keyword miss: Classificação do Brasileirão após Rodada 29
2026-10-09 06:03:32,644 INFO S3 keyword miss: [Brasileirão - Fluminense (4):0 Coritiba] Clinical passing i
2026-10-09 06:03:32,727 INFO S3 keyword miss: Lucas Paquetá and Neymar Jr face off in the Brasileirão
2026-10-09 06:03:32,810 INFO S3 keyword miss: Robert Lewandowski threw the ceremonial first pitch at the C
2026-10-09 06:03:32,900 INFO S3 keyword miss: Daily Discussion | October 9, 2026
2026-10-09 06:03:32,983 INFO S3 keyword miss: Flavien Tait (33) retires from the beautiful game
2026-10-09 06:03:33,066 INFO S3 keyword miss: Hibernian FC sign Rabbi Matondo
2026-10-09 06:03:33,151 INFO S3 keyword miss: After a few months as a free agent Joselu stays in the Qatar
2026-10-09 06:03:33,238 INFO S3 keyword miss: Sergio Camello: ‘Rayo is the last team standing – it’s footb
2026-10-09 06:03:33,238 INFO Feed: https://newsfeed.kicker.de/team/fc-bayern-muenchen
2026-10-09 06:03:33,446 INFO Feed: https://newsfeed.kicker.de/team/borussia-dortmund
2026-10-09 06:03:33,607 INFO Feed: https://newsfeed.kicker.de/team/rb-leipzig
2026-10-09 06:03:33,766 INFO Feed: https://newsfeed.kicker.de/team/bayer-04-leverkusen
2026-10-09 06:03:33,839 INFO Feed: https://newsfeed.kicker.de/team/vfb-stuttgart
2026-10-09 06:03:34,006 INFO Feed: https://newsfeed.kicker.de/team/eintracht-frankfurt
2026-10-09 06:03:34,271 INFO Feed: https://newsfeed.kicker.de/team/bor-moenchengladbach
2026-10-09 06:03:34,336 INFO Feed: https://newsfeed.kicker.de/team/sc-freiburg
2026-10-09 06:03:34,564 INFO Feed: https://newsfeed.kicker.de/team/tsg-hoffenheim
2026-10-09 06:03:34,629 INFO Feed: https://newsfeed.kicker.de/team/1-fsv-mainz-05
2026-10-09 06:03:35,068 INFO Feed: https://newsfeed.kicker.de/team/fc-augsburg
2026-10-09 06:03:35,139 INFO Feed: https://newsfeed.kicker.de/team/1-fc-union-berlin
2026-10-09 06:03:35,302 INFO Feed: https://newsfeed.kicker.de/team/werder-bremen
2026-10-09 06:03:35,481 INFO Feed: https://newsfeed.kicker.de/team/hamburger-sv
2026-10-09 06:03:35,546 INFO Feed: https://newsfeed.kicker.de/team/1-fc-koeln
2026-10-09 06:03:35,710 INFO Feed: https://newsfeed.kicker.de/team/fc-schalke-04
2026-10-09 06:03:35,870 INFO Feed: https://newsfeed.kicker.de/team/sv-elversberg
2026-10-09 06:03:36,043 INFO Feed: https://newsfeed.kicker.de/team/sc-paderborn-07
2026-10-09 06:03:36,214 INFO Feed: https://newsfeed.kicker.de/news/champions-league
2026-10-09 06:03:36,280 INFO Feed: ligainsider:themen
2026-10-09 06:04:01,258 INFO LigaInsider (Themenfinder): 140 Meldungen von 18 Vereinsseiten
2026-10-09 06:04:01,259 INFO Eingelesen: 65 Schlagzeilen nach den Gratis-Filtern
2026-10-09 06:04:02,951 INFO S5 kein Bundesliga-Spieler oder -Klub erkennbar: "Morgen soll es keinen Wind geben": FCH-Trainer Schmidt setzt Konter g
2026-10-09 06:04:02,955 INFO S5 Sammelartikel: Kennet Eichhorn News: Aktuelle Nachrichten & Transfers
2026-10-09 06:04:02,959 INFO S5 Randthema: Freiburg: SC Freiburg erwirtschaftet neuen Rekordumsatz - Unterm Stric
2026-10-09 06:04:02,960 INFO S5 Randthema: HSV-Fans mächtig sauer über teure Tickets: Jetzt reagiert Hoffenheim
2026-10-09 06:04:02,963 INFO S5 Sammelartikel: Deutsche-Liga-Ticker - Dortmund gegen Werder Bremen ab 20.30 Uhr LIVE
2026-10-09 06:04:02,965 INFO S5 Fan-Wahl/Nachwuchs: HSV Landau Jugend
2026-10-09 06:04:02,965 INFO S5 kein Bundesliga-Spieler oder -Klub erkennbar: Albert Alex
2026-10-09 06:04:02,969 INFO S5: 56 neue Geschichten, 0 schon berichtet, 1 zu wartenden Geschichten ergänzt, 17 warten
2026-10-09 06:05:24,605 INFO S6 aussortiert (prio_0): FC Bayern II vs. SpVgg Unterhaching
2026-10-09 06:05:24,606 INFO S6 aussortiert (doppelt): Nach Adeyemi und Gadou: BVB hat nächsten Salzburg-Star im Visier
2026-10-09 06:05:24,606 INFO S6 aussortiert (prio_1): BVB-Missbrauchsvorwürfe: Zahl der potenziell Geschädigten steigt auf 2
2026-10-09 06:05:24,606 INFO S6 aussortiert (prio_0): Borussia Dortmund – SV Werder Bremen Wett Tipp 09.10.2026 – Sportwette
2026-10-09 06:05:24,606 INFO S6 aussortiert (doppelt): Muskelverletzung: Angreifer Christian Kofane fällt aus
2026-10-09 06:05:24,607 INFO S6 aussortiert (prio_0): Bayer Leverkusen v Eintracht Frankfurt
2026-10-09 06:05:24,607 INFO S6 aussortiert (prio_0): RB Leipzig - Frankfurt Tipp, KI-Prognose & Quoten | 10.10.2026
2026-10-09 06:05:24,607 INFO S6 aussortiert (prio_0): VfB Stuttgart
2026-10-09 06:05:24,607 INFO S6 aussortiert (prio_0): Paderborn – Stuttgart Tipp, KI Prognose & Quoten | 10.10.2026
2026-10-09 06:05:24,608 INFO S6 aussortiert (prio_0): RB Leipzig - Eintracht Frankfurt
2026-10-09 06:05:24,608 INFO S6 aussortiert (prio_0): Elias Baum: Saison-Stats Bundesliga 2026/27 im Ligavergleich
2026-10-09 06:05:24,608 INFO S6 aussortiert (prio_0): 5. Spieltag: 1.FC Köln - Borussia Mönchengladbach - 1. FC Köln - Forum
2026-10-09 06:05:24,608 INFO S6 aussortiert (prio_0): 30. Dellbrücker Jazzmeile - Big Band Bergisch Gladbach e.V. am 09.10.2
2026-10-09 06:05:24,608 INFO S6 aussortiert (prio_0): SV Bergisch Gladbach vs Paderborn II
2026-10-09 06:05:24,609 INFO S6 aussortiert (prio_0): SV Bergisch Gladbach 09
2026-10-09 06:05:24,609 INFO S6 aussortiert (prio_0): Angst vor einer Wiederholung: Gladbachs große Krise in den 2000ern – u
2026-10-09 06:05:24,609 INFO S6 aussortiert (prio_0): Matchplan-Konferenz: Kölner-Treff der Fußballexperten mit Streich, Bau
2026-10-09 06:05:24,609 INFO S6 aussortiert (prio_0): Hoffenheim – HSV Tipp, KI Prognose & Quoten | 10.10.2026
2026-10-09 06:05:24,610 INFO S6 aussortiert (prio_0): 5. Spieltag: TSG 1899 Hoffenheim - Hamburger SV - Hamburger SV - Forum
2026-10-09 06:05:24,610 INFO S6 aussortiert (doppelt): Kade ist zurück: Wie Augsburg die Partie gegen Bayern angehen will
2026-10-09 06:05:24,610 INFO S6 aussortiert (prio_0): FC Augsburg II
2026-10-09 06:05:24,610 INFO S6 aussortiert (prio_0): Augsburg – Bayern Tipp, KI-Prognose & Quoten | 10.10.2026
2026-10-09 06:05:24,610 INFO S6 aussortiert (prio_1): Bayern oder FCA: Wem drückt Manuel Baums Sohn die Daumen? | Augsburg z
2026-10-09 06:05:24,611 INFO S6 aussortiert (doppelt): Jonas Urbig drängt auf weitere Spielzeit: Gegen Viking Stavanger könnt
2026-10-09 06:05:24,611 INFO S6 aussortiert (prio_1): Scheitert Union an Elversberg, werden Eiserne wieder zum Zwerg
2026-10-09 06:05:24,611 INFO S6 aussortiert (prio_0): 1.FC Union Berlin II (- 2015)
2026-10-09 06:05:24,611 INFO S6 aussortiert (doppelt): Füllkrug-Rückkehr nach Dortmund und Startelf-Gedanken: Highlights der 
2026-10-09 06:05:24,611 INFO S6 aussortiert (prio_0): HSV VUC Den Haag - Transfers 62/63
2026-10-09 06:05:24,612 INFO S6 aussortiert (doppelt): Schwäbe stärkt Wagner vor Rhein-Derby den Rücken
2026-10-09 06:05:24,612 INFO S6 aussortiert (prio_0): FC Schalke 04
2026-10-09 06:05:24,612 INFO S6 aussortiert (prio_0): Wie Gazprom Schalke in die Krise stürzte – und S04 trotz Absturz heute
2026-10-09 06:05:24,612 INFO S6 aussortiert (prio_0): Was steckte hinter Magaths Methoden auf Schalke?
2026-10-09 06:05:24,612 INFO S6 aussortiert (prio_0): SV 07 Elversberg III
2026-10-09 06:05:24,613 INFO S6 aussortiert (prio_0): Neuer Look, unveränderte Vorzeichen: Wagner vor Union-Spiel
2026-10-09 06:05:27,379 INFO S7 schreiben (Prio 3, 1 Quellen): Durchbruch im Poker um El Mala? BVB sprengt wohl magische 50
2026-10-09 06:05:35,180 INFO   Kandidat: BVB bereitet neues Angebot für Said El Mala vor
2026-10-09 06:05:36,166 INFO S7 kein Volltext (too_short_27_words): BVB setzt auf die Beier-Garantie - Füllkrug will neue Bestma
2026-10-09 06:05:36,166 INFO S7 zu wenig Stoff (0 Wörter aus 0 Quellen, Versuch 2/3): BVB setzt auf die Beier-Garantie - Füllkrug will neue Bestma
2026-10-09 06:05:36,824 INFO S7 kein Volltext (too_short_63_words): Bayer 04: Maza sendet positive Signale
2026-10-09 06:05:36,825 INFO S7 zu wenig Stoff (0 Wörter aus 0 Quellen, Versuch 3/3): Bayer 04: Maza sendet positive Signale
2026-10-09 06:05:37,275 ERROR lxml parsing failed: Document is empty
2026-10-09 06:05:37,275 ERROR lxml parser bytestring Document is empty
2026-10-09 06:05:37,276 ERROR lxml parsing failed: Document is empty
2026-10-09 06:05:37,276 ERROR lxml parser bytestring Document is empty
2026-10-09 06:05:37,276 ERROR empty HTML tree: None
2026-10-09 06:05:37,276 WARNING discarding data: None
2026-10-09 06:05:37,277 INFO S7 kein Volltext (trafilatura_returned_empty): 5. Spieltag: FC Augsburg - FC Bayern München - FC Augsburg -
2026-10-09 06:05:37,277 INFO S7 zu wenig Stoff (0 Wörter aus 0 Quellen, Versuch 1/3): 5. Spieltag: FC Augsburg - FC Bayern München - FC Augsburg -
2026-10-09 06:05:37,867 ERROR lxml parsing failed: Document is empty
2026-10-09 06:05:37,867 ERROR lxml parser bytestring Document is empty
2026-10-09 06:05:37,867 ERROR lxml parsing failed: Document is empty
2026-10-09 06:05:37,867 ERROR lxml parser bytestring Document is empty
2026-10-09 06:05:37,867 ERROR empty HTML tree: None
2026-10-09 06:05:37,867 WARNING discarding data: None
2026-10-09 06:05:37,868 INFO S7 kein Volltext (trafilatura_returned_empty): Bundesliga: Cedric Itten steht Werder immerhin zur Verfügung
2026-10-09 06:05:37,868 INFO S7 zu wenig Stoff (0 Wörter aus 0 Quellen, Versuch 3/3): Bundesliga: Cedric Itten steht Werder immerhin zur Verfügung
2026-10-09 06:05:38,299 INFO S7 kein Volltext (too_short_15_words): Schlotterbeck vor BVB-Comeback: Dortmund-Star macht Klopp re
2026-10-09 06:05:38,299 INFO S7 zu wenig Stoff (0 Wörter aus 0 Quellen, Versuch 3/3): Schlotterbeck vor BVB-Comeback: Dortmund-Star macht Klopp re
2026-10-09 06:05:38,589 ERROR lxml parsing failed: Document is empty
2026-10-09 06:05:38,589 ERROR lxml parser bytestring Document is empty
2026-10-09 06:05:38,589 ERROR lxml parsing failed: Document is empty
2026-10-09 06:05:38,589 ERROR lxml parser bytestring Document is empty
2026-10-09 06:05:38,589 ERROR empty HTML tree: None
2026-10-09 06:05:38,589 WARNING discarding data: None
2026-10-09 06:05:38,590 INFO S7 kein Volltext (trafilatura_returned_empty): Hoeneß legt sich fest: Seimen rückt ins Stuttgarter Tor
2026-10-09 06:05:38,591 INFO S7 zu wenig Stoff (0 Wörter aus 0 Quellen, Versuch 1/3): Hoeneß legt sich fest: Seimen rückt ins Stuttgarter Tor
2026-10-09 06:05:39,443 WARNING error in JSON metadata extraction: 'NoneType' object is not iterable
2026-10-09 06:05:41,401 INFO S6.5 schon berichtet (Schalke: Becker kehrt ins Mannschaftstraining): Comeback vor Freiburg: Leistungssträger sorgt bei Schalke fü
2026-10-09 06:05:41,981 INFO S7 kein Volltext (too_short_74_words): Eintracht Frankfurt - Auch Hütter sieht bei Koch „noch Luft 
2026-10-09 06:05:42,497 INFO S7 kein Volltext (too_short_74_words): Eintracht Frankfurt: So denkt Trainer Hütter über seinen Kap
2026-10-09 06:05:42,498 INFO S7 zu wenig Stoff (0 Wörter aus 0 Quellen, Versuch 1/3): Eintracht Frankfurt - Auch Hütter sieht bei Koch „noch Luft 
2026-10-09 06:05:42,990 INFO S7 kein Volltext (too_short_15_words): Polzin über Ilzers Hoffenheim: "Große Herausforderung"
2026-10-09 06:05:43,260 INFO S7 kein Volltext (too_short_15_words): Polzin vor Hoffenheim: ''Große Herausforderung''
2026-10-09 06:05:43,260 INFO S7 zu wenig Stoff (0 Wörter aus 0 Quellen, Versuch 3/3): Polzin über Ilzers Hoffenheim: "Große Herausforderung"
2026-10-09 06:05:45,160 INFO S7 kein Volltext (likely_paywall): Ablösefreier Transfer im Sommer? Bayern-Talent sieht wohl ke
2026-10-09 06:05:47,049 INFO S7 schreiben (Prio 2, 1 Quellen): Ablösefreier Transfer im Sommer? Bayern-Talent sieht wohl ke
2026-10-09 06:05:54,782 INFO   Kandidat: Haaland äußert sich zu City-Skandal und Bayern-Gerüchten
2026-10-09 06:06:00,422 INFO S7 schreiben (Prio 2, 1 Quellen): FC Bayern: Kompany setzt Planänderung durch - kommt es zu ei
2026-10-09 06:06:09,320 INFO   Kandidat: Bayern trainiert vor Viking Stavanger schon in Norwegen
2026-10-09 06:06:15,924 INFO S6.5 schon berichtet (Augsburg gegen Bayern: Torhungriger FCA triff): FC Augsburg: FCA-Sportdirektor Weber über Dahmen: „Er weiß, 
2026-10-09 06:06:17,159 INFO S7 kein Volltext (seite_zu_alt): SC Paderborns Kettemann packt aus: Psychische Belastung im A
2026-10-09 06:06:17,159 INFO S7 zu wenig Stoff (0 Wörter aus 0 Quellen, Versuch 1/3): SC Paderborns Kettemann packt aus: Psychische Belastung im A
2026-10-09 06:06:17,676 ERROR lxml parsing failed: Document is empty
2026-10-09 06:06:17,676 ERROR lxml parser bytestring Document is empty
2026-10-09 06:06:17,676 ERROR lxml parsing failed: Document is empty
2026-10-09 06:06:17,676 ERROR lxml parser bytestring Document is empty
2026-10-09 06:06:17,676 ERROR empty HTML tree: None
2026-10-09 06:06:17,676 WARNING discarding data: None
2026-10-09 06:06:17,677 INFO S7 kein Volltext (trafilatura_returned_empty): Gejagter statt Jäger? Kovac: "Genießen im Moment die Positio
2026-10-09 06:06:17,677 INFO S7 zu wenig Stoff (0 Wörter aus 0 Quellen, Versuch 1/3): Gejagter statt Jäger? Kovac: "Genießen im Moment die Positio
2026-10-09 06:06:17,950 ERROR lxml parsing failed: Document is empty
2026-10-09 06:06:17,950 ERROR lxml parser bytestring Document is empty
2026-10-09 06:06:17,950 ERROR lxml parsing failed: Document is empty
2026-10-09 06:06:17,951 ERROR lxml parser bytestring Document is empty
2026-10-09 06:06:17,951 ERROR empty HTML tree: None
2026-10-09 06:06:17,951 WARNING discarding data: None
2026-10-09 06:06:17,952 INFO S7 kein Volltext (trafilatura_returned_empty): "34 Sekunden waren noch auf der Uhr": So knapp war Hwangs Sc
2026-10-09 06:06:17,952 INFO S7 zu wenig Stoff (0 Wörter aus 0 Quellen, Versuch 1/3): "34 Sekunden waren noch auf der Uhr": So knapp war Hwangs Sc
2026-10-09 06:06:18,860 INFO S7 kein Volltext (seite_zu_alt): „Bin ich unerwünscht?“ – Demirovic lässt bemerkenswertes Mus
2026-10-09 06:06:18,861 INFO S7 zu wenig Stoff (0 Wörter aus 0 Quellen, Versuch 1/3): „Bin ich unerwünscht?“ – Demirovic lässt bemerkenswertes Mus
2026-10-09 06:06:19,228 INFO S7 kein Volltext (seite_zu_alt): Deutsche Medien: Albian Hajdari zweifelt Hamburg, das Ziel n
2026-10-09 06:06:19,229 INFO S7 zu wenig Stoff (0 Wörter aus 0 Quellen, Versuch 1/3): Deutsche Medien: Albian Hajdari zweifelt Hamburg, das Ziel n
2026-10-09 06:06:20,129 INFO S7 kein Volltext (likely_paywall): Bayern linked with ex-academy talent and Preußen Münster sho
2026-10-09 06:06:20,130 INFO S7 zu wenig Stoff (0 Wörter aus 0 Quellen, Versuch 3/3): Bayern linked with ex-academy talent and Preußen Münster sho
2026-10-09 06:06:23,469 INFO S7 schreiben (Prio 2, 1 Quellen): HSV hat zweiten Saisonsieg im Auge | HL-SPORTS - Sport-News 
2026-10-09 06:06:26,588 INFO S7 verworfen (nicht_relevant): HSV hat zweiten Saisonsieg im Auge | HL-SPORTS - Sport-News 
2026-10-09 06:06:27,403 WARNING discarding data: None
2026-10-09 06:06:27,404 INFO S7 kein Volltext (trafilatura_returned_empty): audio-talk-derby-to-me-koeln-und-gladbach-im-druck-duell-100
2026-10-09 06:06:27,404 INFO S7 zu wenig Stoff (0 Wörter aus 0 Quellen, Versuch 2/3): audio-talk-derby-to-me-koeln-und-gladbach-im-druck-duell-100
2026-10-09 06:06:28,593 INFO S7 kein Volltext (too_short_74_words): Zwei Ex-Derbyhelden des HSV: Jetzt tut sich was bei ihrer Zu
2026-10-09 06:06:28,593 INFO S7 zu wenig Stoff (0 Wörter aus 0 Quellen, Versuch 1/3): Zwei Ex-Derbyhelden des HSV: Jetzt tut sich was bei ihrer Zu
2026-10-09 06:06:29,521 INFO S7 kein Volltext (too_short_17_words): Klub auf Höhenflug: Der SC Freiburg startet durch
2026-10-09 06:06:29,521 INFO S7 zu wenig Stoff (0 Wörter aus 0 Quellen, Versuch 3/3): Klub auf Höhenflug: Der SC Freiburg startet durch
2026-10-09 06:06:30,248 INFO S7 kein Volltext (likely_paywall): Bayern droht Talent-Abgang zum Nulltarif
2026-10-09 06:06:30,248 INFO S7 zu wenig Stoff (0 Wörter aus 0 Quellen, Versuch 3/3): Bayern droht Talent-Abgang zum Nulltarif
2026-10-09 06:06:30,644 WARNING discarding data: None
2026-10-09 06:06:30,645 INFO S7 kein Volltext (trafilatura_returned_empty): Harry Kane erhält freie Bahn für MLS-Wechsel
2026-10-09 06:06:30,646 INFO S7 zu wenig Stoff (0 Wörter aus 0 Quellen, Versuch 3/3): Harry Kane erhält freie Bahn für MLS-Wechsel
2026-10-09 06:06:30,949 WARNING discarding data: None
2026-10-09 06:06:30,951 INFO S7 kein Volltext (trafilatura_returned_empty): "Wir werden nicht viele Chancen bekommen": Thioune verrät, w
2026-10-09 06:06:30,951 INFO S7 zu wenig Stoff (0 Wörter aus 0 Quellen, Versuch 2/3): "Wir werden nicht viele Chancen bekommen": Thioune verrät, w
2026-10-09 06:06:31,449 INFO S7 kein Volltext (too_short_15_words): Wie geht es mit Stiller und Stuttgart weiter?
2026-10-09 06:06:31,449 INFO S7 zu wenig Stoff (0 Wörter aus 0 Quellen, Versuch 3/3): Wie geht es mit Stiller und Stuttgart weiter?
2026-10-09 06:06:32,363 INFO S7 kein Volltext (seite_zu_alt): Leih-Transfer innerhalb der Bundesliga? Paderborn will Lever
2026-10-09 06:06:32,364 INFO S7 zu wenig Stoff (0 Wörter aus 0 Quellen, Versuch 1/3): Leih-Transfer innerhalb der Bundesliga? Paderborn will Lever
2026-10-09 06:06:33,200 INFO S7 kein Volltext (seite_zu_alt): Ex-Eintracht-Star verpasst Saisonauftakt – will er seinen Kl
2026-10-09 06:06:33,200 INFO S7 zu wenig Stoff (0 Wörter aus 0 Quellen, Versuch 1/3): Ex-Eintracht-Star verpasst Saisonauftakt – will er seinen Kl
2026-10-09 06:06:38,151 INFO S6.5 schon berichtet (Tabellenführer Dortmund empfängt Werder zum F): Kovac und Dortmund genießen den Druck an der Bundesliga-Spit
2026-10-09 06:06:38,443 WARNING discarding data: None
2026-10-09 06:06:38,443 INFO S7 kein Volltext (trafilatura_returned_empty): Kovac tüftelt am BVB-Mittelfeld: Diese Variante könnte gegen
2026-10-09 06:06:38,444 INFO S7 zu wenig Stoff (0 Wörter aus 0 Quellen, Versuch 1/3): Kovac tüftelt am BVB-Mittelfeld: Diese Variante könnte gegen
2026-10-09 06:06:38,876 INFO S7 kein Volltext (too_short_15_words): Nach geplatztem RB-Transfer: Asllani-Klausel abgelaufen!
2026-10-09 06:06:38,877 INFO S7 zu wenig Stoff (0 Wörter aus 0 Quellen, Versuch 1/3): Nach geplatztem RB-Transfer: Asllani-Klausel abgelaufen!
2026-10-09 06:06:39,666 INFO S7 kein Volltext (likely_paywall): Eintracht-Coach Hütter beschäftigt mehr als die Systemfrage
2026-10-09 06:06:39,667 INFO S7 zu wenig Stoff (0 Wörter aus 0 Quellen, Versuch 3/3): Eintracht-Coach Hütter beschäftigt mehr als die Systemfrage
2026-10-09 06:06:40,070 WARNING discarding data: None
2026-10-09 06:06:40,071 INFO S7 kein Volltext (trafilatura_returned_empty): 1. FC Köln Jusuf Gazibegovic Nach Widzew Lodz I Finn Schente
2026-10-09 06:06:40,071 INFO S7 zu wenig Stoff (0 Wörter aus 0 Quellen, Versuch 1/3): 1. FC Köln Jusuf Gazibegovic Nach Widzew Lodz I Finn Schente
2026-10-09 06:06:40,353 WARNING discarding data: None
2026-10-09 06:06:40,354 INFO S7 kein Volltext (trafilatura_returned_empty): Union gegen Elversberg: Vorschau und Prognose, 10. Oktober
2026-10-09 06:06:40,354 INFO S7 zu wenig Stoff (0 Wörter aus 0 Quellen, Versuch 1/3): Union gegen Elversberg: Vorschau und Prognose, 10. Oktober
2026-10-09 06:06:43,134 INFO S6.5 schon berichtet (Thioune über Füllkrug: „Wird motiviert sein“ ): Füllkrug trifft auf den BVB: "Gelbe Wand ist extrem wuchtig"
2026-10-09 06:06:43,430 WARNING discarding data: None
2026-10-09 06:06:43,431 INFO S7 kein Volltext (trafilatura_returned_empty): Sechs Tage Bis Köln: Das Muss Borussia Mönchengladbach Jetzt
2026-10-09 06:06:43,432 INFO S7 zu wenig Stoff (0 Wörter aus 0 Quellen, Versuch 3/3): Sechs Tage Bis Köln: Das Muss Borussia Mönchengladbach Jetzt
2026-10-09 06:06:43,871 ERROR lxml parsing failed: Document is empty
2026-10-09 06:06:43,871 ERROR lxml parser bytestring Document is empty
2026-10-09 06:06:43,871 ERROR lxml parsing failed: Document is empty
2026-10-09 06:06:43,871 ERROR lxml parser bytestring Document is empty
2026-10-09 06:06:43,871 ERROR empty HTML tree: None
2026-10-09 06:06:43,871 WARNING discarding data: None
2026-10-09 06:06:43,872 INFO S7 kein Volltext (trafilatura_returned_empty): Matondo soll für Hibernian „Unterschied ausmachen“ – Unter t
2026-10-09 06:06:43,873 INFO S7 zu wenig Stoff (0 Wörter aus 0 Quellen, Versuch 3/3): Matondo soll für Hibernian „Unterschied ausmachen“ – Unter t
2026-10-09 06:06:44,528 ERROR lxml parsing failed: Document is empty
2026-10-09 06:06:44,528 ERROR lxml parser bytestring Document is empty
2026-10-09 06:06:44,528 ERROR lxml parsing failed: Document is empty
2026-10-09 06:06:44,528 ERROR lxml parser bytestring Document is empty
2026-10-09 06:06:44,529 ERROR empty HTML tree: None
2026-10-09 06:06:44,529 WARNING discarding data: None
2026-10-09 06:06:44,530 INFO S7 kein Volltext (trafilatura_returned_empty): Beier über Nicht-Nominierung: „Ehrliches Feedback“ von Klopp
2026-10-09 06:06:44,530 INFO S7 zu wenig Stoff (0 Wörter aus 0 Quellen, Versuch 2/3): Beier über Nicht-Nominierung: „Ehrliches Feedback“ von Klopp
2026-10-09 06:06:44,550 INFO S9.5 FinalCheck: 3/3 durch
2026-10-09 06:06:45,729 INFO Veröffentlicht: BVB bereitet neues Angebot für Said El Mala vor
2026-10-09 06:06:45,844 INFO Veröffentlicht: Haaland äußert sich zu City-Skandal und Bayern-Gerüchten
2026-10-09 06:06:45,956 INFO Veröffentlicht: Bayern trainiert vor Viking Stavanger schon in Norwegen
2026-10-09 06:06:46,001 INFO Reddit: Keine Credentials – übersprungen
2026-10-09 06:06:46,002 INFO Reddit: Keine Credentials – übersprungen
2026-10-09 06:06:46,002 INFO Reddit: Keine Credentials – übersprungen
2026-10-09 06:06:46,003 INFO 💶 Kosten: dieser Lauf 0.000 $ (Budget 0.098 $) | heute 0.00 $ | Monat 0.72 / 23 $ | konferenz (abo) 1× 0.000 $, dublette (abo) 11× 0.000 $, schreiben (abo) 4× 0.000 $
2026-10-09 06:06:46,003 INFO 🎫 Abo-Verbrauch: 47,941 Tokens rein (davon Cache gelesen 3,825), 13,738 raus, API-Gegenwert 0.26 $ | konferenz 1×: 5,829/9,368, dublette 11×: 16,257/486, schreiben 4×: 25,855/3,884
2026-10-09 06:06:46,065 INFO Feeds: 60/60 begonnen, nächster Lauf startet bei Nr. 0
2026-10-09 06:06:46,065 INFO URL-Cache gespeichert: 29736 URLs
2026-10-09 06:06:46,065 INFO === Fertig. 3 neue Artikel. feed.json: 1519 ===
2026-10-09 06:06:46,065 INFO Stats: {"ts": "20261009_0602", "ingested": 151, "s2_pre_filter": 37, "s3_relevance": 46, "s4_dedup_early": 0, "gesammelt": 65, "geschichten_neu": 56, "s5_archiv_doppelt": 0, "s5_zusammengefuehrt": 1, "s6_aussortiert": 34, "s7_geschrieben": 4, "s7_verworfen": 5, "s5_fulltext_fail": 31, "s8_qa_rejected": 0, "published": 3, "s5_ohne_bezug": 2, "s5_randthema": 5, "kosten": {"lauf_usd": 0.0, "lauf_budget_usd": 0.0982, "heute_usd": 0.0, "monat_usd": 0.7196, "monatsbudget_usd": 23.0, "aufrufe": {"konferenz (abo)": {"anzahl": 1, "usd": 0.0}, "dublette (abo)": {"anzahl": 11, "usd": 0.0}, "schreiben (abo)": {"anzahl": 4, "usd": 0.0}}, "guthaben_leer": false, "abo": true, "abo_tokens": {"konferenz": {"aufrufe": 1, "ein": 10, "cache_schreiben": 5819, "cache_lesen": 0, "aus": 9368, "api_wert_usd": 0.0585}, "dublette": {"aufrufe": 11, "ein": 22, "cache_schreiben": 16235, "cache_lesen": 0, "aus": 486, "api_wert_usd": 0.0699}, "schreiben": {"aufrufe": 4, "ein": 8, "cache_schreiben": 22022, "cache_lesen": 3825, "aus": 3884, "api_wert_usd": 0.1278}}}}
