2026-10-08 01:02:49,856 INFO 💶 Budget: dieser Lauf 0.063 $ | heute 0.00 $ | Monat 0.72 / 23 $
2026-10-08 01:02:50,143 INFO URL-Cache geladen: 27413 bekannte URLs (letzte 30 Tage)
2026-10-08 01:02:50,143 INFO === Ligaoutsider Generator startet – max. 50 Artikel ===
2026-10-08 01:02:50,143 INFO Feed: https://newsfeed.kicker.de/news/bundesliga
2026-10-08 01:02:50,331 INFO Feed: https://www.sportschau.de/fussball/bundesliga/index~rss2.xml
2026-10-08 01:02:50,895 INFO Feed: https://sportbild.bild.de/feed/sportbild-home.xml
2026-10-08 01:02:51,853 INFO Feed: https://www.bild.de/rss-feeds/rss-16725492,feed=fussball-mix.bild.html
2026-10-08 01:02:52,400 INFO Feed: https://www.11freunde.de/feed
2026-10-08 01:02:53,306 INFO Feed: https://www.bundesliga.com/de/bundesliga/news.rss
2026-10-08 01:02:53,474 INFO Feed: https://news.google.com/rss/topics/CAAqJggKIiBDQkFTRWdvSUwyMHZNRFp1ZEdvU0FtUmxHZ0pFUlNnQVAB?hl=de&gl=DE&ceid=DE:de
2026-10-08 01:02:54,133 INFO BL-Spielerliste geladen: 1002 Namen
2026-10-08 01:02:54,220 INFO S3 keyword miss: Emotionale Messi-Nachricht – Ronaldo reagiert
2026-10-08 01:02:54,469 INFO S3 keyword miss: Lindsey Vonn überraschend für US-Team nominiert
2026-10-08 01:02:54,469 INFO S2 blacklist: Fußball: DFB-Elf rutscht in Fifa-Weltrangliste weiter ab
2026-10-08 01:02:54,470 INFO S2 blacklist: Beier über Nicht-Nominierung: „Ehrliches Feedback gegeben“ –
2026-10-08 01:02:54,561 INFO S3 keyword miss: Roglic im Zeitfahren ohne Radio und nach Gefühl zu EM-Gold
2026-10-08 01:02:54,561 INFO S2 blacklist: Schalke-Star übt leise Kritik an XXL-Länderspielpause
2026-10-08 01:02:54,723 INFO S3 keyword miss: Saison-Aus für Sinner - Weg für Zverev an die Spitze frei
2026-10-08 01:02:54,727 INFO Feed: https://news.google.com/rss/search?q=Bundesliga+Testspiel+Ergebnis&hl=de&gl=DE&ceid=DE:de
2026-10-08 01:02:55,140 INFO Feed: https://news.google.com/rss/search?q=Bundesliga+Vorbereitung+Sommertour&hl=de&gl=DE&ceid=DE:de
2026-10-08 01:02:55,400 INFO Feed: https://news.google.com/rss/search?q=Bundesliga+Verletzung+Ausfall+gesperrt&hl=de&gl=DE&ceid=DE:de
2026-10-08 01:02:55,902 INFO Feed: https://news.google.com/rss/search?q=Bundesliga+Transfer+Wechsel+verpflichtet&hl=de&gl=DE&ceid=DE:de
2026-10-08 01:02:56,316 INFO Feed: https://news.google.com/rss/search?q=Bundesliga+Gerücht+Interesse+Angebot&hl=de&gl=DE&ceid=DE:de
2026-10-08 01:02:56,769 INFO Feed: https://news.google.com/rss/search?q=Bundesliga+Vertrag+verlängert+ablösefrei&hl=de&gl=DE&ceid=DE:de
2026-10-08 01:02:57,130 INFO Feed: https://news.google.com/rss/search?q=%22FC+Bayern%22+OR+%22Bayern+M%C3%BCnchen%22+when%3A1d&hl=de&gl=DE&ceid=DE:de
2026-10-08 01:02:57,650 INFO S2 blacklist: Youth League und Regionalliga: Dante mit FC Bayern im Dauere
2026-10-08 01:02:57,738 INFO S3 keyword miss: Katrin Rafalski
2026-10-08 01:02:57,742 INFO Feed: https://news.google.com/rss/search?q=BVB+OR+%22Borussia+Dortmund%22+when%3A1d&hl=de&gl=DE&ceid=DE:de
2026-10-08 01:02:58,474 INFO S2 blacklist: Wutrede beim BVB: Länderspiel-Chaos macht Kovac rasend: „Tot
2026-10-08 01:02:58,475 INFO S2 blacklist: Freudige Nachrichten für alle BVB-Fans: Pokal-Duell mit Werd
2026-10-08 01:02:58,561 INFO S3 keyword miss: Europas Tabellenführer: Zwei Aufsteiger an der Spitze
2026-10-08 01:02:58,562 INFO Feed: https://news.google.com/rss/search?q=%22Bayer+Leverkusen%22+OR+%22Bayer+04%22+when%3A1d&hl=de&gl=DE&ceid=DE:de
2026-10-08 01:02:59,095 INFO S3 keyword miss: Benfica v Celtic Glasgow
2026-10-08 01:02:59,179 INFO S3 keyword miss: Kostenlose Europapokal-Abende: RTL zeigt beide deutschen Tea
2026-10-08 01:02:59,181 INFO Feed: https://news.google.com/rss/search?q=%22RB+Leipzig%22+when%3A1d&hl=de&gl=DE&ceid=DE:de
2026-10-08 01:02:59,756 INFO S3 keyword miss: VIP-Hotspot Como 1907: Der Club der Hollywood-Stars
2026-10-08 01:02:59,791 INFO Feed: https://news.google.com/rss/search?q=%22VfB+Stuttgart%22+when%3A1d&hl=de&gl=DE&ceid=DE:de
2026-10-08 01:03:00,143 INFO S2 blacklist: VfB Stuttgart U17
2026-10-08 01:03:00,146 INFO S2 blacklist: U19 DFB-Nachwuchsliga - Vorrunde Gruppe D
2026-10-08 01:03:00,146 INFO Feed: https://news.google.com/rss/search?q=%22Eintracht+Frankfurt%22+when%3A1d&hl=de&gl=DE&ceid=DE:de
2026-10-08 01:03:00,662 INFO Feed: https://news.google.com/rss/search?q=Gladbach+OR+%22Borussia+M%C3%B6nchengladbach%22+when%3A1d&hl=de&gl=DE&ceid=DE:de
2026-10-08 01:03:01,052 INFO S2 blacklist: Spielereignisse | VfL Vichttal - SV Bergisch Gladbach 09 3:3
2026-10-08 01:03:01,055 INFO S2 blacklist: Asian Cup Qualifikation - Abstellungen Borussia Mönchengladb
2026-10-08 01:03:01,058 INFO Feed: https://news.google.com/rss/search?q=%22SC+Freiburg%22+when%3A1d&hl=de&gl=DE&ceid=DE:de
2026-10-08 01:03:01,522 INFO S3 keyword miss: UEFA Conference League 2026/2027 Spiele
2026-10-08 01:03:01,522 INFO Feed: https://news.google.com/rss/search?q=Hoffenheim+when%3A1d&hl=de&gl=DE&ceid=DE:de
2026-10-08 01:03:01,898 INFO S2 kein BL-Klub im Titel: MSV Duisburg: Duisburg steht im Viertelfinale, bezahlt jedoc
2026-10-08 01:03:01,899 INFO S2 blacklist: U17-Weltmeisterschaft - Abstellungen CD Leganés Jugend | Sei
2026-10-08 01:03:01,982 INFO S3 keyword miss: Spektakel zum NFL-Start: Titelverteidiger setzt sich durch
2026-10-08 01:03:01,985 INFO Feed: https://news.google.com/rss/search?q=%22Mainz+05%22+when%3A1d&hl=de&gl=DE&ceid=DE:de
2026-10-08 01:03:02,344 INFO S2 blacklist: 1.FSV Mainz 05 - Elfmeterstatistik (Detailansicht)
2026-10-08 01:03:02,427 INFO S3 keyword miss: Sebastian Knopp
2026-10-08 01:03:02,428 INFO S2 blacklist: Bundesliga - Mannschaftskapitäne (Galerie) | Seite 14
2026-10-08 01:03:02,428 INFO S2 blacklist: Oberliga Südwest (1945 - 62/63)
2026-10-08 01:03:02,429 INFO S2 blacklist: Martin Schmidt - Eingesetzte Spieler (Galerie) | Seite 227
2026-10-08 01:03:02,431 INFO Feed: https://news.google.com/rss/search?q=%22FC+Augsburg%22+when%3A1d&hl=de&gl=DE&ceid=DE:de
2026-10-08 01:03:02,898 INFO S3 keyword miss: Martin Lanzinger
2026-10-08 01:03:02,901 INFO Feed: https://news.google.com/rss/search?q=%22Union+Berlin%22+when%3A1d&hl=de&gl=DE&ceid=DE:de
2026-10-08 01:03:03,318 INFO S3 keyword miss: Nikola Lakatos
2026-10-08 01:03:03,432 INFO S3 keyword miss: Christian Backs
2026-10-08 01:03:03,509 INFO Feed: https://news.google.com/rss/search?q=%22Werder+Bremen%22+when%3A1d&hl=de&gl=DE&ceid=DE:de
2026-10-08 01:03:04,125 INFO S3 keyword miss: Das Bundesliga-Quiz zum 5. Spieltag
2026-10-08 01:03:04,125 INFO S2 blacklist: SC Borgfeld U17
2026-10-08 01:03:04,128 INFO S2 blacklist: Kovac übt harte Kritik an Länderspielpause vor Bremen-Spiel
2026-10-08 01:03:04,129 INFO Feed: https://news.google.com/rss/search?q=HSV+OR+%22Hamburger+SV%22+when%3A1d&hl=de&gl=DE&ceid=DE:de
2026-10-08 01:03:04,606 INFO S2 blacklist: Hamburger SV II - Debütanten | Seite 11
2026-10-08 01:03:04,686 INFO S3 keyword miss: Karl-Heinz Liese
2026-10-08 01:03:04,687 INFO S2 blacklist: Unruhen nach Rassismus-Vorfall: HSV-Profi Pherai erlebt turb
2026-10-08 01:03:04,687 INFO Feed: https://news.google.com/rss/search?q=%221.+FC+K%C3%B6ln%22+OR+%22FC+K%C3%B6ln%22+when%3A1d&hl=de&gl=DE&ceid=DE:de
2026-10-08 01:03:05,206 INFO S3 keyword miss: "Feige Schweine!" Friedhelm Funkel enthüllt "die schlimmste 
2026-10-08 01:03:05,209 INFO S2 blacklist: Klaus Hartmann - Eingesetzte Spieler (Galerie)
2026-10-08 01:03:05,291 INFO S3 keyword miss: Robert Schröder
2026-10-08 01:03:05,329 INFO S2 blacklist: Sie waren Teamkollegen: So bewertet Köln-Torwart Schwäbe die
2026-10-08 01:03:05,332 INFO Feed: https://news.google.com/rss/search?q=Schalke+when%3A1d&hl=de&gl=DE&ceid=DE:de
2026-10-08 01:03:05,991 INFO S3 keyword miss: Henning Matriciani
2026-10-08 01:03:05,996 INFO Feed: https://news.google.com/rss/search?q=Elversberg+when%3A1d&hl=de&gl=DE&ceid=DE:de
2026-10-08 01:03:06,366 INFO S2 blacklist: SV 07 Elversberg U19
2026-10-08 01:03:06,366 INFO Feed: https://news.google.com/rss/search?q=%22SC+Paderborn%22+when%3A1d&hl=de&gl=DE&ceid=DE:de
2026-10-08 01:03:06,821 INFO S3 keyword miss: Transfer Update - alle Wechsel & Gerüchte im Überblick
2026-10-08 01:03:06,907 INFO S3 keyword miss: Champions League: SC Magdeburg siegt klar in Kielce
2026-10-08 01:03:06,991 INFO S3 keyword miss: Schweizer Ex-Profi will Infantino herausfordern
2026-10-08 01:03:07,073 INFO S3 keyword miss: (U-17-DFB-Nachwuchsliga (Vorrunde))
2026-10-08 01:03:07,074 INFO S2 blacklist: U17 DFB-Nachwuchsliga - Vorrunde Gruppe H
2026-10-08 01:03:07,074 INFO Feed: https://www.transfermarkt.de/rss/news
2026-10-08 01:03:07,117 INFO Feed: https://www.waz.de/sport/fussball/rss
2026-10-08 01:03:07,570 INFO Feed: https://www.faz.net/rss/aktuell/sport/fussball/bundesliga/
2026-10-08 01:03:08,073 INFO Feed: https://bulinews.com/rss.xml
2026-10-08 01:03:08,547 INFO S3 keyword miss: Women’s Friendly Preview: Germany vs. Australia
2026-10-08 01:03:08,547 INFO Feed: https://www.abendblatt.de/sport/rss
2026-10-08 01:03:08,767 INFO Feed: https://www.merkur.de/sport/fc-bayern/rssfeed.rdf
2026-10-08 01:03:09,360 INFO Feed: https://www.eyefootball.com/rss_news_main.xml
2026-10-08 01:03:09,652 INFO Feed: https://www.ligaportal.at/international/deutsche-bundesliga?format=feed&type=rss
2026-10-08 01:03:12,044 INFO Feed: https://www.reddit.com/r/soccer/new.rss?limit=100
2026-10-08 01:03:12,930 INFO S3 keyword miss: Manuel Akanji on his ManCity trophies not being in danger du
2026-10-08 01:03:13,019 INFO S3 keyword miss: McTominay cleared to return to Napoli training. The Scot, wh
2026-10-08 01:03:13,111 INFO S3 keyword miss: Ligue 1 rights tender moves to 2027 to 2032, Ligue 1+ future
2026-10-08 01:03:13,112 INFO Feed: https://newsfeed.kicker.de/team/fc-bayern-muenchen
2026-10-08 01:03:13,168 INFO Feed: https://newsfeed.kicker.de/team/borussia-dortmund
2026-10-08 01:03:13,226 INFO Feed: https://newsfeed.kicker.de/team/rb-leipzig
2026-10-08 01:03:13,281 INFO Feed: https://newsfeed.kicker.de/team/bayer-04-leverkusen
2026-10-08 01:03:13,334 INFO Feed: https://newsfeed.kicker.de/team/vfb-stuttgart
2026-10-08 01:03:13,391 INFO Feed: https://newsfeed.kicker.de/team/eintracht-frankfurt
2026-10-08 01:03:13,551 INFO Feed: https://newsfeed.kicker.de/team/bor-moenchengladbach
2026-10-08 01:03:13,701 INFO Feed: https://newsfeed.kicker.de/team/sc-freiburg
2026-10-08 01:03:13,754 INFO Feed: https://newsfeed.kicker.de/team/tsg-hoffenheim
2026-10-08 01:03:13,904 INFO Feed: https://newsfeed.kicker.de/team/1-fsv-mainz-05
2026-10-08 01:03:14,064 INFO Feed: https://newsfeed.kicker.de/team/fc-augsburg
2026-10-08 01:03:14,216 INFO Feed: https://newsfeed.kicker.de/team/1-fc-union-berlin
2026-10-08 01:03:14,370 INFO Feed: https://newsfeed.kicker.de/team/werder-bremen
2026-10-08 01:03:14,523 INFO Feed: https://newsfeed.kicker.de/team/hamburger-sv
2026-10-08 01:03:14,671 INFO Feed: https://newsfeed.kicker.de/team/1-fc-koeln
2026-10-08 01:03:14,823 INFO Feed: https://newsfeed.kicker.de/team/fc-schalke-04
2026-10-08 01:03:14,972 INFO Feed: https://newsfeed.kicker.de/team/sv-elversberg
2026-10-08 01:03:15,223 INFO Feed: https://newsfeed.kicker.de/team/sc-paderborn-07
2026-10-08 01:03:15,385 INFO Feed: https://newsfeed.kicker.de/news/champions-league
2026-10-08 01:03:15,437 INFO Feed: ligainsider:themen
2026-10-08 01:03:37,630 INFO LigaInsider (Themenfinder): 132 Meldungen von 18 Vereinsseiten
2026-10-08 01:03:38,248 INFO Eingelesen: 90 Schlagzeilen nach den Gratis-Filtern
2026-10-08 01:03:40,037 INFO S5 kein Bundesliga-Spieler oder -Klub erkennbar: Hier läuft KS Kielce vs. SC Magdeburg JETZT live
2026-10-08 01:03:40,042 INFO S5 Randthema: Weihnachtsgeschenke für die Kinder? Das neue Buch eines Bayern-Superst
2026-10-08 01:03:40,045 INFO S5 Fan-Wahl/Nachwuchs: Spannender Besuch beim FC Bayern: Winkt Cardozo Debüt für brasilianisc
2026-10-08 01:03:40,049 INFO S5 Fan-Wahl/Nachwuchs: Bayer 04 Leverkusen Jugend
2026-10-08 01:03:40,049 INFO S5 Randthema: TSG Hoffenheim - Bayer Leverkusen: Direkter Vergleich & Bilanz
2026-10-08 01:03:40,050 INFO S5 Fan-Wahl/Nachwuchs: VfB Stuttgart Jugend
2026-10-08 01:03:40,051 INFO S5 schon berichtet (Stuttgart und Frankfurt beobachten Linksverte): Neue Eintracht-U-Bahn offiziell eingeweiht
2026-10-08 01:03:40,056 INFO S5 kein Bundesliga-Spieler oder -Klub erkennbar: News, Politik: Dos Santos-Wintz kritisiert Rausch-Wahl in Sachsen-Anha
2026-10-08 01:03:40,056 INFO S5 Randthema: Vom Campus in den Fanshop: HFK-Studierende entwickeln Werder-Designs
2026-10-08 01:03:40,058 INFO S5 Fan-Wahl/Nachwuchs: Spielschema | 1. FC Köln - FSV Frankfurt 6:3 | 10. Spieltag | U-17-DFB
2026-10-08 01:03:40,061 INFO S5: 75 neue Geschichten, 1 schon berichtet, 2 zu wartenden Geschichten ergänzt, 22 warten
2026-10-08 01:06:00,152 INFO S6 aussortiert (prio_1): Wie die Abgänge von Stiller und Yildiz das Denken des FC Bayern veränd
2026-10-08 01:06:00,153 INFO S6 aussortiert (prio_1): FC Bayern trauert um früheren Co-Trainer – Ex-Heynckes-Assistent wurde
2026-10-08 01:06:00,153 INFO S6 aussortiert (prio_0): FC Bayern München live auf DAZN sehen: Diese Spiele des FCB zeigt der 
2026-10-08 01:06:00,153 INFO S6 aussortiert (prio_0): FC Augsburg - FC Bayern München Wett Tipp & Quoten 10.10.2026
2026-10-08 01:06:00,153 INFO S6 aussortiert (prio_0): FC Bayern Alzenau
2026-10-08 01:06:00,153 INFO S6 aussortiert (prio_0): Spielinfo | Besiktas JK - Bayern München : | 6. Spieltag | Euroleague 
2026-10-08 01:06:00,154 INFO S6 aussortiert (prio_0): Bayern München - Virtus Bologna
2026-10-08 01:06:00,154 INFO S6 aussortiert (prio_1): Was BVB-Fans wirklich über Bayern München denken – und warum die Antwo
2026-10-08 01:06:00,154 INFO S6 aussortiert (prio_0): Magdeburg-Präsident über Pokal-Duell gegen Bayern in München: "Wir hab
2026-10-08 01:06:00,154 INFO S6 aussortiert (prio_0): BVB-Missbrauchskomplex führt zu 29 Verfahren Was neue Zahlen belegen –
2026-10-08 01:06:00,155 INFO S6 aussortiert (doppelt): Niclas Füllkrug vor BVB-Rückkehr: Werder-Stürmer warnt Dortmund vor Fl
2026-10-08 01:06:00,155 INFO S6 aussortiert (prio_0): BVB eine Nummer zu groß für den BSV - Schouten glänzt bei Debüt
2026-10-08 01:06:00,155 INFO S6 aussortiert (prio_0): 5. Spieltag: Borussia Dortmund - SV Werder Bremen - Borussia Dortmund 
2026-10-08 01:06:00,155 INFO S6 aussortiert (prio_1): BVB plant Quartalszahlen: Was das für die BVB-Aktie bedeutet
2026-10-08 01:06:00,156 INFO S6 aussortiert (prio_0): 1. FSV Mainz 05 - Bayer 04 Leverkusen Wett Tipp & Quoten 10.10.2026
2026-10-08 01:06:00,156 INFO S6 aussortiert (prio_0): RB Leipzig - Eintracht Frankfurt Wett Tipp & Quoten 10.10.2026
2026-10-08 01:06:00,156 INFO S6 aussortiert (prio_0): Größtes Marktwert-Plus in einem Jahr: Diomande vor Olise – Salah & Lam
2026-10-08 01:06:00,156 INFO S6 aussortiert (prio_0): SC Paderborn 07 - VfB Stuttgart Wett Tipp & Quoten 10.10.2026
2026-10-08 01:06:00,157 INFO S6 aussortiert (prio_0): Eintracht Frankfurt: Diese Spiele der SGE zeigt DAZN live
2026-10-08 01:06:00,157 INFO S6 aussortiert (prio_0): Frankfurt vs PSV | Kaderlisten | UEFA Women’s Europa Cup 2026/27
2026-10-08 01:06:00,157 INFO S6 aussortiert (prio_1): Vom jungen Talent zum reifen Familienvater: So blickt Mario Götze auf 
2026-10-08 01:06:00,157 INFO S6 aussortiert (prio_0): Vichttal gegen Bergisch Gladbach: Die Entscheidung im Elfmeterschießen
2026-10-08 01:06:00,157 INFO S6 aussortiert (prio_0): Warum der Bürgermeister keine Sprechstunden gibt
2026-10-08 01:06:00,158 INFO S6 aussortiert (prio_0): Wohnpark Bensberg: So lebendig ist Nachbarschaft
2026-10-08 01:06:00,158 INFO S6 aussortiert (prio_1): Vom letzten Platz in die Champions League: Die irre Favre-Wende, die G
2026-10-08 01:06:00,158 INFO S6 aussortiert (prio_0): Bergisch Gladbach: Tagesbaustelle auf der A4 bei Moitzfeld heute, am 0
2026-10-08 01:06:00,158 INFO S6 aussortiert (prio_0): Eröffnung mit zwei ersten Torschützen
2026-10-08 01:06:00,158 INFO S6 aussortiert (prio_1): SC Freiburg blickt auf fünf Jahre Europa-Park Stadion zurück
2026-10-08 01:06:00,158 INFO S6 aussortiert (prio_0): TSG 1899 Hoffenheim - Hamburger SV Wett Tipp & Quoten 10.10.2026
2026-10-08 01:06:00,159 INFO S6 aussortiert (prio_0): Ein Tag Mit Innenminister Roman Poseck – Reportage – Sicherheits-Chef 
2026-10-08 01:06:00,159 INFO S6 aussortiert (prio_0): Vermisste 13-Jährige in Mainz: Polizei bittet um Hilfe
2026-10-08 01:06:00,159 INFO S6 aussortiert (prio_0): Kritik an Show-Elementen und Geldmacherei: Mainz-Trainer Urs Fischer z
2026-10-08 01:06:00,159 INFO S6 aussortiert (prio_0): 1. FC Union Berlin
2026-10-08 01:06:00,159 INFO S6 aussortiert (prio_0): 5. Spieltag: 1.FC Union Berlin - SV 07 Elversberg - SV Elversberg - Fo
2026-10-08 01:06:00,160 INFO S6 aussortiert (prio_0): Werder Bremen live: Diese Spiele der Bremer zeigt DAZN live | DAZN New
2026-10-08 01:06:00,160 INFO S6 aussortiert (doppelt): Niclas Füllkrug vor Duell gegen Ex-Klub BVB: "Ich freue mich natürlich
2026-10-08 01:06:00,160 INFO S6 aussortiert (prio_0): SG ASK/HSV Klagenfurt (-2025)
2026-10-08 01:06:00,160 INFO S6 aussortiert (prio_1): Der ewige Stadion-Traum des 1. FC Köln: Präsident will ihn endlich erf
2026-10-08 01:06:00,160 INFO S6 aussortiert (prio_1): Umgang mit Kritik: Köln-Torwart Marvin Schwäbe spricht über den Druck 
2026-10-08 01:06:00,161 INFO S6 aussortiert (prio_0): FC Schalke 04
2026-10-08 01:06:00,161 INFO S6 aussortiert (prio_1): Farfan hatte zwei Hosenanzieher: Neue Fährmann-Anekdoten
2026-10-08 01:06:00,161 INFO S6 aussortiert (prio_1): Exklusiv: Ralf Fährmanns Kuchen-Gespräch mit Peter Knäbel
2026-10-08 01:06:02,401 INFO S7 kein Volltext (seite_zu_alt): Überraschung beim BVB: Schlotterbeck vor Comeback
2026-10-08 01:06:06,393 INFO S6.5 schon berichtet (Kovac klagt über Länderspielpause: „Definitiv): BVB: Rätsel um Schlotterbeck – aber nicht nur er ist fraglic
2026-10-08 01:06:07,160 INFO S7 schreiben (Prio 3, 1 Quellen): Schalke will Muslic langfristig bis 2030 binden
2026-10-08 01:06:16,208 INFO   Kandidat: Muslic über Bosnien: „Eines Tages kann ich mir das vorstelle
2026-10-08 01:06:17,161 INFO S7 kein Volltext (seite_zu_alt): FC Bayern überzeugt beim ersten Champions-League-Sieg der Sa
2026-10-08 01:06:17,161 INFO S7 zu wenig Stoff (0 Wörter aus 0 Quellen, Versuch 1/3): FC Bayern überzeugt beim ersten Champions-League-Sieg der Sa
2026-10-08 01:06:17,556 WARNING discarding data: None
2026-10-08 01:06:17,557 INFO S7 kein Volltext (trafilatura_returned_empty): Laimer schon da, Kane fehlt noch: So sieht es mit der Rückke
2026-10-08 01:06:17,558 INFO S7 zu wenig Stoff (0 Wörter aus 0 Quellen, Versuch 3/3): Laimer schon da, Kane fehlt noch: So sieht es mit der Rückke
2026-10-08 01:06:17,885 INFO S7 kein Volltext (too_short_15_words): BVB-Aktie im Blick: Comeback von Kapitän Can weiter offen
2026-10-08 01:06:17,885 INFO S7 zu wenig Stoff (0 Wörter aus 0 Quellen, Versuch 1/3): BVB-Aktie im Blick: Comeback von Kapitän Can weiter offen
2026-10-08 01:06:22,870 INFO S7 schreiben (Prio 2, 2 Quellen): Michael Olise in die Weltklasse gebracht? Vincent Kompany we
2026-10-08 01:06:29,129 INFO   Kandidat: Kompany über Olise: „Spieler zum Weltspieler machen, das ist
2026-10-08 01:06:29,386 WARNING discarding data: None
2026-10-08 01:06:29,386 INFO S7 kein Volltext (trafilatura_returned_empty): Keine Gedanken an die Zukunft: Werder-Profi Mitchell Weiser 
2026-10-08 01:06:29,795 ERROR lxml parsing failed: Document is empty
2026-10-08 01:06:29,795 ERROR lxml parser bytestring Document is empty
2026-10-08 01:06:29,796 ERROR lxml parsing failed: Document is empty
2026-10-08 01:06:29,796 ERROR lxml parser bytestring Document is empty
2026-10-08 01:06:29,796 ERROR empty HTML tree: None
2026-10-08 01:06:29,796 WARNING discarding data: None
2026-10-08 01:06:29,797 INFO S7 kein Volltext (trafilatura_returned_empty): Weiser entwickelte „fast eine Psychose“ – Keine Gedanken übe
2026-10-08 01:06:29,797 INFO S7 zu wenig Stoff (0 Wörter aus 0 Quellen, Versuch 3/3): Weiser entwickelte „fast eine Psychose“ – Keine Gedanken übe
2026-10-08 01:06:30,175 WARNING discarding data: None
2026-10-08 01:06:30,176 INFO S7 kein Volltext (trafilatura_returned_empty): 150 Millionen Euro für Yıldız – Mega-Transfer am Horizont
2026-10-08 01:06:31,038 INFO S7 kein Volltext (likely_paywall): Bayern ließ ihn einst ablösefrei ziehen – jetzt lockt ein mö
2026-10-08 01:06:31,038 INFO S7 zu wenig Stoff (0 Wörter aus 0 Quellen, Versuch 3/3): Bayern ließ ihn einst ablösefrei ziehen – jetzt lockt ein mö
2026-10-08 01:06:31,402 INFO S7 kein Volltext (too_short_15_words): Niclas Füllkrug vor West-Ham-Abschied: Venezia-Transfer gepl
2026-10-08 01:06:31,403 INFO S7 zu wenig Stoff (0 Wörter aus 0 Quellen, Versuch 1/3): Niclas Füllkrug vor West-Ham-Abschied: Venezia-Transfer gepl
2026-10-08 01:06:32,544 INFO S7 kein Volltext (seite_zu_alt): Bayern-Aufstellung heute gegen Bodö/Glimt: Kompany überrasch
2026-10-08 01:06:32,544 INFO S7 zu wenig Stoff (0 Wörter aus 0 Quellen, Versuch 1/3): Bayern-Aufstellung heute gegen Bodö/Glimt: Kompany überrasch
2026-10-08 01:06:32,785 WARNING discarding data: None
2026-10-08 01:06:32,785 INFO S7 kein Volltext (trafilatura_returned_empty): Torwart-Pläne: Neuer und Ulreich sind die ersten Ansprechpar
2026-10-08 01:06:32,786 INFO S7 zu wenig Stoff (0 Wörter aus 0 Quellen, Versuch 1/3): Torwart-Pläne: Neuer und Ulreich sind die ersten Ansprechpar
2026-10-08 01:06:33,013 WARNING discarding data: None
2026-10-08 01:06:33,013 INFO S7 kein Volltext (trafilatura_returned_empty): Vor dem Rhein-Derby: Gladbach-Chef Rainer Bonhof erklärt die
2026-10-08 01:06:33,014 INFO S7 zu wenig Stoff (0 Wörter aus 0 Quellen, Versuch 1/3): Vor dem Rhein-Derby: Gladbach-Chef Rainer Bonhof erklärt die
2026-10-08 01:06:33,258 INFO S7 kein Volltext (likely_paywall): Wie viele Tore Vasiljevic machen soll - Der HSV und sein „eu
2026-10-08 01:06:33,258 INFO S7 zu wenig Stoff (0 Wörter aus 0 Quellen, Versuch 3/3): Wie viele Tore Vasiljevic machen soll - Der HSV und sein „eu
2026-10-08 01:06:33,529 WARNING discarding data: None
2026-10-08 01:06:33,530 INFO S7 kein Volltext (trafilatura_returned_empty): BVB trifft auf Werder: Maximilian Beier zeigt sich ziemlich 
2026-10-08 01:06:33,530 INFO S7 zu wenig Stoff (0 Wörter aus 0 Quellen, Versuch 1/3): BVB trifft auf Werder: Maximilian Beier zeigt sich ziemlich 
2026-10-08 01:06:34,347 INFO S7 kein Volltext (too_short_56_words): Neuer Dämpfer bei Paderborns Klaas
2026-10-08 01:06:34,347 INFO S7 zu wenig Stoff (0 Wörter aus 0 Quellen, Versuch 3/3): Neuer Dämpfer bei Paderborns Klaas
2026-10-08 01:06:34,616 WARNING discarding data: None
2026-10-08 01:06:34,617 INFO S7 kein Volltext (trafilatura_returned_empty): Jarell Quansah könnte Bayer 2027 verlassen: Real Madrid und 
2026-10-08 01:06:34,617 INFO S7 zu wenig Stoff (0 Wörter aus 0 Quellen, Versuch 1/3): Jarell Quansah könnte Bayer 2027 verlassen: Real Madrid und 
2026-10-08 01:06:35,597 INFO S7 schreiben (Prio 2, 1 Quellen): Werder: Regeer erklärt Traumstart
2026-10-08 01:06:43,907 INFO   Kandidat: Werder: Regeer erklärt seine schnelle Anpassung mit den Mits
2026-10-08 01:06:46,832 INFO S7 schreiben (Prio 2, 1 Quellen): Der FC Bayern und alle Top-Klubs jagen Wunderkind – ein Prob
2026-10-08 01:06:54,090 INFO S7.6 doppelt (Kompany über Olise: „Spieler zum Weltspieler mache): Bayern buhlt um United-Talent JJ Gabriel, Handgeld
2026-10-08 01:06:55,040 INFO S7 kein Volltext (seite_zu_alt): Bundesliga setzt Klassiker zwischen Bayern und BVB zeitgenau
2026-10-08 01:06:55,040 INFO S7 zu wenig Stoff (0 Wörter aus 0 Quellen, Versuch 1/3): Bundesliga setzt Klassiker zwischen Bayern und BVB zeitgenau
2026-10-08 01:06:57,938 INFO S7 schreiben (Prio 2, 1 Quellen): FC Bayern wohl an 16-jährigem England-Juwel dran – doch irre
2026-10-08 01:07:07,232 INFO S7.6 doppelt (Bayern buhlt um Manchester-Talent JJ Gabriel): FC Bayern beobachtet 16-jähriges United-Talent JJ 
2026-10-08 01:07:07,495 WARNING discarding data: None
2026-10-08 01:07:07,496 INFO S7 kein Volltext (trafilatura_returned_empty): Beier freut sich auf das Derby gegen Schalke: "Habe einfach 
2026-10-08 01:07:07,496 INFO S7 zu wenig Stoff (0 Wörter aus 0 Quellen, Versuch 1/3): Beier freut sich auf das Derby gegen Schalke: "Habe einfach 
2026-10-08 01:07:07,746 WARNING discarding data: None
2026-10-08 01:07:07,747 INFO S7 kein Volltext (trafilatura_returned_empty): Frankfurt-Legende entscheidet und legt seine Zukunft fest
2026-10-08 01:07:07,747 INFO S7 zu wenig Stoff (0 Wörter aus 0 Quellen, Versuch 1/3): Frankfurt-Legende entscheidet und legt seine Zukunft fest
2026-10-08 01:07:08,408 INFO S7 schreiben (Prio 2, 1 Quellen): RB Leipzigs Rückkehrer Nkunku: Darum hat es bei Chelsea und 
2026-10-08 01:07:16,523 INFO   Kandidat: Nkunku über Chelsea und Milan: „Danach habe ich meine Rolle 
2026-10-08 01:07:21,827 INFO S7 schreiben (Prio 2, 1 Quellen): „Werden Dich sehr vermissen, mein Bruder“: Katic mit emotion
2026-10-08 01:07:29,410 INFO   Kandidat: Katic verabschiedet Dzeko: „Werden Dich sehr vermissen, mein
2026-10-08 01:07:30,102 INFO S7 schreiben (Prio 2, 1 Quellen): Heißer Herbst: Books BVB-Kader steht vor seiner Titeltraum-P
2026-10-08 01:07:33,423 INFO S7 verworfen (zu_wenig_stoff): Heißer Herbst: Books BVB-Kader steht vor seiner Titeltraum-P
2026-10-08 01:07:33,668 WARNING discarding data: None
2026-10-08 01:07:33,669 INFO S7 kein Volltext (trafilatura_returned_empty): "Alles, was kommt, kommt": Köln-Torwart Marvin Schwäbe lässt
2026-10-08 01:07:33,669 INFO S7 zu wenig Stoff (0 Wörter aus 0 Quellen, Versuch 1/3): "Alles, was kommt, kommt": Köln-Torwart Marvin Schwäbe lässt
2026-10-08 01:07:34,377 INFO S7 kein Volltext (seite_zu_alt): Schalke-Spieltage 5 bis 11 zeitgenau angesetzt: S04 spielt v
2026-10-08 01:07:34,377 INFO S7 zu wenig Stoff (0 Wörter aus 0 Quellen, Versuch 1/3): Schalke-Spieltage 5 bis 11 zeitgenau angesetzt: S04 spielt v
2026-10-08 01:07:34,603 WARNING discarding data: None
2026-10-08 01:07:34,604 INFO S7 kein Volltext (trafilatura_returned_empty): "Ich würde sagen, sehr viel Spaß": Mario Götze schwärmt von 
2026-10-08 01:07:34,604 INFO S7 zu wenig Stoff (0 Wörter aus 0 Quellen, Versuch 1/3): "Ich würde sagen, sehr viel Spaß": Mario Götze schwärmt von 
2026-10-08 01:07:34,891 WARNING discarding data: None
2026-10-08 01:07:34,892 INFO S7 kein Volltext (trafilatura_returned_empty): Bayern Munichi interesohet për Bernd Leno
2026-10-08 01:07:34,892 INFO S7 zu wenig Stoff (0 Wörter aus 0 Quellen, Versuch 1/3): Bayern Munichi interesohet për Bernd Leno
2026-10-08 01:07:35,180 WARNING discarding data: None
2026-10-08 01:07:35,181 INFO S7 kein Volltext (trafilatura_returned_empty): Zwischen Lob und Selbstkritik: Kölns Torwart Marvin Schwäbe 
2026-10-08 01:07:35,182 INFO S7 zu wenig Stoff (0 Wörter aus 0 Quellen, Versuch 1/3): Zwischen Lob und Selbstkritik: Kölns Torwart Marvin Schwäbe 
2026-10-08 01:07:37,731 INFO S7 schreiben (Prio 2, 1 Quellen): Schwacher Diaz-Start: So denken die Bayern-Bosse über Ersatz
2026-10-08 01:07:48,845 INFO S7.6 doppelt (FC Bayern sucht Backup für Luis Díaz – noch kein K): Bayern prüft Diaz-Backup: Winterneuzugang nur bei 
2026-10-08 01:07:49,319 ERROR lxml parsing failed: Document is empty
2026-10-08 01:07:49,319 ERROR lxml parser bytestring Document is empty
2026-10-08 01:07:49,320 ERROR lxml parsing failed: Document is empty
2026-10-08 01:07:49,320 ERROR lxml parser bytestring Document is empty
2026-10-08 01:07:49,320 ERROR empty HTML tree: None
2026-10-08 01:07:49,320 WARNING discarding data: None
2026-10-08 01:07:49,321 INFO S7 kein Volltext (trafilatura_returned_empty): Mehr als nur ein Edeljoker? Krattenmacher stellt Wagner vor 
2026-10-08 01:07:49,321 INFO S7 zu wenig Stoff (0 Wörter aus 0 Quellen, Versuch 1/3): Mehr als nur ein Edeljoker? Krattenmacher stellt Wagner vor 
2026-10-08 01:07:50,216 INFO S7 kein Volltext (low_unique_content_ratio): „Dein Körper ist wie ein Auto“: Werder-Profi Regeer seinen T
2026-10-08 01:07:50,216 INFO S7 zu wenig Stoff (0 Wörter aus 0 Quellen, Versuch 3/3): „Dein Körper ist wie ein Auto“: Werder-Profi Regeer seinen T
2026-10-08 01:07:50,456 WARNING discarding data: None
2026-10-08 01:07:50,457 INFO S7 kein Volltext (trafilatura_returned_empty): Wie schwer wiegen die Ausfälle von Dallinga und Ache? So bew
2026-10-08 01:07:50,457 INFO S7 zu wenig Stoff (0 Wörter aus 0 Quellen, Versuch 3/3): Wie schwer wiegen die Ausfälle von Dallinga und Ache? So bew
2026-10-08 01:07:50,694 WARNING discarding data: None
2026-10-08 01:07:50,695 INFO S7 kein Volltext (trafilatura_returned_empty): Kovac über Werders 0:7-Pleite gegen Twente: "Ich bewerte das
2026-10-08 01:07:50,695 INFO S7 zu wenig Stoff (0 Wörter aus 0 Quellen, Versuch 3/3): Kovac über Werders 0:7-Pleite gegen Twente: "Ich bewerte das
2026-10-08 01:07:51,293 INFO S7 schreiben (Prio 2, 1 Quellen): Transfercoup bei Jahrhunderttalent? BVB bekommt prominenten 
2026-10-08 01:08:02,221 INFO   Kandidat: Liverpool soll 45 Millionen für BVB-Ziel Gilberto Mora plane
2026-10-08 01:08:04,808 INFO S7 schreiben (Prio 2, 1 Quellen): Bayern München jagt Ex-WAC-Kicker
2026-10-08 01:08:14,801 INFO S7.6 doppelt (Bayern soll Leeds-Verteidiger Muharemovic im Visie): Bayern soll Leeds-Verteidiger Muharemovic auf dem 
2026-10-08 01:08:15,063 WARNING discarding data: None
2026-10-08 01:08:15,064 INFO S7 kein Volltext (trafilatura_returned_empty): "Keineswegs schlecht": So ordnet Keeper Marvin Schwäbe den S
2026-10-08 01:08:15,064 INFO S7 zu wenig Stoff (0 Wörter aus 0 Quellen, Versuch 3/3): "Keineswegs schlecht": So ordnet Keeper Marvin Schwäbe den S
2026-10-08 01:08:15,291 WARNING discarding data: None
2026-10-08 01:08:15,292 INFO S7 kein Volltext (trafilatura_returned_empty): "Wir wollen unbedingt drei Punkte holen": Mittelstädt brennt
2026-10-08 01:08:15,292 INFO S7 zu wenig Stoff (0 Wörter aus 0 Quellen, Versuch 3/3): "Wir wollen unbedingt drei Punkte holen": Mittelstädt brennt
2026-10-08 01:08:16,487 INFO S7 kein Volltext (too_short_11_words): Fußball - Alexander Blessin soll bei Gladbach die Wende einl
2026-10-08 01:08:16,488 INFO S7 zu wenig Stoff (0 Wörter aus 0 Quellen, Versuch 3/3): Fußball - Alexander Blessin soll bei Gladbach die Wende einl
2026-10-08 01:08:17,706 INFO S7 kein Volltext (likely_paywall): Krösches Stil bei der Eintracht: „Demokratische Diktatur“
2026-10-08 01:08:17,706 INFO S7 zu wenig Stoff (0 Wörter aus 0 Quellen, Versuch 3/3): Krösches Stil bei der Eintracht: „Demokratische Diktatur“
2026-10-08 01:08:18,111 ERROR lxml parsing failed: Document is empty
2026-10-08 01:08:18,111 ERROR lxml parser bytestring Document is empty
2026-10-08 01:08:18,111 ERROR lxml parsing failed: Document is empty
2026-10-08 01:08:18,111 ERROR lxml parser bytestring Document is empty
2026-10-08 01:08:18,111 ERROR empty HTML tree: None
2026-10-08 01:08:18,111 WARNING discarding data: None
2026-10-08 01:08:18,112 INFO S7 kein Volltext (trafilatura_returned_empty): Gejagter statt Jäger? Kovac: "Genießen im Moment die Positio
2026-10-08 01:08:18,112 INFO S7 zu wenig Stoff (0 Wörter aus 0 Quellen, Versuch 1/3): Gejagter statt Jäger? Kovac: "Genießen im Moment die Positio
2026-10-08 01:08:18,522 INFO S7 kein Volltext (seite_zu_alt): Extra-Schichten gegen die Zweifler: Kimmich und die Gefahr i
2026-10-08 01:08:18,523 INFO S7 zu wenig Stoff (0 Wörter aus 0 Quellen, Versuch 1/3): Extra-Schichten gegen die Zweifler: Kimmich und die Gefahr i
2026-10-08 01:08:19,557 INFO S7 kein Volltext (too_short_39_words): BVB vor Werder Bremen: Jetzt zeigt sich, ob die neuen Transf
2026-10-08 01:08:19,557 INFO S7 zu wenig Stoff (0 Wörter aus 0 Quellen, Versuch 1/3): BVB vor Werder Bremen: Jetzt zeigt sich, ob die neuen Transf
2026-10-08 01:08:20,755 INFO S7 kein Volltext (likely_paywall): Eintracht Frankfurt: Wie der Bundesligist mit seinen Nationa
2026-10-08 01:08:20,755 INFO S7 zu wenig Stoff (0 Wörter aus 0 Quellen, Versuch 3/3): Eintracht Frankfurt: Wie der Bundesligist mit seinen Nationa
2026-10-08 01:08:21,003 WARNING discarding data: None
2026-10-08 01:08:21,004 INFO S7 kein Volltext (trafilatura_returned_empty): Mega-Plan für 2027 – Gigant will Olise und Haaland
2026-10-08 01:08:21,004 INFO S7 zu wenig Stoff (0 Wörter aus 0 Quellen, Versuch 3/3): Mega-Plan für 2027 – Gigant will Olise und Haaland
2026-10-08 01:08:21,835 INFO S7 kein Volltext (too_short_23_words): „Das wäre für Gladbach eine Hiobsbotschaft“
2026-10-08 01:08:21,835 INFO S7 zu wenig Stoff (0 Wörter aus 0 Quellen, Versuch 3/3): „Das wäre für Gladbach eine Hiobsbotschaft“
2026-10-08 01:08:22,749 INFO S7 kein Volltext (likely_paywall): „Zusammenarbeit macht sehr viel Spaß“: Eintracht-Boss Krösch
2026-10-08 01:08:22,749 INFO S7 zu wenig Stoff (0 Wörter aus 0 Quellen, Versuch 3/3): „Zusammenarbeit macht sehr viel Spaß“: Eintracht-Boss Krösch
2026-10-08 01:08:23,102 INFO S7 kein Volltext (too_short_15_words): Henning Matriciani über unfreiwilligen Abschied vom FC Schal
2026-10-08 01:08:23,103 INFO S7 zu wenig Stoff (0 Wörter aus 0 Quellen, Versuch 3/3): Henning Matriciani über unfreiwilligen Abschied vom FC Schal
2026-10-08 01:08:23,739 INFO S7 kein Volltext (seite_zu_alt): Big Match Preview: Borussia Dortmund vs. Werder Bremen
2026-10-08 01:08:23,739 INFO S7 zu wenig Stoff (0 Wörter aus 0 Quellen, Versuch 3/3): Big Match Preview: Borussia Dortmund vs. Werder Bremen
2026-10-08 01:08:24,688 INFO S7 kein Volltext (likely_paywall): Kniffliges Aufstellungspuzzle: Plötzlich hat Eintracht-Train
2026-10-08 01:08:24,688 INFO S7 zu wenig Stoff (0 Wörter aus 0 Quellen, Versuch 3/3): Kniffliges Aufstellungspuzzle: Plötzlich hat Eintracht-Train
2026-10-08 01:08:25,068 INFO S7 kein Volltext (seite_zu_alt): Kanes große Jubiläumsshow: "Der beste englische Spieler jema
2026-10-08 01:08:25,068 INFO S7 zu wenig Stoff (0 Wörter aus 0 Quellen, Versuch 3/3): Kanes große Jubiläumsshow: "Der beste englische Spieler jema
2026-10-08 01:08:25,804 INFO S7 kein Volltext (seite_zu_alt): Gladbach draw with St. Pauli in international break friendly
2026-10-08 01:08:25,804 INFO S7 zu wenig Stoff (0 Wörter aus 0 Quellen, Versuch 3/3): Gladbach draw with St. Pauli in international break friendly
2026-10-08 01:08:26,190 ERROR lxml parsing failed: Document is empty
2026-10-08 01:08:26,190 ERROR lxml parser bytestring Document is empty
2026-10-08 01:08:26,190 ERROR lxml parsing failed: Document is empty
2026-10-08 01:08:26,190 ERROR lxml parser bytestring Document is empty
2026-10-08 01:08:26,190 ERROR empty HTML tree: None
2026-10-08 01:08:26,190 WARNING discarding data: None
2026-10-08 01:08:26,191 INFO S7 kein Volltext (trafilatura_returned_empty): Kein Kownacki 2.0: Alvero hat bei Werder „weiterhin die Gele
2026-10-08 01:08:26,191 INFO S7 zu wenig Stoff (0 Wörter aus 0 Quellen, Versuch 1/3): Kein Kownacki 2.0: Alvero hat bei Werder „weiterhin die Gele
2026-10-08 01:08:27,370 INFO S7 kein Volltext (likely_paywall): Eintracht: Bloß kein Negativlauf
2026-10-08 01:08:27,370 INFO S7 zu wenig Stoff (0 Wörter aus 0 Quellen, Versuch 2/3): Eintracht: Bloß kein Negativlauf
2026-10-08 01:08:27,383 INFO FinalCheck SKIP: schalke/{'miron muslic'} stage=vertrag bereits in Archiv
2026-10-08 01:08:27,399 INFO FinalCheck SKIP: dortmund/{'gilberto mora', 'raúl jiménez'} stage=geruecht bereits in Archiv
2026-10-08 01:08:27,400 INFO S9.5 FinalCheck: 4/6 durch
2026-10-08 01:08:28,561 INFO Veröffentlicht: Kompany über Olise: „Spieler zum Weltspieler machen, das ist
2026-10-08 01:08:28,675 INFO Veröffentlicht: Werder: Regeer erklärt seine schnelle Anpassung mit den Mits
2026-10-08 01:08:28,789 INFO Veröffentlicht: Nkunku über Chelsea und Milan: „Danach habe ich meine Rolle 
2026-10-08 01:08:28,901 INFO Veröffentlicht: Katic verabschiedet Dzeko: „Werden Dich sehr vermissen, mein
2026-10-08 01:08:28,945 INFO Reddit: Keine Credentials – übersprungen
2026-10-08 01:08:28,945 INFO Reddit: Keine Credentials – übersprungen
2026-10-08 01:08:28,946 INFO Reddit: Keine Credentials – übersprungen
2026-10-08 01:08:28,946 INFO Reddit: Keine Credentials – übersprungen
2026-10-08 01:08:28,947 INFO 💶 Kosten: dieser Lauf 0.000 $ (Budget 0.063 $) | heute 0.00 $ | Monat 0.72 / 23 $ | konferenz (abo) 1× 0.000 $, dublette (abo) 13× 0.000 $, schreiben (abo) 11× 0.000 $
2026-10-08 01:08:28,947 INFO 🎫 Abo-Verbrauch: 93,954 Tokens rein (davon Cache gelesen 12,750), 25,964 raus, API-Gegenwert 0.50 $ | konferenz 1×: 7,510/13,961, dublette 13×: 15,940/74, schreiben 11×: 70,504/11,929
2026-10-08 01:08:29,003 INFO Feeds: 60/60 begonnen, nächster Lauf startet bei Nr. 0
2026-10-08 01:08:29,003 INFO URL-Cache gespeichert: 27574 URLs
2026-10-08 01:08:29,004 INFO === Fertig. 4 neue Artikel. feed.json: 1470 ===
2026-10-08 01:08:29,004 INFO Stats: {"ts": "20261008_0101", "ingested": 154, "s2_pre_filter": 36, "s3_relevance": 28, "s4_dedup_early": 0, "gesammelt": 90, "geschichten_neu": 75, "s5_archiv_doppelt": 1, "s5_zusammengefuehrt": 2, "s6_aussortiert": 42, "s7_geschrieben": 11, "s7_verworfen": 6, "s5_fulltext_fail": 43, "s8_qa_rejected": 2, "published": 4, "s5_ohne_bezug": 2, "s5_randthema": 7, "kosten": {"lauf_usd": 0.0, "lauf_budget_usd": 0.0629, "heute_usd": 0.0, "monat_usd": 0.7196, "monatsbudget_usd": 23.0, "aufrufe": {"konferenz (abo)": {"anzahl": 1, "usd": 0.0}, "dublette (abo)": {"anzahl": 13, "usd": 0.0}, "schreiben (abo)": {"anzahl": 11, "usd": 0.0}}, "guthaben_leer": false, "abo": true, "abo_tokens": {"konferenz": {"aufrufe": 1, "ein": 10, "cache_schreiben": 7500, "cache_lesen": 0, "aus": 13961, "api_wert_usd": 0.0848}, "dublette": {"aufrufe": 13, "ein": 26, "cache_schreiben": 15914, "cache_lesen": 0, "aus": 74, "api_wert_usd": 0.0645}, "schreiben": {"aufrufe": 11, "ein": 22, "cache_schreiben": 57732, "cache_lesen": 12750, "aus": 11929, "api_wert_usd": 0.3529}}}}
