2026-10-10 18:01:13,124 INFO 💶 Budget: dieser Lauf 0.107 $ | heute 0.00 $ | Monat 0.72 / 23 $
2026-10-10 18:01:13,504 INFO URL-Cache geladen: 33813 bekannte URLs (letzte 30 Tage)
2026-10-10 18:01:13,504 INFO === Ligaoutsider Generator startet – max. 50 Artikel ===
2026-10-10 18:01:13,504 INFO Feed: https://newsfeed.kicker.de/news/bundesliga
2026-10-10 18:01:13,802 INFO Feed: https://www.sportschau.de/fussball/bundesliga/index~rss2.xml
2026-10-10 18:01:14,350 INFO S2 blacklist: Neuer kassiert schnellstes Tor der Bundesliga-Geschichte
2026-10-10 18:01:14,352 INFO S2 Liveticker übersprungen: Ab 18.30 Uhr live - RB Leipzig empfängt Hütters Frankfurter
2026-10-10 18:01:14,352 INFO Feed: https://sportbild.bild.de/feed/sportbild-home.xml
2026-10-10 18:01:14,887 INFO BL-Spielerliste geladen: 1002 Namen
2026-10-10 18:01:14,903 INFO S3 keyword miss: Ihr Lewis wird Dritter beim Qualifying - Kim Kardashian mit 
2026-10-10 18:01:14,904 INFO Feed: https://www.bild.de/rss-feeds/rss-16725492,feed=fussball-mix.bild.html
2026-10-10 18:01:15,752 INFO S3 keyword miss: Geburtstags-Tor für Hansa - Baby-Jubel bei Breitenreiters Tr
2026-10-10 18:01:15,753 INFO S2 blacklist: 0:0 bei Fortuna Köln - FCS bleibt auswärts ungeschlagen
2026-10-10 18:01:15,753 INFO Feed: https://www.11freunde.de/feed
2026-10-10 18:01:16,779 INFO Feed: https://www.bundesliga.com/de/bundesliga/news.rss
2026-10-10 18:01:17,539 INFO Feed: https://news.google.com/rss/topics/CAAqJggKIiBDQkFTRWdvSUwyMHZNRFp1ZEdvU0FtUmxHZ0pFUlNnQVAB?hl=de&gl=DE&ceid=DE:de
2026-10-10 18:01:17,782 INFO S2 blacklist: Hannover 96 in Noten: Fünfmal die 5 und eine 6 – so schwach 
2026-10-10 18:01:17,846 INFO S3 keyword miss: Fußball: Cristiano Ronaldo offenbar vorläufig von Portugals 
2026-10-10 18:01:17,888 INFO S3 keyword miss: Seixas schreibt mit Sieg Geschichte: Franzose stürmt zum Tri
2026-10-10 18:01:18,028 INFO S3 keyword miss: Norris und Piastri: So reagieren die Fahrer auf den McLaren-
2026-10-10 18:01:18,066 INFO S3 keyword miss: Skipagötu-Nachfolger: THW-Manager Szilagyi äußert sich
2026-10-10 18:01:18,067 INFO Feed: https://news.google.com/rss/search?q=Bundesliga+Testspiel+Ergebnis&hl=de&gl=DE&ceid=DE:de
2026-10-10 18:01:18,546 INFO Feed: https://news.google.com/rss/search?q=Bundesliga+Vorbereitung+Sommertour&hl=de&gl=DE&ceid=DE:de
2026-10-10 18:01:18,837 INFO Feed: https://news.google.com/rss/search?q=Bundesliga+Verletzung+Ausfall+gesperrt&hl=de&gl=DE&ceid=DE:de
2026-10-10 18:01:19,192 INFO Feed: https://news.google.com/rss/search?q=Bundesliga+Transfer+Wechsel+verpflichtet&hl=de&gl=DE&ceid=DE:de
2026-10-10 18:01:19,600 INFO Feed: https://news.google.com/rss/search?q=Bundesliga+Gerücht+Interesse+Angebot&hl=de&gl=DE&ceid=DE:de
2026-10-10 18:01:20,063 INFO Feed: https://news.google.com/rss/search?q=Bundesliga+Vertrag+verlängert+ablösefrei&hl=de&gl=DE&ceid=DE:de
2026-10-10 18:01:20,404 INFO Feed: https://news.google.com/rss/search?q=%22FC+Bayern%22+OR+%22Bayern+M%C3%BCnchen%22+when%3A1d&hl=de&gl=DE&ceid=DE:de
2026-10-10 18:01:21,024 INFO S2 blacklist: Harry Kane verzweifelt und glänzt, Luis Diaz im kuriosen Dop
2026-10-10 18:01:21,044 INFO S2 blacklist: Vaterfreuden bei Laimer: Bayern-Profi fehlt in Augsburg
2026-10-10 18:01:21,044 INFO S2 blacklist: Spielereignisse | Bayern München - Jahn Regensburg 6:1 | 7. 
2026-10-10 18:01:21,047 INFO S2 Liveticker übersprungen: Liveticker
2026-10-10 18:01:21,047 INFO S2 Liveticker übersprungen: Liveticker - FC Augsburg : FC Bayern München
2026-10-10 18:01:21,047 INFO Feed: https://news.google.com/rss/search?q=BVB+OR+%22Borussia+Dortmund%22+when%3A1d&hl=de&gl=DE&ceid=DE:de
2026-10-10 18:01:21,585 INFO S2 blacklist: Schnelle Entscheidungen: Der BVB hat drei Prioritäten
2026-10-10 18:01:21,585 INFO S2 blacklist: Borussia Dortmund II - SG Wattenscheid 09: Dortmund II unbez
2026-10-10 18:01:21,587 INFO S2 blacklist: Spielereignisse | Wuppertaler SV - Borussia Dortmund 2:1 | 8
2026-10-10 18:01:21,587 INFO Feed: https://news.google.com/rss/search?q=%22Bayer+Leverkusen%22+OR+%22Bayer+04%22+when%3A1d&hl=de&gl=DE&ceid=DE:de
2026-10-10 18:01:22,163 INFO S3 keyword miss: Bayer jubelt bei Sieben-Tore-Spektakel
2026-10-10 18:01:22,166 INFO S2 blacklist: !$√[TV/Übertragung!]@! Bayer Leverkusen - FSV Mainz live im 
2026-10-10 18:01:22,167 INFO S2 blacklist: Bayer 04 Leverkusen vs. FSV Mainz 05 heute Tipp, Prognose & 
2026-10-10 18:01:22,169 INFO S2 blacklist: !$[IM[LIVE]~!! Bayer Leverkusen gegen FSV Mainz live im TV. 
2026-10-10 18:01:22,169 INFO S2 blacklist: &+%((üBertragung-TV)) Bayer Leverkusen gegen FSV Mainz live 
2026-10-10 18:01:22,170 INFO S2 blacklist: &+%((üBertragung-TV)) FSV Mainz - Bayer Leverkusen live sehe
2026-10-10 18:01:22,170 INFO S2 blacklist: !$[[RTE-LIVE]]]] Bayer 04 Leverkusen vs. FSV Mainz 05 heute 
2026-10-10 18:01:22,171 INFO S2 blacklist: !$√[TV/Übertragung!]@! Bayer Leverkusen gegen FSV Mainz heut
2026-10-10 18:01:22,171 INFO S2 blacklist: Bayer 04 Leverkusen FSV Mainz 05 heute Tipp, Prognose & Quot
2026-10-10 18:01:22,173 INFO S2 blacklist: !$[IM[LIVE]~!! FSV Mainz 05 Bayer 04 Leverkusen live im TV, 
2026-10-10 18:01:22,173 INFO S2 blacklist: ((LIVE ANSEHEN#)) Bayer Leverkusen vs. FSV Mainz live im Fre
2026-10-10 18:01:22,175 INFO Feed: https://news.google.com/rss/search?q=%22RB+Leipzig%22+when%3A1d&hl=de&gl=DE&ceid=DE:de
2026-10-10 18:01:22,655 INFO S2 Liveticker übersprungen: Bundesliga im Liveticker: RB Leipzig gegen Eintracht Frankfu
2026-10-10 18:01:22,655 INFO S2 blacklist: Spielereignisse | RB Leipzig - 1. FC Nürnberg 3:2 | 7. Spiel
2026-10-10 18:01:22,656 INFO S2 blacklist: 5. Spieltag: RB Leipzig - Eintracht Frankfurt - Eintracht Fr
2026-10-10 18:01:22,656 INFO S2 Liveticker übersprungen: Liveticker
2026-10-10 18:01:22,658 INFO S2 blacklist: ((LIVE ANSEHEN#)) Frankfurt gegen RB Leipzig heute übertragu
2026-10-10 18:01:22,659 INFO S2 blacklist: Spielereignisse | RB Leipzig - Energie Cottbus 5:1 | 8. Spie
2026-10-10 18:01:22,694 INFO S3 keyword miss: Salih Özcan: Bilanz gegen Gegenspieler, Trainer & Vereine
2026-10-10 18:01:22,709 INFO Feed: https://news.google.com/rss/search?q=%22VfB+Stuttgart%22+when%3A1d&hl=de&gl=DE&ceid=DE:de
2026-10-10 18:01:23,212 INFO S2 Liveticker übersprungen: Liveticker zum Nachlesen: Der SC Paderborn 07 spielt gegen d
2026-10-10 18:01:23,214 INFO S2 Liveticker übersprungen: Liveticker: Der SC Paderborn 07 spielt gegen den VfB Stuttga
2026-10-10 18:01:23,218 INFO S2 blacklist: Spielschema | SV Meppen - VfB Stuttgart II : | 8. Spieltag |
2026-10-10 18:01:23,221 INFO S2 blacklist: VfB Stuttgart - Rekord-Abgänge (Galerie)
2026-10-10 18:01:23,222 INFO S2 Liveticker übersprungen: Liveticker - SC Paderborn 07 : VfB Stuttgart
2026-10-10 18:01:23,222 INFO S2 blacklist: [Live-Übertragung] VfB Stuttgart II SV Meppen live im TV. Si
2026-10-10 18:01:23,223 INFO S2 blacklist: ~!$"LIVE~IM"!! SC Paderborn gegen VfB Stuttgart heute live i
2026-10-10 18:01:23,223 INFO S2 blacklist: !$[[RTE-LIVE]]]] VfB Stuttgart SC Paderborn heute im live Üb
2026-10-10 18:01:23,224 INFO S2 blacklist: &+%((üBertragung-TV)) VfB Stuttgart - SC Paderborn heute liv
2026-10-10 18:01:23,225 INFO S2 blacklist: %@~[¡STREAMEN] SC Paderborn - VfB Stuttgart heute live im Fr
2026-10-10 18:01:23,226 INFO S2 blacklist: &+%((üBertragung-TV)) SC Paderborn VfB Stuttgart heute live 
2026-10-10 18:01:23,241 INFO S2 blacklist: !$[IM[LIVE]~!! VfB Stuttgart - SC Paderborn direkte live im 
2026-10-10 18:01:23,243 INFO Feed: https://news.google.com/rss/search?q=%22Eintracht+Frankfurt%22+when%3A1d&hl=de&gl=DE&ceid=DE:de
2026-10-10 18:01:23,771 INFO S2 blacklist: Eintracht Frankfurt - RB Leipzig Tipp, Prognose & Quoten 10.
2026-10-10 18:01:23,809 INFO S3 keyword miss: Marko Rehmer: Bilanz gegen Gegenspieler, Trainer & Vereine
2026-10-10 18:01:23,810 INFO Feed: https://news.google.com/rss/search?q=Gladbach+OR+%22Borussia+M%C3%B6nchengladbach%22+when%3A1d&hl=de&gl=DE&ceid=DE:de
2026-10-10 18:01:24,382 INFO S2 blacklist: SV Bergisch Gladbach 09 - FC Schalke 04 II: Nach 0:1: Schalk
2026-10-10 18:01:24,383 INFO S2 blacklist: Video | SV Bergisch Gladbach 09 - FC Schalke 04 II 1:5 | 12.
2026-10-10 18:01:24,383 INFO S2 blacklist: SV Bergisch Gladbach 09 vs. FC Schalke 04 II | Regionalliga 
2026-10-10 18:01:24,388 INFO S2 blacklist: Schalke-U23 überrollt Bergisch Gladbach: S04-Talent überragt
2026-10-10 18:01:24,402 INFO S2 blacklist: Fußball-Vereine Frauen Freundschaftsspiele
2026-10-10 18:01:24,439 INFO S3 keyword miss: Pál Dárdai: Bilanz als Trainer & Spieler – Gegner, Trainerdu
2026-10-10 18:01:24,439 INFO Feed: https://news.google.com/rss/search?q=%22SC+Freiburg%22+when%3A1d&hl=de&gl=DE&ceid=DE:de
2026-10-10 18:01:24,853 INFO Feed: https://news.google.com/rss/search?q=Hoffenheim+when%3A1d&hl=de&gl=DE&ceid=DE:de
2026-10-10 18:01:25,367 INFO S2 Liveticker übersprungen: Hoffenheim – HSV im Liveticker: Härtetest für die Polzin-Elf
2026-10-10 18:01:25,368 INFO S2 Liveticker übersprungen: Liveticker Bundesliga: TSG 1899 Hoffenheim gegen HSV – Aufst
2026-10-10 18:01:25,390 INFO S2 Liveticker übersprungen: Liveticker
2026-10-10 18:01:25,393 INFO S2 blacklist: !$+[Übertragung]TV!] TSG Hoffenheim gegen Hamburger SV heute
2026-10-10 18:01:25,394 INFO S2 blacklist: !$[IM[LIVE]~!! MSV Duisburg TSG Hoffenheim II heute live im 
2026-10-10 18:01:25,395 INFO S2 blacklist: !@*+^+*[>!ＬＩＶＥ~IM>]+! MSV Duisburg gegen TSG Hoffenheim II h
2026-10-10 18:01:25,396 INFO S2 blacklist: @>!?+$[Fußball LIVE*!!] MSV Duisburg - TSG Hoffenheim II heu
2026-10-10 18:01:25,397 INFO S2 blacklist: %@~[¡STREAMEN] TSG Hoffenheim - Hamburger SV heute Im Livest
2026-10-10 18:01:25,397 INFO Feed: https://news.google.com/rss/search?q=%22Mainz+05%22+when%3A1d&hl=de&gl=DE&ceid=DE:de
2026-10-10 18:01:25,994 INFO S2 blacklist: Spielschema | FC-Astoria Walldorf - 1. FSV Mainz 05 II 1:1 |
2026-10-10 18:01:25,996 INFO S2 blacklist: !$[IM[LIVE]~!! Bayer 04 Leverkusen gegen FSV Mainz 05 live i
2026-10-10 18:01:25,997 INFO S2 Liveticker übersprungen: LIVE-TICKER Bundesliga der Fußball Meisterschaft
2026-10-10 18:01:25,998 INFO S2 blacklist: Fußball: Wieso läuft die Bundesliga heute im FREE-TV?
2026-10-10 18:01:26,000 INFO Feed: https://news.google.com/rss/search?q=%22FC+Augsburg%22+when%3A1d&hl=de&gl=DE&ceid=DE:de
2026-10-10 18:01:26,609 INFO S3 keyword miss: Livestream: Bundesliga-Konferenz am 5. Spieltag live sehen
2026-10-10 18:01:26,612 INFO Feed: https://news.google.com/rss/search?q=%22Union+Berlin%22+when%3A1d&hl=de&gl=DE&ceid=DE:de
2026-10-10 18:01:27,132 INFO S2 blacklist: Top Stats Round-up: Union Berlin 1-0 Elversberg
2026-10-10 18:01:27,134 INFO S2 blacklist: !$[[RTE-LIVE]]]] Union Berlin - Elversberg GRATIS im TV sehe
2026-10-10 18:01:27,137 INFO S2 blacklist: !$+[Übertragung]TV!] Elversberg - Union Berlin live im TV. S
2026-10-10 18:01:27,139 INFO S2 blacklist: !$+[Übertragung]TV!] Union Berlin - Elversberg live im Free-
2026-10-10 18:01:27,176 INFO S3 keyword miss: Santiago Ascacíbar: Bilanz gegen Gegenspieler, Trainer & Ver
2026-10-10 18:01:27,178 INFO S2 blacklist: 1. Bundesliga: Union feiert ersten Sieg – FCA und Bayern mit
2026-10-10 18:01:27,178 INFO Feed: https://news.google.com/rss/search?q=%22Werder+Bremen%22+when%3A1d&hl=de&gl=DE&ceid=DE:de
2026-10-10 18:01:27,736 INFO S3 keyword miss: «Un­fass­bar»: Füll­krug er­füllt be­son­de­ren Ge­burts­tag
2026-10-10 18:01:27,752 INFO S2 Liveticker übersprungen: Werder Bremen im Liveticker gegen den BVB: Die Aufstellungen
2026-10-10 18:01:27,753 INFO Feed: https://news.google.com/rss/search?q=HSV+OR+%22Hamburger+SV%22+when%3A1d&hl=de&gl=DE&ceid=DE:de
2026-10-10 18:01:28,266 INFO S2 Liveticker übersprungen: Hoffenheim – HSV im Liveticker: Härtetest für die Polzin-Elf
2026-10-10 18:01:28,271 INFO S2 Liveticker übersprungen: Liveticker - FSV Schöningen : Hamburger SV II
2026-10-10 18:01:28,271 INFO S2 Liveticker übersprungen: Liveticker
2026-10-10 18:01:28,271 INFO Feed: https://news.google.com/rss/search?q=%221.+FC+K%C3%B6ln%22+OR+%22FC+K%C3%B6ln%22+when%3A1d&hl=de&gl=DE&ceid=DE:de
2026-10-10 18:01:28,753 INFO S2 blacklist: Spielereignisse | SV Sandhausen - 1. FC Köln 0:5 | 8. Spielt
2026-10-10 18:01:28,789 INFO S3 keyword miss: Reinhold Yabo: Bilanz gegen Gegenspieler, Trainer & Vereine
2026-10-10 18:01:28,789 INFO Feed: https://news.google.com/rss/search?q=Schalke+when%3A1d&hl=de&gl=DE&ceid=DE:de
2026-10-10 18:01:29,276 INFO S2 blacklist: Fußball Bundesliga: Schalke gegen Werder - Übersicht über di
2026-10-10 18:01:29,279 INFO Feed: https://news.google.com/rss/search?q=Elversberg+when%3A1d&hl=de&gl=DE&ceid=DE:de
2026-10-10 18:01:29,737 INFO S2 Liveticker übersprungen: Liveticker
2026-10-10 18:01:29,739 INFO S2 blacklist: !$[IM[LIVE]~!! Union Berlin - Elversberg heute live im TV. S
2026-10-10 18:01:29,741 INFO S2 Liveticker übersprungen: Liveticker - 1.FC Union Berlin : SV 07 Elversberg
2026-10-10 18:01:29,741 INFO Feed: https://news.google.com/rss/search?q=%22SC+Paderborn%22+when%3A1d&hl=de&gl=DE&ceid=DE:de
2026-10-10 18:01:30,223 INFO S2 blacklist: Sportfreunde Lotte - SC Paderborn 07 U21: Lotte schlägt Pade
2026-10-10 18:01:30,224 INFO S2 blacklist: Video | Sportfreunde Lotte - SC Paderborn 07 II 1:0 | 12. Sp
2026-10-10 18:01:30,225 INFO S2 blacklist: Sportfreunde Lotte vs. SC Paderborn 07 II | Regionalliga Wes
2026-10-10 18:01:30,227 INFO S2 Liveticker übersprungen: Liveticker - Sportfreunde Lotte : SC Paderborn 07 II
2026-10-10 18:01:30,229 INFO S2 blacklist: (Kijk@/Live)* VfB Stuttgart gegen SC Paderborn live im TV un
2026-10-10 18:01:30,231 INFO Feed: https://www.transfermarkt.de/rss/news
2026-10-10 18:01:30,320 INFO Feed: https://www.waz.de/sport/fussball/rss
2026-10-10 18:01:30,733 INFO Feed: https://www.faz.net/rss/aktuell/sport/fussball/bundesliga/
2026-10-10 18:01:31,406 INFO Feed: https://bulinews.com/rss.xml
2026-10-10 18:01:31,893 INFO S2 blacklist: 2. Bundesliga: Osnabrück extend Dresden's winless run with l
2026-10-10 18:01:31,894 INFO Feed: https://www.abendblatt.de/sport/rss
2026-10-10 18:01:32,167 INFO Feed: https://www.merkur.de/sport/fc-bayern/rssfeed.rdf
2026-10-10 18:01:32,897 INFO Feed: https://www.eyefootball.com/rss_news_main.xml
2026-10-10 18:01:33,338 INFO Feed: https://www.ligaportal.at/international/deutsche-bundesliga?format=feed&type=rss
2026-10-10 18:01:35,862 INFO S2 blacklist: Muheim trifft spät bei TSG Hoffenheim: HSV holt Last-Minute-
2026-10-10 18:01:35,863 INFO S2 blacklist: Inklusive Andrich-Hammer: Bayer Leverkusen holt in Mainz ers
2026-10-10 18:01:35,864 INFO S2 blacklist: Befreiungsschlag gegen SV Elversberg: 1. FC Union Berlin fei
2026-10-10 18:01:35,865 INFO Feed: https://www.reddit.com/r/soccer/new.rss?limit=100
2026-10-10 18:01:37,334 INFO S3 keyword miss: Ipswich [1] - 1 Fulham - Abdoul Ouattara 88' (Great Goal)
2026-10-10 18:01:37,448 INFO S3 keyword miss: Sunderland 0 - [2] Brighton - Jaouen Hadjam 90+3'
2026-10-10 18:01:37,638 INFO S3 keyword miss: Post-Match Thread: Leicester City 1-3 Peterborough United | 
2026-10-10 18:01:37,673 INFO S3 keyword miss: Ipswich [2] - 1 Fulham - Dara O'Shea 90+2'
2026-10-10 18:01:37,714 INFO S3 keyword miss: Match Thread: Internazionale vs Parma | Serie A
2026-10-10 18:01:37,754 INFO S3 keyword miss: Manchester United's famous ticker banner — displaying the ye
2026-10-10 18:01:37,798 INFO S3 keyword miss: In the Allsvenskan, AIK and Brommapojkarna shared 11 goals i
2026-10-10 18:01:37,861 INFO S3 keyword miss: Aston Villa [2] - 1 Brentford - John McGinn 77'
2026-10-10 18:01:37,898 INFO S3 keyword miss: Chelsea [5] - 1 Bournemouth - J. Henderson 70'
2026-10-10 18:01:37,934 INFO S3 keyword miss: Chelsea [4] - 1 Bournemouth - João Pedro 67'
2026-10-10 18:01:37,970 INFO S3 keyword miss: Middlesborough [1] - 0 Wolves - Lankshear 57'
2026-10-10 18:01:38,007 INFO S3 keyword miss: Pascal Struijk (Brighton) straight red card against Sunderla
2026-10-10 18:01:38,045 INFO S3 keyword miss: Scenes at the end of Croatian Eternal Derby after playing th
2026-10-10 18:01:38,080 INFO S3 keyword miss: Blackburn 2-[1] Cardiff -Callum Robinson 53'
2026-10-10 18:01:38,117 INFO S3 keyword miss: Ipswich Town 0 - [1] Fulham - Ryan Sessegnon 55‎'‎
2026-10-10 18:01:38,153 INFO S3 keyword miss: Sunderland 0 - [1] Brighton - Maxime De Cuyper 53‎'‎
2026-10-10 18:01:38,188 INFO S3 keyword miss: Sheffield Utd 2-0 Lincoln - Tahith Chong 52'
2026-10-10 18:01:38,224 INFO S3 keyword miss: Chelsea 3 - [1] Bournemouth - Evanilson 51'
2026-10-10 18:01:38,259 INFO S3 keyword miss: Chelsea [3] - 0 Bournemouth - João Pedro 46'
2026-10-10 18:01:38,295 INFO S3 keyword miss: Rangers 3-0 Kilmarnock - Ryan Naderi 44'
2026-10-10 18:01:38,331 INFO S3 keyword miss: Bolton 0-1 Stoke - Lamine Cissé 45' +4
2026-10-10 18:01:38,366 INFO S3 keyword miss: Alaves 0 - [1] Atletico Madrid - Alejandro Grimaldo 33'
2026-10-10 18:01:38,402 INFO S3 keyword miss: Leicester 0 - [3] Peterborough - Warren O'Hara OG 44'
2026-10-10 18:01:38,439 INFO S3 keyword miss: Blackburn 2-0 Cardiff - Todd Cantwell 38'
2026-10-10 18:01:38,475 INFO S3 keyword miss: Leicester 0 - [2] Peterborough - Harry Leonard 36'
2026-10-10 18:01:38,511 INFO S3 keyword miss: Genoa 2-[1] Fiorentina - Johan Vasquez (OG) 73'
2026-10-10 18:01:38,546 INFO S3 keyword miss: Blackburn 1-0 Cardiff - Andri Guðjohnsen 28'
2026-10-10 18:01:38,581 INFO S3 keyword miss: Watford 0 - [3] Burnley - Hatate 25'
2026-10-10 18:01:38,582 INFO Feed: https://newsfeed.kicker.de/team/fc-bayern-muenchen
2026-10-10 18:01:38,757 INFO Feed: https://newsfeed.kicker.de/team/borussia-dortmund
2026-10-10 18:01:38,932 INFO Feed: https://newsfeed.kicker.de/team/rb-leipzig
2026-10-10 18:01:39,105 INFO Feed: https://newsfeed.kicker.de/team/bayer-04-leverkusen
2026-10-10 18:01:39,278 INFO Feed: https://newsfeed.kicker.de/team/vfb-stuttgart
2026-10-10 18:01:39,354 INFO Feed: https://newsfeed.kicker.de/team/eintracht-frankfurt
2026-10-10 18:01:39,528 INFO Feed: https://newsfeed.kicker.de/team/bor-moenchengladbach
2026-10-10 18:01:39,713 INFO Feed: https://newsfeed.kicker.de/team/sc-freiburg
2026-10-10 18:01:39,894 INFO Feed: https://newsfeed.kicker.de/team/tsg-hoffenheim
2026-10-10 18:01:40,076 INFO Feed: https://newsfeed.kicker.de/team/1-fsv-mainz-05
2026-10-10 18:01:40,274 INFO Feed: https://newsfeed.kicker.de/team/fc-augsburg
2026-10-10 18:01:40,453 INFO Feed: https://newsfeed.kicker.de/team/1-fc-union-berlin
2026-10-10 18:01:40,627 INFO Feed: https://newsfeed.kicker.de/team/werder-bremen
2026-10-10 18:01:40,811 INFO Feed: https://newsfeed.kicker.de/team/hamburger-sv
2026-10-10 18:01:40,984 INFO Feed: https://newsfeed.kicker.de/team/1-fc-koeln
2026-10-10 18:01:41,159 INFO Feed: https://newsfeed.kicker.de/team/fc-schalke-04
2026-10-10 18:01:41,348 INFO Feed: https://newsfeed.kicker.de/team/sv-elversberg
2026-10-10 18:01:41,542 INFO Feed: https://newsfeed.kicker.de/team/sc-paderborn-07
2026-10-10 18:01:41,731 INFO Feed: https://newsfeed.kicker.de/news/champions-league
2026-10-10 18:01:41,909 INFO Feed: ligainsider:themen
2026-10-10 18:02:08,576 INFO LigaInsider (Themenfinder): 176 Meldungen von 18 Vereinsseiten
2026-10-10 18:02:34,046 INFO Eingelesen: 257 Schlagzeilen nach den Gratis-Filtern
2026-10-10 18:02:35,382 INFO S5 schon berichtet (Neuer-Patzer: Augsburg trifft nach acht Sekun): Bayern rettet nach Neuer-Patzer einen Zähler - Bayer verspie
2026-10-10 18:02:35,384 INFO S5 Sammelartikel: Alle Spiele im Überblick - Last-Minute-Tor! HSV dreht spektakulär das 
2026-10-10 18:02:35,384 INFO S5 Sammelartikel: Alle Spiele im Überblick - HSV-Wahnsinn bei Hoffenheim!
2026-10-10 18:02:35,385 INFO S5 kein Bundesliga-Spieler oder -Klub erkennbar: Mandalika-Fluch gebrochen: Sprintsieger Marc Marquez neuer WM-Leader!
2026-10-10 18:02:35,386 INFO S5 kein Bundesliga-Spieler oder -Klub erkennbar: Wolff gibt nach Sprint-Quali zu: Neuer Mercedes "schwieriger zu fahren
2026-10-10 18:02:35,386 INFO S5 Sammelartikel: Bundesliga: Ticker – FC Bayern gerät beim FC Augsburg wieder in Rückst
2026-10-10 18:02:35,388 INFO S5 Fan-Wahl/Nachwuchs: Spielschema | Bayern München - Jahn Regensburg 6:1 | 7. Spieltag | U-1
2026-10-10 18:02:35,395 INFO S5 Sammelartikel: Der Bundesliga-Match Augsburg gegen Bayern live im Ticker
2026-10-10 18:02:35,395 INFO S5 Sammelartikel: Bundesliga: Ticker – Bayern atmet auf, Joker beschert Münchnern in Aug
2026-10-10 18:02:35,396 INFO S5 schon berichtet (Füllkrug rettet Werder spät einen Punkt in Do): Spektakuläres Finish: Werder Bremen entreißt BVB Sieg in let
2026-10-10 18:02:35,398 INFO S5 Fan-Wahl/Nachwuchs: Spielschema | 1. FC Saarbrücken - SV Elversberg 0:2 | 7. Spieltag | U-
2026-10-10 18:02:35,399 INFO S5 Fan-Wahl/Nachwuchs: Spielinfo | SC Paderborn 07 - Rot-Weiß Erfurt : | 8. Spieltag | U-17-D
2026-10-10 18:02:35,400 INFO S5 kein Bundesliga-Spieler oder -Klub erkennbar: Post Match Thread: Aston Villa 2-2 Brentford | Premier League
2026-10-10 18:02:35,400 INFO S5 kein Bundesliga-Spieler oder -Klub erkennbar: Post Match Thread: Sunderland 0-2 Brighton & Hove Albion | Premier Lea
2026-10-10 18:02:35,400 INFO S5 kein Bundesliga-Spieler oder -Klub erkennbar: Post Match Thread: Ipswich Town 2-1 Fulham | Premier League
2026-10-10 18:02:35,400 INFO S5 kein Bundesliga-Spieler oder -Klub erkennbar: Post Match Thread: Chelsea 5-1 AFC Bournemouth | Premier League
2026-10-10 18:02:35,400 INFO S5 kein Bundesliga-Spieler oder -Klub erkennbar: Aston Villa 2 - [2] Brentford - Kristoffer Ajer 79'
2026-10-10 18:02:35,401 INFO S5: 139 neue Geschichten, 2 schon berichtet, 0 zu wartenden Geschichten ergänzt, 22 warten
2026-10-10 18:05:42,754 INFO S6 aussortiert (doppelt): Historischer Neuer-Bock sorgt für Rekord - So kurz sind 8,4 Sekunden W
2026-10-10 18:05:42,754 INFO S6 aussortiert (doppelt): Krasser Bock  - Neuers schwarzer Samstag
2026-10-10 18:05:42,754 INFO S6 aussortiert (doppelt): Schnellster Treffer der Bundesliga-Geschichte - DAS 8-SEKUNDEN-TOR
2026-10-10 18:05:42,754 INFO S6 aussortiert (doppelt): Spektakel nach Rekordtor: Augsburg lässt Bayern verzweifeln
2026-10-10 18:05:42,755 INFO S6 aussortiert (doppelt): 4:3! Torfestival in Mainz
2026-10-10 18:05:42,755 INFO S6 aussortiert (doppelt): 2:0 in Paderborn: Arbeitssieg für effiziente Stuttgarter
2026-10-10 18:05:42,755 INFO S6 aussortiert (doppelt): Wahnsinn vom HSV in der Bundesliga in Hoffenheim
2026-10-10 18:05:42,755 INFO S6 aussortiert (prio_0): Skandal in Spanien: Spiel vom ehemaligen BVB-Trainer Edin Terzic abgeb
2026-10-10 18:05:42,755 INFO S6 aussortiert (doppelt): 2:2! FCA punktet gegen Bayern München
2026-10-10 18:05:42,755 INFO S6 aussortiert (doppelt): Video-Highlights: FC Augsburg - FC Bayern
2026-10-10 18:05:42,755 INFO S6 aussortiert (doppelt): Noten zum FC Bayern gegen Augsburg: Schlimmer Neuer-Fehler, Brown als 
2026-10-10 18:05:42,755 INFO S6 aussortiert (doppelt): Konrad Laimer fehlt gegen Augsburg im Bayern-Kader – aus gutem Grund b
2026-10-10 18:05:42,756 INFO S6 aussortiert (doppelt): Bayern München kassiert schnellstes Tor in der Geschichte der Bundesli
2026-10-10 18:05:42,756 INFO S6 aussortiert (doppelt): FC Augsburg schreibt Bundesliga-Geschichte: Robin Fellhauer schockt Ma
2026-10-10 18:05:42,756 INFO S6 aussortiert (doppelt): Deshalb fehlte Bayern-Star in Augsburg
2026-10-10 18:05:42,756 INFO S6 aussortiert (doppelt): Spielschema | FC Augsburg - Bayern München : | 5. Spieltag | Bundeslig
2026-10-10 18:05:42,756 INFO S6 aussortiert (prio_0): Niners Chemnitz FC Bayern live: Basketball Bundesliga kostenlos live s
2026-10-10 18:05:42,756 INFO S6 aussortiert (doppelt): Top Stats Round-up: Augsburg 2-2 FC Bayern
2026-10-10 18:05:42,756 INFO S6 aussortiert (doppelt): Stats-review: So lief Augsburg 2-2 FC Bayern
2026-10-10 18:05:42,756 INFO S6 aussortiert (doppelt): Highlights_FC Augsburg vs. FC Bayern München_Matchday 05_ACT
2026-10-10 18:05:42,756 INFO S6 aussortiert (prio_0): Der Sport-Tag: Hamann geht mit zwei BVB-Profis hart ins Gericht
2026-10-10 18:05:42,756 INFO S6 aussortiert (prio_0): Ex-BVB-Trainer mittendrin: Fans sorgen für Spielabbruch in LaLiga
2026-10-10 18:05:42,757 INFO S6 aussortiert (prio_0): BVB verpasst Heimsieg, Werder punktet – Kiel bleibt sieglos
2026-10-10 18:05:42,757 INFO S6 aussortiert (prio_0): Bitteres Ende! BVB-Talent verkündet Rücktritt mit 23 Jahren
2026-10-10 18:05:42,757 INFO S6 aussortiert (doppelt): Vier Tore vor der Pause: Leverkusen gewinnt torreiches Spiel in Mainz
2026-10-10 18:05:42,757 INFO S6 aussortiert (doppelt): Wichtiger Erfolg: Trotz Licht und Schatten – Bayer siegt samt Schick-R
2026-10-10 18:05:42,757 INFO S6 aussortiert (doppelt): 1. FSV Mainz 05 - Bayer 04 Leverkusen | 5. Spieltag | Spielbericht | H
2026-10-10 18:05:42,757 INFO S6 aussortiert (doppelt): Top Stats Round-up: Mainz 3-4 Bayer 04
2026-10-10 18:05:42,757 INFO S6 aussortiert (doppelt): Spannung bis zum Abpfiff: Leverkusen schlägt Mainz 05 knapp
2026-10-10 18:05:42,757 INFO S6 aussortiert (doppelt): Stats-review: So lief Mainz 3-4 Bayer 04
2026-10-10 18:05:42,757 INFO S6 aussortiert (prio_0): @>!?+$[Fußball LIVE*!!] Bayer 04 Leverkusen - FSV Mainz 05 im TV und L
2026-10-10 18:05:42,758 INFO S6 aussortiert (prio_0): ((LIVE ANSEHEN#)) FSV Mainz 05 vs. Bayer 04 Leverkusen direkte im kost
2026-10-10 18:05:42,758 INFO S6 aussortiert (prio_0): !$[[[HEUTE@LIVE>>]]''] FSV Mainz - Bayer Leverkusen heute im kostenlos
2026-10-10 18:05:42,758 INFO S6 aussortiert (prio_0): !@*+^+*[>!ＬＩＶＥ~IM>]+! FSV Mainz 05 gegen Bayer 04 Leverkusen heute im 
2026-10-10 18:05:42,758 INFO S6 aussortiert (prio_0): ((LIVE ANSEHEN#)) FSV Mainz gegen Bayer Leverkusen Im Livestream 10.10
2026-10-10 18:05:42,758 INFO S6 aussortiert (prio_0): [DAZN!!TV#] FSV Mainz 05 - Bayer 04 Leverkusen heute GRATIS im TV sehe
2026-10-10 18:05:42,758 INFO S6 aussortiert (prio_0): Bundesliga: Augsburg holt Punkt gegen Bayern, Befreiungsschlag für VfB
2026-10-10 18:05:42,758 INFO S6 aussortiert (prio_0): Konrad Laimer: Bilanz gegen Gegenspieler, Trainer & Vereine
2026-10-10 18:05:42,758 INFO S6 aussortiert (doppelt): Bundesliga: Stuttgart schlägt Paderborn
2026-10-10 18:05:42,758 INFO S6 aussortiert (doppelt): Einzelkritik zum VfB Stuttgart: Jeff Chabot ebnet den Weg zum Arbeitss
2026-10-10 18:05:42,759 INFO S6 aussortiert (prio_0): Punktgewinn in Meppener Regenschlacht
2026-10-10 18:05:42,759 INFO S6 aussortiert (prio_1): „Wie unterirdisch kann man gewinnen?“
2026-10-10 18:05:42,759 INFO S6 aussortiert (doppelt): Paderborn nutzt Chancen nicht
2026-10-10 18:05:42,759 INFO S6 aussortiert (doppelt): Spielstatistik | SC Paderborn 07 - VfB Stuttgart | 5. Spieltag | Bunde
2026-10-10 18:05:42,759 INFO S6 aussortiert (doppelt): 5. Spieltag: SC Paderborn 07 - VfB Stuttgart - VfB Stuttgart - Forum |
2026-10-10 18:05:42,759 INFO S6 aussortiert (doppelt): Stats-review: So lief Paderborn 0-2 VFB Stuttgart
2026-10-10 18:05:42,759 INFO S6 aussortiert (prio_0): Zwei verschiedene Halbzeiten: Meppen und Stuttgart trennen sich unents
2026-10-10 18:05:42,759 INFO S6 aussortiert (doppelt): Hoeneß erleichtert: Stuttgarter Arbeitssieg in Paderborn
2026-10-10 18:05:42,759 INFO S6 aussortiert (doppelt): Top Stats Round-up: Paderborn 0-2 VFB Stuttgart
2026-10-10 18:05:42,759 INFO S6 aussortiert (doppelt): Späte Ekstase: HSV siegt dramatisch – Stuttgart atmet durch
2026-10-10 18:05:42,759 INFO S6 aussortiert (prio_0): &+%((üBertragung-TV)) VfB Stuttgart II - SV Meppen heute im kostenlose
2026-10-10 18:05:42,759 INFO S6 aussortiert (prio_0): [DAZN!!TV#] VfB Stuttgart II vs. SV Meppen heute GRATIS im TV sehen li
2026-10-10 18:05:42,760 INFO S6 aussortiert (prio_0): &+%((üBertragung-TV)) VfB Stuttgart gegen SC Paderborn GRATIS im TV se
2026-10-10 18:05:42,760 INFO S6 aussortiert (prio_0): Jarzinho Malanga
2026-10-10 18:05:42,760 INFO S6 aussortiert (doppelt): Highlights_SC Paderborn 07 vs. VfB Stuttgart_Matchday 05_ACT
2026-10-10 18:05:42,760 INFO S6 aussortiert (prio_0): Fußball Bundesliga: Stuttgart gegen Schalke - Übersicht über die Karte
2026-10-10 18:05:42,760 INFO S6 aussortiert (prio_0): Fußball Bundesliga: Stuttgart gegen E. Frankfurt - Statistik: Zweikämp
2026-10-10 18:05:42,760 INFO S6 aussortiert (doppelt): Eintracht Frankfurt: Klopp-Liebling Ebnoutalib nur auf Bank in Leipzig
2026-10-10 18:05:42,760 INFO S6 aussortiert (prio_0): Ex-Frankfurter erlebt Horror-Debüt: Zetterer kassiert sechs Gegentore 
2026-10-10 18:05:42,760 INFO S6 aussortiert (prio_0): [Live-Übertragung] RB Leipzig Eintracht Frankfurt heute übertragung 10
2026-10-10 18:05:42,760 INFO S6 aussortiert (prio_0): Fußball Bundesliga: M'gladbach gegen E. Frankfurt - Übersicht über die
2026-10-10 18:05:42,761 INFO S6 aussortiert (prio_0): Fußball Bundesliga: M'gladbach gegen Bochum - Statistik: Geschwindigke
2026-10-10 18:05:42,761 INFO S6 aussortiert (prio_0): Lukas Ullrich: Bilanz gegen Gegenspieler, Trainer & Vereine
2026-10-10 18:05:42,761 INFO S6 aussortiert (prio_0): SC Freiburg
2026-10-10 18:05:42,761 INFO S6 aussortiert (doppelt): Der Fluch ist gebrochen! Trotz Verletzungspech: HSV dreht irre Partie 
2026-10-10 18:05:42,761 INFO S6 aussortiert (doppelt): TSG Hoffenheim gegen Hamburger SV Aufstellung - Bundesliga 5. Spieltag
2026-10-10 18:05:42,761 INFO S6 aussortiert (doppelt): Einzelkritik: HSV-„Finisher“ Moffi und Muheim sorgen für emotionale Er
2026-10-10 18:05:42,761 INFO S6 aussortiert (doppelt): (+) HSV-Wahnsinn in Sinsheim: Wer glänzte, wer enttäuschte?
2026-10-10 18:05:42,761 INFO S6 aussortiert (doppelt): 5. Spieltag: TSG 1899 Hoffenheim - Hamburger SV - TSG Hoffenheim - For
2026-10-10 18:05:42,761 INFO S6 aussortiert (doppelt): Melhores momentos: Hoffenheim 2 x 3 Hamburg (Bundesliga)
2026-10-10 18:05:42,761 INFO S6 aussortiert (doppelt): Highlights_TSG Hoffenheim vs. Hamburger SV_Matchday 05_ACT
2026-10-10 18:05:42,762 INFO S6 aussortiert (doppelt): Top Stats Round-up: Hoffenheim 2-3 Hamburg
2026-10-10 18:05:42,762 INFO S6 aussortiert (doppelt): Stats-review: So lief Hoffenheim 2-3 Hamburg
2026-10-10 18:05:42,762 INFO S6 aussortiert (prio_0): %@~[¡STREAMEN] TSG Hoffenheim II MSV Duisburg Im Livestream 10.10.2026
2026-10-10 18:05:42,762 INFO S6 aussortiert (doppelt): Live hören: 1. FSV Mainz 05 gegen Werder Bremen - Bundesliga
2026-10-10 18:05:42,762 INFO S6 aussortiert (doppelt): Highlights XXL: VfL Bochum – 1. FSV Mainz 05, 2. Runde
2026-10-10 18:05:42,762 INFO S6 aussortiert (doppelt): FSV Mainz 05 vs. Bayer 04 Leverkusen: Caci schnürt Doppelpack! Mainz u
2026-10-10 18:05:42,762 INFO S6 aussortiert (doppelt): Fellhauers Rekordtor inklusive: Augsburg erspielt sich mit Glück einen
2026-10-10 18:05:42,762 INFO S6 aussortiert (doppelt): FC Bayern verpasst Tabellenführung: VAR-Pech bei wildem Remis
2026-10-10 18:05:42,762 INFO S6 aussortiert (doppelt): FC Bayern kassiert schnellstes Tor der Liga-Geschichte
2026-10-10 18:05:42,762 INFO S6 aussortiert (doppelt): Gegentor-Flut gestoppt! Union gelingt Befreiungsschlag: Joker erlösen 
2026-10-10 18:05:42,762 INFO S6 aussortiert (doppelt): Spielschema | 1. FC Union Berlin - SV Elversberg : | 5. Spieltag | Bun
2026-10-10 18:05:42,762 INFO S6 aussortiert (doppelt): Top Stats Round-up: Union Berlin 1-0 Elversberg
2026-10-10 18:05:42,762 INFO S6 aussortiert (doppelt): Stats-review: So lief Union Berlin 1-0 Elversberg
2026-10-10 18:05:42,762 INFO S6 aussortiert (doppelt): !$[IM[LIVE]~!! Union Berlin vs. Elversberg heute Im Livestream 10.10.2
2026-10-10 18:05:42,763 INFO S6 aussortiert (doppelt): )+ω#*[KIJKLIVE]eSPN*!] Union Berlin gegen SV Elversberg Im live Op tv-
2026-10-10 18:05:42,763 INFO S6 aussortiert (doppelt): [Übertragung-jetzt!] Union Berlin gegen Elversberg ｉｍ ＴＶ ｕｎｄ Ｌｉｖｅｓｔｒｅａ
2026-10-10 18:05:42,763 INFO S6 aussortiert (doppelt): !$+[Übertragung]TV!] Union Berlin gegen Elversberg heute live sehen
2026-10-10 18:05:42,763 INFO S6 aussortiert (doppelt): ~!!@[LIVE@STREAMS] Union Berlin gegen SV Elversberg Im live Op tv-zend
2026-10-10 18:05:42,763 INFO S6 aussortiert (doppelt): Mit Dortmund gegen Bremen: Die Sportschau am Freitag in voller Länge
2026-10-10 18:05:42,763 INFO S6 aussortiert (doppelt): «Champions-League-Fülle» trifft: Bremer Punktgewinn beim BVB
2026-10-10 18:05:42,763 INFO S6 aussortiert (doppelt): «Natürlich enttäuscht»: BVB-Auftakt in XXL-Wochen misslingt
2026-10-10 18:05:42,763 INFO S6 aussortiert (prio_0): HSV II überrascht den FSV Schöningen – Hannover 96 II siegt
2026-10-10 18:05:42,763 INFO S6 aussortiert (doppelt): 5. Runde der Bundesliga - Burcu erlöst Lustrinelli – Muheim sorgt für 
2026-10-10 18:05:42,763 INFO S6 aussortiert (prio_0): Salli - das SC-Magazin: vor Schalke
2026-10-10 18:05:42,763 INFO S6 aussortiert (doppelt): Fußball DFB-Pokal: Dresden gegen Schalke - Übersicht über die Laufleis
2026-10-10 18:05:42,763 INFO S6 aussortiert (doppelt): Fußball Bundesliga: Duisburg gegen Schalke - Übersicht über die Torjäg
2026-10-10 18:05:42,763 INFO S6 aussortiert (doppelt): "Fast Heimspiel-Atmosphäre": Warum Schalke trotzdem als Verlierer vom 
2026-10-10 18:05:42,763 INFO S6 aussortiert (doppelt): %@~[¡LIVE+HEUTE] Elversberg vs. Union Berlin heute GRATIS im TV sehen 
2026-10-10 18:05:42,763 INFO S6 aussortiert (prio_0): Jetzt mitmachen: Benoten Sie die Leistung der Paderborn-Spieler nach d
2026-10-10 18:05:42,764 INFO S6 aussortiert (doppelt): Live hören: SC Paderborn 07 gegen Hamburger SV - Bundesliga
2026-10-10 18:05:42,764 INFO S6 aussortiert (doppelt): Late Muheim volley earns HSV dramatic win over 10-man Hoffenheim
2026-10-10 18:05:42,764 INFO S6 aussortiert (doppelt): Leverkusen strike four past Mainz for third win of new season
2026-10-10 18:05:42,764 INFO S6 aussortiert (doppelt): Bayern drop points against Augsburg despite comeback
2026-10-10 18:05:42,764 INFO S6 aussortiert (doppelt): Burcu strikes late to earn Union Berlin vital first win of the season
2026-10-10 18:05:42,764 INFO S6 aussortiert (doppelt): Stuttgart return to winning ways as Seimen keeps clean sheet on Bundes
2026-10-10 18:05:42,764 INFO S6 aussortiert (doppelt): FC Bayern stolpert in Augsburg – zwei Kellerkinder senden Lebenszeiche
2026-10-10 18:05:42,764 INFO S6 aussortiert (doppelt): Post Match Thread: Bundesliga Saturday Konferenz (Simulcast) - Round 5
2026-10-10 18:05:42,764 INFO S6 aussortiert (doppelt): Serge Gnabry miss against Augsburg 82'
2026-10-10 18:05:42,764 INFO S6 aussortiert (doppelt): Augsburg 2 - [2] Bayern Munich - Nathaniel Brown 81'
2026-10-10 18:05:42,764 INFO S6 aussortiert (doppelt): Augsburg [2] - 1 Bayern Munich - Rodrigo Ribeiro 64'
2026-10-10 18:05:42,764 INFO S6 aussortiert (doppelt): Augsburg 1 - [1] Bayern Munich - Ismael Saibari 55'
2026-10-10 18:05:42,764 INFO S6 aussortiert (doppelt): Luis Diaz disallowed goal (offside) against Augsburg 51'
2026-10-10 18:05:45,646 INFO S7 kein Volltext (too_short_72_words): Verletzungs-Schock für den HSV: Wie schlimm hat es Remberg e
2026-10-10 18:05:48,546 INFO S7 schreiben (Prio 3, 2 Quellen): Unfassbar! HSV gewinnt in letzter Sekunde in Hoffenheim – gr
2026-10-10 18:05:57,671 INFO   Kandidat: HSV bangt nach 3:2 in Hoffenheim um Kapitän Remberg
2026-10-10 18:05:58,674 INFO S7 kein Volltext (seite_zu_alt): Fußball Bundesliga: Augsburg gegen FC Bayern - Aufstellung -
2026-10-10 18:05:59,934 WARNING discarding data: None
2026-10-10 18:05:59,936 INFO S7 kein Volltext (trafilatura_returned_empty): FC Augsburg gegen Bayern München Aufstellung - Bundesliga 5.
2026-10-10 18:05:59,936 INFO S7 zu wenig Stoff (0 Wörter aus 0 Quellen, Versuch 1/3): Fußball Bundesliga: Augsburg gegen FC Bayern - Aufstellung -
2026-10-10 18:06:00,961 WARNING discarding data: None
2026-10-10 18:06:00,962 INFO S7 kein Volltext (trafilatura_returned_empty): 1. Bundesliga: 1899 Hoffenheim gegen Hamburger SV ab 15:30 l
2026-10-10 18:06:01,506 INFO S7 kein Volltext (too_short_15_words): Hoffenheim 0:1 HAMBURG - Poulsen (12')
2026-10-10 18:06:01,506 INFO S7 zu wenig Stoff (0 Wörter aus 0 Quellen, Versuch 2/3): 1. Bundesliga: 1899 Hoffenheim gegen Hamburger SV ab 15:30 l
2026-10-10 18:06:02,014 INFO S7 kein Volltext (likely_paywall): FC Bayern München ohne Jamal Musiala: Warum steht der FCB-St
2026-10-10 18:06:03,059 INFO S7 kein Volltext (likely_paywall): Warum fehlt Jamal Musiala heute im Kader des FC Bayern gegen
2026-10-10 18:06:03,059 INFO S7 zu wenig Stoff (0 Wörter aus 0 Quellen, Versuch 3/3): FC Bayern München ohne Jamal Musiala: Warum steht der FCB-St
2026-10-10 18:06:03,575 INFO S7 kein Volltext (too_short_69_words): Die Stuttgart-Stars in der Einzelkritik - Viermal Note2! Eis
2026-10-10 18:06:03,575 INFO S7 zu wenig Stoff (0 Wörter aus 0 Quellen, Versuch 1/3): Die Stuttgart-Stars in der Einzelkritik - Viermal Note2! Eis
2026-10-10 18:06:06,781 INFO S6.5 schon berichtet (Leipzig gegen Frankfurt: Duell zweier Teams i): Trotz DFB-Höhenflug - Ebnoutalib in Leipzig nur auf der Bank
2026-10-10 18:06:09,296 INFO S7 schreiben (Prio 3, 1 Quellen): Drei Tore reichen Mainz nicht zum ersten Heimsieg
2026-10-10 18:06:19,047 INFO   Kandidat: Leverkusen gewinnt 4:3 in Mainz, Andrich trifft bei Startelf
2026-10-10 18:06:21,721 INFO S6.5 schon berichtet (HSV bangt nach 3:2 in Hoffenheim um Kapitän R): Muheims Traumtor gegen Hoffenheim lässt Hamburg eskalieren
2026-10-10 18:06:25,752 INFO S6.5 schon berichtet (Leipzig gegen Frankfurt: Duell zweier Teams i): RB-Trainer Demichelis überrascht gegen Eintracht mit diesem 
2026-10-10 18:06:26,364 INFO S7 kein Volltext (likely_paywall): Bundesliga: Stuttgart feiert Arbeitssieg in Paderborn
2026-10-10 18:06:26,364 INFO S7 zu wenig Stoff (0 Wörter aus 0 Quellen, Versuch 1/3): Bundesliga: Stuttgart feiert Arbeitssieg in Paderborn
2026-10-10 18:06:28,919 INFO S7 schreiben (Prio 3, 1 Quellen): 1. FC Union Berlin - SV Elversberg | 5. Spieltag | Spielberi
2026-10-10 18:06:35,893 INFO   Kandidat: Burcu erlöst Union: 1:0 gegen Elversberg in der Schlussphase
2026-10-10 18:06:37,092 INFO S7 kein Volltext (too_short_79_words): Confirmed lineups: RB Leipzig vs. Eintracht Frankfurt
2026-10-10 18:06:37,093 INFO S7 zu wenig Stoff (0 Wörter aus 0 Quellen, Versuch 1/3): Confirmed lineups: RB Leipzig vs. Eintracht Frankfurt
2026-10-10 18:06:37,364 ERROR lxml parsing failed: Document is empty
2026-10-10 18:06:37,365 ERROR lxml parser bytestring Document is empty
2026-10-10 18:06:37,365 ERROR lxml parsing failed: Document is empty
2026-10-10 18:06:37,365 ERROR lxml parser bytestring Document is empty
2026-10-10 18:06:37,365 ERROR empty HTML tree: None
2026-10-10 18:06:37,365 WARNING discarding data: None
2026-10-10 18:06:37,365 INFO S7 kein Volltext (trafilatura_returned_empty): LIVE! Leipzig winkt Tabellensprung - Gruda auf der Bank
2026-10-10 18:06:37,365 INFO S7 zu wenig Stoff (0 Wörter aus 0 Quellen, Versuch 1/3): LIVE! Leipzig winkt Tabellensprung - Gruda auf der Bank
2026-10-10 18:06:38,743 INFO S7 kein Volltext (likely_paywall): SC Paderborn 07 vs. VfB Stuttgart: Das letzte Wort hat Führi
2026-10-10 18:06:38,743 INFO S7 zu wenig Stoff (0 Wörter aus 0 Quellen, Versuch 1/3): SC Paderborn 07 vs. VfB Stuttgart: Das letzte Wort hat Führi
2026-10-10 18:06:40,021 INFO S7 kein Volltext (likely_paywall): Rekordtor am 5. Spieltag der Fußball-Bundesliga Bayern verpa
2026-10-10 18:06:40,021 INFO S7 zu wenig Stoff (0 Wörter aus 0 Quellen, Versuch 1/3): Rekordtor am 5. Spieltag der Fußball-Bundesliga Bayern verpa
2026-10-10 18:06:42,839 INFO S6.5 schon berichtet (Leverkusen gewinnt 4:3 in Mainz, Andrich trif): Schick historisch, Andrich mit Hammer: Bayer Leverkusen grei
2026-10-10 18:06:49,987 INFO S6.5 schon berichtet (Leipzig gegen Frankfurt: Duell zweier Teams i): Baumgartner zurück im Teamtraining: Leipzig hofft auf Option
2026-10-10 18:06:50,163 INFO S7 kein Volltext (seite_zu_alt): Mainz [1]-2 Leverkusen - Anthony Caci 33'
2026-10-10 18:06:50,163 INFO S7 zu wenig Stoff (0 Wörter aus 0 Quellen, Versuch 2/3): Mainz [1]-2 Leverkusen - Anthony Caci 33'
2026-10-10 18:06:50,291 INFO S7 kein Volltext (seite_zu_alt): Paderborn 0-1 Stuttgart - Jeff Chabot 25'
2026-10-10 18:06:50,291 INFO S7 zu wenig Stoff (0 Wörter aus 0 Quellen, Versuch 2/3): Paderborn 0-1 Stuttgart - Jeff Chabot 25'
2026-10-10 18:06:55,349 INFO S6.5 schon berichtet (Leipzig gegen Frankfurt: Duell zweier Teams i): RB Leipzig gegen Eintracht Frankfurt 10/10/2026, Aufstellung
2026-10-10 18:06:56,089 INFO S7 kein Volltext (likely_paywall): VfB Stuttgart setzt Seimen gegen Paderborn ins Tor
2026-10-10 18:06:56,089 INFO S7 zu wenig Stoff (0 Wörter aus 0 Quellen, Versuch 1/3): VfB Stuttgart setzt Seimen gegen Paderborn ins Tor
2026-10-10 18:06:57,492 INFO S7 kein Volltext (likely_paywall): Aufstellung: Dennis Seimen debütiert
2026-10-10 18:06:57,492 INFO S7 zu wenig Stoff (0 Wörter aus 0 Quellen, Versuch 3/3): Aufstellung: Dennis Seimen debütiert
2026-10-10 18:06:58,843 INFO S7 kein Volltext (too_short_78_words): Confirmed lineups: Hoffenheim vs. Hamburger SV
2026-10-10 18:06:58,843 INFO S7 zu wenig Stoff (0 Wörter aus 0 Quellen, Versuch 3/3): Confirmed lineups: Hoffenheim vs. Hamburger SV
2026-10-10 18:07:00,175 INFO S7 kein Volltext (too_short_48_words): Das ist die Startelf von Hoffenheim gegen den HSV
2026-10-10 18:07:00,175 INFO S7 zu wenig Stoff (0 Wörter aus 0 Quellen, Versuch 3/3): Das ist die Startelf von Hoffenheim gegen den HSV
2026-10-10 18:07:01,312 INFO S7 kein Volltext (likely_paywall): Confirmed lineups: SC Paderborn vs. VfB Stuttgart
2026-10-10 18:07:01,312 INFO S7 zu wenig Stoff (0 Wörter aus 0 Quellen, Versuch 3/3): Confirmed lineups: SC Paderborn vs. VfB Stuttgart
2026-10-10 18:07:02,056 INFO S7 kein Volltext (seite_zu_alt): Dortmunder Rückschlag gegen Füllkrug und Co.
2026-10-10 18:07:02,056 INFO S7 zu wenig Stoff (0 Wörter aus 0 Quellen, Versuch 2/3): Dortmunder Rückschlag gegen Füllkrug und Co.
2026-10-10 18:07:07,499 INFO S6.5 schon berichtet (Füllkrug rettet Werder spät einen Punkt in Do): Thioune lobt Werders Mentalität: "Eine Mannschaft, die leide
2026-10-10 18:07:08,271 WARNING discarding data: None
2026-10-10 18:07:08,272 INFO S7 kein Volltext (trafilatura_returned_empty): FC Bayern: Olise-Abgang? Jetzt spricht Eberl
2026-10-10 18:07:08,272 INFO S7 zu wenig Stoff (0 Wörter aus 0 Quellen, Versuch 1/3): FC Bayern: Olise-Abgang? Jetzt spricht Eberl
2026-10-10 18:07:14,900 INFO S7 schreiben (Prio 2, 1 Quellen): "Noch keine Gespräche": Max Eberl vom FC Bayern spricht plöt
2026-10-10 18:07:22,882 INFO   Kandidat: Eberl zu Olise: „Noch gar keine Gespräche“ über Verlängerung
2026-10-10 18:07:23,399 INFO S7 kein Volltext (too_short_59_words): „Das Gefühl, dass wir genau das brauchen“: Hack über Derby-G
2026-10-10 18:07:23,399 INFO S7 zu wenig Stoff (0 Wörter aus 0 Quellen, Versuch 1/3): „Das Gefühl, dass wir genau das brauchen“: Hack über Derby-G
2026-10-10 18:07:24,747 INFO S7 kein Volltext (likely_paywall): RB Leipzig gegen Eintracht Frankfurt heute live: Wen opfert 
2026-10-10 18:07:24,747 INFO S7 zu wenig Stoff (0 Wörter aus 0 Quellen, Versuch 1/3): RB Leipzig gegen Eintracht Frankfurt heute live: Wen opfert 
2026-10-10 18:07:27,557 INFO S6.5 schon berichtet (Bonhof vor Derby: „Mit allen zur Verfügung st): Borussia Mönchengladbach: Blessin gibt Einblick in seinen De
2026-10-10 18:07:28,719 INFO S7 kein Volltext (too_short_73_words): Thioune schwärmt vom Werder-Wahnsinn in Dortmund, Füllkrug-F
2026-10-10 18:07:28,719 INFO S7 zu wenig Stoff (0 Wörter aus 0 Quellen, Versuch 1/3): Thioune schwärmt vom Werder-Wahnsinn in Dortmund, Füllkrug-F
2026-10-10 18:07:29,601 INFO S7 kein Volltext (seite_zu_alt): BVB-Coach Kovac scherzt über Füllkrug: "Der hat 1,90m x 1,90
2026-10-10 18:07:29,601 INFO S7 zu wenig Stoff (0 Wörter aus 0 Quellen, Versuch 2/3): BVB-Coach Kovac scherzt über Füllkrug: "Der hat 1,90m x 1,90
2026-10-10 18:07:30,196 INFO S7 kein Volltext (too_short_4_words): "Ich versuche, meinen Job zu machen"
2026-10-10 18:07:30,196 INFO S7 zu wenig Stoff (0 Wörter aus 0 Quellen, Versuch 2/3): "Ich versuche, meinen Job zu machen"
2026-10-10 18:07:30,536 WARNING discarding data: None
2026-10-10 18:07:30,537 INFO S7 kein Volltext (trafilatura_returned_empty): Neuer Mittelfeld-Motor für den BVB?
2026-10-10 18:07:30,537 INFO S7 zu wenig Stoff (0 Wörter aus 0 Quellen, Versuch 3/3): Neuer Mittelfeld-Motor für den BVB?
2026-10-10 18:07:31,656 INFO S7 kein Volltext (seite_zu_alt): Said El Mala: Wagner beobachtet Veränderung nach erster Nomi
2026-10-10 18:07:31,656 INFO S7 zu wenig Stoff (0 Wörter aus 0 Quellen, Versuch 3/3): Said El Mala: Wagner beobachtet Veränderung nach erster Nomi
2026-10-10 18:07:32,505 INFO S7 kein Volltext (too_short_15_words): ''Rückfall in alte Zeiten'' - Hamann über den BVB
2026-10-10 18:07:32,505 INFO S7 zu wenig Stoff (0 Wörter aus 0 Quellen, Versuch 3/3): ''Rückfall in alte Zeiten'' - Hamann über den BVB
2026-10-10 18:07:33,894 INFO S7 kein Volltext (too_short_72_words): Es wird ein Novum: Das ist der HSV-Matchplan in Hoffenheim
2026-10-10 18:07:33,894 INFO S7 zu wenig Stoff (0 Wörter aus 0 Quellen, Versuch 3/3): Es wird ein Novum: Das ist der HSV-Matchplan in Hoffenheim
2026-10-10 18:07:34,362 WARNING discarding data: None
2026-10-10 18:07:34,362 INFO S7 kein Volltext (trafilatura_returned_empty): Nico Schlotterbeck entlarvt größte BVB-Schwäche
2026-10-10 18:07:34,363 INFO S7 zu wenig Stoff (0 Wörter aus 0 Quellen, Versuch 3/3): Nico Schlotterbeck entlarvt größte BVB-Schwäche
2026-10-10 18:07:35,497 INFO S7 kein Volltext (too_short_43_words): Werder-Coach Thioune: "Die Mannschaft kann immer wiederkomme
2026-10-10 18:07:35,497 INFO S7 zu wenig Stoff (0 Wörter aus 0 Quellen, Versuch 3/3): Werder-Coach Thioune: "Die Mannschaft kann immer wiederkomme
2026-10-10 18:07:38,309 INFO S7 schreiben (Prio 2, 1 Quellen): Trotz Aufstieg: Experte kritisiert Schalke-Kader
2026-10-10 18:07:45,660 INFO   Kandidat: Schalke trotz Aufstieg mit niedrigem Kader-Marktwert
2026-10-10 18:07:46,242 ERROR lxml parsing failed: Document is empty
2026-10-10 18:07:46,242 ERROR lxml parser bytestring Document is empty
2026-10-10 18:07:46,242 ERROR lxml parsing failed: Document is empty
2026-10-10 18:07:46,242 ERROR lxml parser bytestring Document is empty
2026-10-10 18:07:46,242 ERROR empty HTML tree: None
2026-10-10 18:07:46,242 WARNING discarding data: None
2026-10-10 18:07:46,242 INFO S7 kein Volltext (trafilatura_returned_empty): Frust bei der TSG: "Den Sack wieder nicht zugemacht" | Micha
2026-10-10 18:07:46,243 INFO S7 zu wenig Stoff (0 Wörter aus 0 Quellen, Versuch 2/3): Frust bei der TSG: "Den Sack wieder nicht zugemacht" | Micha
2026-10-10 18:07:47,443 INFO S7 kein Volltext (too_short_46_words): Fußball-Bundesliga: Bayern startet in volle Wochen - Revanch
2026-10-10 18:07:47,443 INFO S7 zu wenig Stoff (0 Wörter aus 0 Quellen, Versuch 3/3): Fußball-Bundesliga: Bayern startet in volle Wochen - Revanch
2026-10-10 18:07:47,897 WARNING discarding data: None
2026-10-10 18:07:47,898 INFO S7 kein Volltext (trafilatura_returned_empty): „Kompliment“: Schuster warnt vor Schalker Leidenschaft
2026-10-10 18:07:47,898 INFO S7 zu wenig Stoff (0 Wörter aus 0 Quellen, Versuch 2/3): „Kompliment“: Schuster warnt vor Schalker Leidenschaft
2026-10-10 18:07:48,451 WARNING discarding data: None
2026-10-10 18:07:48,452 INFO S7 kein Volltext (trafilatura_returned_empty): Vor Leverkusen-Spiel: Mainz hofft auf ersten Dreier daheim
2026-10-10 18:07:48,452 INFO S7 zu wenig Stoff (0 Wörter aus 0 Quellen, Versuch 2/3): Vor Leverkusen-Spiel: Mainz hofft auf ersten Dreier daheim
2026-10-10 18:07:48,979 WARNING discarding data: None
2026-10-10 18:07:48,980 INFO S7 kein Volltext (trafilatura_returned_empty): Nach heldenhaftem Abschied: Dzeko droht Schalke-Bank
2026-10-10 18:07:48,980 INFO S7 zu wenig Stoff (0 Wörter aus 0 Quellen, Versuch 3/3): Nach heldenhaftem Abschied: Dzeko droht Schalke-Bank
2026-10-10 18:07:49,544 INFO S7 kein Volltext (too_short_15_words): „Eine unfassbar coole Arbeit“ – Muslic lobt Freiburg & Schus
2026-10-10 18:07:49,544 INFO S7 zu wenig Stoff (0 Wörter aus 0 Quellen, Versuch 1/3): „Eine unfassbar coole Arbeit“ – Muslic lobt Freiburg & Schus
2026-10-10 18:07:49,559 INFO FinalCheck SKIP: bayern/{'michael olise', 'harry kane', 'max eberl'} stage=vertrag bereits in Archiv
2026-10-10 18:07:49,561 INFO S9.5 FinalCheck: 4/5 durch
2026-10-10 18:07:50,224 INFO Veröffentlicht: HSV bangt nach 3:2 in Hoffenheim um Kapitän Remberg
2026-10-10 18:07:50,288 INFO Veröffentlicht: Leverkusen gewinnt 4:3 in Mainz, Andrich trifft bei Startelf
2026-10-10 18:07:50,352 INFO Veröffentlicht: Burcu erlöst Union: 1:0 gegen Elversberg in der Schlussphase
2026-10-10 18:07:50,416 INFO Veröffentlicht: Schalke trotz Aufstieg mit niedrigem Kader-Marktwert
2026-10-10 18:07:50,453 INFO Reddit: Keine Credentials – übersprungen
2026-10-10 18:07:50,454 INFO Reddit: Keine Credentials – übersprungen
2026-10-10 18:07:50,454 INFO Reddit: Keine Credentials – übersprungen
2026-10-10 18:07:50,454 INFO Reddit: Keine Credentials – übersprungen
2026-10-10 18:07:50,455 INFO 💶 Kosten: dieser Lauf 0.000 $ (Budget 0.107 $) | heute 0.00 $ | Monat 0.72 / 23 $ | konferenz (abo) 2× 0.000 $, dublette (abo) 17× 0.000 $, schreiben (abo) 5× 0.000 $
2026-10-10 18:07:50,455 INFO 🎫 Abo-Verbrauch: 69,345 Tokens rein (davon Cache gelesen 5,100), 30,201 raus, API-Gegenwert 0.42 $ | konferenz 2×: 13,033/23,064, dublette 17×: 21,831/742, schreiben 5×: 34,481/6,395
2026-10-10 18:07:50,523 INFO Feeds: 60/60 begonnen, nächster Lauf startet bei Nr. 0
2026-10-10 18:07:50,523 INFO URL-Cache gespeichert: 34269 URLs
2026-10-10 18:07:50,523 INFO === Fertig. 4 neue Artikel. feed.json: 1519 ===
2026-10-10 18:07:50,523 INFO Stats: {"ts": "20261010_1800", "ingested": 435, "s2_pre_filter": 116, "s3_relevance": 42, "s4_dedup_early": 0, "gesammelt": 257, "geschichten_neu": 139, "s5_archiv_doppelt": 2, "s5_zusammengefuehrt": 0, "s6_aussortiert": 113, "s7_geschrieben": 5, "s7_verworfen": 8, "s5_fulltext_fail": 35, "s8_qa_rejected": 1, "published": 4, "s5_randthema": 8, "s5_ohne_bezug": 7, "kosten": {"lauf_usd": 0.0, "lauf_budget_usd": 0.1071, "heute_usd": 0.0, "monat_usd": 0.7196, "monatsbudget_usd": 23.0, "aufrufe": {"konferenz (abo)": {"anzahl": 2, "usd": 0.0}, "dublette (abo)": {"anzahl": 17, "usd": 0.0}, "schreiben (abo)": {"anzahl": 5, "usd": 0.0}}, "guthaben_leer": false, "abo": true, "abo_tokens": {"konferenz": {"aufrufe": 2, "ein": 20, "cache_schreiben": 13013, "cache_lesen": 0, "aus": 23064, "api_wert_usd": 0.1414}, "dublette": {"aufrufe": 17, "ein": 34, "cache_schreiben": 21797, "cache_lesen": 0, "aus": 742, "api_wert_usd": 0.0948}, "schreiben": {"aufrufe": 5, "ein": 10, "cache_schreiben": 29371, "cache_lesen": 5100, "aus": 6395, "api_wert_usd": 0.182}}}}
