2026-10-09 18:04:16,976 INFO 💶 Budget: dieser Lauf 0.101 $ | heute 0.00 $ | Monat 0.72 / 23 $
2026-10-09 18:04:17,816 INFO URL-Cache geladen: 30919 bekannte URLs (letzte 30 Tage)
2026-10-09 18:04:17,817 INFO === Ligaoutsider Generator startet – max. 50 Artikel ===
2026-10-09 18:04:17,817 INFO Feed: https://newsfeed.kicker.de/news/bundesliga
2026-10-09 18:04:18,159 INFO S1 Medienseite ohne Artikeltext: Endspiel für Wagner? "Intern gibt es diese Stimmen nicht"
2026-10-09 18:04:18,159 INFO S2 blacklist: Schuster: "Von der Kabine her ein Top-Team"
2026-10-09 18:04:18,160 INFO Feed: https://www.sportschau.de/fussball/bundesliga/index~rss2.xml
2026-10-09 18:04:18,723 INFO S2 Liveticker übersprungen: Ab 20.30 Uhr live - Spitzenreiter BVB empfängt Bremen
2026-10-09 18:04:18,724 INFO Feed: https://sportbild.bild.de/feed/sportbild-home.xml
2026-10-09 18:04:19,081 INFO BL-Spielerliste geladen: 1002 Namen
2026-10-09 18:04:19,123 INFO S3 keyword miss: „Im Training wurde mir schwindelig“ - Ex-Barça-Star packt üb
2026-10-09 18:04:19,198 INFO S3 keyword miss: Nach Tennis-Eklat in Peking - Medvedev sorgt für Überraschun
2026-10-09 18:04:19,278 INFO S3 keyword miss: Video veröffentlicht - England baut Tuchel Mega-Zentrale
2026-10-09 18:04:19,354 INFO S3 keyword miss: Doppelter Pannen-Alarm beim Qualifying - Schon wieder Chaos 
2026-10-09 18:04:19,430 INFO S3 keyword miss: Wahnsinns-Tauchgang - Mit einem Atemzug in 137 Metern Tiefe
2026-10-09 18:04:19,431 INFO Feed: https://www.bild.de/rss-feeds/rss-16725492,feed=fussball-mix.bild.html
2026-10-09 18:04:19,983 INFO S2 blacklist: Wertvollstes Spiel der 2. Liga - 158-Mio.-Gipfel zwischen Nü
2026-10-09 18:04:19,987 INFO S2 blacklist: Heftige Diskussion bei der Beckenbauer-Stiftung - Völler ver
2026-10-09 18:04:19,988 INFO S2 blacklist: Personal-Not - Nächster Rückschlag für den HSV
2026-10-09 18:04:19,989 INFO Feed: https://www.11freunde.de/feed
2026-10-09 18:04:21,071 INFO S2 blacklist: Was am Wochenende wichtig wird
2026-10-09 18:04:21,071 INFO Feed: https://www.bundesliga.com/de/bundesliga/news.rss
2026-10-09 18:04:21,777 INFO Feed: https://news.google.com/rss/topics/CAAqJggKIiBDQkFTRWdvSUwyMHZNRFp1ZEdvU0FtUmxHZ0pFUlNnQVAB?hl=de&gl=DE&ceid=DE:de
2026-10-09 18:04:22,628 INFO S2 blacklist: Borussia Dortmund: Schlotterbeck-Entscheidung beim BVB gefal
2026-10-09 18:04:22,719 INFO S3 keyword miss: "Ich sehe da schwarz": Ski-Ass befürchtet Aus für seine Spor
2026-10-09 18:04:22,720 INFO S2 blacklist: Einblicke in den Knast von Bayerns Trainer Vincent Kompany
2026-10-09 18:04:22,855 INFO S3 keyword miss: „Feige Schweine!“ – Funkel spricht über seine schlimmste Ent
2026-10-09 18:04:22,856 INFO S2 blacklist: Großer Druck auf Demichelis: Vogelwilde Gerüchte um Julian N
2026-10-09 18:04:22,904 INFO S2 blacklist: Osnabrück-Duell wird für Dynamo zum Ehemaligen-Treffen
2026-10-09 18:04:23,041 INFO S3 keyword miss: „Wenn die mich hier nicht wollen ...“ – Deutschlands größtes
2026-10-09 18:04:23,042 INFO S2 blacklist: Nationalmannschaft: Der ausgebootete Ballack sprach von „Far
2026-10-09 18:04:23,169 INFO S3 keyword miss: Großer Preis von Singapur: Festnahmen im Formel-1-Fahrerlage
2026-10-09 18:04:23,173 INFO Feed: https://news.google.com/rss/search?q=Bundesliga+Testspiel+Ergebnis&hl=de&gl=DE&ceid=DE:de
2026-10-09 18:04:23,669 INFO Feed: https://news.google.com/rss/search?q=Bundesliga+Vorbereitung+Sommertour&hl=de&gl=DE&ceid=DE:de
2026-10-09 18:04:24,011 INFO Feed: https://news.google.com/rss/search?q=Bundesliga+Verletzung+Ausfall+gesperrt&hl=de&gl=DE&ceid=DE:de
2026-10-09 18:04:24,424 INFO Feed: https://news.google.com/rss/search?q=Bundesliga+Transfer+Wechsel+verpflichtet&hl=de&gl=DE&ceid=DE:de
2026-10-09 18:04:24,923 INFO Feed: https://news.google.com/rss/search?q=Bundesliga+Gerücht+Interesse+Angebot&hl=de&gl=DE&ceid=DE:de
2026-10-09 18:04:25,403 INFO Feed: https://news.google.com/rss/search?q=Bundesliga+Vertrag+verlängert+ablösefrei&hl=de&gl=DE&ceid=DE:de
2026-10-09 18:04:25,844 INFO Feed: https://news.google.com/rss/search?q=%22FC+Bayern%22+OR+%22Bayern+M%C3%BCnchen%22+when%3A1d&hl=de&gl=DE&ceid=DE:de
2026-10-09 18:04:26,487 INFO Feed: https://news.google.com/rss/search?q=BVB+OR+%22Borussia+Dortmund%22+when%3A1d&hl=de&gl=DE&ceid=DE:de
2026-10-09 18:04:27,035 INFO S2 Liveticker übersprungen: Bundesliga heute: Dortmund - Bremen LIVE im TV, Liveticker &
2026-10-09 18:04:27,036 INFO S2 Liveticker übersprungen: Werder Bremen im Liveticker gegen Borussia Dortmund: Bundesl
2026-10-09 18:04:27,071 INFO S2 blacklist: Borussia Dortmund II - Spieler von A bis Z | Seite 3
2026-10-09 18:04:27,072 INFO Feed: https://news.google.com/rss/search?q=%22Bayer+Leverkusen%22+OR+%22Bayer+04%22+when%3A1d&hl=de&gl=DE&ceid=DE:de
2026-10-09 18:04:27,529 INFO S2 blacklist: 1. FSV Mainz 05 gegen Bayer Leverkusen: Bundesliga live im F
2026-10-09 18:04:27,533 INFO Feed: https://news.google.com/rss/search?q=%22RB+Leipzig%22+when%3A1d&hl=de&gl=DE&ceid=DE:de
2026-10-09 18:04:28,049 INFO S2 blacklist: RB Leipzig gegen die Eintracht: So sehen Sie das Topspiel li
2026-10-09 18:04:28,050 INFO S2 blacklist: Leipzig gegen Eintracht – das Duell der wackelnden Neustarts
2026-10-09 18:04:28,051 INFO S2 blacklist: Kuriose Absage: Spitzenspiel zwischen RB-Frauen und Magdebur
2026-10-09 18:04:28,133 INFO S3 keyword miss: Delice Boboy: Leistungsdaten & Statistik aller Saisons
2026-10-09 18:04:28,134 INFO S2 blacklist: Demichelis-Diskussionen! Was läuft da zwischen Leipzig und N
2026-10-09 18:04:28,135 INFO Feed: https://news.google.com/rss/search?q=%22VfB+Stuttgart%22+when%3A1d&hl=de&gl=DE&ceid=DE:de
2026-10-09 18:04:28,748 INFO S2 blacklist: 5. Spieltag: SC Paderborn 07 - VfB Stuttgart - VfB Stuttgart
2026-10-09 18:04:28,904 INFO S3 keyword miss: Offiziell: Nico González setzt Unterschrift
2026-10-09 18:04:28,907 INFO S2 blacklist: VFB Stuttgart: Stiller sieht Abgänge „völlig legitim“: Wie g
2026-10-09 18:04:28,907 INFO Feed: https://news.google.com/rss/search?q=%22Eintracht+Frankfurt%22+when%3A1d&hl=de&gl=DE&ceid=DE:de
2026-10-09 18:04:29,449 INFO S2 blacklist: Regionalliga Südwest - Aalen 4 - 1 FSV Frankfurt
2026-10-09 18:04:29,450 INFO Feed: https://news.google.com/rss/search?q=Gladbach+OR+%22Borussia+M%C3%B6nchengladbach%22+when%3A1d&hl=de&gl=DE&ceid=DE:de
2026-10-09 18:04:29,937 INFO S2 blacklist: Neuer Gladbach-Coach vor dem Derby: So hat Blessin die Lände
2026-10-09 18:04:30,024 INFO S3 keyword miss: Mit Frontalunterricht zum ersten Sieg?
2026-10-09 18:04:30,027 INFO Feed: https://news.google.com/rss/search?q=%22SC+Freiburg%22+when%3A1d&hl=de&gl=DE&ceid=DE:de
2026-10-09 18:04:30,496 INFO S2 blacklist: U19 und U17 gegen Topteams
2026-10-09 18:04:30,581 INFO S3 keyword miss: Conference League Spielplan
2026-10-09 18:04:30,587 INFO S2 blacklist: "Was erzählt einem dann Modric?": Freiburger auf Länderspiel
2026-10-09 18:04:30,588 INFO S2 blacklist: Freiburger Trio und DFB-Zukunft: Die größten Rating-Gewinner
2026-10-09 18:04:30,588 INFO S2 blacklist: SC Freiburg - FC Schalke 04 im Live-Stream und TV: Gehen die
2026-10-09 18:04:30,589 INFO Feed: https://news.google.com/rss/search?q=Hoffenheim+when%3A1d&hl=de&gl=DE&ceid=DE:de
2026-10-09 18:04:31,037 INFO S2 blacklist: 3. Liga: TSG-Markwert explodiert, Fortuna Düsseldorf stürzt 
2026-10-09 18:04:31,038 INFO S2 blacklist: "Wir sind nicht glücklich": TSG Hoffenheim-Coach Ilzer über 
2026-10-09 18:04:31,038 INFO Feed: https://news.google.com/rss/search?q=%22Mainz+05%22+when%3A1d&hl=de&gl=DE&ceid=DE:de
2026-10-09 18:04:31,474 INFO S2 blacklist: 1.FSV Mainz 05 U17
2026-10-09 18:04:31,474 INFO S2 blacklist: Regionalliga Südwest - Hessen Kassel 1 - 2 Mainz 05 II
2026-10-09 18:04:31,475 INFO S2 blacklist: Regionalliga Südwest - Mainz 05 II 0 - 1 1. FC K'Lautern II
2026-10-09 18:04:31,476 INFO S2 blacklist: 1.FSV Mainz 05 U19 - Spieler von A bis Z | Seite 64
2026-10-09 18:04:31,476 INFO S2 blacklist: 1.FSV Mainz 05 U19
2026-10-09 18:04:31,559 INFO S3 keyword miss: Kapitänsdialog: Bundesliga will Rudelbildungen konsequent ah
2026-10-09 18:04:31,559 INFO Feed: https://news.google.com/rss/search?q=%22FC+Augsburg%22+when%3A1d&hl=de&gl=DE&ceid=DE:de
2026-10-09 18:04:32,099 INFO Feed: https://news.google.com/rss/search?q=%22Union+Berlin%22+when%3A1d&hl=de&gl=DE&ceid=DE:de
2026-10-09 18:04:32,618 INFO S3 keyword miss: Was Bundesliga-Spielerinnen verdienen
2026-10-09 18:04:32,701 INFO S3 keyword miss: Lutz Hovest
2026-10-09 18:04:32,701 INFO Feed: https://news.google.com/rss/search?q=%22Werder+Bremen%22+when%3A1d&hl=de&gl=DE&ceid=DE:de
2026-10-09 18:04:33,336 INFO Feed: https://news.google.com/rss/search?q=HSV+OR+%22Hamburger+SV%22+when%3A1d&hl=de&gl=DE&ceid=DE:de
2026-10-09 18:04:33,931 INFO S2 blacklist: Hamburger SV - Kader im Detail 37/38 (Galerie) | Seite 6
2026-10-09 18:04:33,932 INFO S2 blacklist: Hoffenheim-Coach schimpft auf XXL-Länderspielpause
2026-10-09 18:04:33,933 INFO Feed: https://news.google.com/rss/search?q=%221.+FC+K%C3%B6ln%22+OR+%22FC+K%C3%B6ln%22+when%3A1d&hl=de&gl=DE&ceid=DE:de
2026-10-09 18:04:34,451 INFO Feed: https://news.google.com/rss/search?q=Schalke+when%3A1d&hl=de&gl=DE&ceid=DE:de
2026-10-09 18:04:35,039 INFO Feed: https://news.google.com/rss/search?q=Elversberg+when%3A1d&hl=de&gl=DE&ceid=DE:de
2026-10-09 18:04:35,520 INFO S3 keyword miss: Der In­ter­na­tio­na­li­sie­rer der SV El­vers­berg aus Wind
2026-10-09 18:04:35,524 INFO Feed: https://news.google.com/rss/search?q=%22SC+Paderborn%22+when%3A1d&hl=de&gl=DE&ceid=DE:de
2026-10-09 18:04:36,052 INFO S3 keyword miss: Alpin-Asse Aicher und Weidle-Winkelmann gegen mehr Rennen
2026-10-09 18:04:36,137 INFO S3 keyword miss: Smog in Singapur: Formel-1-Veranstalter meldet sich zu Wort
2026-10-09 18:04:36,222 INFO S3 keyword miss: Vor den Augen von Nowitzki: Tampa Bay holt ersten Sieg
2026-10-09 18:04:36,309 INFO S3 keyword miss: Afrikas Verbände unterstützen Infantino „einstimmig”
2026-10-09 18:04:36,393 INFO S3 keyword miss: Bericht: Ex-Profi Kroos will Trainerlehrgang absolvieren
2026-10-09 18:04:36,394 INFO Feed: https://www.transfermarkt.de/rss/news
2026-10-09 18:04:36,479 INFO Feed: https://www.waz.de/sport/fussball/rss
2026-10-09 18:04:36,953 INFO Feed: https://www.faz.net/rss/aktuell/sport/fussball/bundesliga/
2026-10-09 18:04:37,692 INFO Feed: https://bulinews.com/rss.xml
2026-10-09 18:04:38,248 INFO S2 blacklist: Confirmed 2. Bundesliga Lineups: Eintracht Braunschweig vs. 
2026-10-09 18:04:38,249 INFO S2 blacklist: Confirmed 2. Bundesliga Lineups: 1. FC Heidenheim vs. 1. FC 
2026-10-09 18:04:38,251 INFO S2 blacklist: 2. Bundesliga Preview: SV Darmstadt 98 vs Energie Cottbus
2026-10-09 18:04:38,252 INFO Feed: https://www.abendblatt.de/sport/rss
2026-10-09 18:04:38,745 INFO S3 keyword miss: FC St. Pauli atmet nach Krankheitswelle auf – knifflige Ents
2026-10-09 18:04:38,825 INFO S3 keyword miss: Patrick Lange beim Ironman auf Hawaii: Der letzte Höllenritt
2026-10-09 18:04:38,825 INFO Feed: https://www.merkur.de/sport/fc-bayern/rssfeed.rdf
2026-10-09 18:04:39,599 INFO Feed: https://www.eyefootball.com/rss_news_main.xml
2026-10-09 18:04:40,109 INFO Feed: https://www.ligaportal.at/international/deutsche-bundesliga?format=feed&type=rss
2026-10-09 18:04:42,650 INFO Feed: https://www.reddit.com/r/soccer/new.rss?limit=100
2026-10-09 18:04:43,817 INFO S3 keyword miss: BBC Sport attributing a Maresca quote to Arteta to claim he 
2026-10-09 18:04:43,945 INFO S3 keyword miss: Just hours after the PL charged Man City with 115 breaches o
2026-10-09 18:04:44,031 INFO S3 keyword miss: Embarrassing behaviour from a Newcastle fan who presses Sund
2026-10-09 18:04:44,116 INFO S3 keyword miss: Inside Manchester City turmoil after Premier League guilty v
2026-10-09 18:04:44,239 INFO S3 keyword miss: CAF offers 'unanimous and unconditional support' to Gianni I
2026-10-09 18:04:44,323 INFO S3 keyword miss: Valverde's miracle: the unprecedented recovery from a 3rd de
2026-10-09 18:04:44,491 INFO S3 keyword miss: Rui Pinto to remain under witness protection after U-turn by
2026-10-09 18:04:44,587 INFO S3 keyword miss: Carrick on City’s Charges “I’ve got my own questions about i
2026-10-09 18:04:44,588 INFO Feed: https://newsfeed.kicker.de/team/fc-bayern-muenchen
2026-10-09 18:04:44,776 INFO Feed: https://newsfeed.kicker.de/team/borussia-dortmund
2026-10-09 18:04:45,047 INFO Feed: https://newsfeed.kicker.de/team/rb-leipzig
2026-10-09 18:04:45,236 INFO Feed: https://newsfeed.kicker.de/team/bayer-04-leverkusen
2026-10-09 18:04:45,430 INFO Feed: https://newsfeed.kicker.de/team/vfb-stuttgart
2026-10-09 18:04:45,625 INFO Feed: https://newsfeed.kicker.de/team/eintracht-frankfurt
2026-10-09 18:04:45,811 INFO Feed: https://newsfeed.kicker.de/team/bor-moenchengladbach
2026-10-09 18:04:46,115 INFO Feed: https://newsfeed.kicker.de/team/sc-freiburg
2026-10-09 18:04:46,298 INFO Feed: https://newsfeed.kicker.de/team/tsg-hoffenheim
2026-10-09 18:04:46,661 INFO Feed: https://newsfeed.kicker.de/team/1-fsv-mainz-05
2026-10-09 18:04:46,865 INFO Feed: https://newsfeed.kicker.de/team/fc-augsburg
2026-10-09 18:04:47,064 INFO Feed: https://newsfeed.kicker.de/team/1-fc-union-berlin
2026-10-09 18:04:47,250 INFO Feed: https://newsfeed.kicker.de/team/werder-bremen
2026-10-09 18:04:47,435 INFO Feed: https://newsfeed.kicker.de/team/hamburger-sv
2026-10-09 18:04:47,696 INFO Feed: https://newsfeed.kicker.de/team/1-fc-koeln
2026-10-09 18:04:47,881 INFO Feed: https://newsfeed.kicker.de/team/fc-schalke-04
2026-10-09 18:04:48,067 INFO Feed: https://newsfeed.kicker.de/team/sv-elversberg
2026-10-09 18:04:48,268 INFO Feed: https://newsfeed.kicker.de/team/sc-paderborn-07
2026-10-09 18:04:48,482 INFO Feed: https://newsfeed.kicker.de/news/champions-league
2026-10-09 18:04:48,664 INFO Feed: ligainsider:themen
2026-10-09 18:04:49,361 INFO LigaInsider (Themenfinder): 0 Meldungen von 0 Vereinsseiten
2026-10-09 18:04:49,362 INFO Eingelesen: 110 Schlagzeilen nach den Gratis-Filtern
2026-10-09 18:04:51,253 INFO S5 kein Bundesliga-Spieler oder -Klub erkennbar: Sprint-Quali Singapur: Verstappen auf Pole, Enttäuschung für Antonelli
2026-10-09 18:04:51,254 INFO S5 kein Bundesliga-Spieler oder -Klub erkennbar: "Satan" Toto Wolff platzt der Kragen
2026-10-09 18:04:51,261 INFO S5 Sammelartikel: Bundesliga News: Bayern gastiert im Derby in Augsburg - Topspiel in Le
2026-10-09 18:04:51,279 INFO S5 kein Bundesliga-Spieler oder -Klub erkennbar: [Pablo Torre Finds Out] Adam Crafton discussing the Manchester City sc
2026-10-09 18:04:51,279 INFO S5: 99 neue Geschichten, 0 schon berichtet, 1 zu wartenden Geschichten ergänzt, 31 warten
2026-10-09 18:07:57,653 INFO S6 aussortiert (prio_1): Ausdruck "Schweine" nie gefallen: Schäfer und Pfannenstiel widersprech
2026-10-09 18:07:57,653 INFO S6 aussortiert (prio_0): Live hören: Borussia Dortmund gegen Werder Bremen - Bundesliga
2026-10-09 18:07:57,654 INFO S6 aussortiert (prio_1): Sie ist zehn Jahre alt - Bundesligist mit kurioser Serie
2026-10-09 18:07:57,654 INFO S6 aussortiert (prio_1): Vor Bundesliga-Spiel - Exklusive Einblicke in den Kompany-Knast
2026-10-09 18:07:57,654 INFO S6 aussortiert (prio_1): Kompany hat entschieden - Ungewöhnliche Bayern-Maßnahme vor Bundesliga
2026-10-09 18:07:57,654 INFO S6 aussortiert (prio_0): Real und Man City mit Kaderwert-Rekorden – FC Bayern rutscht einen Pla
2026-10-09 18:07:57,654 INFO S6 aussortiert (prio_0): Trendbarometer: Wer wird am Sonntag der neue Winterfavorit?
2026-10-09 18:07:57,655 INFO S6 aussortiert (prio_0): „Er versucht, Bayern München zu spielen“ – im deutschen Volleyball ent
2026-10-09 18:07:57,655 INFO S6 aussortiert (doppelt): FC Bayern München: Passt das mit Vuskovic?
2026-10-09 18:07:57,655 INFO S6 aussortiert (prio_0): Fußball Bundesliga: FC Bayern gegen Bochum - Übersicht über die Torjäg
2026-10-09 18:07:57,655 INFO S6 aussortiert (prio_0): Fußball Bundesliga: Hoffenheim gegen FC Bayern - Statistik: Torjäger -
2026-10-09 18:07:57,655 INFO S6 aussortiert (prio_0): Fußball Bundesliga: K'lautern gegen E. Frankfurt - Statistik: Zweikämp
2026-10-09 18:07:57,656 INFO S6 aussortiert (prio_1): BVB gegen Bremen live – das bewegt die Fans rund ums Stadion!
2026-10-09 18:07:57,656 INFO S6 aussortiert (prio_1): Werder Bremens Ex-Kapitän Max Kruse verkauft jetzt Eis bei Borussia Do
2026-10-09 18:07:57,656 INFO S6 aussortiert (prio_0): 1. FSV Mainz 05 - Bayer 04 Leverkusen
2026-10-09 18:07:57,656 INFO S6 aussortiert (doppelt): Mainz 05 vor Heimspiel gegen Leverkusen: Flanken im Fokus
2026-10-09 18:07:57,657 INFO S6 aussortiert (prio_0): RB Leipzig III
2026-10-09 18:07:57,657 INFO S6 aussortiert (prio_1): 14.10. – Champions League mit Borussia Dortmund und VFB Stuttgart
2026-10-09 18:07:57,657 INFO S6 aussortiert (prio_1): Champions League: Demirovic mit Dreierpack – Stuttgarts Schützenfest g
2026-10-09 18:07:57,657 INFO S6 aussortiert (prio_0): Fußball Bundesliga: Stuttgart gegen Wattenscheid - Statistik: Zweikämp
2026-10-09 18:07:57,657 INFO S6 aussortiert (prio_0): Fußball Bundesliga: Stuttgart gegen Duisburg - Übersicht über die Torj
2026-10-09 18:07:57,658 INFO S6 aussortiert (prio_0): Fußball Bundesliga: Braunschweig gegen Stuttgart - Statistik: Karten -
2026-10-09 18:07:57,658 INFO S6 aussortiert (prio_0): Fußball DFB-Pokal: Paderborn gegen Stuttgart - Übersicht über die Lauf
2026-10-09 18:07:57,658 INFO S6 aussortiert (prio_0): Fußball Bundesliga: Bochum gegen Stuttgart - Statistik: Torjäger - 18.
2026-10-09 18:07:57,658 INFO S6 aussortiert (prio_0): Offiziell: Ex-Stuttgarter Gonzalez verlängert bei Juve
2026-10-09 18:07:57,658 INFO S6 aussortiert (prio_1): Stuttgarter Nationalspieler Mittelstädt verkündet Baby-News
2026-10-09 18:07:57,658 INFO S6 aussortiert (prio_0): Hier läuft Leipzig gegen Frankfurt
2026-10-09 18:07:57,659 INFO S6 aussortiert (prio_0): Fußball Bundesliga: Werder gegen E. Frankfurt - Übersicht über die Lau
2026-10-09 18:07:57,659 INFO S6 aussortiert (prio_0): Fußball Bundesliga: M'gladbach gegen Stuttgart - Übersicht über die La
2026-10-09 18:07:57,659 INFO S6 aussortiert (prio_0): Borussia Mönchengladbach
2026-10-09 18:07:57,659 INFO S6 aussortiert (prio_1): Kölner Polizei bereitet sich auf Gladbach-Derby vor
2026-10-09 18:07:57,660 INFO S6 aussortiert (prio_0): Ein Glücksfall
2026-10-09 18:07:57,660 INFO S6 aussortiert (prio_0): DAZN-Meldung: So seht ihr den SC gegen Schalke 04
2026-10-09 18:07:57,660 INFO S6 aussortiert (prio_1): Vize-Weltmeister Masson für Freiburg: SCF komplettiert FC-27-Aufgebot
2026-10-09 18:07:57,660 INFO S6 aussortiert (prio_0): Alles Wichtige zum Schalke-Gastspiel in Freiburg
2026-10-09 18:07:57,660 INFO S6 aussortiert (doppelt): „Schalke-Pottcast“ vor dem Freiburg-Spiel: Wir blicken im Video auf di
2026-10-09 18:07:57,661 INFO S6 aussortiert (doppelt): Nächster Rückschlag für den HSV vor Hoffenheim-Spiel
2026-10-09 18:07:57,661 INFO S6 aussortiert (doppelt): Mainz 05 hofft gegen Leverkusen auf Party nach langer Pause
2026-10-09 18:07:57,661 INFO S6 aussortiert (prio_0): 1.FSV Mainz 05
2026-10-09 18:07:57,661 INFO S6 aussortiert (prio_0): FC Augsburg
2026-10-09 18:07:57,661 INFO S6 aussortiert (prio_0): 5. Spieltag: FC Augsburg - FC Bayern München - FC Bayern München - For
2026-10-09 18:07:57,661 INFO S6 aussortiert (prio_0): Bayern gegen Augsburg - da war doch was?
2026-10-09 18:07:57,662 INFO S6 aussortiert (prio_0): Überraschung möglich? Werder reist zum Bergischen HC
2026-10-09 18:07:57,662 INFO S6 aussortiert (prio_0): Fußball Bundesliga: Werder gegen Hannover - Statistik: Karten - 22. Sp
2026-10-09 18:07:57,662 INFO S6 aussortiert (prio_0): Fußball Bundesliga: Nürnberg gegen Werder - Ergebnisse - 1. Spieltag -
2026-10-09 18:07:57,662 INFO S6 aussortiert (prio_1): Fußball Bundesliga: Dortmund gegen Werder - Statistik: Laufleistung - 
2026-10-09 18:08:00,049 WARNING discarding data: None
2026-10-09 18:08:00,057 INFO S7 kein Volltext (trafilatura_returned_empty): Schlotterbeck und Co.: Entscheidung um angeschlagene BVB-Spi
2026-10-09 18:08:17,146 INFO S6.5 schon berichtet (Tabellenführer Dortmund empfängt Werder zum F): Angeschlagenes BVB‑Trio um Nico Schlotterbeck offenbar fit f
2026-10-09 18:08:27,519 INFO S6.5 schon berichtet (Leverkusen ohne Kofane, Einsatz von Maza offe): Star im Mannschaftstraining - Bayer-Hoffnung bei Maza für da
2026-10-09 18:08:33,531 INFO S6.5 schon berichtet (Paderborn empfängt Stuttgart: Duell auf Augen): Dennis Seimen startet in Paderborn erstmals als VfB-Nummer e
2026-10-09 18:08:34,324 INFO S7 kein Volltext (seite_zu_alt): Kompany über Musiala: „Rückschläge formen dich fürs Leben“
2026-10-09 18:08:34,324 INFO S7 zu wenig Stoff (0 Wörter aus 0 Quellen, Versuch 1/3): Kompany über Musiala: „Rückschläge formen dich fürs Leben“
2026-10-09 18:08:40,796 INFO S6.5 schon berichtet (Union vor Elversberg: Krattenmacher als Gefah): Union mit Rückkehrern und einem Fragezeichen gegen SVE – wei
2026-10-09 18:08:45,767 INFO S7 schreiben (Prio 3, 1 Quellen): Offiziell: Union-Hoffnungsträger fällt auch gegen Elversberg
2026-10-09 18:08:55,682 INFO   Kandidat: Union ohne Andrej Ilic gegen Elversberg, Latte Lath wackelt
2026-10-09 18:08:59,704 INFO S7 schreiben (Prio 3, 1 Quellen): Bitterer Ausfall beim HSV vor Auswärtsspiel in Hoffenheim
2026-10-09 18:09:10,533 INFO   Kandidat: HSV muss in Hoffenheim auf Zakaria El Ouahdi verzichten
2026-10-09 18:09:11,609 INFO S7 kein Volltext (too_short_56_words): Schalke-PK vor dem Freiburg-Spiel im Video Muslic über Sturm
2026-10-09 18:09:11,609 INFO S7 zu wenig Stoff (0 Wörter aus 0 Quellen, Versuch 2/3): Schalke-PK vor dem Freiburg-Spiel im Video Muslic über Sturm
2026-10-09 18:09:13,129 INFO S7 kein Volltext (too_short_57_words): Kann der HSV für das Hoffenheim-Spiel auf El Ouahdi setzen?
2026-10-09 18:09:13,130 INFO S7 zu wenig Stoff (0 Wörter aus 0 Quellen, Versuch 2/3): Kann der HSV für das Hoffenheim-Spiel auf El Ouahdi setzen?
2026-10-09 18:09:13,531 ERROR lxml parsing failed: Document is empty
2026-10-09 18:09:13,531 ERROR lxml parser bytestring Document is empty
2026-10-09 18:09:13,531 ERROR lxml parsing failed: Document is empty
2026-10-09 18:09:13,531 ERROR lxml parser bytestring Document is empty
2026-10-09 18:09:13,532 ERROR empty HTML tree: None
2026-10-09 18:09:13,532 WARNING discarding data: None
2026-10-09 18:09:13,533 INFO S7 kein Volltext (trafilatura_returned_empty): Neuhaus erhält unter Blessin neue Chance: Muss Fähigkeiten „
2026-10-09 18:09:13,533 INFO S7 zu wenig Stoff (0 Wörter aus 0 Quellen, Versuch 2/3): Neuhaus erhält unter Blessin neue Chance: Muss Fähigkeiten „
2026-10-09 18:09:13,944 ERROR lxml parsing failed: Document is empty
2026-10-09 18:09:13,944 ERROR lxml parser bytestring Document is empty
2026-10-09 18:09:13,944 ERROR lxml parsing failed: Document is empty
2026-10-09 18:09:13,944 ERROR lxml parser bytestring Document is empty
2026-10-09 18:09:13,944 ERROR empty HTML tree: None
2026-10-09 18:09:13,944 WARNING discarding data: None
2026-10-09 18:09:13,945 INFO S7 kein Volltext (trafilatura_returned_empty): Nwaneri: "Jobe hat mich dazu ermutigt" | Erste Worte als BVB
2026-10-09 18:09:13,945 INFO S7 zu wenig Stoff (0 Wörter aus 0 Quellen, Versuch 2/3): Nwaneri: "Jobe hat mich dazu ermutigt" | Erste Worte als BVB
2026-10-09 18:09:14,697 WARNING discarding data: None
2026-10-09 18:09:14,698 INFO S7 kein Volltext (trafilatura_returned_empty): Borussia Mönchengladbach: Setzt Blessin im Derby auf umstrit
2026-10-09 18:09:14,698 INFO S7 zu wenig Stoff (0 Wörter aus 0 Quellen, Versuch 2/3): Borussia Mönchengladbach: Setzt Blessin im Derby auf umstrit
2026-10-09 18:09:17,309 INFO S6.5 schon berichtet (Tabellenführer Dortmund empfängt Werder zum F): Heute live! Endlich wieder Bundesliga – hält die BVB-Serie g
2026-10-09 18:09:17,990 INFO S7 kein Volltext (too_short_76_words): Klarheit bei BVB-Quintett
2026-10-09 18:09:17,990 INFO S7 zu wenig Stoff (0 Wörter aus 0 Quellen, Versuch 3/3): Klarheit bei BVB-Quintett
2026-10-09 18:09:19,232 INFO S7 kein Volltext (too_short_56_words): Stuttgarts neue Nummer eins feiert ihr Debüt in ihrem Paderb
2026-10-09 18:09:19,232 INFO S7 zu wenig Stoff (0 Wörter aus 0 Quellen, Versuch 3/3): Stuttgarts neue Nummer eins feiert ihr Debüt in ihrem Paderb
2026-10-09 18:09:19,547 ERROR lxml parsing failed: Document is empty
2026-10-09 18:09:19,547 ERROR lxml parser bytestring Document is empty
2026-10-09 18:09:19,547 ERROR lxml parsing failed: Document is empty
2026-10-09 18:09:19,547 ERROR lxml parser bytestring Document is empty
2026-10-09 18:09:19,548 ERROR empty HTML tree: None
2026-10-09 18:09:19,548 WARNING discarding data: None
2026-10-09 18:09:19,549 INFO S7 kein Volltext (trafilatura_returned_empty): 3:2 nach 0:2 in der 89. Minute: Das wundersame Werder-Comeba
2026-10-09 18:09:19,549 INFO S7 zu wenig Stoff (0 Wörter aus 0 Quellen, Versuch 2/3): 3:2 nach 0:2 in der 89. Minute: Das wundersame Werder-Comeba
2026-10-09 18:09:20,418 INFO S7 kein Volltext (seite_zu_alt): RB-Aufstellung gegen Eintracht Frankfurt: Das Warten auf die
2026-10-09 18:09:20,418 INFO S7 zu wenig Stoff (0 Wörter aus 0 Quellen, Versuch 3/3): RB-Aufstellung gegen Eintracht Frankfurt: Das Warten auf die
2026-10-09 18:09:28,909 INFO S7 schreiben (Prio 3, 1 Quellen): FC Bayern München: Neuer Vertrag für Harry Kane? Jetzt spric
2026-10-09 18:09:36,738 INFO   Kandidat: Freund zu Kane: „Wir wollen unbedingt mit Harry verlängern“
2026-10-09 18:09:37,265 WARNING discarding data: None
2026-10-09 18:09:37,266 INFO S7 kein Volltext (trafilatura_returned_empty): Gladbachs neuer Coach gibt Neuhaus Perspektive: „Tür offen“
2026-10-09 18:09:42,397 INFO S6.5 schon berichtet (Gladbach unter Blessin: Viele Baustellen vor ): Gladbachs neuer Coach gibt Neuhaus Perspektive: „Tür offen“
2026-10-09 18:09:49,833 INFO S6.5 schon berichtet (Union ohne Andrej Ilic gegen Elversberg, Latt): Union noch ohne Sieg - Bringt ein schweizer Duo jetzt den Er
2026-10-09 18:09:53,350 INFO S6.5 schon berichtet (Schalke vor Freiburg: Karaman trotzt der Ausw): Drei heiße Schalke-Aufgaben - Jetzt muss Muslic liefern!
2026-10-09 18:10:02,965 INFO S6.5 schon berichtet (HSV muss in Hoffenheim auf Zakaria El Ouahdi ): Trotz Sperre - Vuskovic sorgt schon für Konkurrenzkampf
2026-10-09 18:10:03,419 INFO S7 kein Volltext (too_short_70_words): Nach der 0:6-Schmach - Hütters geheimer Rache-Plan für Leipz
2026-10-09 18:10:03,419 INFO S7 zu wenig Stoff (0 Wörter aus 0 Quellen, Versuch 2/3): Nach der 0:6-Schmach - Hütters geheimer Rache-Plan für Leipz
2026-10-09 18:10:03,982 WARNING discarding data: None
2026-10-09 18:10:03,983 INFO S7 kein Volltext (trafilatura_returned_empty): Borussia Dortmund kämpft mit Brighton um Transfer eines jung
2026-10-09 18:10:03,984 INFO S7 zu wenig Stoff (0 Wörter aus 0 Quellen, Versuch 1/3): Borussia Dortmund kämpft mit Brighton um Transfer eines jung
2026-10-09 18:10:13,190 INFO S6.5 schon berichtet (Union vor Elversberg: Krattenmacher als Gefah): Union Berlin: Mit Schweiz-Duo zum Erfolg?
2026-10-09 18:10:13,808 INFO S7 kein Volltext (too_short_15_words): ''Eine unfassbar coole Arbeit'' - Muslic lobt Freiburg & Sch
2026-10-09 18:10:13,809 INFO S7 zu wenig Stoff (0 Wörter aus 0 Quellen, Versuch 1/3): ''Eine unfassbar coole Arbeit'' - Muslic lobt Freiburg & Sch
2026-10-09 18:10:16,970 INFO S6.5 schon berichtet (Gladbach unter Blessin: Viele Baustellen vor ): „Die Tür ist offen“: Gladbach-Profi könnte unter Neu-Trainer
2026-10-09 18:10:19,934 INFO S6.5 schon berichtet (Gladbach in Köln: Blessin dürfte auf Dreierke): Aufstellung & System: So dürfte Blessin sein Gladbach-Deby i
2026-10-09 18:10:23,207 INFO S6.5 schon berichtet (Hoeneß über Jeltsch: „Ihm gehört die Zukunft“): Hoeneß über VfB-Juwel Jeltsch: "Frage der Zeit"
2026-10-09 18:10:27,887 INFO S6.5 schon berichtet (Mainz gegen Leverkusen: Zwei Offensivteams mi): Mainz 05 will gegen Le­ver­ku­sen ers­ten Saison-​Heimsieg
2026-10-09 18:10:28,531 INFO S7 kein Volltext (too_short_8_words): RB Leipzig gegen Eintracht Frankfurt: Schmidt, Demichelis un
2026-10-09 18:10:28,531 INFO S7 zu wenig Stoff (0 Wörter aus 0 Quellen, Versuch 1/3): RB Leipzig gegen Eintracht Frankfurt: Schmidt, Demichelis un
2026-10-09 18:10:34,661 INFO S6.5 schon berichtet (Leipzig gegen Frankfurt: Duell zweier Teams i): Fußball: Eintracht Frankfurt vor Leipzig mit Systemfrage
2026-10-09 18:10:35,202 ERROR lxml parsing failed: Document is empty
2026-10-09 18:10:35,202 ERROR lxml parser bytestring Document is empty
2026-10-09 18:10:35,202 ERROR lxml parsing failed: Document is empty
2026-10-09 18:10:35,202 ERROR lxml parser bytestring Document is empty
2026-10-09 18:10:35,202 ERROR empty HTML tree: None
2026-10-09 18:10:35,203 WARNING discarding data: None
2026-10-09 18:10:35,203 INFO S7 kein Volltext (trafilatura_returned_empty): Freiburgs Coach Schuster: "Von der Kabine her eine Top-Team"
2026-10-09 18:10:35,204 INFO S7 zu wenig Stoff (0 Wörter aus 0 Quellen, Versuch 1/3): Freiburgs Coach Schuster: "Von der Kabine her eine Top-Team"
2026-10-09 18:10:41,916 INFO S6.5 schon berichtet (HSV vor Hoffenheim: Stange könnte im Sturm ei): Duell der Foul-Könige: Wie ruppig wird das HSV-Spiel in Hoff
2026-10-09 18:10:45,243 INFO S6.5 schon berichtet (Leipzig gegen Frankfurt: Duell zweier Teams i): Eintracht Frankfurt vor Leipzig: Das erwartet die Eintracht
2026-10-09 18:10:49,940 INFO S6.5 schon berichtet (Leipzig: Demichelis nach schwachem Saisonstar): Neustart oder verschärfte Krise: RB Leipzig vor Frankfurt-Du
2026-10-09 18:10:51,154 INFO S7 kein Volltext (too_short_48_words): RB Leipzig: Der Trainer muss jetzt liefern
2026-10-09 18:10:51,154 INFO S7 zu wenig Stoff (0 Wörter aus 0 Quellen, Versuch 1/3): RB Leipzig: Der Trainer muss jetzt liefern
2026-10-09 18:10:51,671 INFO S7 kein Volltext (too_short_15_words): ''Die Stimmung ist immer gut'' - Muslic will Flow mit nach F
2026-10-09 18:10:51,672 INFO S7 zu wenig Stoff (0 Wörter aus 0 Quellen, Versuch 2/3): ''Die Stimmung ist immer gut'' - Muslic will Flow mit nach F
2026-10-09 18:10:52,369 INFO S7 kein Volltext (too_short_29_words): Vor dem Auswärtsspiel in Hoffenheim: Der HSV im Aufwind?
2026-10-09 18:10:52,369 INFO S7 zu wenig Stoff (0 Wörter aus 0 Quellen, Versuch 2/3): Vor dem Auswärtsspiel in Hoffenheim: Der HSV im Aufwind?
2026-10-09 18:10:53,113 INFO S7 kein Volltext (too_short_8_words): RB Leipzig: Kommt die intensivste Saisonphase genau zur rich
2026-10-09 18:10:53,113 INFO S7 zu wenig Stoff (0 Wörter aus 0 Quellen, Versuch 2/3): RB Leipzig: Kommt die intensivste Saisonphase genau zur rich
2026-10-09 18:10:53,457 ERROR lxml parsing failed: Document is empty
2026-10-09 18:10:53,457 ERROR lxml parser bytestring Document is empty
2026-10-09 18:10:53,457 ERROR lxml parsing failed: Document is empty
2026-10-09 18:10:53,458 ERROR lxml parser bytestring Document is empty
2026-10-09 18:10:53,458 ERROR empty HTML tree: None
2026-10-09 18:10:53,458 WARNING discarding data: None
2026-10-09 18:10:53,459 INFO S7 kein Volltext (trafilatura_returned_empty): Blessin vor dem Rheinderby: "Wahnsinniges Vertrauen in die J
2026-10-09 18:10:53,459 INFO S7 zu wenig Stoff (0 Wörter aus 0 Quellen, Versuch 2/3): Blessin vor dem Rheinderby: "Wahnsinniges Vertrauen in die J
2026-10-09 18:10:54,520 INFO S7 kein Volltext (likely_paywall): Eintracht-Neuzugang galt als zu nett: Eine ungewöhnliche Maß
2026-10-09 18:10:54,520 INFO S7 zu wenig Stoff (0 Wörter aus 0 Quellen, Versuch 1/3): Eintracht-Neuzugang galt als zu nett: Eine ungewöhnliche Maß
2026-10-09 18:10:54,576 ERROR lxml parsing failed: Document is empty
2026-10-09 18:10:54,577 ERROR lxml parser bytestring Document is empty
2026-10-09 18:10:54,577 ERROR lxml parsing failed: Document is empty
2026-10-09 18:10:54,577 ERROR lxml parser bytestring Document is empty
2026-10-09 18:10:54,577 ERROR empty HTML tree: None
2026-10-09 18:10:54,577 WARNING discarding data: None
2026-10-09 18:10:54,578 INFO S7 kein Volltext (trafilatura_returned_empty): "Den Mut habe ich": Wird Uno Blessins Überraschungsfaktor fü
2026-10-09 18:10:54,578 INFO S7 zu wenig Stoff (0 Wörter aus 0 Quellen, Versuch 2/3): "Den Mut habe ich": Wird Uno Blessins Überraschungsfaktor fü
2026-10-09 18:10:55,812 INFO S7 kein Volltext (too_short_78_words): SV Elversberg zu Gast bei Union Berlin
2026-10-09 18:10:55,812 INFO S7 zu wenig Stoff (0 Wörter aus 0 Quellen, Versuch 2/3): SV Elversberg zu Gast bei Union Berlin
2026-10-09 18:10:56,576 WARNING discarding data: None
2026-10-09 18:10:56,577 INFO S7 kein Volltext (trafilatura_returned_empty): Setzt Gladbach im Derby auf umstrittenen Profi?
2026-10-09 18:10:56,577 INFO S7 zu wenig Stoff (0 Wörter aus 0 Quellen, Versuch 1/3): Setzt Gladbach im Derby auf umstrittenen Profi?
2026-10-09 18:10:59,322 INFO S6.5 schon berichtet (Paderborn empfängt Stuttgart: Duell auf Augen): VfB droht der Absturz auf die Abstiegsplätze: Sieg-Pflicht f
2026-10-09 18:11:00,056 INFO S7 kein Volltext (too_short_8_words): Diese Probleme muss Blessin bei Schlusslicht Gladbach lösen
2026-10-09 18:11:00,057 INFO S7 zu wenig Stoff (0 Wörter aus 0 Quellen, Versuch 2/3): Diese Probleme muss Blessin bei Schlusslicht Gladbach lösen
2026-10-09 18:11:00,417 ERROR lxml parsing failed: Document is empty
2026-10-09 18:11:00,417 ERROR lxml parser bytestring Document is empty
2026-10-09 18:11:00,418 ERROR lxml parsing failed: Document is empty
2026-10-09 18:11:00,418 ERROR lxml parser bytestring Document is empty
2026-10-09 18:11:00,418 ERROR empty HTML tree: None
2026-10-09 18:11:00,418 WARNING discarding data: None
2026-10-09 18:11:00,419 INFO S7 kein Volltext (trafilatura_returned_empty): Muslic verärgert und hoffnungsvoll: Sylla soll die Sturmflau
2026-10-09 18:11:00,419 INFO S7 zu wenig Stoff (0 Wörter aus 0 Quellen, Versuch 2/3): Muslic verärgert und hoffnungsvoll: Sylla soll die Sturmflau
2026-10-09 18:11:03,387 INFO S6.5 schon berichtet (Freiburgs Beste warnt vor Schalkes Ruhrpott-M): „Kompliment“: Schuster warnt vor Schalker Leidenschaft
2026-10-09 18:11:03,445 ERROR lxml parsing failed: Document is empty
2026-10-09 18:11:03,446 ERROR lxml parser bytestring Document is empty
2026-10-09 18:11:03,446 ERROR lxml parsing failed: Document is empty
2026-10-09 18:11:03,446 ERROR lxml parser bytestring Document is empty
2026-10-09 18:11:03,446 ERROR empty HTML tree: None
2026-10-09 18:11:03,446 WARNING discarding data: None
2026-10-09 18:11:03,447 INFO S7 kein Volltext (trafilatura_returned_empty): Wagner spürt die Skepsis: "Es ist schwer, das nicht wahrzune
2026-10-09 18:11:03,447 INFO S7 zu wenig Stoff (0 Wörter aus 0 Quellen, Versuch 2/3): Wagner spürt die Skepsis: "Es ist schwer, das nicht wahrzune
2026-10-09 18:11:04,404 INFO S7 kein Volltext (too_short_27_words): Muslic kritisiert Ayhans geringe Türkei-Spielzeit: Auf Schal
2026-10-09 18:11:04,404 INFO S7 zu wenig Stoff (0 Wörter aus 0 Quellen, Versuch 3/3): Muslic kritisiert Ayhans geringe Türkei-Spielzeit: Auf Schal
2026-10-09 18:11:04,959 WARNING discarding data: None
2026-10-09 18:11:04,960 INFO S7 kein Volltext (trafilatura_returned_empty): Werder-Star äußert sich zu Abschieds-Gerüchten
2026-10-09 18:11:04,960 INFO S7 zu wenig Stoff (0 Wörter aus 0 Quellen, Versuch 1/3): Werder-Star äußert sich zu Abschieds-Gerüchten
2026-10-09 18:11:22,613 INFO S6.5 schon berichtet (Kemlein vor Elversberg: „Neue Chance, um dies): Druck auf Unions Lustrinelli? Energie fließt woanders hin
2026-10-09 18:11:23,159 ERROR parsed tree length: 0, wrong data type or not valid HTML
2026-10-09 18:11:23,159 ERROR parsed tree length: 0, wrong data type or not valid HTML
2026-10-09 18:11:23,160 ERROR empty HTML tree: None
2026-10-09 18:11:23,160 WARNING discarding data: None
2026-10-09 18:11:23,160 INFO S7 kein Volltext (trafilatura_returned_empty): Kann Rieder die Bayern erneut ärgern?
2026-10-09 18:11:23,161 INFO S7 zu wenig Stoff (0 Wörter aus 0 Quellen, Versuch 1/3): Kann Rieder die Bayern erneut ärgern?
2026-10-09 18:11:24,582 INFO S7 kein Volltext (likely_paywall): Schalke vor Auswärtsspiel in Freiburg: Muslic erwartet „meis
2026-10-09 18:11:24,582 INFO S7 zu wenig Stoff (0 Wörter aus 0 Quellen, Versuch 3/3): Schalke vor Auswärtsspiel in Freiburg: Muslic erwartet „meis
2026-10-09 18:11:32,070 INFO S6.5 schon berichtet (Augsburgs Baum fordert gegen Bayern: „Wie ein): Lässt der FC Bayern in Augsburg Federn?
2026-10-09 18:11:33,119 INFO S7 kein Volltext (likely_paywall): Angst vor BVB‑Meisterschaft? Kompany erinnert plötzlich an L
2026-10-09 18:11:33,120 INFO S7 zu wenig Stoff (0 Wörter aus 0 Quellen, Versuch 3/3): Angst vor BVB‑Meisterschaft? Kompany erinnert plötzlich an L
2026-10-09 18:11:34,502 INFO S7 kein Volltext (too_short_57_words): Heißer Herbst für den HSV: Jetzt muss nicht nur Vieira liefe
2026-10-09 18:11:34,502 INFO S7 zu wenig Stoff (0 Wörter aus 0 Quellen, Versuch 3/3): Heißer Herbst für den HSV: Jetzt muss nicht nur Vieira liefe
2026-10-09 18:11:35,591 INFO S7 kein Volltext (likely_paywall): RB Leipzig vor dem Eintracht-Duell – Demichelis unter Druck,
2026-10-09 18:11:35,591 INFO S7 zu wenig Stoff (0 Wörter aus 0 Quellen, Versuch 3/3): RB Leipzig vor dem Eintracht-Duell – Demichelis unter Druck,
2026-10-09 18:11:36,317 INFO S7 kein Volltext (too_short_73_words): HSV: Vuskovic macht schon Druck – Obwohl er gar nicht spiele
2026-10-09 18:11:36,317 INFO S7 zu wenig Stoff (0 Wörter aus 0 Quellen, Versuch 2/3): HSV: Vuskovic macht schon Druck – Obwohl er gar nicht spiele
2026-10-09 18:11:37,542 INFO S7 kein Volltext (likely_paywall): Kompany discusses potential rotation as Augsburg clash marks
2026-10-09 18:11:37,542 INFO S7 zu wenig Stoff (0 Wörter aus 0 Quellen, Versuch 3/3): Kompany discusses potential rotation as Augsburg clash marks
2026-10-09 18:11:38,058 WARNING discarding data: None
2026-10-09 18:11:38,059 INFO S7 kein Volltext (trafilatura_returned_empty): Wie Augsburgs Behrens gegen Bayern-Star Olise auftreten will
2026-10-09 18:11:38,059 INFO S7 zu wenig Stoff (0 Wörter aus 0 Quellen, Versuch 3/3): Wie Augsburgs Behrens gegen Bayern-Star Olise auftreten will
2026-10-09 18:11:38,591 INFO S7 kein Volltext (too_short_37_words): Hoffenheimer Probleme trotz vier Millionentransfers – kann d
2026-10-09 18:11:38,592 INFO S7 zu wenig Stoff (0 Wörter aus 0 Quellen, Versuch 3/3): Hoffenheimer Probleme trotz vier Millionentransfers – kann d
2026-10-09 18:11:52,845 INFO S7 schreiben (Prio 2, 1 Quellen): Bayern spürt bei Olise „keinen Druck“
2026-10-09 18:12:01,346 INFO   Kandidat: Freund zu Olise: „Es gibt keinen Zeitdruck“
2026-10-09 18:12:01,853 ERROR lxml parsing failed: Document is empty
2026-10-09 18:12:01,854 ERROR lxml parser bytestring Document is empty
2026-10-09 18:12:01,854 ERROR lxml parsing failed: Document is empty
2026-10-09 18:12:01,854 ERROR lxml parser bytestring Document is empty
2026-10-09 18:12:01,854 ERROR empty HTML tree: None
2026-10-09 18:12:01,854 WARNING discarding data: None
2026-10-09 18:12:01,855 INFO S7 kein Volltext (trafilatura_returned_empty): Kompany zu City-Vorwürfen: "Stehe hinter den Leistungen" | F
2026-10-09 18:12:01,855 INFO S7 zu wenig Stoff (0 Wörter aus 0 Quellen, Versuch 2/3): Kompany zu City-Vorwürfen: "Stehe hinter den Leistungen" | F
2026-10-09 18:12:02,609 INFO S7 kein Volltext (fetch_failed_SSLError): Bayern gegen Augsburg - da war doch was?
2026-10-09 18:12:02,609 INFO S7 zu wenig Stoff (0 Wörter aus 0 Quellen, Versuch 2/3): Bayern gegen Augsburg - da war doch was?
2026-10-09 18:12:07,732 INFO S6.5 schon berichtet (Werder: Thioune benennt Stage und Lynen als S): Werder-Trainer Thioune kritisiert Rangnicks Umgang mit ÖFB-T
2026-10-09 18:12:17,297 INFO S6.5 schon berichtet (Beier nach Klopp-Gespräch: „Ich kann es ihm s): Beier im System von Kovac nur „Lückenfüller“? Ex-DFB-Stürmer
2026-10-09 18:12:17,318 INFO FinalCheck SKIP: bayern/{'vincent kompany', 'christoph freund', 'harry kane'} stage=vertrag bereits in Archiv
2026-10-09 18:12:17,322 INFO FinalCheck SKIP: bayern/{'michael olise', 'christoph freund'} stage=vertrag bereits in Archiv
2026-10-09 18:12:17,322 INFO S9.5 FinalCheck: 2/4 durch
2026-10-09 18:12:18,552 INFO Veröffentlicht: Union ohne Andrej Ilic gegen Elversberg, Latte Lath wackelt
2026-10-09 18:12:18,665 INFO Veröffentlicht: HSV muss in Hoffenheim auf Zakaria El Ouahdi verzichten
2026-10-09 18:12:18,726 INFO Reddit: Keine Credentials – übersprungen
2026-10-09 18:12:18,727 INFO Reddit: Keine Credentials – übersprungen
2026-10-09 18:12:18,727 INFO 💶 Kosten: dieser Lauf 0.000 $ (Budget 0.101 $) | heute 0.00 $ | Monat 0.72 / 23 $ | konferenz (abo) 2× 0.000 $, dublette (abo) 47× 0.000 $, schreiben (abo) 4× 0.000 $
2026-10-09 18:12:18,728 INFO 🎫 Abo-Verbrauch: 101,065 Tokens rein (davon Cache gelesen 3,825), 28,067 raus, API-Gegenwert 0.55 $ | konferenz 2×: 10,775/19,764, dublette 47×: 64,352/3,633, schreiben 4×: 25,938/4,670
2026-10-09 18:12:18,791 INFO Feeds: 60/60 begonnen, nächster Lauf startet bei Nr. 0
2026-10-09 18:12:18,791 INFO URL-Cache gespeichert: 31130 URLs
2026-10-09 18:12:18,791 INFO === Fertig. 2 neue Artikel. feed.json: 1504 ===
2026-10-09 18:12:18,792 INFO Stats: {"ts": "20261009_1803", "ingested": 200, "s2_pre_filter": 55, "s3_relevance": 32, "s4_dedup_early": 0, "gesammelt": 110, "geschichten_neu": 99, "s5_archiv_doppelt": 0, "s5_zusammengefuehrt": 1, "s6_aussortiert": 46, "s7_geschrieben": 4, "s7_verworfen": 24, "s5_fulltext_fail": 40, "s8_qa_rejected": 2, "published": 2, "s5_ohne_bezug": 3, "s5_randthema": 1, "kosten": {"lauf_usd": 0.0, "lauf_budget_usd": 0.1013, "heute_usd": 0.0, "monat_usd": 0.7196, "monatsbudget_usd": 23.0, "aufrufe": {"konferenz (abo)": {"anzahl": 2, "usd": 0.0}, "dublette (abo)": {"anzahl": 47, "usd": 0.0}, "schreiben (abo)": {"anzahl": 4, "usd": 0.0}}, "guthaben_leer": false, "abo": true, "abo_tokens": {"konferenz": {"aufrufe": 2, "ein": 3359, "cache_schreiben": 7416, "cache_lesen": 0, "aus": 19764, "api_wert_usd": 0.117}, "dublette": {"aufrufe": 47, "ein": 94, "cache_schreiben": 64258, "cache_lesen": 0, "aus": 3633, "api_wert_usd": 0.2941}, "schreiben": {"aufrufe": 4, "ein": 8, "cache_schreiben": 22105, "cache_lesen": 3825, "aus": 4670, "api_wert_usd": 0.1359}}}}
