2026-10-09 01:03:10,520 INFO 💶 Budget: dieser Lauf 0.098 $ | heute 0.00 $ | Monat 0.72 / 23 $
2026-10-09 01:03:11,083 INFO URL-Cache geladen: 29498 bekannte URLs (letzte 30 Tage)
2026-10-09 01:03:11,084 INFO === Ligaoutsider Generator startet – max. 50 Artikel ===
2026-10-09 01:03:11,084 INFO Feed: https://newsfeed.kicker.de/news/bundesliga
2026-10-09 01:03:11,383 INFO Feed: https://www.sportschau.de/fussball/bundesliga/index~rss2.xml
2026-10-09 01:03:12,048 INFO Feed: https://sportbild.bild.de/feed/sportbild-home.xml
2026-10-09 01:03:12,643 INFO Feed: https://www.bild.de/rss-feeds/rss-16725492,feed=fussball-mix.bild.html
2026-10-09 01:03:13,239 INFO BL-Spielerliste geladen: 1002 Namen
2026-10-09 01:03:13,272 INFO Feed: https://www.11freunde.de/feed
2026-10-09 01:03:14,642 INFO S2 blacklist: Regionalliga Bayern vor dem Aus: „Aufstieg? Das passt nicht 
2026-10-09 01:03:14,643 INFO Feed: https://www.bundesliga.com/de/bundesliga/news.rss
2026-10-09 01:03:15,587 INFO Feed: https://news.google.com/rss/topics/CAAqJggKIiBDQkFTRWdvSUwyMHZNRFp1ZEdvU0FtUmxHZ0pFUlNnQVAB?hl=de&gl=DE&ceid=DE:de
2026-10-09 01:03:15,910 INFO S3 keyword miss: Gefälschte Covid-Zertifikate: 150.000 Schweizer Franken Geld
2026-10-09 01:03:16,017 INFO S3 keyword miss: Finanzbericht: Red Bull zahlte Horner mehr als 118 Millionen
2026-10-09 01:03:16,139 INFO S3 keyword miss: „Spygate“-Affäre: Bewährungsstrafe für Southamptons Eckert –
2026-10-09 01:03:16,261 INFO S3 keyword miss: Freie Fahrt für Moskau: So arbeitet das IOC an Russlands Rüc
2026-10-09 01:03:16,293 INFO S2 blacklist: Sportökonom will Revolution: Schreyer über Fußball der Fraue
2026-10-09 01:03:16,293 INFO Feed: https://news.google.com/rss/search?q=Bundesliga+Testspiel+Ergebnis&hl=de&gl=DE&ceid=DE:de
2026-10-09 01:03:16,667 INFO Feed: https://news.google.com/rss/search?q=Bundesliga+Vorbereitung+Sommertour&hl=de&gl=DE&ceid=DE:de
2026-10-09 01:03:16,977 INFO Feed: https://news.google.com/rss/search?q=Bundesliga+Verletzung+Ausfall+gesperrt&hl=de&gl=DE&ceid=DE:de
2026-10-09 01:03:17,405 INFO Feed: https://news.google.com/rss/search?q=Bundesliga+Transfer+Wechsel+verpflichtet&hl=de&gl=DE&ceid=DE:de
2026-10-09 01:03:17,793 INFO Feed: https://news.google.com/rss/search?q=Bundesliga+Gerücht+Interesse+Angebot&hl=de&gl=DE&ceid=DE:de
2026-10-09 01:03:18,217 INFO Feed: https://news.google.com/rss/search?q=Bundesliga+Vertrag+verlängert+ablösefrei&hl=de&gl=DE&ceid=DE:de
2026-10-09 01:03:18,716 INFO Feed: https://news.google.com/rss/search?q=%22FC+Bayern%22+OR+%22Bayern+M%C3%BCnchen%22+when%3A1d&hl=de&gl=DE&ceid=DE:de
2026-10-09 01:03:19,252 INFO S2 blacklist: FC Bayern gegen Virtus Bologna Spielbericht
2026-10-09 01:03:19,255 INFO S2 blacklist: 5. Spieltag: FC Augsburg - FC Bayern München - FC Augsburg -
2026-10-09 01:03:19,286 INFO Feed: https://news.google.com/rss/search?q=BVB+OR+%22Borussia+Dortmund%22+when%3A1d&hl=de&gl=DE&ceid=DE:de
2026-10-09 01:03:19,882 INFO Feed: https://news.google.com/rss/search?q=%22Bayer+Leverkusen%22+OR+%22Bayer+04%22+when%3A1d&hl=de&gl=DE&ceid=DE:de
2026-10-09 01:03:20,375 INFO S2 blacklist: Fußball-Vereine Frauen Freundschaftsspiele
2026-10-09 01:03:20,375 INFO Feed: https://news.google.com/rss/search?q=%22RB+Leipzig%22+when%3A1d&hl=de&gl=DE&ceid=DE:de
2026-10-09 01:03:21,019 INFO S3 keyword miss: Plötzlich Champions League: Der Plan von Fußball-Zwerg Como 
2026-10-09 01:03:21,097 INFO S3 keyword miss: Anders als Klopp: Schmidt stellte sich bei RBL-Mitarbeitern 
2026-10-09 01:03:21,098 INFO S2 blacklist: Kommt es zum Hammer-Comeback? Julian Nagelsmann offenbar nic
2026-10-09 01:03:21,098 INFO Feed: https://news.google.com/rss/search?q=%22VfB+Stuttgart%22+when%3A1d&hl=de&gl=DE&ceid=DE:de
2026-10-09 01:03:21,798 INFO Feed: https://news.google.com/rss/search?q=%22Eintracht+Frankfurt%22+when%3A1d&hl=de&gl=DE&ceid=DE:de
2026-10-09 01:03:22,535 INFO S3 keyword miss: Dilemma der DFB-Stürmer? Hütter "glücklich, Optionen zu habe
2026-10-09 01:03:22,618 INFO S3 keyword miss: Selbstkritik beim Sportvorstand: Krösche räumt Fehler bei Ri
2026-10-09 01:03:22,618 INFO Feed: https://news.google.com/rss/search?q=Gladbach+OR+%22Borussia+M%C3%B6nchengladbach%22+when%3A1d&hl=de&gl=DE&ceid=DE:de
2026-10-09 01:03:23,313 INFO Feed: https://news.google.com/rss/search?q=%22SC+Freiburg%22+when%3A1d&hl=de&gl=DE&ceid=DE:de
2026-10-09 01:03:23,744 INFO S3 keyword miss: Newsblog: Bührer im Tippkönig: "Hamsterrad hat sich schnell 
2026-10-09 01:03:23,744 INFO Feed: https://news.google.com/rss/search?q=Hoffenheim+when%3A1d&hl=de&gl=DE&ceid=DE:de
2026-10-09 01:03:24,169 INFO Feed: https://news.google.com/rss/search?q=%22Mainz+05%22+when%3A1d&hl=de&gl=DE&ceid=DE:de
2026-10-09 01:03:24,676 INFO S3 keyword miss: «In Deutschland darf man eher Sachen ansprechen, ohne dass j
2026-10-09 01:03:24,750 INFO S3 keyword miss: Slobodan Sujica
2026-10-09 01:03:24,830 INFO S3 keyword miss: Maresca: „Wir verstehen den Wirbel, aber bleiben auf den Fuß
2026-10-09 01:03:24,831 INFO Feed: https://news.google.com/rss/search?q=%22FC+Augsburg%22+when%3A1d&hl=de&gl=DE&ceid=DE:de
2026-10-09 01:03:25,209 INFO Feed: https://news.google.com/rss/search?q=%22Union+Berlin%22+when%3A1d&hl=de&gl=DE&ceid=DE:de
2026-10-09 01:03:25,654 INFO Feed: https://news.google.com/rss/search?q=%22Werder+Bremen%22+when%3A1d&hl=de&gl=DE&ceid=DE:de
2026-10-09 01:03:26,163 INFO S2 blacklist: SV Werder Bremen U19
2026-10-09 01:03:26,164 INFO S2 blacklist: Füllkrug? „Schielt mit beiden Augen Richtung Nationalmannsch
2026-10-09 01:03:26,204 INFO Feed: https://news.google.com/rss/search?q=HSV+OR+%22Hamburger+SV%22+when%3A1d&hl=de&gl=DE&ceid=DE:de
2026-10-09 01:03:26,619 INFO Feed: https://news.google.com/rss/search?q=%221.+FC+K%C3%B6ln%22+OR+%22FC+K%C3%B6ln%22+when%3A1d&hl=de&gl=DE&ceid=DE:de
2026-10-09 01:03:27,038 INFO S2 blacklist: Ljubicic bekommt besonderes Geschenk vom Ex-Klub Schalke hof
2026-10-09 01:03:27,112 INFO S3 keyword miss: Lilith Schmidt: Leistungsdaten & Statistik aller Saisons
2026-10-09 01:03:27,113 INFO Feed: https://news.google.com/rss/search?q=Schalke+when%3A1d&hl=de&gl=DE&ceid=DE:de
2026-10-09 01:03:27,564 INFO Feed: https://news.google.com/rss/search?q=Elversberg+when%3A1d&hl=de&gl=DE&ceid=DE:de
2026-10-09 01:03:27,919 INFO Feed: https://news.google.com/rss/search?q=%22SC+Paderborn%22+when%3A1d&hl=de&gl=DE&ceid=DE:de
2026-10-09 01:03:28,343 INFO S2 blacklist: Spielinfo | SC Paderborn 07 II - Rot-Weiß Oberhausen : | 28.
2026-10-09 01:03:28,415 INFO S3 keyword miss: Marvin Wolff
2026-10-09 01:03:28,417 INFO Feed: https://www.transfermarkt.de/rss/news
2026-10-09 01:03:28,470 INFO Feed: https://www.waz.de/sport/fussball/rss
2026-10-09 01:03:29,153 INFO Feed: https://www.faz.net/rss/aktuell/sport/fussball/bundesliga/
2026-10-09 01:03:30,087 INFO Feed: https://bulinews.com/rss.xml
2026-10-09 01:03:30,611 INFO Feed: https://www.abendblatt.de/sport/rss
2026-10-09 01:03:31,003 INFO Feed: https://www.merkur.de/sport/fc-bayern/rssfeed.rdf
2026-10-09 01:03:31,928 INFO Feed: https://www.eyefootball.com/rss_news_main.xml
2026-10-09 01:03:32,689 INFO Feed: https://www.ligaportal.at/international/deutsche-bundesliga?format=feed&type=rss
2026-10-09 01:03:35,263 INFO Feed: https://www.reddit.com/r/soccer/new.rss?limit=100
2026-10-09 01:03:36,290 INFO S3 keyword miss: Premier League: Swindon Town manager Ian Holloway says he wo
2026-10-09 01:03:36,367 INFO S3 keyword miss: 11 years ago today, Shane Long scored the winner to stun wor
2026-10-09 01:03:36,494 INFO S3 keyword miss: Lamine Yamal: “I was suspended with the youth team. When I r
2026-10-09 01:03:36,632 INFO S3 keyword miss: Zambian forward Racheal Kundananji has been traded from Bay 
2026-10-09 01:03:36,633 INFO Feed: https://newsfeed.kicker.de/team/fc-bayern-muenchen
2026-10-09 01:03:36,862 INFO Feed: https://newsfeed.kicker.de/team/borussia-dortmund
2026-10-09 01:03:37,084 INFO Feed: https://newsfeed.kicker.de/team/rb-leipzig
2026-10-09 01:03:37,307 INFO Feed: https://newsfeed.kicker.de/team/bayer-04-leverkusen
2026-10-09 01:03:37,534 INFO Feed: https://newsfeed.kicker.de/team/vfb-stuttgart
2026-10-09 01:03:37,611 INFO Feed: https://newsfeed.kicker.de/team/eintracht-frankfurt
2026-10-09 01:03:37,839 INFO Feed: https://newsfeed.kicker.de/team/bor-moenchengladbach
2026-10-09 01:03:37,908 INFO Feed: https://newsfeed.kicker.de/team/sc-freiburg
2026-10-09 01:03:38,133 INFO Feed: https://newsfeed.kicker.de/team/tsg-hoffenheim
2026-10-09 01:03:38,358 INFO Feed: https://newsfeed.kicker.de/team/1-fsv-mainz-05
2026-10-09 01:03:38,589 INFO Feed: https://newsfeed.kicker.de/team/fc-augsburg
2026-10-09 01:03:38,816 INFO Feed: https://newsfeed.kicker.de/team/1-fc-union-berlin
2026-10-09 01:03:39,038 INFO Feed: https://newsfeed.kicker.de/team/werder-bremen
2026-10-09 01:03:39,260 INFO Feed: https://newsfeed.kicker.de/team/hamburger-sv
2026-10-09 01:03:39,485 INFO Feed: https://newsfeed.kicker.de/team/1-fc-koeln
2026-10-09 01:03:39,811 INFO Feed: https://newsfeed.kicker.de/team/fc-schalke-04
2026-10-09 01:03:40,042 INFO Feed: https://newsfeed.kicker.de/team/sv-elversberg
2026-10-09 01:03:40,491 INFO Feed: https://newsfeed.kicker.de/team/sc-paderborn-07
2026-10-09 01:03:40,725 INFO Feed: https://newsfeed.kicker.de/news/champions-league
2026-10-09 01:03:40,946 INFO Feed: ligainsider:themen
2026-10-09 01:04:04,708 INFO LigaInsider (Themenfinder): 140 Meldungen von 18 Vereinsseiten
2026-10-09 01:04:04,709 INFO Eingelesen: 36 Schlagzeilen nach den Gratis-Filtern
2026-10-09 01:04:06,110 INFO S5 kein Bundesliga-Spieler oder -Klub erkennbar: Er schickte ihm ein Paket - Messi überrascht Bundesliga-Star
2026-10-09 01:04:06,116 INFO S5 Randthema: Fußball-Bundesliga: SC Freiburg meldet Rekordumsatz
2026-10-09 01:04:06,116 INFO S5 Randthema: Freiburg verzeichnet Rekordumsatz
2026-10-09 01:04:06,117 INFO S5 kein Bundesliga-Spieler oder -Klub erkennbar: Fußball-Bundesliga: Füllkrugs besondere Rückkehr: „Bestes Jahr meiner 
2026-10-09 01:04:06,119 INFO S5 kein Bundesliga-Spieler oder -Klub erkennbar: United States to host Copa América again in 2028 after all South Ameri
2026-10-09 01:04:06,120 INFO S5: 30 neue Geschichten, 0 schon berichtet, 0 zu wartenden Geschichten ergänzt, 22 warten
2026-10-09 01:05:29,806 INFO S6 aussortiert (doppelt): Borussia Mönchengladbach: Crashkurs für Blessins Spätstarter
2026-10-09 01:05:29,806 INFO S6 aussortiert (prio_0): Highlights von Bayern München - Virtus Bologna
2026-10-09 01:05:29,806 INFO S6 aussortiert (prio_0): Aufholjagd in letzter Sekunde
2026-10-09 01:05:29,807 INFO S6 aussortiert (prio_0): Auswärtsauftakt in Langen
2026-10-09 01:05:29,807 INFO S6 aussortiert (prio_0): Gegen Alex Mumbrus Bologna: Einfallslose Bayern verlieren drittes Euro
2026-10-09 01:05:29,807 INFO S6 aussortiert (prio_0): Dritter Sieg in der neuen Liga
2026-10-09 01:05:29,807 INFO S6 aussortiert (prio_0): 5. Spieltag: Borussia Dortmund - SV Werder Bremen - Borussia Dortmund 
2026-10-09 01:05:29,807 INFO S6 aussortiert (prio_1): Heimspiel vs. Frankfurt: Alle Infos für euren Stadionbesuch
2026-10-09 01:05:29,808 INFO S6 aussortiert (prio_1): Bundesliga: Er schickte ihm ein Paket! Lionel Messi überrascht Leipzig
2026-10-09 01:05:29,808 INFO S6 aussortiert (prio_0): Freitag, ab 14.00 Uhr: Die Pressekonferenz mit Micho vor Frankfurt
2026-10-09 01:05:29,808 INFO S6 aussortiert (prio_0): VfB-Juwel, Allzweckwaffe, ÖFB-Dauerbrenner: Wer ist Yanik Spalt?
2026-10-09 01:05:29,808 INFO S6 aussortiert (prio_1): Stuttgarter Nationalspieler Mittelstädt verkündet Baby-News
2026-10-09 01:05:29,808 INFO S6 aussortiert (prio_0): Anfeindungen und ein schnelles Ende: Wie Roses Schritt zum BVB scheite
2026-10-09 01:05:29,808 INFO S6 aussortiert (prio_0): Haftbefehl in Mainz vollstreckt: 17 Tage Ersatzhaft
2026-10-09 01:05:29,809 INFO S6 aussortiert (doppelt): Fußball: Augsburg stellt sich auf die Bayern ein: "Wie ein Wahnsinnige
2026-10-09 01:05:29,809 INFO S6 aussortiert (prio_1): Bayern oder FCA: Wem drückt Baums Sohn die Daumen? | Augsburg zuletzt 
2026-10-09 01:05:29,809 INFO S6 aussortiert (prio_0): HSV DUNO Den Haag
2026-10-09 01:05:29,809 INFO S6 aussortiert (prio_0): (k+) Kölns U-21-Trainer Hartmann im Interview: "Bisseck, Wirtz oder Ur
2026-10-09 01:05:29,809 INFO S6 aussortiert (prio_0): Biathlon auf Schalke 2026 - Sieger-Duo: „Das zu wiederholen, wird schw
2026-10-09 01:05:29,809 INFO S6 aussortiert (prio_0): Roger Schmidt "looking forward" to new role as Head of Global Soccer a
2026-10-09 01:05:29,809 INFO S6 aussortiert (prio_0): Manchester City refused Haaland to answer questions about the verdict 
2026-10-09 01:05:30,689 WARNING discarding data: None
2026-10-09 01:05:30,718 INFO S7 kein Volltext (trafilatura_returned_empty): Kane und Co. zurück an der Säbener Straße: Bayern bereitet s
2026-10-09 01:05:31,172 WARNING discarding data: None
2026-10-09 01:05:31,173 INFO S7 kein Volltext (trafilatura_returned_empty): Kane und Co. zurück an der Säbener Straße: Bayern bereitet s
2026-10-09 01:05:31,173 INFO S7 zu wenig Stoff (0 Wörter aus 0 Quellen, Versuch 3/3): Kane und Co. zurück an der Säbener Straße: Bayern bereitet s
2026-10-09 01:05:32,523 INFO S7 kein Volltext (too_short_27_words): BVB setzt auf die Beier-Garantie - Füllkrug will neue Bestma
2026-10-09 01:05:32,524 INFO S7 zu wenig Stoff (0 Wörter aus 0 Quellen, Versuch 1/3): BVB setzt auf die Beier-Garantie - Füllkrug will neue Bestma
2026-10-09 01:05:33,394 INFO S7 kein Volltext (too_short_64_words): Bayer 04: Maza sendet positive Signale
2026-10-09 01:05:33,394 INFO S7 zu wenig Stoff (0 Wörter aus 0 Quellen, Versuch 2/3): Bayer 04: Maza sendet positive Signale
2026-10-09 01:05:38,494 INFO S6.5 schon berichtet (Seimen oder Bredlow: VfB vor Torwart-Entschei): Seimen startet für Stuttgart beim Bundesliga-Debüt in Paderb
2026-10-09 01:05:39,081 INFO S7 kein Volltext (too_short_15_words): Matchplan – 5. Spieltag: RB Leipzig gegen Frankfurt
2026-10-09 01:05:39,081 INFO S7 zu wenig Stoff (0 Wörter aus 0 Quellen, Versuch 3/3): Matchplan – 5. Spieltag: RB Leipzig gegen Frankfurt
2026-10-09 01:05:39,619 ERROR lxml parsing failed: Document is empty
2026-10-09 01:05:39,619 ERROR lxml parser bytestring Document is empty
2026-10-09 01:05:39,619 ERROR lxml parsing failed: Document is empty
2026-10-09 01:05:39,619 ERROR lxml parser bytestring Document is empty
2026-10-09 01:05:39,619 ERROR empty HTML tree: None
2026-10-09 01:05:39,619 WARNING discarding data: None
2026-10-09 01:05:39,620 INFO S7 kein Volltext (trafilatura_returned_empty): Bundesliga: Cedric Itten steht Werder immerhin zur Verfügung
2026-10-09 01:05:39,620 INFO S7 zu wenig Stoff (0 Wörter aus 0 Quellen, Versuch 2/3): Bundesliga: Cedric Itten steht Werder immerhin zur Verfügung
2026-10-09 01:05:40,073 WARNING discarding data: None
2026-10-09 01:05:40,074 INFO S7 kein Volltext (trafilatura_returned_empty): Musiala fällt weiter aus - so könnte Bayern gegen Augsburg s
2026-10-09 01:05:40,074 INFO S7 zu wenig Stoff (0 Wörter aus 0 Quellen, Versuch 3/3): Musiala fällt weiter aus - so könnte Bayern gegen Augsburg s
2026-10-09 01:05:41,354 INFO S7 kein Volltext (too_short_36_words): Europa League: SC Freiburg gegen FK Jablonec
2026-10-09 01:05:41,354 INFO S7 zu wenig Stoff (0 Wörter aus 0 Quellen, Versuch 3/3): Europa League: SC Freiburg gegen FK Jablonec
2026-10-09 01:05:41,744 INFO S7 kein Volltext (too_short_15_words): Schlotterbeck vor BVB-Comeback: Dortmund-Star macht Klopp re
2026-10-09 01:05:41,745 INFO S7 zu wenig Stoff (0 Wörter aus 0 Quellen, Versuch 2/3): Schlotterbeck vor BVB-Comeback: Dortmund-Star macht Klopp re
2026-10-09 01:05:43,301 INFO S7 kein Volltext (seite_zu_alt): Pejcinovic-Deal perfekt: VfB Stuttgart verpflichtet Wolfsbur
2026-10-09 01:05:43,301 INFO S7 zu wenig Stoff (0 Wörter aus 0 Quellen, Versuch 3/3): Pejcinovic-Deal perfekt: VfB Stuttgart verpflichtet Wolfsbur
2026-10-09 01:05:48,816 INFO S7 schreiben (Prio 2, 2 Quellen): Überraschendes Geständnis des Gladbachers - Konkurrent hilft
2026-10-09 01:05:56,930 INFO   Kandidat: Gladbachs Leszczynski lobt Konkurrent Diks vor dem Derby in 
2026-10-09 01:05:57,450 INFO S7 kein Volltext (too_short_15_words): Polzin über Ilzers Hoffenheim: "Große Herausforderung"
2026-10-09 01:05:57,845 INFO S7 kein Volltext (too_short_15_words): Polzin vor Hoffenheim: ''Große Herausforderung''
2026-10-09 01:05:57,846 INFO S7 zu wenig Stoff (0 Wörter aus 0 Quellen, Versuch 2/3): Polzin über Ilzers Hoffenheim: "Große Herausforderung"
2026-10-09 01:05:59,187 INFO S7 kein Volltext (likely_paywall): Bayern linked with ex-academy talent and Preußen Münster sho
2026-10-09 01:05:59,188 INFO S7 zu wenig Stoff (0 Wörter aus 0 Quellen, Versuch 2/3): Bayern linked with ex-academy talent and Preußen Münster sho
2026-10-09 01:06:02,574 INFO S7 schreiben (Prio 2, 1 Quellen): HSV hat zweiten Saisonsieg im Auge | HL-SPORTS - Sport-News 
2026-10-09 01:06:07,263 INFO S7 verworfen (nicht_relevant): HSV hat zweiten Saisonsieg im Auge | HL-SPORTS - Sport-News 
2026-10-09 01:06:08,178 WARNING discarding data: None
2026-10-09 01:06:08,179 INFO S7 kein Volltext (trafilatura_returned_empty): audio-talk-derby-to-me-koeln-und-gladbach-im-druck-duell-100
2026-10-09 01:06:08,179 INFO S7 zu wenig Stoff (0 Wörter aus 0 Quellen, Versuch 1/3): audio-talk-derby-to-me-koeln-und-gladbach-im-druck-duell-100
2026-10-09 01:06:09,382 INFO S7 kein Volltext (too_short_17_words): Klub auf Höhenflug: Der SC Freiburg startet durch
2026-10-09 01:06:09,382 INFO S7 zu wenig Stoff (0 Wörter aus 0 Quellen, Versuch 2/3): Klub auf Höhenflug: Der SC Freiburg startet durch
2026-10-09 01:06:17,236 INFO S7 schreiben (Prio 2, 1 Quellen): Überzeugende Leistungen: UEFA hebt Mavropanos nach DFB-Spiel
2026-10-09 01:06:21,536 INFO S7 verworfen (nicht_relevant): Überzeugende Leistungen: UEFA hebt Mavropanos nach DFB-Spiel
2026-10-09 01:06:23,483 INFO S7 kein Volltext (likely_paywall): Ablösefreier Transfer im Sommer? Bayern-Talent sieht wohl ke
2026-10-09 01:06:23,483 INFO S7 zu wenig Stoff (0 Wörter aus 0 Quellen, Versuch 2/3): Ablösefreier Transfer im Sommer? Bayern-Talent sieht wohl ke
2026-10-09 01:06:24,625 INFO S7 kein Volltext (likely_paywall): Bayern droht Talent-Abgang zum Nulltarif
2026-10-09 01:06:24,625 INFO S7 zu wenig Stoff (0 Wörter aus 0 Quellen, Versuch 2/3): Bayern droht Talent-Abgang zum Nulltarif
2026-10-09 01:06:25,191 WARNING discarding data: None
2026-10-09 01:06:25,192 INFO S7 kein Volltext (trafilatura_returned_empty): Harry Kane erhält freie Bahn für MLS-Wechsel
2026-10-09 01:06:25,192 INFO S7 zu wenig Stoff (0 Wörter aus 0 Quellen, Versuch 2/3): Harry Kane erhält freie Bahn für MLS-Wechsel
2026-10-09 01:06:25,570 WARNING discarding data: None
2026-10-09 01:06:25,571 INFO S7 kein Volltext (trafilatura_returned_empty): "Wir werden nicht viele Chancen bekommen": Thioune verrät, w
2026-10-09 01:06:25,571 INFO S7 zu wenig Stoff (0 Wörter aus 0 Quellen, Versuch 1/3): "Wir werden nicht viele Chancen bekommen": Thioune verrät, w
2026-10-09 01:06:33,830 INFO S6.5 schon berichtet (Kompany über Olise: „Spieler zum Weltspieler ): Real-Paukenschlag? Madrid sieht eindeutige Tendenz bei Olise
2026-10-09 01:06:35,198 INFO S7 kein Volltext (too_short_51_words): Thioune hat viel Respekt vor Werders nächstem Gegner
2026-10-09 01:06:35,198 INFO S7 zu wenig Stoff (0 Wörter aus 0 Quellen, Versuch 3/3): Thioune hat viel Respekt vor Werders nächstem Gegner
2026-10-09 01:06:35,811 INFO S7 kein Volltext (too_short_15_words): Wie geht es mit Stiller und Stuttgart weiter?
2026-10-09 01:06:35,811 INFO S7 zu wenig Stoff (0 Wörter aus 0 Quellen, Versuch 2/3): Wie geht es mit Stiller und Stuttgart weiter?
2026-10-09 01:06:37,428 INFO S7 kein Volltext (seite_zu_alt): Mega-Lob für HSV-Profi: Rayan Philippe der bisherige Gewinne
2026-10-09 01:06:37,429 INFO S7 zu wenig Stoff (0 Wörter aus 0 Quellen, Versuch 3/3): Mega-Lob für HSV-Profi: Rayan Philippe der bisherige Gewinne
2026-10-09 01:06:38,014 INFO S7 kein Volltext (too_short_15_words): Hütter: "Müssen viel laufen in Leipzig"
2026-10-09 01:06:38,014 INFO S7 zu wenig Stoff (0 Wörter aus 0 Quellen, Versuch 3/3): Hütter: "Müssen viel laufen in Leipzig"
2026-10-09 01:06:39,629 INFO S7 kein Volltext (likely_paywall): Eintracht-Coach Hütter beschäftigt mehr als die Systemfrage
2026-10-09 01:06:39,629 INFO S7 zu wenig Stoff (0 Wörter aus 0 Quellen, Versuch 2/3): Eintracht-Coach Hütter beschäftigt mehr als die Systemfrage
2026-10-09 01:06:42,715 INFO S7 kein Volltext (too_short_38_words): Sturmsorgen beim HSV: Moffi und Poulsen Optionen für Kader
2026-10-09 01:06:42,715 INFO S7 zu wenig Stoff (0 Wörter aus 0 Quellen, Versuch 3/3): Sturmsorgen beim HSV: Moffi und Poulsen Optionen für Kader
2026-10-09 01:06:43,365 WARNING discarding data: None
2026-10-09 01:06:43,366 INFO S7 kein Volltext (trafilatura_returned_empty): Sechs Tage Bis Köln: Das Muss Borussia Mönchengladbach Jetzt
2026-10-09 01:06:43,366 INFO S7 zu wenig Stoff (0 Wörter aus 0 Quellen, Versuch 2/3): Sechs Tage Bis Köln: Das Muss Borussia Mönchengladbach Jetzt
2026-10-09 01:06:43,932 ERROR lxml parsing failed: Document is empty
2026-10-09 01:06:43,932 ERROR lxml parser bytestring Document is empty
2026-10-09 01:06:43,933 ERROR lxml parsing failed: Document is empty
2026-10-09 01:06:43,933 ERROR lxml parser bytestring Document is empty
2026-10-09 01:06:43,933 ERROR empty HTML tree: None
2026-10-09 01:06:43,933 WARNING discarding data: None
2026-10-09 01:06:43,934 INFO S7 kein Volltext (trafilatura_returned_empty): Matondo soll für Hibernian „Unterschied ausmachen“ – Unter t
2026-10-09 01:06:43,934 INFO S7 zu wenig Stoff (0 Wörter aus 0 Quellen, Versuch 2/3): Matondo soll für Hibernian „Unterschied ausmachen“ – Unter t
2026-10-09 01:06:44,346 ERROR lxml parsing failed: Document is empty
2026-10-09 01:06:44,346 ERROR lxml parser bytestring Document is empty
2026-10-09 01:06:44,346 ERROR lxml parsing failed: Document is empty
2026-10-09 01:06:44,347 ERROR lxml parser bytestring Document is empty
2026-10-09 01:06:44,347 ERROR empty HTML tree: None
2026-10-09 01:06:44,347 WARNING discarding data: None
2026-10-09 01:06:44,347 INFO S7 kein Volltext (trafilatura_returned_empty): Beier über Nicht-Nominierung: „Ehrliches Feedback“ von Klopp
2026-10-09 01:06:44,348 INFO S7 zu wenig Stoff (0 Wörter aus 0 Quellen, Versuch 1/3): Beier über Nicht-Nominierung: „Ehrliches Feedback“ von Klopp
2026-10-09 01:06:44,360 INFO S9.5 FinalCheck: 1/1 durch
2026-10-09 01:06:45,492 INFO Veröffentlicht: Gladbachs Leszczynski lobt Konkurrent Diks vor dem Derby in 
2026-10-09 01:06:45,531 INFO Reddit: Keine Credentials – übersprungen
2026-10-09 01:06:45,532 INFO 💶 Kosten: dieser Lauf 0.000 $ (Budget 0.098 $) | heute 0.00 $ | Monat 0.72 / 23 $ | konferenz (abo) 1× 0.000 $, dublette (abo) 11× 0.000 $, schreiben (abo) 3× 0.000 $
2026-10-09 01:06:45,532 INFO 🎫 Abo-Verbrauch: 38,683 Tokens rein (davon Cache gelesen 2,550), 12,305 raus, API-Gegenwert 0.21 $ | konferenz 1×: 4,464/9,990, dublette 11×: 14,000/301, schreiben 3×: 20,219/2,014
2026-10-09 01:06:45,587 INFO Feeds: 60/60 begonnen, nächster Lauf startet bei Nr. 0
2026-10-09 01:06:45,587 INFO URL-Cache gespeichert: 29580 URLs
2026-10-09 01:06:45,587 INFO === Fertig. 1 neue Artikel. feed.json: 1516 ===
2026-10-09 01:06:45,587 INFO Stats: {"ts": "20261009_0101", "ingested": 76, "s2_pre_filter": 22, "s3_relevance": 18, "s4_dedup_early": 0, "gesammelt": 36, "geschichten_neu": 30, "s5_archiv_doppelt": 0, "s5_zusammengefuehrt": 0, "s6_aussortiert": 21, "s7_geschrieben": 3, "s7_verworfen": 4, "s5_fulltext_fail": 26, "s8_qa_rejected": 0, "published": 1, "s5_ohne_bezug": 3, "s5_randthema": 2, "kosten": {"lauf_usd": 0.0, "lauf_budget_usd": 0.0977, "heute_usd": 0.0, "monat_usd": 0.7196, "monatsbudget_usd": 23.0, "aufrufe": {"konferenz (abo)": {"anzahl": 1, "usd": 0.0}, "dublette (abo)": {"anzahl": 11, "usd": 0.0}, "schreiben (abo)": {"anzahl": 3, "usd": 0.0}}, "guthaben_leer": false, "abo": true, "abo_tokens": {"konferenz": {"aufrufe": 1, "ein": 10, "cache_schreiben": 4454, "cache_lesen": 0, "aus": 9990, "api_wert_usd": 0.0589}, "dublette": {"aufrufe": 11, "ein": 22, "cache_schreiben": 13978, "cache_lesen": 0, "aus": 301, "api_wert_usd": 0.0589}, "schreiben": {"aufrufe": 3, "ein": 6, "cache_schreiben": 17663, "cache_lesen": 2550, "aus": 2014, "api_wert_usd": 0.0913}}}}
