2026-10-09 23:02:56,411 INFO 💶 Budget: dieser Lauf 0.103 $ | heute 0.00 $ | Monat 0.72 / 23 $
2026-10-09 23:02:57,064 INFO URL-Cache geladen: 31548 bekannte URLs (letzte 30 Tage)
2026-10-09 23:02:57,065 INFO === Ligaoutsider Generator startet – max. 50 Artikel ===
2026-10-09 23:02:57,065 INFO Feed: https://newsfeed.kicker.de/news/bundesliga
2026-10-09 23:02:57,463 INFO Feed: https://www.sportschau.de/fussball/bundesliga/index~rss2.xml
2026-10-09 23:02:58,229 INFO Feed: https://sportbild.bild.de/feed/sportbild-home.xml
2026-10-09 23:02:59,092 INFO S2 blacklist: Zwei Kössler-Knaller gegen Australien - DFB-Frauen setzen Su
2026-10-09 23:02:59,117 INFO BL-Spielerliste geladen: 1002 Namen
2026-10-09 23:02:59,141 INFO S3 keyword miss: Er war mehrfacher Football-Champion - Trauer um NFL-Ikone
2026-10-09 23:02:59,142 INFO Feed: https://www.bild.de/rss-feeds/rss-16725492,feed=fussball-mix.bild.html
2026-10-09 23:02:59,632 INFO S3 keyword miss: 4:2 gegen Australien - Neue Sturm-Hoffnung ballert DFB-Elf z
2026-10-09 23:02:59,680 INFO S3 keyword miss: Bis zu 6 Monate Sperre möglich - Portugiesen suspendieren Ro
2026-10-09 23:02:59,682 INFO S2 blacklist: Emotionaler Moment bei DFB-Spiel - Nationalspielerin spielt 
2026-10-09 23:02:59,682 INFO S2 blacklist: Nach brutalem Kopf-Crash - Horror-Narbe bei Bayern-Juwel
2026-10-09 23:02:59,683 INFO Feed: https://www.11freunde.de/feed
2026-10-09 23:03:01,165 INFO Feed: https://www.bundesliga.com/de/bundesliga/news.rss
2026-10-09 23:03:01,325 INFO Feed: https://news.google.com/rss/topics/CAAqJggKIiBDQkFTRWdvSUwyMHZNRFp1ZEdvU0FtUmxHZ0pFUlNnQVAB?hl=de&gl=DE&ceid=DE:de
2026-10-09 23:03:02,011 INFO S2 blacklist: So starten die DFB-Frauen gegen Australien
2026-10-09 23:03:02,105 INFO S3 keyword miss: Strafe in Singapur? Max Verstappen atmet auf, er kann Sprint
2026-10-09 23:03:02,171 INFO S2 blacklist: 8. Spieltag: Wahnsinn in Münster - Essener Aufholjagd wird n
2026-10-09 23:03:02,171 INFO S2 blacklist: Keine Tore auf der Ostalb: Lautern punktet auswärts in Heide
2026-10-09 23:03:02,172 INFO S2 blacklist: Tennis: Novak Djokovic erleidet heftigen Rückschlag
2026-10-09 23:03:02,220 INFO S2 blacklist: MagentaSport verlängert bis 2031: Bei einer Löwen-Rückkehr w
2026-10-09 23:03:02,278 INFO S3 keyword miss: "In spätestens zwei Jahren": Bundestrainer glaubt an Tod sei
2026-10-09 23:03:02,333 INFO S3 keyword miss: Ex-Star des FC Barcelona packt über Training von Hansi Flick
2026-10-09 23:03:02,334 INFO S2 blacklist: „Er war überfordert, hat die Übersicht verloren“ – „Das sehe
2026-10-09 23:03:02,416 INFO S3 keyword miss: Teure Entlassung: Red Bull zahlt Ex-Boss 118 Millionen
2026-10-09 23:03:02,417 INFO S2 blacklist: Bitterer Start: Goretzka sieht Licht am Ende des Tunnels
2026-10-09 23:03:02,508 INFO S3 keyword miss: Bahnt sich bei Real Madrid ein Transferhammer an? Endrick se
2026-10-09 23:03:02,591 INFO S3 keyword miss: Nati-Captain Xhaka wegen Corona-Betrug verurteilt
2026-10-09 23:03:02,592 INFO Feed: https://news.google.com/rss/search?q=Bundesliga+Testspiel+Ergebnis&hl=de&gl=DE&ceid=DE:de
2026-10-09 23:03:03,031 INFO Feed: https://news.google.com/rss/search?q=Bundesliga+Vorbereitung+Sommertour&hl=de&gl=DE&ceid=DE:de
2026-10-09 23:03:03,303 INFO Feed: https://news.google.com/rss/search?q=Bundesliga+Verletzung+Ausfall+gesperrt&hl=de&gl=DE&ceid=DE:de
2026-10-09 23:03:03,789 INFO Feed: https://news.google.com/rss/search?q=Bundesliga+Transfer+Wechsel+verpflichtet&hl=de&gl=DE&ceid=DE:de
2026-10-09 23:03:04,190 INFO Feed: https://news.google.com/rss/search?q=Bundesliga+Gerücht+Interesse+Angebot&hl=de&gl=DE&ceid=DE:de
2026-10-09 23:03:04,609 INFO Feed: https://news.google.com/rss/search?q=Bundesliga+Vertrag+verlängert+ablösefrei&hl=de&gl=DE&ceid=DE:de
2026-10-09 23:03:04,968 INFO Feed: https://news.google.com/rss/search?q=%22FC+Bayern%22+OR+%22Bayern+M%C3%BCnchen%22+when%3A1d&hl=de&gl=DE&ceid=DE:de
2026-10-09 23:03:05,456 INFO Feed: https://news.google.com/rss/search?q=BVB+OR+%22Borussia+Dortmund%22+when%3A1d&hl=de&gl=DE&ceid=DE:de
2026-10-09 23:03:06,019 INFO S2 blacklist: 5. Spieltag: Borussia Dortmund - SV Werder Bremen - Werder B
2026-10-09 23:03:06,020 INFO Feed: https://news.google.com/rss/search?q=%22Bayer+Leverkusen%22+OR+%22Bayer+04%22+when%3A1d&hl=de&gl=DE&ceid=DE:de
2026-10-09 23:03:06,419 INFO S2 blacklist: 5. Spieltag: 1.FSV Mainz 05 - Bayer 04 Leverkusen - Bayer 04
2026-10-09 23:03:06,468 INFO S3 keyword miss: Wendell: Bilanz gegen Gegenspieler, Trainer & Vereine
2026-10-09 23:03:06,519 INFO S3 keyword miss: Christian Wörns: Bilanz gegen Gegenspieler, Trainer & Verein
2026-10-09 23:03:06,570 INFO S3 keyword miss: Charlotte Voll: Bilanz gegen Gegenspieler, Trainer & Vereine
2026-10-09 23:03:06,570 INFO Feed: https://news.google.com/rss/search?q=%22RB+Leipzig%22+when%3A1d&hl=de&gl=DE&ceid=DE:de
2026-10-09 23:03:07,104 INFO S3 keyword miss: Champions League kostenlos: Die Konferenz am Dienstag live a
2026-10-09 23:03:07,159 INFO S3 keyword miss: Demichelis über Messis Abschied: „Der Größte unserer Geschic
2026-10-09 23:03:07,159 INFO S2 blacklist: 5. Spieltag: RB Leipzig - Eintracht Frankfurt - Eintracht Fr
2026-10-09 23:03:07,160 INFO Feed: https://news.google.com/rss/search?q=%22VfB+Stuttgart%22+when%3A1d&hl=de&gl=DE&ceid=DE:de
2026-10-09 23:03:07,684 INFO Feed: https://news.google.com/rss/search?q=%22Eintracht+Frankfurt%22+when%3A1d&hl=de&gl=DE&ceid=DE:de
2026-10-09 23:03:08,223 INFO S2 blacklist: Fußball Bundesliga: Werder gegen E. Frankfurt - Ergebnisse -
2026-10-09 23:03:08,274 INFO S3 keyword miss: Kevin Trapp: Bilanz gegen Gegenspieler, Trainer & Vereine
2026-10-09 23:03:08,276 INFO S2 Liveticker übersprungen: Bundesliga im Liveticker: RB Leipzigs Demichelis steht gegen
2026-10-09 23:03:08,279 INFO S2 blacklist: 2. Bundesliga - Eintracht Braunschweig 1-0 Holstein Kiel
2026-10-09 23:03:08,281 INFO Feed: https://news.google.com/rss/search?q=Gladbach+OR+%22Borussia+M%C3%B6nchengladbach%22+when%3A1d&hl=de&gl=DE&ceid=DE:de
2026-10-09 23:03:08,947 INFO S3 keyword miss: Dietmar Danner: Bilanz gegen Gegenspieler, Trainer & Vereine
2026-10-09 23:03:08,998 INFO S3 keyword miss: Allan Rodenkam Simonsen: Bilanz gegen Gegenspieler, Trainer 
2026-10-09 23:03:09,001 INFO Feed: https://news.google.com/rss/search?q=%22SC+Freiburg%22+when%3A1d&hl=de&gl=DE&ceid=DE:de
2026-10-09 23:03:09,564 INFO S3 keyword miss: Interview mit Oliver Leki
2026-10-09 23:03:09,569 INFO Feed: https://news.google.com/rss/search?q=Hoffenheim+when%3A1d&hl=de&gl=DE&ceid=DE:de
2026-10-09 23:03:09,955 INFO S2 blacklist: TSG Hoffenheim: Coach Ilzer schimpft auf XXL-Länderspielpaus
2026-10-09 23:03:10,025 INFO S3 keyword miss: Macht es die TSG wieder sehr deutlich?
2026-10-09 23:03:10,025 INFO Feed: https://news.google.com/rss/search?q=%22Mainz+05%22+when%3A1d&hl=de&gl=DE&ceid=DE:de
2026-10-09 23:03:10,462 INFO Feed: https://news.google.com/rss/search?q=%22FC+Augsburg%22+when%3A1d&hl=de&gl=DE&ceid=DE:de
2026-10-09 23:03:10,989 INFO Feed: https://news.google.com/rss/search?q=%22Union+Berlin%22+when%3A1d&hl=de&gl=DE&ceid=DE:de
2026-10-09 23:03:11,450 INFO Feed: https://news.google.com/rss/search?q=%22Werder+Bremen%22+when%3A1d&hl=de&gl=DE&ceid=DE:de
2026-10-09 23:03:11,966 INFO S2 blacklist: SV Werder Bremen II - SV Atlas Delmenhorst: Torloses Remis z
2026-10-09 23:03:11,967 INFO S2 blacklist: Spielereignisse | Werder Bremen II - Atlas Delmenhorst 0:0 |
2026-10-09 23:03:11,968 INFO S2 blacklist: U23 des SV Werder Bremen kommt gegen Atlas nicht über ein 0:
2026-10-09 23:03:12,009 INFO S2 Liveticker übersprungen: Liveticker - SV Werder Bremen II : SV Atlas Delmenhorst
2026-10-09 23:03:12,009 INFO Feed: https://news.google.com/rss/search?q=HSV+OR+%22Hamburger+SV%22+when%3A1d&hl=de&gl=DE&ceid=DE:de
2026-10-09 23:03:12,487 INFO S2 blacklist: Hoffenheim-Coach schimpft auf XXL-Länderspielpause
2026-10-09 23:03:12,488 INFO Feed: https://news.google.com/rss/search?q=%221.+FC+K%C3%B6ln%22+OR+%22FC+K%C3%B6ln%22+when%3A1d&hl=de&gl=DE&ceid=DE:de
2026-10-09 23:03:13,010 INFO Feed: https://news.google.com/rss/search?q=Schalke+when%3A1d&hl=de&gl=DE&ceid=DE:de
2026-10-09 23:03:13,448 INFO S2 blacklist: Fußball Bundesliga: Köln gegen Schalke - Übersicht über die 
2026-10-09 23:03:13,451 INFO Feed: https://news.google.com/rss/search?q=Elversberg+when%3A1d&hl=de&gl=DE&ceid=DE:de
2026-10-09 23:03:13,927 INFO S3 keyword miss: Deutsche Bundesliga: Die Ergebnisse des 5. Spieltags im Über
2026-10-09 23:03:13,927 INFO Feed: https://news.google.com/rss/search?q=%22SC+Paderborn%22+when%3A1d&hl=de&gl=DE&ceid=DE:de
2026-10-09 23:03:14,335 INFO S3 keyword miss: Türkei trennt sich von Nationaltrainer Montella
2026-10-09 23:03:14,387 INFO S3 keyword miss: Haaland-Streit mit polnischem Elektriker vor Gericht
2026-10-09 23:03:14,388 INFO S2 blacklist: Hoffenheim-Coach schimpft auf XXL-Länderspielpause
2026-10-09 23:03:14,388 INFO Feed: https://www.transfermarkt.de/rss/news
2026-10-09 23:03:14,435 INFO Feed: https://www.waz.de/sport/fussball/rss
2026-10-09 23:03:15,034 INFO Feed: https://www.faz.net/rss/aktuell/sport/fussball/bundesliga/
2026-10-09 23:03:15,915 INFO Feed: https://bulinews.com/rss.xml
2026-10-09 23:03:16,415 INFO Feed: https://www.abendblatt.de/sport/rss
2026-10-09 23:03:16,913 INFO Feed: https://www.merkur.de/sport/fc-bayern/rssfeed.rdf
2026-10-09 23:03:17,852 INFO Feed: https://www.eyefootball.com/rss_news_main.xml
2026-10-09 23:03:18,499 INFO S3 keyword miss: Chelsea handed Joao Pedro injury boost
2026-10-09 23:03:18,550 INFO S3 keyword miss: Arsenal striker poised to start vs Leeds United?
2026-10-09 23:03:18,602 INFO S3 keyword miss: Mikel Arteta set to unleash 28yo Arsenal star vs Leeds
2026-10-09 23:03:18,602 INFO Feed: https://www.ligaportal.at/international/deutsche-bundesliga?format=feed&type=rss
2026-10-09 23:03:21,802 INFO S2 blacklist: Später Ausgleich für Werder Bremen: Füllkrug klaut BVB den S
2026-10-09 23:03:21,802 INFO Feed: https://www.reddit.com/r/soccer/new.rss?limit=100
2026-10-09 23:03:22,776 INFO S3 keyword miss: Gary Neville "It would be extremely difficult to watch Manch
2026-10-09 23:03:22,827 INFO S3 keyword miss: Malaga [1]-1 Espanyol - Adrian Nino 90'+3'
2026-10-09 23:03:22,902 INFO S3 keyword miss: Pierce Charles (QPR) penalty save against West Ham 90'+1'
2026-10-09 23:03:22,953 INFO S3 keyword miss: Sporting Braga 1-[1] Sporting CP - Luis Javier Suarez 66'
2026-10-09 23:03:23,055 INFO S3 keyword miss: West Ham [1]-1 QPR - Jarrod Bowen 70'
2026-10-09 23:03:23,104 INFO S3 keyword miss: Lens 2-[1] Lyon - Khalis Merah 85'
2026-10-09 23:03:23,160 INFO S3 keyword miss: Match Thread: Braga vs Sporting CP | Primeira Liga
2026-10-09 23:03:23,211 INFO S3 keyword miss: Matthieu Udol (Lens) straight red card against Lyon 84'
2026-10-09 23:03:23,260 INFO S3 keyword miss: Lens 2-0 Lyon - Matthieu Udol 77'
2026-10-09 23:03:23,310 INFO S3 keyword miss: Germany W [4]-2 Australia W - Sjoeke Nusken 90'+4'
2026-10-09 23:03:23,361 INFO S3 keyword miss: Germany W 3-[2] Australia W - Holly McNamara 90'+3'
2026-10-09 23:03:23,412 INFO S3 keyword miss: Germany W [3]-1 Australia W - Camilla Kuver 83'
2026-10-09 23:03:23,462 INFO S3 keyword miss: Germany W 2-[1] Australia W - Samantha Kerr 45'+2'
2026-10-09 23:03:23,526 INFO S3 keyword miss: Atlético de Madrid mocks Valverde's supposed Grade 3 strain
2026-10-09 23:03:23,582 INFO S3 keyword miss: [L'Équipe] A banner during the Lens-OL game in support of hi
2026-10-09 23:03:23,679 INFO S3 keyword miss: Lowiese Seynhaeve (Belgium W) penalty save against Poland W 
2026-10-09 23:03:23,748 INFO S3 keyword miss: Gianni Infantino opponents want Arsene Wenger to stand again
2026-10-09 23:03:23,799 INFO S3 keyword miss: Julien Maggiotti (Laval) straight red card against Pau FC 90
2026-10-09 23:03:23,849 INFO S3 keyword miss: Pau FC 3-[2] Laval - Trevis Dàgo 90'
2026-10-09 23:03:23,909 INFO S3 keyword miss: The FPF Disciplinary Council’s Non-Professional Section issu
2026-10-09 23:03:23,960 INFO S3 keyword miss: Nancy 1-0 Guingamp - Zakaria Fdaouch penalty 90'+6'
2026-10-09 23:03:24,011 INFO S3 keyword miss: Hungary W 0-8 Netherlands W - Lineth Beerensteyn 90'+1'
2026-10-09 23:03:24,061 INFO S3 keyword miss: Montpellier 2-0 Grenoble - Mamadou Camara 90'+1'
2026-10-09 23:03:24,112 INFO S3 keyword miss: Sochaux 1-[1] Boulogne - Abdel Hbouch 75'
2026-10-09 23:03:24,162 INFO S3 keyword miss: Pau FC [3]-1 Laval - Hacene Benali 76'
2026-10-09 23:03:24,212 INFO S3 keyword miss: Pau FC [2]-1 Laval - Babacar Leye 55'
2026-10-09 23:03:24,263 INFO S3 keyword miss: Kouroufia Kebe (Nancy) second yellow card against Guingamp 7
2026-10-09 23:03:24,313 INFO S3 keyword miss: PSV 2-0 Heerenveen - Marcus Linday OG 68'
2026-10-09 23:03:24,367 INFO S3 keyword miss: Ferran Torres (PSG) beats Paris Brunner (Monaco) and Lassine
2026-10-09 23:03:24,418 INFO S3 keyword miss: Hungary W 0-7 Netherlands W - Victoria Pelova 63'
2026-10-09 23:03:24,475 INFO S3 keyword miss: Decision made: Portugal set to suspend Cristiano Ronaldo
2026-10-09 23:03:24,526 INFO S3 keyword miss: Lens 1-0 Lyon - Florian Sotoca 36'
2026-10-09 23:03:24,576 INFO S3 keyword miss: Malaga 0-1 Espanyol - Bryan Zaragoza 13'
2026-10-09 23:03:24,668 INFO S3 keyword miss: Hungary W 0-6 Netherlands W - Victoria Pelova 58'
2026-10-09 23:03:24,719 INFO S3 keyword miss: Hungary W 0-5 Netherlands W - Damaris Egurrola 49'
2026-10-09 23:03:24,770 INFO S3 keyword miss: Germany W 2-0 Australia W - Melissa Klara Kossler 30'
2026-10-09 23:03:24,820 INFO S3 keyword miss: Germany W 1-0 Australia W - Franziska Kett 23'
2026-10-09 23:03:24,871 INFO S3 keyword miss: Belgium W 1-0 Poland W - Elena Dhont 45'+3'
2026-10-09 23:03:24,923 INFO S3 keyword miss: Kinga Seweryn (Poland W) penalty save against Belgium W 33'
2026-10-09 23:03:24,923 INFO Feed: https://newsfeed.kicker.de/team/fc-bayern-muenchen
2026-10-09 23:03:24,968 INFO Feed: https://newsfeed.kicker.de/team/borussia-dortmund
2026-10-09 23:03:25,219 INFO Feed: https://newsfeed.kicker.de/team/rb-leipzig
2026-10-09 23:03:25,431 INFO Feed: https://newsfeed.kicker.de/team/bayer-04-leverkusen
2026-10-09 23:03:25,643 INFO Feed: https://newsfeed.kicker.de/team/vfb-stuttgart
2026-10-09 23:03:25,744 INFO Feed: https://newsfeed.kicker.de/team/eintracht-frankfurt
2026-10-09 23:03:25,804 INFO Feed: https://newsfeed.kicker.de/team/bor-moenchengladbach
2026-10-09 23:03:26,017 INFO Feed: https://newsfeed.kicker.de/team/sc-freiburg
2026-10-09 23:03:26,233 INFO Feed: https://newsfeed.kicker.de/team/tsg-hoffenheim
2026-10-09 23:03:26,447 INFO Feed: https://newsfeed.kicker.de/team/1-fsv-mainz-05
2026-10-09 23:03:26,516 INFO Feed: https://newsfeed.kicker.de/team/fc-augsburg
2026-10-09 23:03:26,730 INFO Feed: https://newsfeed.kicker.de/team/1-fc-union-berlin
2026-10-09 23:03:26,983 INFO Feed: https://newsfeed.kicker.de/team/werder-bremen
2026-10-09 23:03:27,194 INFO Feed: https://newsfeed.kicker.de/team/hamburger-sv
2026-10-09 23:03:27,292 INFO Feed: https://newsfeed.kicker.de/team/1-fc-koeln
2026-10-09 23:03:27,504 INFO Feed: https://newsfeed.kicker.de/team/fc-schalke-04
2026-10-09 23:03:27,565 INFO Feed: https://newsfeed.kicker.de/team/sv-elversberg
2026-10-09 23:03:27,853 INFO Feed: https://newsfeed.kicker.de/team/sc-paderborn-07
2026-10-09 23:03:28,233 INFO Feed: https://newsfeed.kicker.de/news/champions-league
2026-10-09 23:03:28,442 INFO Feed: ligainsider:themen
2026-10-09 23:03:54,548 INFO LigaInsider (Themenfinder): 176 Meldungen von 18 Vereinsseiten
2026-10-09 23:04:00,106 INFO Eingelesen: 122 Schlagzeilen nach den Gratis-Filtern
2026-10-09 23:04:01,486 INFO S5 kein Bundesliga-Spieler oder -Klub erkennbar: Wolff gibt nach Sprint-Quali zu: Neuer Mercedes "schwieriger zu fahren
2026-10-09 23:04:01,486 INFO S5 kein Bundesliga-Spieler oder -Klub erkennbar: LeBron James war stinksauer! Kommentatoren-Legende der NBA entschuldig
2026-10-09 23:04:01,496 INFO S5 Randthema: Neuer Rekordumsatz
2026-10-09 23:04:01,496 INFO S5 Randthema: SC Freiburg zieht mit Museum, Fanshop und Gastro an den Rathausplatz
2026-10-09 23:04:01,503 INFO S5 kein Bundesliga-Spieler oder -Klub erkennbar: SC Braga 1-[2] Sporting CP - Bernardo Fontes own goal 71'
2026-10-09 23:04:01,503 INFO S5 kein Bundesliga-Spieler oder -Klub erkennbar: Post-Match Thread: RC Lens 2-1 Olympique Lyonnais | Ligue 1
2026-10-09 23:04:01,504 INFO S5 kein Bundesliga-Spieler oder -Klub erkennbar: Braga 1-0 Sporting CP - Rui Silva OG 41'
2026-10-09 23:04:01,504 INFO S5 kein Bundesliga-Spieler oder -Klub erkennbar: West Ham 0-1 QPR - Nicolas Madsen penalty 18'
2026-10-09 23:04:01,504 INFO S5: 74 neue Geschichten, 0 schon berichtet, 1 zu wartenden Geschichten ergänzt, 28 warten
2026-10-09 23:05:41,325 INFO S6 aussortiert (doppelt): Werder-Stürmer trifft beim Ex-Klub  - FÜLLKRUG-WAHNSINN!
2026-10-09 23:05:41,326 INFO S6 aussortiert (prio_1): Gegnerische Fans wünschen ihm den Tod - Widerliche Hass-Gesänge gegen 
2026-10-09 23:05:41,326 INFO S6 aussortiert (doppelt): Bremen zeigt sich auch in Dortmund spektakulär
2026-10-09 23:05:41,326 INFO S6 aussortiert (prio_0): Eintracht Braunschweig gewinnt Keller-Krimi gegen Holstein Kiel
2026-10-09 23:05:41,326 INFO S6 aussortiert (prio_0): Videos & Highlights: Augsburg vs. FC Bayern - Bundesliga 26/27
2026-10-09 23:05:41,326 INFO S6 aussortiert (prio_0): Fußball Bundesliga: Braunschweig gegen Frankfurter SGE - Übersicht übe
2026-10-09 23:05:41,327 INFO S6 aussortiert (prio_0): FC Bayern Kickers Nürnberg
2026-10-09 23:05:41,327 INFO S6 aussortiert (prio_0): Fußball Bundesliga: Neunkirchen gegen FC Bayern - Statistik: Zweikämpf
2026-10-09 23:05:41,327 INFO S6 aussortiert (prio_0): Fußball Bundesliga: Hamburg gegen FC Bayern - Statistik: Geschwindigke
2026-10-09 23:05:41,327 INFO S6 aussortiert (doppelt): Füllkrug sorgt mit Last-Minute-Tor für Werder-Punktgewinn beim BVB
2026-10-09 23:05:41,327 INFO S6 aussortiert (doppelt): Ballbesitz des BVB gegen Werder ist erdrückend, aber noch haben die Br
2026-10-09 23:05:41,328 INFO S6 aussortiert (doppelt): Borussia Dortmund: Führung ausgebaut – BVB überwindet erneut Werder Br
2026-10-09 23:05:41,328 INFO S6 aussortiert (doppelt): Mitten in der Drangphase des BVB sorgt Werders Füllkrug für einen Schr
2026-10-09 23:05:41,328 INFO S6 aussortiert (doppelt): Borussia Dortmund: Ballbesitz des BVB gegen Werder ist erdrückend – ab
2026-10-09 23:05:41,328 INFO S6 aussortiert (doppelt): Live! Jetzt wird es wild: BVB-Wahnsinn gegen Werder – Ausgleich
2026-10-09 23:05:41,328 INFO S6 aussortiert (doppelt): Bis zur 88. Minute alles klar: Niclas Füllkrug schockt blitz-kollabier
2026-10-09 23:05:41,328 INFO S6 aussortiert (doppelt): Bundesliga: Irre Schlussphase – Werder Bremen schockt den BVB
2026-10-09 23:05:41,328 INFO S6 aussortiert (doppelt): BVB vs. Werder Bremen, Noten: An einem Dortmunder kommt Jürgen Klopp b
2026-10-09 23:05:41,329 INFO S6 aussortiert (prio_1): Niclas Füllkrug verschenkt Werder-Trikot an BVB-Fan
2026-10-09 23:05:41,329 INFO S6 aussortiert (doppelt): Rückkehrer Füllkrug stellt das Spiel auf den Kopf: BVB verspielt 2:0 g
2026-10-09 23:05:41,329 INFO S6 aussortiert (doppelt): Anton und Nmecha außer Form - Beier überzeugt als Ryerson-Ersatz BVB-E
2026-10-09 23:05:41,329 INFO S6 aussortiert (doppelt): BVB-Einzelkritik gegen Werder Bremen: Nur einmal Note 4 bei Last-Minut
2026-10-09 23:05:41,329 INFO S6 aussortiert (doppelt): 5. Spieltag: Borussia Dortmund - SV Werder Bremen - Borussia Dortmund 
2026-10-09 23:05:41,329 INFO S6 aussortiert (doppelt): Stats-review: So lief Borussia Dortmund 2-2 Werder Bremen
2026-10-09 23:05:41,329 INFO S6 aussortiert (prio_0): Mainz vs Leverkusen Quoten & Wett-Tipp - 10.10.2026
2026-10-09 23:05:41,329 INFO S6 aussortiert (prio_0): Fußball Bundesliga: Stuttgart gegen Wattenscheid - Übersicht über die 
2026-10-09 23:05:41,330 INFO S6 aussortiert (prio_0): Fußball Bundesliga: Schalke gegen Stuttgart - Statistik: Fouls begange
2026-10-09 23:05:41,330 INFO S6 aussortiert (prio_0): Trainiere bei der Eintracht
2026-10-09 23:05:41,330 INFO S6 aussortiert (prio_0): Fußball Bundesliga: E. Frankfurt gegen Schalke - Elfmeter - 31. Spielt
2026-10-09 23:05:41,330 INFO S6 aussortiert (prio_0): Fußball Bundesliga: E. Frankfurt gegen Aachen - Ergebnisse - 19. Spiel
2026-10-09 23:05:41,330 INFO S6 aussortiert (prio_0): Fußball Bundesliga: M'gladbach gegen E. Frankfurt - Statistik: Zweikäm
2026-10-09 23:05:41,330 INFO S6 aussortiert (prio_1): Ex-Borussia-Profi packt aus: Kramer freute sich über Trainer-Aus: „Wir
2026-10-09 23:05:41,330 INFO S6 aussortiert (prio_0): Fußball Bundesliga: Schalke gegen M'gladbach - Übersicht über die Lauf
2026-10-09 23:05:41,331 INFO S6 aussortiert (prio_0): Fußball Bundesliga: Hertha BSC gegen M'gladbach - Statistik: Fouls erl
2026-10-09 23:05:41,331 INFO S6 aussortiert (prio_0): Fußball Bundesliga: M'gladbach gegen Bochum - Übersicht über die Torjä
2026-10-09 23:05:41,331 INFO S6 aussortiert (doppelt): Fußball-Bundesliga: Rekord, Rekord, Rekord: Freiburger in neuer Flughö
2026-10-09 23:05:41,331 INFO S6 aussortiert (prio_0): TSG Hoffenheim vs HSV Quoten, Prognose & Tipp - 10.10.2026
2026-10-09 23:05:41,331 INFO S6 aussortiert (prio_0): Derrick Köhn: Bilanz gegen Gegenspieler, Trainer & Vereine
2026-10-09 23:05:41,331 INFO S6 aussortiert (doppelt): Top Stats Round-up: Borussia Dortmund 2-2 Werder Bremen
2026-10-09 23:05:41,331 INFO S6 aussortiert (doppelt): Borussia Dortmund: BVB bricht den Bann und überwindet Werder Bremens B
2026-10-09 23:05:41,332 INFO S6 aussortiert (doppelt): Fußball Bundesliga: Dortmund gegen Werder - Aufstellung - 5. Spieltag 
2026-10-09 23:05:41,332 INFO S6 aussortiert (doppelt): Irre Schlussphase! Werder schockt den BVB in letzter Minute
2026-10-09 23:05:41,332 INFO S6 aussortiert (prio_1): Der ewige Stadion-Traum des 1. FC Köln: Präsident will ihn endlich erf
2026-10-09 23:05:41,332 INFO S6 aussortiert (prio_1): Mehr als ein Käpt’n! So prägt Benedikt Höwedes den FC Schalke 04 bis h
2026-10-09 23:05:41,332 INFO S6 aussortiert (prio_1): SV Elversberg lädt zum öffentlichen Training in St. Ingbert
2026-10-09 23:05:41,332 INFO S6 aussortiert (prio_0): FC Bayern loanee Zaragoza scores wondergoal for Espanyol
2026-10-09 23:05:41,332 INFO S6 aussortiert (prio_0): Neuer Wirbel wegen verurteiltem Fußballer: UH-Adler verweigert Spiel g
2026-10-09 23:05:41,333 INFO S6 aussortiert (prio_1): Jupp Heynckes beeinflusste Edin Terzic bei der Wahl seines neuen Klubs
2026-10-09 23:05:41,333 INFO S6 aussortiert (doppelt): [Official] SC Freiburg posts record revenue in 2025/26 season, posting
2026-10-09 23:05:41,333 INFO S6 aussortiert (doppelt): Borussia Dortmund 2-[1] Werder Bremen - Ludovit Reis 88'
2026-10-09 23:05:41,333 INFO S6 aussortiert (doppelt): Borussia Dortmund [2]-0 Werder Bremen - Nico Schlotterbeck 85'
2026-10-09 23:05:41,333 INFO S6 aussortiert (doppelt): Borussia Dortmund [1]-0 Werder Bremen - Daniel Svensson 80'
2026-10-09 23:05:41,622 ERROR lxml parsing failed: Document is empty
2026-10-09 23:05:41,622 ERROR lxml parser bytestring Document is empty
2026-10-09 23:05:41,622 ERROR lxml parsing failed: Document is empty
2026-10-09 23:05:41,622 ERROR lxml parser bytestring Document is empty
2026-10-09 23:05:41,623 ERROR empty HTML tree: None
2026-10-09 23:05:41,623 WARNING discarding data: None
2026-10-09 23:05:41,623 INFO S7 kein Volltext (trafilatura_returned_empty): Ausgerechnet Füllkrug: Bremen holt in Dortmund nach 0:2 eine
2026-10-09 23:05:51,458 INFO S7 schreiben (Prio 3, 3 Quellen): Ausgerechnet Füllkrug: Bremen holt in Dortmund nach 0:2 eine
2026-10-09 23:06:03,334 INFO   Kandidat: Füllkrug rettet Werder spät einen Punkt in Dortmund
2026-10-09 23:06:04,379 WARNING discarding data: None
2026-10-09 23:06:04,380 INFO S7 kein Volltext (trafilatura_returned_empty): FC Bayern legt XXL-Preisschild fest
2026-10-09 23:06:04,380 INFO S7 zu wenig Stoff (0 Wörter aus 0 Quellen, Versuch 1/3): FC Bayern legt XXL-Preisschild fest
2026-10-09 23:06:08,347 INFO S6.5 schon berichtet (Füllkrug rettet Werder spät einen Punkt in Do): Borussia Dortmund: BVB-Ballbesitz gegen Werder erdrückend – 
2026-10-09 23:06:11,720 INFO S7 kein Volltext (seite_zu_alt): Fußball Conference League: Trabzon gegen Freiburg - Übersich
2026-10-09 23:06:11,720 INFO S7 zu wenig Stoff (0 Wörter aus 0 Quellen, Versuch 1/3): Fußball Conference League: Trabzon gegen Freiburg - Übersich
2026-10-09 23:06:13,314 INFO S7 kein Volltext (too_short_56_words): Dennis Seimen feiert sein Stuttgart-Debüt ausgerechnet beim 
2026-10-09 23:06:13,314 INFO S7 zu wenig Stoff (0 Wörter aus 0 Quellen, Versuch 3/3): Dennis Seimen feiert sein Stuttgart-Debüt ausgerechnet beim 
2026-10-09 23:06:14,419 INFO S7 kein Volltext (too_short_4_words): Mit Hein im Tor: Werders Aufstellung in Dortmund
2026-10-09 23:06:14,420 INFO S7 zu wenig Stoff (0 Wörter aus 0 Quellen, Versuch 2/3): Mit Hein im Tor: Werders Aufstellung in Dortmund
2026-10-09 23:06:14,878 WARNING discarding data: None
2026-10-09 23:06:14,878 INFO S7 kein Volltext (trafilatura_returned_empty): Wann steht Jamal Musiala wieder auf dem Platz? Potenzielles 
2026-10-09 23:06:14,878 INFO S7 zu wenig Stoff (0 Wörter aus 0 Quellen, Versuch 1/3): Wann steht Jamal Musiala wieder auf dem Platz? Potenzielles 
2026-10-09 23:06:15,850 INFO S7 kein Volltext (seite_zu_alt): Nach Kreislaufproblemen: BVB gibt Update zu Karetsas - Kein 
2026-10-09 23:06:15,850 INFO S7 zu wenig Stoff (0 Wörter aus 0 Quellen, Versuch 3/3): Nach Kreislaufproblemen: BVB gibt Update zu Karetsas - Kein 
2026-10-09 23:06:16,315 WARNING discarding data: None
2026-10-09 23:06:16,315 INFO S7 kein Volltext (trafilatura_returned_empty): "Keine Zweifel": Vincent Kompany gibt vor dem Augsburg-Spiel
2026-10-09 23:06:16,315 INFO S7 zu wenig Stoff (0 Wörter aus 0 Quellen, Versuch 3/3): "Keine Zweifel": Vincent Kompany gibt vor dem Augsburg-Spiel
2026-10-09 23:06:16,910 INFO S7 kein Volltext (seite_zu_alt): SC Paderborn 07 - VfB Stuttgart Kader & Aufstellungen: Bunde
2026-10-09 23:06:16,910 INFO S7 zu wenig Stoff (0 Wörter aus 0 Quellen, Versuch 3/3): SC Paderborn 07 - VfB Stuttgart Kader & Aufstellungen: Bunde
2026-10-09 23:06:18,412 INFO S7 kein Volltext (seite_zu_alt): "Zeit ist reif": Gladbach siegt, weil Blessin genau das Rich
2026-10-09 23:06:18,927 WARNING discarding data: None
2026-10-09 23:06:18,928 INFO S7 kein Volltext (trafilatura_returned_empty): Gladbach verliert Trikotsponsor zum Saisonende
2026-10-09 23:06:18,928 INFO S7 zu wenig Stoff (0 Wörter aus 0 Quellen, Versuch 3/3): "Zeit ist reif": Gladbach siegt, weil Blessin genau das Rich
2026-10-09 23:06:22,288 INFO S6.5 schon berichtet (Füllkrug rettet Werder spät einen Punkt in Do): Schlotterbeck nach BVB – Bremen sichtlich bedient: „Tut natü
2026-10-09 23:06:27,736 INFO S6.5 schon berichtet (Augsburgs Baum fordert gegen Bayern: „Wie ein): Kompany ändert plötzlich Ablauf des FC Bayern vor Auswärtssp
2026-10-09 23:06:30,966 INFO S6.5 schon berichtet (Augsburgs Baum fordert gegen Bayern: „Wie ein): Kompany greift vor Augsburg-Duell zu überraschender Reise-Ma
2026-10-09 23:06:33,511 INFO S6.5 schon berichtet (Köln vor dem Derby: Trainer Wagner unter Druc): Trainer-Knall nach Köln – Gladbach? „Es ist schwer, das nich
2026-10-09 23:06:38,570 INFO S6.5 schon berichtet (HSV vor Hoffenheim: Stange könnte im Sturm ei): (+) HSV-Kommentar: Diese Ausrede zählt jetzt nicht mehr
2026-10-09 23:06:42,268 INFO S6.5 schon berichtet (Freiburgs Beste warnt vor Schalkes Ruhrpott-M): „Sehr unangenehm“: Freiburg-Coach Schuster warnt vor Schalke
2026-10-09 23:06:42,774 ERROR lxml parsing failed: Document is empty
2026-10-09 23:06:42,774 ERROR lxml parser bytestring Document is empty
2026-10-09 23:06:42,774 ERROR lxml parsing failed: Document is empty
2026-10-09 23:06:42,774 ERROR lxml parser bytestring Document is empty
2026-10-09 23:06:42,774 ERROR empty HTML tree: None
2026-10-09 23:06:42,774 WARNING discarding data: None
2026-10-09 23:06:42,775 INFO S7 kein Volltext (trafilatura_returned_empty): Bei Mainz hat für Fischer das Gefühl gepasst
2026-10-09 23:06:42,775 INFO S7 zu wenig Stoff (0 Wörter aus 0 Quellen, Versuch 1/3): Bei Mainz hat für Fischer das Gefühl gepasst
2026-10-09 23:06:44,212 INFO S7 kein Volltext (seite_zu_alt): Sat.1 NRW - Trainerdebüt im Derby: Köln empfängt Mönchenglad
2026-10-09 23:06:44,212 INFO S7 zu wenig Stoff (0 Wörter aus 0 Quellen, Versuch 1/3): Sat.1 NRW - Trainerdebüt im Derby: Köln empfängt Mönchenglad
2026-10-09 23:06:47,881 INFO S6.5 schon berichtet (Freiburgs Beste warnt vor Schalkes Ruhrpott-M): Freiburg-Trainer Schuster warnt vor Schalke: "Haben nicht vi
2026-10-09 23:06:48,945 WARNING discarding data: None
2026-10-09 23:06:48,946 INFO S7 kein Volltext (trafilatura_returned_empty): Borussia Dortmund gegen Werder Bremen Deutsche Bundesliga Sp
2026-10-09 23:06:48,946 INFO S7 zu wenig Stoff (0 Wörter aus 0 Quellen, Versuch 2/3): Borussia Dortmund gegen Werder Bremen Deutsche Bundesliga Sp
2026-10-09 23:06:50,667 INFO S7 kein Volltext (likely_paywall): Bundesliga-Restart in der Hauptstadt: SV Elversberg zu Gast 
2026-10-09 23:06:50,667 INFO S7 zu wenig Stoff (0 Wörter aus 0 Quellen, Versuch 2/3): Bundesliga-Restart in der Hauptstadt: SV Elversberg zu Gast 
2026-10-09 23:06:51,797 INFO S7 kein Volltext (too_short_29_words): Werder-Trainer erklärt es: Füllkrugs Rolle gegen den BVB
2026-10-09 23:06:51,797 INFO S7 zu wenig Stoff (0 Wörter aus 0 Quellen, Versuch 2/3): Werder-Trainer erklärt es: Füllkrugs Rolle gegen den BVB
2026-10-09 23:06:52,225 WARNING discarding data: None
2026-10-09 23:06:52,226 INFO S7 kein Volltext (trafilatura_returned_empty): Klassenerhalt für Schalke? Das traut Klaus Fischer seinem Ve
2026-10-09 23:06:52,226 INFO S7 zu wenig Stoff (0 Wörter aus 0 Quellen, Versuch 1/3): Klassenerhalt für Schalke? Das traut Klaus Fischer seinem Ve
2026-10-09 23:06:52,647 ERROR lxml parsing failed: Document is empty
2026-10-09 23:06:52,648 ERROR lxml parser bytestring Document is empty
2026-10-09 23:06:52,648 ERROR lxml parsing failed: Document is empty
2026-10-09 23:06:52,648 ERROR lxml parser bytestring Document is empty
2026-10-09 23:06:52,648 ERROR empty HTML tree: None
2026-10-09 23:06:52,648 WARNING discarding data: None
2026-10-09 23:06:52,648 INFO S7 kein Volltext (trafilatura_returned_empty): Vorbild Klopp: Demichelis lässt Druck bei RB Leipzig kalt – 
2026-10-09 23:06:52,649 INFO S7 zu wenig Stoff (0 Wörter aus 0 Quellen, Versuch 3/3): Vorbild Klopp: Demichelis lässt Druck bei RB Leipzig kalt – 
2026-10-09 23:06:53,110 INFO S7 kein Volltext (too_short_4_words): Vorbericht vor dem Highlightspiel gegen den Hamburger SV: De
2026-10-09 23:06:53,110 INFO S7 zu wenig Stoff (0 Wörter aus 0 Quellen, Versuch 1/3): Vorbericht vor dem Highlightspiel gegen den Hamburger SV: De
2026-10-09 23:06:53,541 WARNING discarding data: None
2026-10-09 23:06:53,542 INFO S7 kein Volltext (trafilatura_returned_empty): FC Schalke 04: Spannende Details um möglichen Muslic-Abgang 
2026-10-09 23:06:53,542 INFO S7 zu wenig Stoff (0 Wörter aus 0 Quellen, Versuch 3/3): FC Schalke 04: Spannende Details um möglichen Muslic-Abgang 
2026-10-09 23:06:54,964 INFO S7 kein Volltext (too_short_51_words): RB Leipzig und Demichelis wollen gegen Eintracht Frankfurt f
2026-10-09 23:06:54,964 INFO S7 zu wenig Stoff (0 Wörter aus 0 Quellen, Versuch 3/3): RB Leipzig und Demichelis wollen gegen Eintracht Frankfurt f
2026-10-09 23:06:55,512 INFO S7 kein Volltext (too_short_15_words): Union Berlin: Mit Schweiz-Duo zum Erfolg?
2026-10-09 23:06:55,512 INFO S7 zu wenig Stoff (0 Wörter aus 0 Quellen, Versuch 3/3): Union Berlin: Mit Schweiz-Duo zum Erfolg?
2026-10-09 23:06:56,549 INFO S7 kein Volltext (too_short_66_words): Schalkes Torproblem: Fünf Argumente verändern plötzlich die 
2026-10-09 23:06:56,549 INFO S7 zu wenig Stoff (0 Wörter aus 0 Quellen, Versuch 3/3): Schalkes Torproblem: Fünf Argumente verändern plötzlich die 
2026-10-09 23:06:56,936 WARNING discarding data: None
2026-10-09 23:06:56,937 INFO S7 kein Volltext (trafilatura_returned_empty): Kane, Saibari, Tah und Co.: Einblicke ins geheime Bayern-Abs
2026-10-09 23:06:56,937 INFO S7 zu wenig Stoff (0 Wörter aus 0 Quellen, Versuch 2/3): Kane, Saibari, Tah und Co.: Einblicke ins geheime Bayern-Abs
2026-10-09 23:07:09,368 INFO S7 kein Volltext (fetch_failed_ReadTimeout): Geschichte: Bayern München 1-1 Univ. Craiova | Infos zum Spi
2026-10-09 23:07:09,368 INFO S7 zu wenig Stoff (0 Wörter aus 0 Quellen, Versuch 2/3): Geschichte: Bayern München 1-1 Univ. Craiova | Infos zum Spi
2026-10-09 23:07:09,726 WARNING discarding data: None
2026-10-09 23:07:09,727 INFO S7 kein Volltext (trafilatura_returned_empty): FC Bayern reist schon am Freitag nach Augsburg: Das steckt d
2026-10-09 23:07:09,727 INFO S7 zu wenig Stoff (0 Wörter aus 0 Quellen, Versuch 2/3): FC Bayern reist schon am Freitag nach Augsburg: Das steckt d
2026-10-09 23:07:10,152 WARNING discarding data: None
2026-10-09 23:07:10,153 INFO S7 kein Volltext (trafilatura_returned_empty): FC Bayern reist schon am Freitag nach Augsburg: Das steckt d
2026-10-09 23:07:10,153 INFO S7 zu wenig Stoff (0 Wörter aus 0 Quellen, Versuch 1/3): FC Bayern reist schon am Freitag nach Augsburg: Das steckt d
2026-10-09 23:07:11,428 INFO S7 kein Volltext (likely_paywall): Gladbach boss Blessin opens door for Neuhaus after difficult
2026-10-09 23:07:11,428 INFO S7 zu wenig Stoff (0 Wörter aus 0 Quellen, Versuch 3/3): Gladbach boss Blessin opens door for Neuhaus after difficult
2026-10-09 23:07:15,339 INFO S6.5 schon berichtet (Schalke vor Freiburg: Karaman trotzt der Ausw): „Schalke-Pottcast“ vor dem Freiburg-Spiel: Wir blicken im Vi
2026-10-09 23:07:15,676 ERROR lxml parsing failed: Document is empty
2026-10-09 23:07:15,676 ERROR lxml parser bytestring Document is empty
2026-10-09 23:07:15,676 ERROR lxml parsing failed: Document is empty
2026-10-09 23:07:15,676 ERROR lxml parser bytestring Document is empty
2026-10-09 23:07:15,676 ERROR empty HTML tree: None
2026-10-09 23:07:15,676 WARNING discarding data: None
2026-10-09 23:07:15,677 INFO S7 kein Volltext (trafilatura_returned_empty): Unruhe um Kölns Wagner: „Nehme ich natürlich wahr“ – 5 Train
2026-10-09 23:07:15,677 INFO S7 zu wenig Stoff (0 Wörter aus 0 Quellen, Versuch 1/3): Unruhe um Kölns Wagner: „Nehme ich natürlich wahr“ – 5 Train
2026-10-09 23:07:16,733 WARNING discarding data: None
2026-10-09 23:07:16,734 INFO S7 kein Volltext (trafilatura_returned_empty): FC Schalke 04: Neue Details um Muslic-Klausel enthüllt
2026-10-09 23:07:16,734 INFO S7 zu wenig Stoff (0 Wörter aus 0 Quellen, Versuch 3/3): FC Schalke 04: Neue Details um Muslic-Klausel enthüllt
2026-10-09 23:07:17,352 WARNING discarding data: None
2026-10-09 23:07:17,353 INFO S7 kein Volltext (trafilatura_returned_empty): Lustrinelli zieht Elversberg-Parallele: "Ich kenne dieses Ge
2026-10-09 23:07:17,353 INFO S7 zu wenig Stoff (0 Wörter aus 0 Quellen, Versuch 3/3): Lustrinelli zieht Elversberg-Parallele: "Ich kenne dieses Ge
2026-10-09 23:07:17,727 WARNING discarding data: None
2026-10-09 23:07:17,727 INFO S7 kein Volltext (trafilatura_returned_empty): Damar sagt, ob er seinen Kumpel Asllani nach geplatztem Leip
2026-10-09 23:07:17,728 INFO S7 zu wenig Stoff (0 Wörter aus 0 Quellen, Versuch 2/3): Damar sagt, ob er seinen Kumpel Asllani nach geplatztem Leip
2026-10-09 23:07:18,327 ERROR lxml parsing failed: Document is empty
2026-10-09 23:07:18,328 ERROR lxml parser bytestring Document is empty
2026-10-09 23:07:18,328 ERROR lxml parsing failed: Document is empty
2026-10-09 23:07:18,328 ERROR lxml parser bytestring Document is empty
2026-10-09 23:07:18,328 ERROR empty HTML tree: None
2026-10-09 23:07:18,328 WARNING discarding data: None
2026-10-09 23:07:18,328 INFO S7 kein Volltext (trafilatura_returned_empty): Neuhaus erhält unter Blessin neue Chance: Muss Fähigkeiten „
2026-10-09 23:07:18,329 INFO S7 zu wenig Stoff (0 Wörter aus 0 Quellen, Versuch 2/3): Neuhaus erhält unter Blessin neue Chance: Muss Fähigkeiten „
2026-10-09 23:07:18,708 WARNING discarding data: None
2026-10-09 23:07:18,708 INFO S7 kein Volltext (trafilatura_returned_empty): Druck vor dem Rheinderby: René Wagner nimmt Skepsis beim 1. 
2026-10-09 23:07:18,709 INFO S7 zu wenig Stoff (0 Wörter aus 0 Quellen, Versuch 3/3): Druck vor dem Rheinderby: René Wagner nimmt Skepsis beim 1. 
2026-10-09 23:07:19,080 WARNING discarding data: None
2026-10-09 23:07:19,080 INFO S7 kein Volltext (trafilatura_returned_empty): Keine Einigung in Sicht: Angelo Stiller tendiert zum Abschie
2026-10-09 23:07:19,081 INFO S7 zu wenig Stoff (0 Wörter aus 0 Quellen, Versuch 3/3): Keine Einigung in Sicht: Angelo Stiller tendiert zum Abschie
2026-10-09 23:07:20,693 INFO S7 kein Volltext (too_short_44_words): Fußball-Bundesliga: Gladbachs neuer Coach gibt Neuhaus Persp
2026-10-09 23:07:20,694 INFO S7 zu wenig Stoff (0 Wörter aus 0 Quellen, Versuch 1/3): Fußball-Bundesliga: Gladbachs neuer Coach gibt Neuhaus Persp
2026-10-09 23:07:22,123 INFO S7 kein Volltext (too_short_27_words): Muslic kritisiert Ayhans geringe Türkei-Spielzeit: Auf Schal
2026-10-09 23:07:22,123 INFO S7 zu wenig Stoff (0 Wörter aus 0 Quellen, Versuch 2/3): Muslic kritisiert Ayhans geringe Türkei-Spielzeit: Auf Schal
2026-10-09 23:07:22,862 INFO S7 kein Volltext (too_short_15_words): Fußball-Bundesliga: Druck auf Unions Lustrinelli? Energie fl
2026-10-09 23:07:22,862 INFO S7 zu wenig Stoff (0 Wörter aus 0 Quellen, Versuch 3/3): Fußball-Bundesliga: Druck auf Unions Lustrinelli? Energie fl
2026-10-09 23:07:23,311 ERROR lxml parsing failed: Document is empty
2026-10-09 23:07:23,311 ERROR lxml parser bytestring Document is empty
2026-10-09 23:07:23,311 ERROR lxml parsing failed: Document is empty
2026-10-09 23:07:23,311 ERROR lxml parser bytestring Document is empty
2026-10-09 23:07:23,311 ERROR empty HTML tree: None
2026-10-09 23:07:23,311 WARNING discarding data: None
2026-10-09 23:07:23,311 INFO S7 kein Volltext (trafilatura_returned_empty): "Dickes Ausrufezeichen" von Schalke und "ein ganz, ganz klei
2026-10-09 23:07:23,312 INFO S7 zu wenig Stoff (0 Wörter aus 0 Quellen, Versuch 1/3): "Dickes Ausrufezeichen" von Schalke und "ein ganz, ganz klei
2026-10-09 23:07:24,382 INFO S7 kein Volltext (too_short_12_words): Köln gewinnt, weil es das Derby ist - 1. FC Köln - Sport
2026-10-09 23:07:24,382 INFO S7 zu wenig Stoff (0 Wörter aus 0 Quellen, Versuch 1/3): Köln gewinnt, weil es das Derby ist - 1. FC Köln - Sport
2026-10-09 23:07:25,888 INFO S7 kein Volltext (seite_zu_alt): 1. FC Köln - Borussia Mönchengladbach Analyse
2026-10-09 23:07:25,888 INFO S7 zu wenig Stoff (0 Wörter aus 0 Quellen, Versuch 3/3): 1. FC Köln - Borussia Mönchengladbach Analyse
2026-10-09 23:07:29,571 INFO S7 kein Volltext (too_short_49_words): Bayern gegen Augsburg - da war doch was?
2026-10-09 23:07:29,572 INFO S7 zu wenig Stoff (0 Wörter aus 0 Quellen, Versuch 1/3): Bayern gegen Augsburg - da war doch was?
2026-10-09 23:07:29,583 INFO S9.5 FinalCheck: 1/1 durch
2026-10-09 23:07:30,475 INFO Veröffentlicht: Füllkrug rettet Werder spät einen Punkt in Dortmund
2026-10-09 23:07:30,522 INFO Reddit: Keine Credentials – übersprungen
2026-10-09 23:07:30,523 INFO 💶 Kosten: dieser Lauf 0.000 $ (Budget 0.103 $) | heute 0.00 $ | Monat 0.72 / 23 $ | konferenz (abo) 1× 0.000 $, dublette (abo) 12× 0.000 $, schreiben (abo) 1× 0.000 $
2026-10-09 23:07:30,523 INFO 🎫 Abo-Verbrauch: 35,243 Tokens rein (davon Cache gelesen 0), 15,832 raus, API-Gegenwert 0.22 $ | konferenz 1×: 7,470/13,176, dublette 12×: 17,269/942, schreiben 1×: 10,504/1,714
2026-10-09 23:07:30,608 INFO Feeds: 60/60 begonnen, nächster Lauf startet bei Nr. 0
2026-10-09 23:07:30,608 INFO URL-Cache gespeichert: 31792 URLs
2026-10-09 23:07:30,608 INFO === Fertig. 1 neue Artikel. feed.json: 1507 ===
2026-10-09 23:07:30,608 INFO Stats: {"ts": "20261009_2301", "ingested": 231, "s2_pre_filter": 43, "s3_relevance": 64, "s4_dedup_early": 0, "gesammelt": 122, "geschichten_neu": 74, "s5_archiv_doppelt": 0, "s5_zusammengefuehrt": 1, "s6_aussortiert": 52, "s7_geschrieben": 1, "s7_verworfen": 9, "s5_fulltext_fail": 40, "s8_qa_rejected": 0, "published": 1, "s5_ohne_bezug": 6, "s5_randthema": 2, "kosten": {"lauf_usd": 0.0, "lauf_budget_usd": 0.1027, "heute_usd": 0.0, "monat_usd": 0.7196, "monatsbudget_usd": 23.0, "aufrufe": {"konferenz (abo)": {"anzahl": 1, "usd": 0.0}, "dublette (abo)": {"anzahl": 12, "usd": 0.0}, "schreiben (abo)": {"anzahl": 1, "usd": 0.0}}, "guthaben_leer": false, "abo": true, "abo_tokens": {"konferenz": {"aufrufe": 1, "ein": 10, "cache_schreiben": 7460, "cache_lesen": 0, "aus": 13176, "api_wert_usd": 0.0808}, "dublette": {"aufrufe": 12, "ein": 24, "cache_schreiben": 17245, "cache_lesen": 0, "aus": 942, "api_wert_usd": 0.0783}, "schreiben": {"aufrufe": 1, "ein": 2, "cache_schreiben": 10502, "cache_lesen": 0, "aus": 1714, "api_wert_usd": 0.0592}}}}
