2026-10-09 08:03:35,411 INFO 💶 Budget: dieser Lauf 0.099 $ | heute 0.00 $ | Monat 0.72 / 23 $
2026-10-09 08:03:35,851 INFO URL-Cache geladen: 29736 bekannte URLs (letzte 30 Tage)
2026-10-09 08:03:35,851 INFO === Ligaoutsider Generator startet – max. 50 Artikel ===
2026-10-09 08:03:35,851 INFO Feed: https://newsfeed.kicker.de/news/bundesliga
2026-10-09 08:03:36,115 INFO Feed: https://www.sportschau.de/fussball/bundesliga/index~rss2.xml
2026-10-09 08:03:36,670 INFO Feed: https://sportbild.bild.de/feed/sportbild-home.xml
2026-10-09 08:03:37,315 INFO BL-Spielerliste geladen: 1002 Namen
2026-10-09 08:03:37,357 INFO S3 keyword miss: Finanzskandal in der Premier League - Erster City-Star brich
2026-10-09 08:03:37,434 INFO S3 keyword miss: Stress um NFL-Freundin - Influencerin wettert gegen „ekelhaf
2026-10-09 08:03:37,513 INFO S3 keyword miss: „Gigio hat Zusicherungen erhalten“ - Donnarumma-Berater über
2026-10-09 08:03:37,587 INFO S3 keyword miss: Schlag-Erfindung - Mit UFO-Bällen in die Weltspitze
2026-10-09 08:03:37,588 INFO S2 blacklist: Mit Sprint & Qualifying - Läuft die Formel 1 in Singapur am 
2026-10-09 08:03:37,588 INFO S2 blacklist: Bundesliga am Samstag - So sehen Mainz 05 – Leverkusen live 
2026-10-09 08:03:37,589 INFO S2 blacklist: Premier League am Samstag - So sehen Sie Manchester United –
2026-10-09 08:03:37,666 INFO S3 keyword miss: „Ich spüre diesen Druck“ - Schönheits-OPs? Frau von NFL-MVP 
2026-10-09 08:03:37,666 INFO S2 blacklist: Bundesliga am Samstag - So sehen Sie Augsburg – Bayern Münch
2026-10-09 08:03:37,667 INFO S2 blacklist: 2. Bundesliga am Samstag - So sehen Sie 1. FC Nürnberg – VfL
2026-10-09 08:03:37,667 INFO S2 blacklist: DFB-Frauen, Dortmund und Kaiserslautern - So sehen Sie Fußba
2026-10-09 08:03:37,668 INFO Feed: https://www.bild.de/rss-feeds/rss-16725492,feed=fussball-mix.bild.html
2026-10-09 08:03:38,118 INFO S3 keyword miss: Schon Dienstag zur Champions League - Gratis-Premiere bei DA
2026-10-09 08:03:38,119 INFO Feed: https://www.11freunde.de/feed
2026-10-09 08:03:39,649 INFO Feed: https://www.bundesliga.com/de/bundesliga/news.rss
2026-10-09 08:03:40,416 INFO Feed: https://news.google.com/rss/topics/CAAqJggKIiBDQkFTRWdvSUwyMHZNRFp1ZEdvU0FtUmxHZ0pFUlNnQVAB?hl=de&gl=DE&ceid=DE:de
2026-10-09 08:03:41,183 INFO S3 keyword miss: FP1, Mandalika: Bezzecchi unantastbar, Marc Marquez vor WM-L
2026-10-09 08:03:41,436 INFO S3 keyword miss: Dallas Cowboys: Tampa Bay beendet Krise mit 24:16 – Nowitzki
2026-10-09 08:03:41,569 INFO S3 keyword miss: Emotionales Statement von Sofia Goggia: "Mein ganzer Körper 
2026-10-09 08:03:41,682 INFO S2 blacklist: Chemnitzer FC: Löhmannsröben tobt vor Erfurt-Hit mit Aufstie
2026-10-09 08:03:41,682 INFO S2 blacklist: Dynamo Dresden: Kabinen-Gaudi! Zweitliga-Star singt Schlager
2026-10-09 08:03:41,808 INFO S3 keyword miss: Handball | Bundesliga: ThSV Eisenach bändigt die Rhein-Necka
2026-10-09 08:03:42,030 INFO S3 keyword miss: Gegner-Check Heidenheim: Kopfballstark mit breiter Brust
2026-10-09 08:03:42,164 INFO S3 keyword miss: Ghana: Baffoe und Kollegen suchen Nationaltrainer per Intern
2026-10-09 08:03:42,164 INFO Feed: https://news.google.com/rss/search?q=Bundesliga+Testspiel+Ergebnis&hl=de&gl=DE&ceid=DE:de
2026-10-09 08:03:42,526 INFO Feed: https://news.google.com/rss/search?q=Bundesliga+Vorbereitung+Sommertour&hl=de&gl=DE&ceid=DE:de
2026-10-09 08:03:42,759 INFO Feed: https://news.google.com/rss/search?q=Bundesliga+Verletzung+Ausfall+gesperrt&hl=de&gl=DE&ceid=DE:de
2026-10-09 08:03:43,177 INFO Feed: https://news.google.com/rss/search?q=Bundesliga+Transfer+Wechsel+verpflichtet&hl=de&gl=DE&ceid=DE:de
2026-10-09 08:03:43,501 INFO Feed: https://news.google.com/rss/search?q=Bundesliga+Gerücht+Interesse+Angebot&hl=de&gl=DE&ceid=DE:de
2026-10-09 08:03:43,890 INFO Feed: https://news.google.com/rss/search?q=Bundesliga+Vertrag+verlängert+ablösefrei&hl=de&gl=DE&ceid=DE:de
2026-10-09 08:03:44,231 INFO Feed: https://news.google.com/rss/search?q=%22FC+Bayern%22+OR+%22Bayern+M%C3%BCnchen%22+when%3A1d&hl=de&gl=DE&ceid=DE:de
2026-10-09 08:03:44,724 INFO S2 blacklist: Bundesliga am Samstag: So sehen Sie Augsburg – Bayern Münche
2026-10-09 08:03:44,724 INFO S2 blacklist: Fußball, Regionalliga: Wer zeigt FC Bayern II vs. SpVgg Unte
2026-10-09 08:03:44,726 INFO S2 blacklist: Derby, Regionalliga: Läuft FC Bayern II vs. SpVgg Unterhachi
2026-10-09 08:03:44,730 INFO Feed: https://news.google.com/rss/search?q=BVB+OR+%22Borussia+Dortmund%22+when%3A1d&hl=de&gl=DE&ceid=DE:de
2026-10-09 08:03:45,210 INFO S2 blacklist: So sehen Sie Fußball heute live im TV! Mit DFB-Frauen, BVB u
2026-10-09 08:03:45,212 INFO S2 blacklist: Bundesliga heute: Wer zeigt BVB - Werder live im TV & Stream
2026-10-09 08:03:45,214 INFO Feed: https://news.google.com/rss/search?q=%22Bayer+Leverkusen%22+OR+%22Bayer+04%22+when%3A1d&hl=de&gl=DE&ceid=DE:de
2026-10-09 08:03:45,625 INFO S2 blacklist: „Oberstes Regal“ wartet auf die Alemannia
2026-10-09 08:03:45,626 INFO S2 blacklist: Miran Pehlivan - Bilanz gegen Bayer 04 Leverkusen U19
2026-10-09 08:03:45,713 INFO S3 keyword miss: „Den Kopf ausschalten“ – Elfen sehnen den ersten Erfolg herb
2026-10-09 08:03:45,793 INFO S3 keyword miss: Bob Schoos
2026-10-09 08:03:45,794 INFO Feed: https://news.google.com/rss/search?q=%22RB+Leipzig%22+when%3A1d&hl=de&gl=DE&ceid=DE:de
2026-10-09 08:03:46,217 INFO S2 blacklist: Nagelsmann vor Rückkehr zu RB Leipzig? So ist der Stand
2026-10-09 08:03:46,218 INFO S2 blacklist: RB Leipzig prüft Nagelsmann Rückkehr als Traineroption
2026-10-09 08:03:46,218 INFO Feed: https://news.google.com/rss/search?q=%22VfB+Stuttgart%22+when%3A1d&hl=de&gl=DE&ceid=DE:de
2026-10-09 08:03:46,866 INFO S3 keyword miss: Hoeneß über vereinslosen Stenzel: „Wundere mich, dass da noc
2026-10-09 08:03:46,981 INFO S3 keyword miss: TV Wiblingen 1905
2026-10-09 08:03:46,982 INFO S2 blacklist: Bruno Labbadia - Eingesetzte Spieler (Galerie) | Seite 337
2026-10-09 08:03:46,982 INFO Feed: https://news.google.com/rss/search?q=%22Eintracht+Frankfurt%22+when%3A1d&hl=de&gl=DE&ceid=DE:de
2026-10-09 08:03:47,510 INFO S3 keyword miss: Jürgen Grabowski: Alle Spiele 1965/66 – Einsätze, Tore & Vor
2026-10-09 08:03:47,510 INFO Feed: https://news.google.com/rss/search?q=Gladbach+OR+%22Borussia+M%C3%B6nchengladbach%22+when%3A1d&hl=de&gl=DE&ceid=DE:de
2026-10-09 08:03:48,194 INFO S3 keyword miss: Bocholt klarer Außenseiter bei RWO, hartes Brett für Gütersl
2026-10-09 08:03:48,195 INFO S2 blacklist: Fußball-Vereine Frauen Freundschaftsspiele
2026-10-09 08:03:48,195 INFO Feed: https://news.google.com/rss/search?q=%22SC+Freiburg%22+when%3A1d&hl=de&gl=DE&ceid=DE:de
2026-10-09 08:03:48,509 INFO S2 blacklist: Topspiel für die U23
2026-10-09 08:03:48,512 INFO Feed: https://news.google.com/rss/search?q=Hoffenheim+when%3A1d&hl=de&gl=DE&ceid=DE:de
2026-10-09 08:03:48,949 INFO S2 kein BL-Klub im Titel: MSV Duisburg: Nächstes Top-Talent, Anker Gjasula – wovor die
2026-10-09 08:03:48,950 INFO Feed: https://news.google.com/rss/search?q=%22Mainz+05%22+when%3A1d&hl=de&gl=DE&ceid=DE:de
2026-10-09 08:03:49,322 INFO S2 blacklist: Bundesliga am Samstag: So sehen Mainz 05 – Leverkusen live i
2026-10-09 08:03:49,401 INFO S3 keyword miss: Marvin Esser
2026-10-09 08:03:49,488 INFO S3 keyword miss: Los aficionados del Arsenal celebran el nuevo contrato de Ar
2026-10-09 08:03:49,572 INFO S3 keyword miss: Bundesliga Übertragung 5. Spieltag: Diese Spiele laufen bei 
2026-10-09 08:03:49,656 INFO S3 keyword miss: Melhores momentos: Fluminense 4 x 0 Coritiba (Brasileirão Be
2026-10-09 08:03:49,656 INFO Feed: https://news.google.com/rss/search?q=%22FC+Augsburg%22+when%3A1d&hl=de&gl=DE&ceid=DE:de
2026-10-09 08:03:50,097 INFO S2 blacklist: FC Augsburg U17
2026-10-09 08:03:50,098 INFO Feed: https://news.google.com/rss/search?q=%22Union+Berlin%22+when%3A1d&hl=de&gl=DE&ceid=DE:de
2026-10-09 08:03:50,547 INFO Feed: https://news.google.com/rss/search?q=%22Werder+Bremen%22+when%3A1d&hl=de&gl=DE&ceid=DE:de
2026-10-09 08:03:51,231 INFO S3 keyword miss: Dieter Fern
2026-10-09 08:03:51,310 INFO S3 keyword miss: Yannick Bach
2026-10-09 08:03:51,390 INFO S3 keyword miss: Alper Cakir
2026-10-09 08:03:51,471 INFO S3 keyword miss: Die Sport-Höhepunkte am Freitag, 9.Oktober
2026-10-09 08:03:51,514 INFO S2 blacklist: Borussia Dortmund News: BVB empfängt Werder nach dreiwöchige
2026-10-09 08:03:51,515 INFO Feed: https://news.google.com/rss/search?q=HSV+OR+%22Hamburger+SV%22+when%3A1d&hl=de&gl=DE&ceid=DE:de
2026-10-09 08:03:51,952 INFO Feed: https://news.google.com/rss/search?q=%221.+FC+K%C3%B6ln%22+OR+%22FC+K%C3%B6ln%22+when%3A1d&hl=de&gl=DE&ceid=DE:de
2026-10-09 08:03:52,325 INFO Feed: https://news.google.com/rss/search?q=Schalke+when%3A1d&hl=de&gl=DE&ceid=DE:de
2026-10-09 08:03:52,727 INFO S2 blacklist: Olympia-Aus abgehakt? Schalke sieht das anders Warum Rühl-Ha
2026-10-09 08:03:52,762 INFO Feed: https://news.google.com/rss/search?q=Elversberg+when%3A1d&hl=de&gl=DE&ceid=DE:de
2026-10-09 08:03:53,085 INFO Feed: https://news.google.com/rss/search?q=%22SC+Paderborn%22+when%3A1d&hl=de&gl=DE&ceid=DE:de
2026-10-09 08:03:53,507 INFO Feed: https://www.transfermarkt.de/rss/news
2026-10-09 08:03:53,541 INFO Feed: https://www.waz.de/sport/fussball/rss
2026-10-09 08:03:53,935 INFO Feed: https://www.faz.net/rss/aktuell/sport/fussball/bundesliga/
2026-10-09 08:03:54,474 INFO Feed: https://bulinews.com/rss.xml
2026-10-09 08:03:55,143 INFO Feed: https://www.abendblatt.de/sport/rss
2026-10-09 08:03:55,627 INFO Feed: https://www.merkur.de/sport/fc-bayern/rssfeed.rdf
2026-10-09 08:03:56,482 INFO Feed: https://www.eyefootball.com/rss_news_main.xml
2026-10-09 08:03:56,985 INFO Feed: https://www.ligaportal.at/international/deutsche-bundesliga?format=feed&type=rss
2026-10-09 08:04:00,871 INFO Feed: https://www.reddit.com/r/soccer/new.rss?limit=100
2026-10-09 08:04:01,862 INFO Feed: https://newsfeed.kicker.de/team/fc-bayern-muenchen
2026-10-09 08:04:02,070 INFO Feed: https://newsfeed.kicker.de/team/borussia-dortmund
2026-10-09 08:04:02,120 INFO S2 blacklist: Wer überträgt Borussia Dortmund gegen SV Werder Bremen live 
2026-10-09 08:04:02,121 INFO Feed: https://newsfeed.kicker.de/team/rb-leipzig
2026-10-09 08:04:02,502 INFO Feed: https://newsfeed.kicker.de/team/bayer-04-leverkusen
2026-10-09 08:04:02,717 INFO Feed: https://newsfeed.kicker.de/team/vfb-stuttgart
2026-10-09 08:04:02,928 INFO Feed: https://newsfeed.kicker.de/team/eintracht-frankfurt
2026-10-09 08:04:03,136 INFO Feed: https://newsfeed.kicker.de/team/bor-moenchengladbach
2026-10-09 08:04:03,188 INFO Feed: https://newsfeed.kicker.de/team/sc-freiburg
2026-10-09 08:04:03,397 INFO Feed: https://newsfeed.kicker.de/team/tsg-hoffenheim
2026-10-09 08:04:03,449 INFO Feed: https://newsfeed.kicker.de/team/1-fsv-mainz-05
2026-10-09 08:04:03,510 INFO Feed: https://newsfeed.kicker.de/team/fc-augsburg
2026-10-09 08:04:03,722 INFO Feed: https://newsfeed.kicker.de/team/1-fc-union-berlin
2026-10-09 08:04:03,934 INFO Feed: https://newsfeed.kicker.de/team/werder-bremen
2026-10-09 08:04:03,984 INFO Feed: https://newsfeed.kicker.de/team/hamburger-sv
2026-10-09 08:04:04,034 INFO Feed: https://newsfeed.kicker.de/team/1-fc-koeln
2026-10-09 08:04:04,242 INFO Feed: https://newsfeed.kicker.de/team/fc-schalke-04
2026-10-09 08:04:04,452 INFO Feed: https://newsfeed.kicker.de/team/sv-elversberg
2026-10-09 08:04:04,763 INFO Feed: https://newsfeed.kicker.de/team/sc-paderborn-07
2026-10-09 08:04:04,981 INFO Feed: https://newsfeed.kicker.de/news/champions-league
2026-10-09 08:04:05,033 INFO Feed: ligainsider:themen
2026-10-09 08:04:30,397 INFO LigaInsider (Themenfinder): 140 Meldungen von 18 Vereinsseiten
2026-10-09 08:04:30,399 INFO Eingelesen: 59 Schlagzeilen nach den Gratis-Filtern
2026-10-09 08:04:32,093 INFO S5 kein Bundesliga-Spieler oder -Klub erkennbar: Fifa-Chef: Afrikas Fußballverbände stellen sich hinter Gianni Infantin
2026-10-09 08:04:32,093 INFO S5 kein Bundesliga-Spieler oder -Klub erkennbar: 226 durch 10: Der Kurs des Ironman Hawaii (inkl. TV-Zeiten)
2026-10-09 08:04:32,094 INFO S5 kein Bundesliga-Spieler oder -Klub erkennbar: Formel 1-Comeback in Afrika: Diese Nation erhält den Zuschlag
2026-10-09 08:04:32,094 INFO S5 Fan-Wahl/Nachwuchs: Er durchlief sämtliche Jugendmannschaften: Kommt es beim FC Bayern zu 
2026-10-09 08:04:32,100 INFO S5 Randthema: Borussia Mönchengladbach empfängt die TSG Hoffenheim: Gewinnen Sie 2x2
2026-10-09 08:04:32,103 INFO S5 Randthema: Deutlich über 200 Millionen Euro: Auch dank Europapokal-Finale: SC Fre
2026-10-09 08:04:32,103 INFO S5 Randthema: SC Freiburg erwirtschaftet neuen Rekordumsatz, Sport-Club Freiburg e.V
2026-10-09 08:04:32,103 INFO S5 Randthema: SC Freiburg knackt Umsatzrekord mit 212 Millionen Euro
2026-10-09 08:04:32,106 INFO S5 kein Bundesliga-Spieler oder -Klub erkennbar: Füllkrugs besondere Rückkehr: „Bestes Jahr meiner Karriere“
2026-10-09 08:04:32,106 INFO S5 Sammelartikel: News-Update: Werder muss beim BVB ran, Füllkrug als Fremdenführer – un
2026-10-09 08:04:32,107 INFO S5 Fan-Wahl/Nachwuchs: HSV Klagenfurt Jugend
2026-10-09 08:04:32,110 INFO S5 kein Bundesliga-Spieler oder -Klub erkennbar: Cerezo Osaka poster for their Saturday match v Yokohama Marinos (Stree
2026-10-09 08:04:32,110 INFO S5: 44 neue Geschichten, 0 schon berichtet, 0 zu wartenden Geschichten ergänzt, 19 warten
2026-10-09 08:05:43,168 INFO S6 aussortiert (prio_0): Wie sich beim FC Bayern Furcht in Freude verwandelte
2026-10-09 08:05:43,169 INFO S6 aussortiert (prio_0): Schalke 04 feiert 50 Jahre „7:0 in München“: Warum dieses Spiel bis he
2026-10-09 08:05:43,169 INFO S6 aussortiert (prio_0): Türk Gücü Friedberg trifft auf Bayern Alzenau
2026-10-09 08:05:43,169 INFO S6 aussortiert (prio_0): Ausrufezeichen im Gipfeltreffen: Bayern lässt Würzburg keine Chance
2026-10-09 08:05:43,170 INFO S6 aussortiert (doppelt): BVB, News und Gerüchte: Hiobsbotschaft für Emre Can - Zahltag für abso
2026-10-09 08:05:43,170 INFO S6 aussortiert (doppelt): 07:33 Rekordjahr mit Rekordumsatz: Freiburg legt beeindruckende Zahlen
2026-10-09 08:05:43,170 INFO S6 aussortiert (prio_1): BVB gegen Werder Bremen heute live: Wer überträgt gratis im TV und Str
2026-10-09 08:05:43,170 INFO S6 aussortiert (prio_0): 5. Spieltag: Borussia Dortmund - SV Werder Bremen - Werder Bremen - Fo
2026-10-09 08:05:43,171 INFO S6 aussortiert (prio_0): RB Leipzig vs. Frankfurt Tipp, Prognose & Quoten 10.10.2026 - Bundesli
2026-10-09 08:05:43,171 INFO S6 aussortiert (prio_0): Die Top-Stats: Mainz vs. Bayer 04
2026-10-09 08:05:43,171 INFO S6 aussortiert (prio_0): Trotz Fehlstart: 5 Gründe, warum Stuttgart wieder die Champions League
2026-10-09 08:05:43,171 INFO S6 aussortiert (prio_0): Paderborn vs. VfB Stuttgart Tipp, Prognose & Quoten 10.10.2026 - Bunde
2026-10-09 08:05:43,172 INFO S6 aussortiert (prio_1): EVK startet Bau eines zweiten Parkhauses im „Zillertal“
2026-10-09 08:05:43,172 INFO S6 aussortiert (prio_0): Das GL-Wort – jeden Morgen neu
2026-10-09 08:05:43,172 INFO S6 aussortiert (doppelt): Drei Gladbacher kämpfen um einen Platz: Hier droht Blessin Zoff!
2026-10-09 08:05:43,172 INFO S6 aussortiert (prio_0): Wissen, was läuft: Der Tag in GL 9.10.2026
2026-10-09 08:05:43,172 INFO S6 aussortiert (doppelt): Freiburg verkündet Rekordzahlen
2026-10-09 08:05:43,172 INFO S6 aussortiert (prio_0): Sensation im Januar: Rückblick: Augsburg schockt die Bayern
2026-10-09 08:05:43,173 INFO S6 aussortiert (prio_0): Augsburg vs. Bayern Tipp, KI Prognose & Quoten 10.10.2026 – Bundesliga
2026-10-09 08:05:43,173 INFO S6 aussortiert (prio_0): 1. FC Union Berlin - SV Elversberg | Weitere Spiele: Fußball Live-Upda
2026-10-09 08:05:43,173 INFO S6 aussortiert (prio_0): Union Berlin vs. Elversberg Tipp, KI Prognose & Quoten 10.10.2026 – Bu
2026-10-09 08:05:43,173 INFO S6 aussortiert (prio_1): Werder-Star blickt auf Horror-Verletzung zurück
2026-10-09 08:05:43,173 INFO S6 aussortiert (prio_0): SV Werder Bremen III
2026-10-09 08:05:43,174 INFO S6 aussortiert (prio_0): HSV Rhein-Nette Herren 1 überzeugen im Vorbereitungstest gegen HC Kobl
2026-10-09 08:05:43,174 INFO S6 aussortiert (prio_1): Polizei Köln: 261008-1-K Polizei Köln bereitet sich auf Rhein-Derby vo
2026-10-09 08:05:43,174 INFO S6 aussortiert (prio_0): (k+) Als Schalkes zahme Kaninchen Bayerns Weltmeister filetierten
2026-10-09 08:05:43,174 INFO S6 aussortiert (prio_0): S04 vor Dresden-Spiel: Dynamo mit Turbulenzen: Was das für die Atmosph
2026-10-09 08:05:43,174 INFO S6 aussortiert (prio_1): Spielerprofil Finn Porath: Scouts entdeckten ihn in der Fußgängerzone
2026-10-09 08:05:51,496 INFO S6.5 schon berichtet (Dortmunds Emre Can unterzieht sich weiterem E): Hiobsbotschaft für Emre Can! Kapitän des BVB fällt noch viel
2026-10-09 08:05:52,906 INFO S7 kein Volltext (too_short_27_words): BVB setzt auf die Beier-Garantie - Füllkrug will neue Bestma
2026-10-09 08:05:52,906 INFO S7 zu wenig Stoff (0 Wörter aus 0 Quellen, Versuch 3/3): BVB setzt auf die Beier-Garantie - Füllkrug will neue Bestma
2026-10-09 08:05:53,222 ERROR lxml parsing failed: Document is empty
2026-10-09 08:05:53,222 ERROR lxml parser bytestring Document is empty
2026-10-09 08:05:53,222 ERROR lxml parsing failed: Document is empty
2026-10-09 08:05:53,222 ERROR lxml parser bytestring Document is empty
2026-10-09 08:05:53,222 ERROR empty HTML tree: None
2026-10-09 08:05:53,223 WARNING discarding data: None
2026-10-09 08:05:53,223 INFO S7 kein Volltext (trafilatura_returned_empty): 5. Spieltag: FC Augsburg - FC Bayern München - FC Augsburg -
2026-10-09 08:05:53,224 INFO S7 zu wenig Stoff (0 Wörter aus 0 Quellen, Versuch 2/3): 5. Spieltag: FC Augsburg - FC Bayern München - FC Augsburg -
2026-10-09 08:05:53,917 WARNING error in JSON metadata extraction: 'NoneType' object is not iterable
2026-10-09 08:05:56,240 INFO S6.5 schon berichtet (Leverkusens Eichhorn hat Klinikaufenthalt hin): Klinikaufenthalt beendet: Leverkusens Eichhorn macht Fortsch
2026-10-09 08:05:56,512 ERROR lxml parsing failed: Document is empty
2026-10-09 08:05:56,512 ERROR lxml parser bytestring Document is empty
2026-10-09 08:05:56,513 ERROR lxml parsing failed: Document is empty
2026-10-09 08:05:56,513 ERROR lxml parser bytestring Document is empty
2026-10-09 08:05:56,513 ERROR empty HTML tree: None
2026-10-09 08:05:56,513 WARNING discarding data: None
2026-10-09 08:05:56,514 INFO S7 kein Volltext (trafilatura_returned_empty): Hoeneß legt sich fest: Seimen rückt ins Stuttgarter Tor
2026-10-09 08:05:56,514 INFO S7 zu wenig Stoff (0 Wörter aus 0 Quellen, Versuch 2/3): Hoeneß legt sich fest: Seimen rückt ins Stuttgarter Tor
2026-10-09 08:05:56,927 INFO S7 kein Volltext (too_short_61_words): Eintracht Frankfurt - Auch Hütter sieht bei Koch „noch Luft 
2026-10-09 08:05:57,394 INFO S7 kein Volltext (too_short_61_words): Eintracht Frankfurt: So denkt Trainer Hütter über seinen Kap
2026-10-09 08:05:57,394 INFO S7 zu wenig Stoff (0 Wörter aus 0 Quellen, Versuch 2/3): Eintracht Frankfurt - Auch Hütter sieht bei Koch „noch Luft 
2026-10-09 08:05:57,763 INFO S7 kein Volltext (too_short_52_words): Drei Gladbacher kämpfen um einen Platz - Hier droht Blessin 
2026-10-09 08:05:57,763 INFO S7 zu wenig Stoff (0 Wörter aus 0 Quellen, Versuch 1/3): Drei Gladbacher kämpfen um einen Platz - Hier droht Blessin 
2026-10-09 08:06:03,023 INFO S7 schreiben (Prio 2, 1 Quellen): Mehr Ballbesitz, mehr Spielanteile: Werden die kommenden Woc
2026-10-09 08:06:11,442 INFO   Kandidat: Köln vor Härtetest: Gegen tiefstehende Gegner Lösungen finde
2026-10-09 08:06:15,275 INFO S6.5 schon berichtet (HSV vor Hoffenheim: Stange könnte im Sturm ei): TSG Hoffenheim vs. Hamburger SV preview: Visitors keen to ke
2026-10-09 08:06:18,650 INFO S7 schreiben (Prio 2, 1 Quellen): (+) Vom HSV zu Arsenal: Jetzt wartet Baums nächster Traum
2026-10-09 08:06:22,093 INFO S7 verworfen (nicht_relevant): (+) Vom HSV zu Arsenal: Jetzt wartet Baums nächster Traum
2026-10-09 08:06:24,761 INFO S7 schreiben (Prio 2, 1 Quellen): Megatalent von Eintracht Frankfurt heiß begehrt
2026-10-09 08:06:29,453 INFO S7 verworfen (nicht_relevant): Megatalent von Eintracht Frankfurt heiß begehrt
2026-10-09 08:06:34,361 INFO S6.5 schon berichtet (Köln vor dem Derby: Schwäbe stärkt Trainer Wa): Köln-Kapitän vor Derby gegen Blessin und Gladbach: „Nicht so
2026-10-09 08:06:38,592 INFO S7 schreiben (Prio 2, 1 Quellen): 100 Tage Krüger: Was sie beim HSV schon verändert hat
2026-10-09 08:06:49,730 INFO   Kandidat: 100 Tage Krüger: Das hat sich beim HSV verändert
2026-10-09 08:06:52,289 INFO S7 kein Volltext (too_short_48_words): „Ich lebe die Tugenden des VfB, seit ich Fußball spielen kan
2026-10-09 08:06:52,289 INFO S7 zu wenig Stoff (0 Wörter aus 0 Quellen, Versuch 1/3): „Ich lebe die Tugenden des VfB, seit ich Fußball spielen kan
2026-10-09 08:06:53,953 INFO S7 kein Volltext (seite_zu_alt): Eintracht-Trainer Hütter will keine Einzelkämpfer sehen
2026-10-09 08:06:53,953 INFO S7 zu wenig Stoff (0 Wörter aus 0 Quellen, Versuch 1/3): Eintracht-Trainer Hütter will keine Einzelkämpfer sehen
2026-10-09 08:07:02,435 INFO S6.5 schon berichtet (Mohya schwärmt von Gladbach-Trainer Blessin: ): Sander über Blessin: "Trainer, der sehr klar kommuniziert"
2026-10-09 08:07:02,926 ERROR lxml parsing failed: Document is empty
2026-10-09 08:07:02,926 ERROR lxml parser bytestring Document is empty
2026-10-09 08:07:02,927 ERROR lxml parsing failed: Document is empty
2026-10-09 08:07:02,927 ERROR lxml parser bytestring Document is empty
2026-10-09 08:07:02,927 ERROR empty HTML tree: None
2026-10-09 08:07:02,927 WARNING discarding data: None
2026-10-09 08:07:02,928 INFO S7 kein Volltext (trafilatura_returned_empty): Gejagter statt Jäger? Kovac: "Genießen im Moment die Positio
2026-10-09 08:07:02,928 INFO S7 zu wenig Stoff (0 Wörter aus 0 Quellen, Versuch 1/3): Gejagter statt Jäger? Kovac: "Genießen im Moment die Positio
2026-10-09 08:07:04,335 INFO S7 kein Volltext (seite_zu_alt): SC Paderborns Kettemann packt aus: Psychische Belastung im A
2026-10-09 08:07:04,335 INFO S7 zu wenig Stoff (0 Wörter aus 0 Quellen, Versuch 2/3): SC Paderborns Kettemann packt aus: Psychische Belastung im A
2026-10-09 08:07:04,773 ERROR lxml parsing failed: Document is empty
2026-10-09 08:07:04,773 ERROR lxml parser bytestring Document is empty
2026-10-09 08:07:04,774 ERROR lxml parsing failed: Document is empty
2026-10-09 08:07:04,774 ERROR lxml parser bytestring Document is empty
2026-10-09 08:07:04,774 ERROR empty HTML tree: None
2026-10-09 08:07:04,774 WARNING discarding data: None
2026-10-09 08:07:04,775 INFO S7 kein Volltext (trafilatura_returned_empty): Gejagter statt Jäger? Kovac: "Genießen im Moment die Positio
2026-10-09 08:07:04,775 INFO S7 zu wenig Stoff (0 Wörter aus 0 Quellen, Versuch 2/3): Gejagter statt Jäger? Kovac: "Genießen im Moment die Positio
2026-10-09 08:07:05,012 ERROR lxml parsing failed: Document is empty
2026-10-09 08:07:05,012 ERROR lxml parser bytestring Document is empty
2026-10-09 08:07:05,012 ERROR lxml parsing failed: Document is empty
2026-10-09 08:07:05,012 ERROR lxml parser bytestring Document is empty
2026-10-09 08:07:05,012 ERROR empty HTML tree: None
2026-10-09 08:07:05,012 WARNING discarding data: None
2026-10-09 08:07:05,013 INFO S7 kein Volltext (trafilatura_returned_empty): "34 Sekunden waren noch auf der Uhr": So knapp war Hwangs Sc
2026-10-09 08:07:05,013 INFO S7 zu wenig Stoff (0 Wörter aus 0 Quellen, Versuch 2/3): "34 Sekunden waren noch auf der Uhr": So knapp war Hwangs Sc
2026-10-09 08:07:05,399 INFO S7 kein Volltext (seite_zu_alt): FC Augsburg - FC Bayern München
2026-10-09 08:07:05,400 INFO S7 zu wenig Stoff (0 Wörter aus 0 Quellen, Versuch 1/3): FC Augsburg - FC Bayern München
2026-10-09 08:07:06,496 INFO S7 kein Volltext (seite_zu_alt): „Bin ich unerwünscht?“ – Demirovic lässt bemerkenswertes Mus
2026-10-09 08:07:06,496 INFO S7 zu wenig Stoff (0 Wörter aus 0 Quellen, Versuch 2/3): „Bin ich unerwünscht?“ – Demirovic lässt bemerkenswertes Mus
2026-10-09 08:07:06,985 INFO S7 kein Volltext (seite_zu_alt): Deutsche Medien: Albian Hajdari zweifelt Hamburg, das Ziel n
2026-10-09 08:07:06,986 INFO S7 zu wenig Stoff (0 Wörter aus 0 Quellen, Versuch 2/3): Deutsche Medien: Albian Hajdari zweifelt Hamburg, das Ziel n
2026-10-09 08:07:07,900 WARNING discarding data: None
2026-10-09 08:07:07,901 INFO S7 kein Volltext (trafilatura_returned_empty): audio-talk-derby-to-me-koeln-und-gladbach-im-druck-duell-100
2026-10-09 08:07:07,901 INFO S7 zu wenig Stoff (0 Wörter aus 0 Quellen, Versuch 3/3): audio-talk-derby-to-me-koeln-und-gladbach-im-druck-duell-100
2026-10-09 08:07:09,652 INFO S7 kein Volltext (too_short_74_words): Zwei Ex-Derbyhelden des HSV: Jetzt tut sich was bei ihrer Zu
2026-10-09 08:07:09,652 INFO S7 zu wenig Stoff (0 Wörter aus 0 Quellen, Versuch 2/3): Zwei Ex-Derbyhelden des HSV: Jetzt tut sich was bei ihrer Zu
2026-10-09 08:07:10,000 WARNING discarding data: None
2026-10-09 08:07:10,001 INFO S7 kein Volltext (trafilatura_returned_empty): "Wir werden nicht viele Chancen bekommen": Thioune verrät, w
2026-10-09 08:07:10,001 INFO S7 zu wenig Stoff (0 Wörter aus 0 Quellen, Versuch 3/3): "Wir werden nicht viele Chancen bekommen": Thioune verrät, w
2026-10-09 08:07:11,215 INFO S7 kein Volltext (seite_zu_alt): Leih-Transfer innerhalb der Bundesliga? Paderborn will Lever
2026-10-09 08:07:11,215 INFO S7 zu wenig Stoff (0 Wörter aus 0 Quellen, Versuch 2/3): Leih-Transfer innerhalb der Bundesliga? Paderborn will Lever
2026-10-09 08:07:12,345 INFO S7 kein Volltext (seite_zu_alt): Ex-Eintracht-Star verpasst Saisonauftakt – will er seinen Kl
2026-10-09 08:07:12,345 INFO S7 zu wenig Stoff (0 Wörter aus 0 Quellen, Versuch 2/3): Ex-Eintracht-Star verpasst Saisonauftakt – will er seinen Kl
2026-10-09 08:07:12,720 WARNING discarding data: None
2026-10-09 08:07:12,721 INFO S7 kein Volltext (trafilatura_returned_empty): Kovac tüftelt am BVB-Mittelfeld: Diese Variante könnte gegen
2026-10-09 08:07:12,721 INFO S7 zu wenig Stoff (0 Wörter aus 0 Quellen, Versuch 2/3): Kovac tüftelt am BVB-Mittelfeld: Diese Variante könnte gegen
2026-10-09 08:07:13,056 INFO S7 kein Volltext (too_short_15_words): Nach geplatztem RB-Transfer: Asllani-Klausel abgelaufen!
2026-10-09 08:07:13,056 INFO S7 zu wenig Stoff (0 Wörter aus 0 Quellen, Versuch 2/3): Nach geplatztem RB-Transfer: Asllani-Klausel abgelaufen!
2026-10-09 08:07:13,401 WARNING discarding data: None
2026-10-09 08:07:13,402 INFO S7 kein Volltext (trafilatura_returned_empty): 1. FC Köln Jusuf Gazibegovic Nach Widzew Lodz I Finn Schente
2026-10-09 08:07:13,402 INFO S7 zu wenig Stoff (0 Wörter aus 0 Quellen, Versuch 2/3): 1. FC Köln Jusuf Gazibegovic Nach Widzew Lodz I Finn Schente
2026-10-09 08:07:13,674 WARNING discarding data: None
2026-10-09 08:07:13,674 INFO S7 kein Volltext (trafilatura_returned_empty): Union gegen Elversberg: Vorschau und Prognose, 10. Oktober
2026-10-09 08:07:13,674 INFO S7 zu wenig Stoff (0 Wörter aus 0 Quellen, Versuch 2/3): Union gegen Elversberg: Vorschau und Prognose, 10. Oktober
2026-10-09 08:07:16,804 INFO S6.5 schon berichtet (Bayern ringt um Verlängerung mit Torwart Leon): Worst-Case-Szenario: Bayern droht Ablöse-Flop
2026-10-09 08:07:18,093 INFO S7 kein Volltext (too_short_8_words): Fußball: FCA-Trainer Baum vor Duell mit Bayern: "Solche Verg
2026-10-09 08:07:18,093 INFO S7 zu wenig Stoff (0 Wörter aus 0 Quellen, Versuch 1/3): Fußball: FCA-Trainer Baum vor Duell mit Bayern: "Solche Verg
2026-10-09 08:07:18,365 ERROR lxml parsing failed: Document is empty
2026-10-09 08:07:18,365 ERROR lxml parser bytestring Document is empty
2026-10-09 08:07:18,366 ERROR lxml parsing failed: Document is empty
2026-10-09 08:07:18,366 ERROR lxml parser bytestring Document is empty
2026-10-09 08:07:18,366 ERROR empty HTML tree: None
2026-10-09 08:07:18,366 WARNING discarding data: None
2026-10-09 08:07:18,367 INFO S7 kein Volltext (trafilatura_returned_empty): Beier über Nicht-Nominierung: „Ehrliches Feedback“ von Klopp
2026-10-09 08:07:18,367 INFO S7 zu wenig Stoff (0 Wörter aus 0 Quellen, Versuch 3/3): Beier über Nicht-Nominierung: „Ehrliches Feedback“ von Klopp
2026-10-09 08:07:18,385 INFO S9.5 FinalCheck: 2/2 durch
2026-10-09 08:07:19,596 INFO Veröffentlicht: Köln vor Härtetest: Gegen tiefstehende Gegner Lösungen finde
2026-10-09 08:07:19,707 INFO Veröffentlicht: 100 Tage Krüger: Das hat sich beim HSV verändert
2026-10-09 08:07:19,752 INFO Reddit: Keine Credentials – übersprungen
2026-10-09 08:07:19,752 INFO Reddit: Keine Credentials – übersprungen
2026-10-09 08:07:19,752 INFO 💶 Kosten: dieser Lauf 0.000 $ (Budget 0.099 $) | heute 0.00 $ | Monat 0.72 / 23 $ | konferenz (abo) 1× 0.000 $, dublette (abo) 12× 0.000 $, schreiben (abo) 4× 0.000 $
2026-10-09 08:07:19,753 INFO 🎫 Abo-Verbrauch: 49,361 Tokens rein (davon Cache gelesen 3,825), 11,784 raus, API-Gegenwert 0.25 $ | konferenz 1×: 5,350/7,278, dublette 12×: 17,123/859, schreiben 4×: 26,888/3,647
2026-10-09 08:07:19,813 INFO Feeds: 60/60 begonnen, nächster Lauf startet bei Nr. 0
2026-10-09 08:07:19,813 INFO URL-Cache gespeichert: 29850 URLs
2026-10-09 08:07:19,814 INFO === Fertig. 2 neue Artikel. feed.json: 1521 ===
2026-10-09 08:07:19,814 INFO Stats: {"ts": "20261009_0802", "ingested": 113, "s2_pre_filter": 28, "s3_relevance": 26, "s4_dedup_early": 0, "gesammelt": 59, "geschichten_neu": 44, "s5_archiv_doppelt": 0, "s5_zusammengefuehrt": 0, "s6_aussortiert": 28, "s7_geschrieben": 4, "s7_verworfen": 8, "s5_fulltext_fail": 25, "s8_qa_rejected": 0, "published": 2, "s5_ohne_bezug": 5, "s5_randthema": 7, "kosten": {"lauf_usd": 0.0, "lauf_budget_usd": 0.0986, "heute_usd": 0.0, "monat_usd": 0.7196, "monatsbudget_usd": 23.0, "aufrufe": {"konferenz (abo)": {"anzahl": 1, "usd": 0.0}, "dublette (abo)": {"anzahl": 12, "usd": 0.0}, "schreiben (abo)": {"anzahl": 4, "usd": 0.0}}, "guthaben_leer": false, "abo": true, "abo_tokens": {"konferenz": {"aufrufe": 1, "ein": 10, "cache_schreiben": 5340, "cache_lesen": 0, "aus": 7278, "api_wert_usd": 0.0471}, "dublette": {"aufrufe": 12, "ein": 24, "cache_schreiben": 17099, "cache_lesen": 0, "aus": 859, "api_wert_usd": 0.0769}, "schreiben": {"aufrufe": 4, "ein": 8, "cache_schreiben": 23055, "cache_lesen": 3825, "aus": 3647, "api_wert_usd": 0.1295}}}}
