2026-10-10 16:31:36,288 INFO 💶 Budget: dieser Lauf 0.107 $ | heute 0.00 $ | Monat 0.72 / 23 $
2026-10-10 16:31:36,839 INFO URL-Cache geladen: 33348 bekannte URLs (letzte 30 Tage)
2026-10-10 16:31:36,839 INFO === Ligaoutsider Generator startet – max. 50 Artikel ===
2026-10-10 16:31:36,839 INFO Feed: https://newsfeed.kicker.de/news/bundesliga
2026-10-10 16:31:37,246 INFO S2 blacklist: LIVE! Kane lässt das 1:1 aus - Doppelter Caci meldet Mainz z
2026-10-10 16:31:37,268 INFO BL-Spielerliste geladen: 1002 Namen
2026-10-10 16:31:37,286 INFO S3 keyword miss: Die schnellsten Tore der Bundesliga-Geschichte
2026-10-10 16:31:37,286 INFO Feed: https://www.sportschau.de/fussball/bundesliga/index~rss2.xml
2026-10-10 16:31:37,846 INFO Feed: https://sportbild.bild.de/feed/sportbild-home.xml
2026-10-10 16:31:38,475 INFO S3 keyword miss: Wenig Spielzeit unter Flick! - Für 70 Millionen? Liverpool w
2026-10-10 16:31:38,476 INFO Feed: https://www.bild.de/rss-feeds/rss-16725492,feed=fussball-mix.bild.html
2026-10-10 16:31:39,015 INFO S3 keyword miss: 2:1 gegen FCM-Bubis - Jena gruselt sich zum Heimsieg
2026-10-10 16:31:39,016 INFO S2 blacklist: Trainer schwärmt, Torjäger zurück - Magdeburg ballert sich w
2026-10-10 16:31:39,050 INFO S3 keyword miss: Im 1. Hannover-Spiel geht alles schief - Katastrophen-Debüt 
2026-10-10 16:31:39,051 INFO Feed: https://www.11freunde.de/feed
2026-10-10 16:31:40,202 INFO Feed: https://www.bundesliga.com/de/bundesliga/news.rss
2026-10-10 16:31:40,925 INFO S2 blacklist: Magdeburg lässt Hannover beim historischen Heimsieg keine Ch
2026-10-10 16:31:40,961 INFO S3 keyword miss: Später Punkt für den VfL gegen die SGD
2026-10-10 16:31:40,963 INFO S2 kein BL-Klub im Titel: SV Darmstadt 98 dreht die Partie und bezwingt Cottbus mit 3:
2026-10-10 16:31:40,963 INFO Feed: https://news.google.com/rss/topics/CAAqJggKIiBDQkFTRWdvSUwyMHZNRFp1ZEdvU0FtUmxHZ0pFUlNnQVAB?hl=de&gl=DE&ceid=DE:de
2026-10-10 16:31:41,568 INFO S2 Liveticker übersprungen: Bundesliga - FC Augsburg vs. FC Bayern heute live im Ticker:
2026-10-10 16:31:41,568 INFO S2 blacklist: 2. Liga: Albtraum-Start für Sandro Wagner bei Hannover 96
2026-10-10 16:31:41,631 INFO S3 keyword miss: Sprint Formel 1 Singapur: Regen-Chaos, Russell-Dreher und Ve
2026-10-10 16:31:41,632 INFO S2 blacklist: Lombardei-Rundfahrt jetzt live bei Eurosport und HBO Max
2026-10-10 16:31:41,701 INFO S3 keyword miss: Lombardei-Rundfahrt: Radprofis verzögern den Start und prote
2026-10-10 16:31:41,702 INFO S2 blacklist: Kössler trifft doppelt : DFB-Frauen mit überzeugender Leistu
2026-10-10 16:31:41,702 INFO S2 blacklist: Swiss Darts Trophy: Springer und Suljovic starten siegreich
2026-10-10 16:31:41,768 INFO S3 keyword miss: "Keine Ausrede": Norris erklärt Qualifying-Niederlage gegen 
2026-10-10 16:31:41,768 INFO S2 Liveticker übersprungen: Liveticker: Augsburg mit Blitztor gegen FC Bayern – Münchner
2026-10-10 16:31:41,769 INFO S2 blacklist: Löwenrunde vor Illertissen: "Leistung der zweiten Halbzeit b
2026-10-10 16:31:41,838 INFO S3 keyword miss: Gündoğan genervt von Bankplatz bei Gala: „Ich spiele nicht –
2026-10-10 16:31:41,838 INFO S2 Liveticker übersprungen: SSV Ulm heute im Liveticker - Debüt von Alois Schwartz, Erge
2026-10-10 16:31:41,839 INFO S2 blacklist: Faninfos zu #BOCDSC
2026-10-10 16:31:41,839 INFO Feed: https://news.google.com/rss/search?q=Bundesliga+Testspiel+Ergebnis&hl=de&gl=DE&ceid=DE:de
2026-10-10 16:31:42,346 INFO Feed: https://news.google.com/rss/search?q=Bundesliga+Vorbereitung+Sommertour&hl=de&gl=DE&ceid=DE:de
2026-10-10 16:31:42,722 INFO Feed: https://news.google.com/rss/search?q=Bundesliga+Verletzung+Ausfall+gesperrt&hl=de&gl=DE&ceid=DE:de
2026-10-10 16:31:43,041 INFO Feed: https://news.google.com/rss/search?q=Bundesliga+Transfer+Wechsel+verpflichtet&hl=de&gl=DE&ceid=DE:de
2026-10-10 16:31:43,447 INFO Feed: https://news.google.com/rss/search?q=Bundesliga+Gerücht+Interesse+Angebot&hl=de&gl=DE&ceid=DE:de
2026-10-10 16:31:43,902 INFO Feed: https://news.google.com/rss/search?q=Bundesliga+Vertrag+verlängert+ablösefrei&hl=de&gl=DE&ceid=DE:de
2026-10-10 16:31:44,262 INFO Feed: https://news.google.com/rss/search?q=%22FC+Bayern%22+OR+%22Bayern+M%C3%BCnchen%22+when%3A1d&hl=de&gl=DE&ceid=DE:de
2026-10-10 16:31:44,866 INFO S2 blacklist: Hier läuft FC Augsburg vs. FC Bayern jetzt live im TV
2026-10-10 16:31:44,867 INFO S2 Liveticker übersprungen: Liveticker Bundesliga: FC Augsburg gegen FC Bayern München –
2026-10-10 16:31:44,867 INFO S2 blacklist: Spielereignisse | Bayern München - Jahn Regensburg 6:1 | 7. 
2026-10-10 16:31:44,867 INFO S2 Liveticker übersprungen: Liveticker: Fast ganz ohne Druck – Niners Chemnitz empfangen
2026-10-10 16:31:44,867 INFO S2 Liveticker übersprungen: FC Augsburg gegen FC Bayern München im Liveticker: Wer erset
2026-10-10 16:31:44,915 INFO S2 Liveticker übersprungen: FC Augsburg gegen FC Bayern München im Liveticker: Wer erset
2026-10-10 16:31:44,916 INFO S2 Liveticker übersprungen: FC Augsburg gegen FC Bayern München im Liveticker: Wer erset
2026-10-10 16:31:44,932 INFO S2 blacklist: BR24Sport - FC Bayern München II - SpVgg Unterhaching · High
2026-10-10 16:31:44,932 INFO S2 blacklist: &+%((üBertragung-TV)) FC Augsburg vs. FC Bayern München im k
2026-10-10 16:31:44,933 INFO S2 blacklist: ((LIVE ANSEHEN#)) FC Augsburg - FC Bayern München heute im k
2026-10-10 16:31:44,933 INFO Feed: https://news.google.com/rss/search?q=BVB+OR+%22Borussia+Dortmund%22+when%3A1d&hl=de&gl=DE&ceid=DE:de
2026-10-10 16:31:45,466 INFO S2 blacklist: Regionalliga: BVB II dreht das Revierduell – Last-Minute-Dra
2026-10-10 16:31:45,469 INFO S2 blacklist: Spielereignisse | Wuppertaler SV - Borussia Dortmund 2:1 | 8
2026-10-10 16:31:45,469 INFO S2 blacklist: BVB-U23 feiert Lucky-Punch gegen Wattenscheid Inacio-Tor, Ma
2026-10-10 16:31:45,470 INFO Feed: https://news.google.com/rss/search?q=%22Bayer+Leverkusen%22+OR+%22Bayer+04%22+when%3A1d&hl=de&gl=DE&ceid=DE:de
2026-10-10 16:31:46,052 INFO S2 blacklist: Mainz 05 gegen Bayer 04 Leverkusen live im Free-TV und Strea
2026-10-10 16:31:46,093 INFO S3 keyword miss: (U-17-DFB-Nachwuchsliga (Vorrunde))
2026-10-10 16:31:46,134 INFO S3 keyword miss: U-19-DFB-Nachwuchsliga (Vorrunde) 2026/27, 7. Spieltag
2026-10-10 16:31:46,135 INFO S2 blacklist: !@*+^+*[>!ＬＩＶＥ~IM>]+! Bayer Leverkusen - FSV Mainz live im T
2026-10-10 16:31:46,136 INFO S2 blacklist: Bayer 04 Leverkusen vs. FSV Mainz 05 direkte Tipp, Prognose 
2026-10-10 16:31:46,137 INFO S2 blacklist: %@~[¡STREAMEN] Bayer 04 Leverkusen - FSV Mainz 05 heute live
2026-10-10 16:31:46,137 INFO S2 blacklist: !$+[Übertragung]TV!] FSV Mainz 05 Bayer 04 Leverkusen heute 
2026-10-10 16:31:46,139 INFO S2 blacklist: %@~[¡STREAMEN] Mainz gegen Bayer Leverkusen heute live im TV
2026-10-10 16:31:46,140 INFO S2 blacklist: ~!$"LIVE~IM"!! Bayer 04 Leverkusen vs. FSV Mainz 05 live im 
2026-10-10 16:31:46,140 INFO S2 blacklist: ((LIVE ANSEHEN#)) FSV Mainz Bayer Leverkusen live im TV. Sie
2026-10-10 16:31:46,141 INFO S2 blacklist: FSV Mainz 05 gegen Bayer 04 Leverkusen Tipp, Prognose & Quot
2026-10-10 16:31:46,143 INFO S2 blacklist: !$[[RTE-LIVE]]]] Bayer 04 Leverkusen - FSV Mainz 05 live im 
2026-10-10 16:31:46,161 INFO S2 blacklist: FSV Mainz vs. Bayer Leverkusen Tipp, Prognose & Quoten 10.10
2026-10-10 16:31:46,162 INFO S2 blacklist: %@~[¡STREAMEN] Mainz vs Bayer Leverkusen heute live sehen
2026-10-10 16:31:46,163 INFO S2 blacklist: Bundesliga heute live im Free-TV: Welches Spiel läuft kosten
2026-10-10 16:31:46,163 INFO Feed: https://news.google.com/rss/search?q=%22RB+Leipzig%22+when%3A1d&hl=de&gl=DE&ceid=DE:de
2026-10-10 16:31:46,621 INFO S2 Liveticker übersprungen: Liveticker Bundesliga: RB Leipzig gegen Eintracht Frankfurt 
2026-10-10 16:31:46,626 INFO S2 blacklist: !$[[[HEUTE@LIVE>>]]''] Frankfurt gegen RB Leipzig live im TV
2026-10-10 16:31:46,629 INFO S2 blacklist: Nagelsmann-Druck: Demichelis setzt auf Klopp-Effekt
2026-10-10 16:31:46,645 INFO Feed: https://news.google.com/rss/search?q=%22VfB+Stuttgart%22+when%3A1d&hl=de&gl=DE&ceid=DE:de
2026-10-10 16:31:47,195 INFO S2 blacklist: Hier läuft SC Paderborn vs. VfB Stuttgart jetzt live im TV
2026-10-10 16:31:47,196 INFO S2 Liveticker übersprungen: SC Paderborn gegen VfB Stuttgart: Das Spiel im Liveticker
2026-10-10 16:31:47,196 INFO S2 blacklist: Spielereignisse | VfB Stuttgart - 1. FC Heidenheim 1:0 | 8. 
2026-10-10 16:31:47,197 INFO S2 blacklist: &+%((üBertragung-TV)) VfB Stuttgart gegen SC Paderborn heute
2026-10-10 16:31:47,198 INFO S2 blacklist: ~!$"LIVE~IM"!! SC Paderborn VfB Stuttgart direkte im live Üb
2026-10-10 16:31:47,201 INFO S2 blacklist: ((LIVE ANSEHEN#)) VfB Stuttgart II gegen SV Meppen live im T
2026-10-10 16:31:47,201 INFO S2 blacklist: [Live-Übertragung] SV Meppen - VfB Stuttgart II heute live i
2026-10-10 16:31:47,202 INFO S2 blacklist: %@~[¡STREAMEN] SC Paderborn vs. VfB Stuttgart heute übertrag
2026-10-10 16:31:47,203 INFO S2 blacklist: !$[[[HEUTE@LIVE>>]]''] VfB Stuttgart gegen SC Paderborn Im L
2026-10-10 16:31:47,203 INFO S2 blacklist: ~!$"LIVE~IM"!! VfB Stuttgart - SC Paderborn heute im live Üb
2026-10-10 16:31:47,203 INFO S2 blacklist: [Live-Übertragung] VfB Stuttgart gegen SC Paderborn live im 
2026-10-10 16:31:47,242 INFO S3 keyword miss: (U-17-DFB-Nachwuchsliga (Vorrunde))
2026-10-10 16:31:47,243 INFO S2 blacklist: ~!$"LIVE~IM"!! VfB Stuttgart - SC Paderborn live im TV. Sie 
2026-10-10 16:31:47,286 INFO S3 keyword miss: (>LIVE@STREAM
2026-10-10 16:31:47,325 INFO S3 keyword miss: Malik Fathi: Bilanz gegen Gegenspieler, Trainer & Vereine
2026-10-10 16:31:47,340 INFO Feed: https://news.google.com/rss/search?q=%22Eintracht+Frankfurt%22+when%3A1d&hl=de&gl=DE&ceid=DE:de
2026-10-10 16:31:47,780 INFO S2 blacklist: SSV Ulm 1846 - Eintracht Frankfurt U21: Ein Tor macht den Un
2026-10-10 16:31:47,782 INFO S2 blacklist: Spielschema | SSV Ulm 1846 Fußball - Eintracht Frankfurt II 
2026-10-10 16:31:47,782 INFO S2 blacklist: RB Leipzig gegen Eintracht Frankfurt heute Tipp, Prognose & 
2026-10-10 16:31:47,783 INFO S2 blacklist: !$[[RTE-LIVE]]]] Eintracht Frankfurt gegen RB Leipzig heute 
2026-10-10 16:31:47,820 INFO S3 keyword miss: Der Knoten ist geplatzt: Meuer erlöst Ulm bei Schwartz' Debü
2026-10-10 16:31:47,821 INFO S2 Liveticker übersprungen: Liveticker - SSV Ulm 1846 : Eintracht Frankfurt II
2026-10-10 16:31:47,821 INFO S2 blacklist: @>!?+$[Fußball LIVE*!!] RB Leipzig vs. Eintracht Frankfurt l
2026-10-10 16:31:47,860 INFO S3 keyword miss: Alfred Pfaff: Bilanz gegen Gegenspieler, Trainer & Vereine
2026-10-10 16:31:47,928 INFO S3 keyword miss: Luka Jović: Bilanz gegen Gegenspieler, Trainer & Vereine
2026-10-10 16:31:47,929 INFO Feed: https://news.google.com/rss/search?q=Gladbach+OR+%22Borussia+M%C3%B6nchengladbach%22+when%3A1d&hl=de&gl=DE&ceid=DE:de
2026-10-10 16:31:48,444 INFO S2 blacklist: Spielschema | SV Bergisch Gladbach 09 - FC Schalke 04 II 1:5
2026-10-10 16:31:48,445 INFO S2 Liveticker übersprungen: Liveticker - SV Bergisch Gladbach 09 : FC Schalke 04 II
2026-10-10 16:31:48,483 INFO S3 keyword miss: Wolfgang Kleff: Bilanz gegen Gegenspieler, Trainer & Vereine
2026-10-10 16:31:48,536 INFO S3 keyword miss: Yann Sommer: Bilanz gegen Gegenspieler, Trainer & Vereine
2026-10-10 16:31:48,575 INFO S3 keyword miss: Fritz Langner: Bilanz als Trainer – Trainerduelle, Vereine &
2026-10-10 16:31:48,613 INFO S3 keyword miss: Mike Hanke: Bilanz gegen Gegenspieler, Trainer & Vereine
2026-10-10 16:31:48,653 INFO S3 keyword miss: Tiago Pereira meldet sich nach Monaten des Schweigens mit ei
2026-10-10 16:31:48,656 INFO Feed: https://news.google.com/rss/search?q=%22SC+Freiburg%22+when%3A1d&hl=de&gl=DE&ceid=DE:de
2026-10-10 16:31:49,138 INFO Feed: https://news.google.com/rss/search?q=Hoffenheim+when%3A1d&hl=de&gl=DE&ceid=DE:de
2026-10-10 16:31:49,614 INFO S2 blacklist: Spielereignisse | TSG Hoffenheim - TSG Wieseck 4:2 | 8. Spie
2026-10-10 16:31:49,614 INFO S2 Liveticker übersprungen: Bundesliga im Liveticker: Bayern gastiert in Augsburg – Hoff
2026-10-10 16:31:49,614 INFO S2 Liveticker übersprungen: Hoffenheim – HSV im Liveticker: Härtetest für die Polzin-Elf
2026-10-10 16:31:49,615 INFO S2 Liveticker übersprungen: Jetzt im Liveticker: So läuft es für den HSV bei der TSG Hof
2026-10-10 16:31:49,616 INFO S2 Liveticker übersprungen: LIVE-TICKER Bundesliga der Fußball Meisterschaft
2026-10-10 16:31:49,617 INFO S2 blacklist: !$+[Übertragung]TV!] TSG Hoffenheim - Hamburger SV heute liv
2026-10-10 16:31:49,621 INFO S2 blacklist: [DAZN!!TV#] TSG Hoffenheim II gegen MSV Duisburg live im TV,
2026-10-10 16:31:49,623 INFO S2 blacklist: [DAZN!!TV#] TSG Hoffenheim II vs. MSV Duisburg heute live im
2026-10-10 16:31:49,626 INFO S2 blacklist: !$[[[HEUTE@LIVE>>]]''] MSV Duisburg TSG Hoffenheim II live i
2026-10-10 16:31:49,630 INFO S2 Liveticker übersprungen: Liveticker
2026-10-10 16:31:49,631 INFO S2 blacklist: !@*+^+*[>!ＬＩＶＥ~IM>]+! Hamburger SV gegen TSG Hoffenheim heut
2026-10-10 16:31:49,631 INFO S2 blacklist: !$√[TV/Übertragung!]@! TSG Hoffenheim Hamburger SV heute liv
2026-10-10 16:31:49,632 INFO S2 blacklist: !$[[[HEUTE@LIVE>>]]''] Hamburger SV TSG Hoffenheim live im T
2026-10-10 16:31:49,632 INFO S2 blacklist: !$[[[HEUTE@LIVE>>]]''] Hamburger SV vs. TSG Hoffenheim direk
2026-10-10 16:31:49,633 INFO S2 blacklist: Fußball Bundesliga Frauen: Hoffenheim gegen Hamburg - Statis
2026-10-10 16:31:49,636 INFO S2 blacklist: %@~[¡LIVE+HEUTE] Hamburger SV TSG Hoffenheim GRATIS im TV se
2026-10-10 16:31:49,637 INFO S2 blacklist: !$√[TV/Übertragung!]@! HSV gegen Hoffenheim direkte live im 
2026-10-10 16:31:49,638 INFO S2 blacklist: %@~[¡LIVE+HEUTE] Hoffenheim II vs. Duisburg heute live im TV
2026-10-10 16:31:49,638 INFO S2 blacklist: @>!?+$[Fußball LIVE*!!] Hoffenheim HSV direkte live im TV, Ü
2026-10-10 16:31:49,639 INFO S2 blacklist: !$[IM[LIVE]~!! HSV - Hoffenheim heute live im Free-TV und St
2026-10-10 16:31:49,642 INFO S2 blacklist: Duisburg Hoffenheim II heute Tipp, Prognose & Quoten 10.10.2
2026-10-10 16:31:49,643 INFO S2 blacklist: ((LIVE ANSEHEN#)) Hoffenheim - HSV direkte live im TV. Sie d
2026-10-10 16:31:49,643 INFO S2 blacklist: ++[Live]🔴 1899 Hoffenheim vs Hamburger SV LIVE STREAM Kosten
2026-10-10 16:31:49,645 INFO S2 blacklist: Fußball 2. Bundesliga Frauen: Ingolstadt gegen Hoffenheim II
2026-10-10 16:31:49,646 INFO S2 blacklist: %@~[¡STREAMEN] Hoffenheim gegen HSV heute im live Übertragun
2026-10-10 16:31:49,646 INFO S2 blacklist: %@~[¡STREAMEN] HSV Hoffenheim direkte live im TV, Übertragun
2026-10-10 16:31:49,648 INFO S2 blacklist: [DAZN!!TV#] Hoffenheim - HSV live im Free-TV und Stream
2026-10-10 16:31:49,648 INFO Feed: https://news.google.com/rss/search?q=%22Mainz+05%22+when%3A1d&hl=de&gl=DE&ceid=DE:de
2026-10-10 16:31:50,125 INFO S2 blacklist: FC Astoria Walldorf - 1. FSV Mainz 05 II: Walldorf und Mainz
2026-10-10 16:31:50,165 INFO S3 keyword miss: Bundesliga HEUTE live auf Sky Sport: Übertragung des 5. Spie
2026-10-10 16:31:50,166 INFO S2 blacklist: Spielschema | FC-Astoria Walldorf - 1. FSV Mainz 05 II 1:1 |
2026-10-10 16:31:50,167 INFO S2 blacklist: !$[IM[LIVE]~!! FSV Mainz 05 - Bayer 04 Leverkusen heute live
2026-10-10 16:31:50,205 INFO S3 keyword miss: Fußball-Transfers, Gerüchte, Marktwerte und News
2026-10-10 16:31:50,245 INFO S3 keyword miss: Streame die Bundesliga-Konferenz kostenlos online am 10. Okt
2026-10-10 16:31:50,261 INFO S2 Liveticker übersprungen: 1. FSV Mainz 05 - Bayer Leverkusen Liveticker, 10.10.2026
2026-10-10 16:31:50,261 INFO Feed: https://news.google.com/rss/search?q=%22FC+Augsburg%22+when%3A1d&hl=de&gl=DE&ceid=DE:de
2026-10-10 16:31:50,773 INFO S2 blacklist: Spielereignisse | FC Augsburg - 1. FC Heidenheim 1:2 | 7. Sp
2026-10-10 16:31:50,776 INFO S2 Liveticker übersprungen: FC Augsburg gegen FC Bayern München im Liveticker: Wer erset
2026-10-10 16:31:50,807 INFO S2 blacklist: !$[[RTE-LIVE]]]] FC Augsburg - FC Bayern München im kostenlo
2026-10-10 16:31:50,813 INFO S2 blacklist: FC Augsburg FC Bayern München Tipp, KI Prognose & Quoten 10.
2026-10-10 16:31:50,813 INFO S2 blacklist: [Offiziell-!LIVE™"]Augsburg - Bayern live im TV
2026-10-10 16:31:50,814 INFO S2 blacklist: )+ω#*[LIVE ANSEHEN]eSPN*!]Augsburg - Bayern live im TV
2026-10-10 16:31:50,814 INFO Feed: https://news.google.com/rss/search?q=%22Union+Berlin%22+when%3A1d&hl=de&gl=DE&ceid=DE:de
2026-10-10 16:31:51,304 INFO S2 Liveticker übersprungen: Liveticker: FC Union Berlin gegen SV Elversberg – 1. Halbzei
2026-10-10 16:31:51,304 INFO S2 Liveticker übersprungen: Liveticker Bundesliga: 1. FC Union Berlin gegen SV Elversber
2026-10-10 16:31:51,304 INFO S2 blacklist: ~!$"LIVE~IM"!! Union Berlin gegen Elversberg heute live im T
2026-10-10 16:31:51,307 INFO S2 blacklist: !$[[[HEUTE@LIVE>>]]''] Elversberg gegen Union Berlin heute l
2026-10-10 16:31:51,309 INFO S2 blacklist: @>!?+$[Fußball LIVE*!!] Elversberg Union Berlin heute live i
2026-10-10 16:31:51,312 INFO S2 blacklist: !@*+^+*[>!ＬＩＶＥ~IM>]+! Elversberg vs. Union Berlin live im TV
2026-10-10 16:31:51,314 INFO S2 blacklist: %@~[¡STREAMEN] Union Berlin Elversberg live im TV. Sie die P
2026-10-10 16:31:51,316 INFO S2 blacklist: ((LIVE ANSEHEN#)) Union Berlin vs. Elversberg live im TV, Üb
2026-10-10 16:31:51,318 INFO S2 Liveticker übersprungen: Fußball-Bundesliga: Im Liveticker – SV Elversberg zu Gast be
2026-10-10 16:31:51,318 INFO S2 Liveticker übersprungen: 1. FC Union Berlin - SV 07 Elversberg Liveticker, 10.10.2026
2026-10-10 16:31:51,318 INFO Feed: https://news.google.com/rss/search?q=%22Werder+Bremen%22+when%3A1d&hl=de&gl=DE&ceid=DE:de
2026-10-10 16:31:51,860 INFO Feed: https://news.google.com/rss/search?q=HSV+OR+%22Hamburger+SV%22+when%3A1d&hl=de&gl=DE&ceid=DE:de
2026-10-10 16:31:52,386 INFO S2 Liveticker übersprungen: Hoffenheim – HSV im Liveticker: Härtetest für die Polzin-Elf
2026-10-10 16:31:52,387 INFO S2 blacklist: FSV Schöningen - Hamburger SV II: Hamburg trumpft bei Schöni
2026-10-10 16:31:52,425 INFO S3 keyword miss: Wagners Hannover-Debüt endet mit bitterem Dämpfer
2026-10-10 16:31:52,430 INFO S2 Liveticker übersprungen: Liveticker - TSG 1899 Hoffenheim : Hamburger SV
2026-10-10 16:31:52,431 INFO S2 Liveticker übersprungen: Liveticker - AFC Amsterdam : HSV Hoek
2026-10-10 16:31:52,433 INFO S2 blacklist: &+%((üBertragung-TV)) Hoffenheim HSV im live Übertragung! Ch
2026-10-10 16:31:52,434 INFO S2 blacklist: !$[[RTE-LIVE]]]] HSV gegen Hoffenheim heute live im TV. Sie 
2026-10-10 16:31:52,434 INFO Feed: https://news.google.com/rss/search?q=%221.+FC+K%C3%B6ln%22+OR+%22FC+K%C3%B6ln%22+when%3A1d&hl=de&gl=DE&ceid=DE:de
2026-10-10 16:31:52,921 INFO S3 keyword miss: Alexander Blessin: "das Glas ist immer halb voll"
2026-10-10 16:31:52,960 INFO S3 keyword miss: Leonardo Bittencourt: Bilanz gegen Gegenspieler, Trainer & V
2026-10-10 16:31:52,998 INFO S3 keyword miss: Karl-Heinz Schnellinger: Bilanz gegen Gegenspieler, Trainer 
2026-10-10 16:31:52,999 INFO S2 Liveticker übersprungen: TSG Hoffenheim - Hamburger SV Liveticker, 10.10.2026
2026-10-10 16:31:52,999 INFO Feed: https://news.google.com/rss/search?q=Schalke+when%3A1d&hl=de&gl=DE&ceid=DE:de
2026-10-10 16:31:53,465 INFO S2 blacklist: Regionalliga: Siegen verprügelt Gütersloh, Schalke souverän,
2026-10-10 16:31:53,466 INFO S2 blacklist: Regionalliga-Duell von S04-Frauen verspricht Brisanz Sechs A
2026-10-10 16:31:53,499 INFO Feed: https://news.google.com/rss/search?q=Elversberg+when%3A1d&hl=de&gl=DE&ceid=DE:de
2026-10-10 16:31:53,978 INFO S2 blacklist: Personallage weiter angespannt: SC 13-Frauen empfangen den S
2026-10-10 16:31:53,981 INFO S2 blacklist: Union Berlin vs. Elversberg heute Tipp, Prognose & Quoten 10
2026-10-10 16:31:53,981 INFO S2 blacklist: ~!$"LIVE~IM"!! Union Berlin Elversberg Im Livestream 10.10.2
2026-10-10 16:31:53,982 INFO S2 blacklist: !$[IM[LIVE]~!! Union Berlin gegen Elversberg im live Übertra
2026-10-10 16:31:53,984 INFO S2 blacklist: !@*+^+*[>!ＬＩＶＥ~IM>]+! Elversberg - Union Berlin im live Über
2026-10-10 16:31:53,985 INFO S2 blacklist: &+%((üBertragung-TV)) Elversberg gegen Union Berlin heute li
2026-10-10 16:31:53,988 INFO Feed: https://news.google.com/rss/search?q=%22SC+Paderborn%22+when%3A1d&hl=de&gl=DE&ceid=DE:de
2026-10-10 16:31:54,392 INFO S2 Liveticker übersprungen: SC Paderborn gegen VfB Stuttgart: Das Spiel im Liveticker
2026-10-10 16:31:54,393 INFO S2 blacklist: Spielschema | Sportfreunde Lotte - SC Paderborn 07 II 1:0 | 
2026-10-10 16:31:54,394 INFO S2 blacklist: %@~[¡STREAMEN] SC Paderborn - VfB Stuttgart live im TV. Sie 
2026-10-10 16:31:54,394 INFO S2 Liveticker übersprungen: SC Paderborn 07 - VfB Stuttgart Liveticker, 10.10.2026
2026-10-10 16:31:54,395 INFO S2 blacklist: Paderborn gegen Stuttgart live: Wer überträgt das Spiel heut
2026-10-10 16:31:54,395 INFO Feed: https://www.transfermarkt.de/rss/news
2026-10-10 16:31:54,470 INFO Feed: https://www.waz.de/sport/fussball/rss
2026-10-10 16:31:54,935 INFO Feed: https://www.faz.net/rss/aktuell/sport/fussball/bundesliga/
2026-10-10 16:31:55,639 INFO S2 kein BL-Klub im Titel: Gegen Magdeburg: Fehlstart für Sandro Wagner und Hannover 96
2026-10-10 16:31:55,640 INFO Feed: https://bulinews.com/rss.xml
2026-10-10 16:31:56,180 INFO S2 blacklist: 2. Bundesliga: Darmstadt leave relegation zone after comebac
2026-10-10 16:31:56,181 INFO S2 blacklist: 2. Bundesliga: Magdeburg ruin Sandro Wagner's Hannover debut
2026-10-10 16:31:56,181 INFO Feed: https://www.abendblatt.de/sport/rss
2026-10-10 16:31:56,501 INFO Feed: https://www.merkur.de/sport/fc-bayern/rssfeed.rdf
2026-10-10 16:31:57,224 INFO Feed: https://www.eyefootball.com/rss_news_main.xml
2026-10-10 16:31:57,727 INFO Feed: https://www.ligaportal.at/international/deutsche-bundesliga?format=feed&type=rss
2026-10-10 16:32:00,637 INFO Feed: https://www.reddit.com/r/soccer/new.rss?limit=100
2026-10-10 16:32:01,817 INFO S3 keyword miss: Rangers 2-0 Kilmarnock - Kevin Kelsy 24'
2026-10-10 16:32:01,857 INFO S3 keyword miss: Hajduk Split [2] - 1 Dinamo Zagreb - Abdoulie Sanyang Bamba 
2026-10-10 16:32:01,898 INFO S3 keyword miss: Watford 0-2 Burnley - Zeki Amdouni 13'
2026-10-10 16:32:01,936 INFO S3 keyword miss: Rangers 1-0 Kilmarnock - Ryan Naderi 15'
2026-10-10 16:32:01,975 INFO S3 keyword miss: Watford 0-1 Burnley - Jacob Bruun Larsen 13'
2026-10-10 16:32:02,047 INFO S3 keyword miss: Derby County [1] - 0 Wrexham - Szmodics '9 [Great Goal]
2026-10-10 16:32:02,086 INFO S3 keyword miss: Aston Villa 0 - [1] Brentford - Yegor Yarmolyuk 11'
2026-10-10 16:32:02,162 INFO S3 keyword miss: Chelsea [1] - 0 Bournemouth - Jordan Henderson 2'
2026-10-10 16:32:02,205 INFO S3 keyword miss: Match Thread: Alavés vs Atlético Madrid | LaLiga
2026-10-10 16:32:02,248 INFO S3 keyword miss: Match Thread: Leicester City vs Peterborough United | Englis
2026-10-10 16:32:02,288 INFO S3 keyword miss: Tondela [1] - 0 Torreense - Rodrigo Cascavel 90’
2026-10-10 16:32:02,331 INFO S3 keyword miss: Match Thread: Blackburn Rovers vs Cardiff City | English Lea
2026-10-10 16:32:02,374 INFO S3 keyword miss: Match Thread: Bolton Wanderers vs Stoke City | English Leagu
2026-10-10 16:32:02,416 INFO S3 keyword miss: Match Thread: Derby County vs Wrexham | English League Champ
2026-10-10 16:32:02,460 INFO S3 keyword miss: Match Thread: Middlesbrough vs Wolverhampton Wanderers | Eng
2026-10-10 16:32:02,503 INFO S3 keyword miss: Match Thread: Sheffield United vs Lincoln City | English Lea
2026-10-10 16:32:02,547 INFO S3 keyword miss: Match Thread: Watford vs Burnley | English League Championsh
2026-10-10 16:32:02,591 INFO S3 keyword miss: Match Thread: Ipswich Town vs Fulham | Premier League
2026-10-10 16:32:02,635 INFO S3 keyword miss: Match Thread: Aston Villa vs Brentford | Premier League
2026-10-10 16:32:02,678 INFO S3 keyword miss: Match Thread: Chelsea vs AFC Bournemouth | Premier League
2026-10-10 16:32:02,721 INFO S3 keyword miss: Match Thread: Sunderland vs Brighton & Hove Albion | Premier
2026-10-10 16:32:02,764 INFO S3 keyword miss: Match Thread: Rangers vs Kilmarnock | Scottish Premiership
2026-10-10 16:32:02,804 INFO S3 keyword miss: Welcome to Country ceremony booed by supporters ahead of the
2026-10-10 16:32:02,843 INFO S3 keyword miss: Hajduk Split [1] - 1 Dinamo Zagreb - Scott McKenna OG 24'
2026-10-10 16:32:02,881 INFO S3 keyword miss: Hajduk Split 0 - [1] Dinamo Zagreb - Dion Drena Beljo 21'
2026-10-10 16:32:02,957 INFO S3 keyword miss: Yellow cards for Bright Osayi-Samuel and Jimmy Jay Morgan fo
2026-10-10 16:32:03,031 INFO S3 keyword miss: Saka big chance against Leeds 90+6'
2026-10-10 16:32:03,067 INFO S3 keyword miss: Saka miss agaisnt Leeds 90+5'
2026-10-10 16:32:03,104 INFO S3 keyword miss: Gyökeres chance against Leeds 90+2'
2026-10-10 16:32:03,145 INFO S3 keyword miss: Martin Keown & Joe Cole debate Man City’s 114 charges: “If t
2026-10-10 16:32:03,182 INFO S3 keyword miss: Genoa 2 - 0 Fiorentina - Junior Messias 15'
2026-10-10 16:32:03,219 INFO S3 keyword miss: Arsenal chance agaisnt Leeds 82'
2026-10-10 16:32:03,260 INFO S3 keyword miss: Footage of Rayo fans throwing paper planes and tennis balls,
2026-10-10 16:32:03,298 INFO S3 keyword miss: Genoa 1 - 0 Fiorentina -Milutin Osmajic 7'
2026-10-10 16:32:03,364 INFO S3 keyword miss: [VI] Bobby Adekanye on his resume with top clubs: 'It does p
2026-10-10 16:32:03,403 INFO S3 keyword miss: Rayo Vallecano fans protest against the club president, forc
2026-10-10 16:32:03,445 INFO S3 keyword miss: Match Thread: Genoa vs Fiorentina | Serie A
2026-10-10 16:32:03,445 INFO Feed: https://newsfeed.kicker.de/team/fc-bayern-muenchen
2026-10-10 16:32:03,515 INFO Feed: https://newsfeed.kicker.de/team/borussia-dortmund
2026-10-10 16:32:03,763 INFO Feed: https://newsfeed.kicker.de/team/rb-leipzig
2026-10-10 16:32:03,936 INFO Feed: https://newsfeed.kicker.de/team/bayer-04-leverkusen
2026-10-10 16:32:04,103 INFO Feed: https://newsfeed.kicker.de/team/vfb-stuttgart
2026-10-10 16:32:04,285 INFO Feed: https://newsfeed.kicker.de/team/eintracht-frankfurt
2026-10-10 16:32:04,457 INFO Feed: https://newsfeed.kicker.de/team/bor-moenchengladbach
2026-10-10 16:32:04,640 INFO Feed: https://newsfeed.kicker.de/team/sc-freiburg
2026-10-10 16:32:04,811 INFO Feed: https://newsfeed.kicker.de/team/tsg-hoffenheim
2026-10-10 16:32:05,010 INFO Feed: https://newsfeed.kicker.de/team/1-fsv-mainz-05
2026-10-10 16:32:05,210 INFO Feed: https://newsfeed.kicker.de/team/fc-augsburg
2026-10-10 16:32:05,383 INFO Feed: https://newsfeed.kicker.de/team/1-fc-union-berlin
2026-10-10 16:32:05,558 INFO Feed: https://newsfeed.kicker.de/team/werder-bremen
2026-10-10 16:32:05,728 INFO Feed: https://newsfeed.kicker.de/team/hamburger-sv
2026-10-10 16:32:05,896 INFO Feed: https://newsfeed.kicker.de/team/1-fc-koeln
2026-10-10 16:32:05,986 INFO Feed: https://newsfeed.kicker.de/team/fc-schalke-04
2026-10-10 16:32:06,184 INFO Feed: https://newsfeed.kicker.de/team/sv-elversberg
2026-10-10 16:32:06,374 INFO Feed: https://newsfeed.kicker.de/team/sc-paderborn-07
2026-10-10 16:32:06,553 INFO Feed: https://newsfeed.kicker.de/news/champions-league
2026-10-10 16:32:06,725 INFO Feed: ligainsider:themen
2026-10-10 16:32:47,829 INFO LigaInsider (Themenfinder): 170 Meldungen von 18 Vereinsseiten
2026-10-10 16:33:00,214 INFO Eingelesen: 220 Schlagzeilen nach den Gratis-Filtern
2026-10-10 16:33:01,511 INFO S5 kein Bundesliga-Spieler oder -Klub erkennbar: Nach Fellhauers Blitz-Tor - Die größten 8,4-Sekunden-Rekorde
2026-10-10 16:33:01,512 INFO S5 kein Bundesliga-Spieler oder -Klub erkennbar: "Deshalb wird er wahrscheinlich auch kein Weltmeister": Hartes Urteil 
2026-10-10 16:33:01,514 INFO S5 Sammelartikel: Bundesliga: Ticker – FC Bayern ringt nach Augsburgs historischem Tor u
2026-10-10 16:33:01,515 INFO S5 kein Bundesliga-Spieler oder -Klub erkennbar: Historischer Neuer-Patzer: Die schnellsten Tore der Bundesliga
2026-10-10 16:33:01,516 INFO S5 Randthema: Fan-Appell an den BVB: Trikot-Entscheidung ist gefallen
2026-10-10 16:33:01,517 INFO S5 schon berichtet (Füllkrug rettet Werder spät einen Punkt in Do): Fan-Umfrage nach furiosem Remis: Wer war Euer „Werder-Spiele
2026-10-10 16:33:01,518 INFO S5 Fan-Wahl/Nachwuchs: Spielschema | RB Leipzig - Energie Cottbus 5:1 | 8. Spieltag | U-17-DF
2026-10-10 16:33:01,522 INFO S5 schon berichtet (Gladbach vor dem Derby: Itakura und Diks mit ): Gladbach bangt um Itakura und Kleindienst vor dem Rheinderby
2026-10-10 16:33:01,525 INFO S5 Sammelartikel: Bundesliga: Ticker – Dicker Patzer, nach 8 Sekunden liegt Bayern in Au
2026-10-10 16:33:01,526 INFO S5 kein Bundesliga-Spieler oder -Klub erkennbar: Neuer kassiert Rekord-Tor
2026-10-10 16:33:01,529 INFO S5 kein Bundesliga-Spieler oder -Klub erkennbar: Aston Villa [1] - 1 Brentford - Nicolas Jackson 12'
2026-10-10 16:33:01,529 INFO S5 kein Bundesliga-Spieler oder -Klub erkennbar: Chelsea [2] - 0 Bournemouth - António Silva 3'
2026-10-10 16:33:01,529 INFO S5 kein Bundesliga-Spieler oder -Klub erkennbar: [ESPN NL] Greek top scorer Van Weert calls time on a distinguished car
2026-10-10 16:33:01,529 INFO S5 kein Bundesliga-Spieler oder -Klub erkennbar: Post Match Thread: Arsenal 2-1 Leeds United | Premier League
2026-10-10 16:33:01,530 INFO S5: 136 neue Geschichten, 2 schon berichtet, 0 zu wartenden Geschichten ergänzt, 17 warten
2026-10-10 16:37:01,365 INFO S6 aussortiert (doppelt): Schnellster Treffer der Bundesliga-Geschichte - DAS 8-SEKUNDEN-TOR
2026-10-10 16:37:01,365 INFO S6 aussortiert (prio_0): Wer zeigt / überträgt Viking Stavanger vs. FC Bayern München im TV und
2026-10-10 16:37:01,365 INFO S6 aussortiert (doppelt): Laimer fehlt dem FC Bayern in Augsburg - Grund ist nicht alltäglich
2026-10-10 16:37:01,365 INFO S6 aussortiert (doppelt): FC Bayern: Neuers Blackout sorgt für schnellstes Tor der Bundesliga-Ge
2026-10-10 16:37:01,365 INFO S6 aussortiert (doppelt): Zweites Kind: Bayern-Star fehlt gegen den FC Augsburg
2026-10-10 16:37:01,365 INFO S6 aussortiert (doppelt): Der Sport-Tag: Aus gutem Grund: FC Bayern verzichtet kurzfristig auf A
2026-10-10 16:37:01,366 INFO S6 aussortiert (prio_1): FC Bayern baut am Leistungszentrum – Lkw stehen vor 6 Uhr mit Motor vo
2026-10-10 16:37:01,366 INFO S6 aussortiert (doppelt): Kurzfristiger Ausfall bei Bayern-Star
2026-10-10 16:37:01,366 INFO S6 aussortiert (doppelt): Acht Sekunden: FC Bayern kassiert schnellstes Bundesliga-Tor der Gesch
2026-10-10 16:37:01,366 INFO S6 aussortiert (prio_0): Zwei Trainer stehen schon unter Druck – und der FC Bayern kann wieder 
2026-10-10 16:37:01,366 INFO S6 aussortiert (prio_0): Fußball Bundesliga: E. Frankfurt gegen FC Bayern - Ergebnisse - 8. Spi
2026-10-10 16:37:01,366 INFO S6 aussortiert (prio_0): Fußball Bundesliga: M'gladbach gegen Neunkirchen - Übersicht über die 
2026-10-10 16:37:01,367 INFO S6 aussortiert (doppelt): Historisches Gegentor: Kapitaler Bock von Manuel Neuer
2026-10-10 16:37:01,367 INFO S6 aussortiert (prio_0): %@~[¡LIVE+HEUTE] FC Bayern München gegen FC Augsburg heute im TV und L
2026-10-10 16:37:01,367 INFO S6 aussortiert (doppelt): !$+[Übertragung]TV!] FC Bayern München gegen FC Augsburg heute im kost
2026-10-10 16:37:01,367 INFO S6 aussortiert (prio_0): !$[[RTE-LIVE]]]] Bayer 04 Leverkusen gegen FSV Mainz 05 direkte übertr
2026-10-10 16:37:01,367 INFO S6 aussortiert (doppelt): @>!?+$[Fußball LIVE*!!] Bayer 04 Leverkusen gegen FSV Mainz 05 Im Live
2026-10-10 16:37:01,367 INFO S6 aussortiert (doppelt): !$√[TV/Übertragung!]@! FSV Mainz gegen Bayer Leverkusen heute im koste
2026-10-10 16:37:01,367 INFO S6 aussortiert (doppelt): @>!?+$[Fußball LIVE*!!] FSV Mainz Bayer Leverkusen heute im TV und LIV
2026-10-10 16:37:01,367 INFO S6 aussortiert (doppelt): %@~[¡LIVE+HEUTE] Bayer Leverkusen - FSV Mainz GRATIS im TV sehen live 
2026-10-10 16:37:01,367 INFO S6 aussortiert (doppelt): %@~[¡STREAMEN] Bayer 04 Leverkusen FSV Mainz 05 im kostenlosen Livestr
2026-10-10 16:37:01,367 INFO S6 aussortiert (doppelt): !$[[RTE-LIVE]]]] Bayer 04 Leverkusen vs. FSV Mainz 05 Im Livestream 10
2026-10-10 16:37:01,368 INFO S6 aussortiert (doppelt): Mainz Leverkusen kostenlos live im Free TV: Jetzt RTL live streamen
2026-10-10 16:37:01,368 INFO S6 aussortiert (doppelt): &+%((üBertragung-TV)) FSV Mainz 05 vs. Bayer 04 Leverkusen heute im TV
2026-10-10 16:37:01,368 INFO S6 aussortiert (doppelt): !$√[TV/Übertragung!]@! FSV Mainz vs. Bayer Leverkusen heute Im Livestr
2026-10-10 16:37:01,368 INFO S6 aussortiert (doppelt): !$[[[HEUTE@LIVE>>]]''] FSV Mainz vs. Bayer Leverkusen heute im TV und 
2026-10-10 16:37:01,368 INFO S6 aussortiert (doppelt): %@~[¡STREAMEN] Mainz vs Bayer Leverkusen heute übertragung 10.10.2026
2026-10-10 16:37:01,368 INFO S6 aussortiert (prio_0): 5. Spieltag: RB Leipzig - Eintracht Frankfurt - Eintracht Frankfurt - 
2026-10-10 16:37:01,368 INFO S6 aussortiert (prio_0): !$√[TV/Übertragung!]@! RB Leipzig gegen Frankfurt im kostenlosen Lives
2026-10-10 16:37:01,368 INFO S6 aussortiert (doppelt): %@~[¡STREAMEN] Eintracht Frankfurt vs. RB Leipzig heute Im Livestream 
2026-10-10 16:37:01,368 INFO S6 aussortiert (doppelt): !$[IM[LIVE]~!! RB Leipzig Frankfurt live sehen
2026-10-10 16:37:01,368 INFO S6 aussortiert (doppelt): ((LIVE ANSEHEN#)) RB Leipzig vs. Frankfurt heute Im Livestream 10.10.2
2026-10-10 16:37:01,369 INFO S6 aussortiert (doppelt): !$[[[HEUTE@LIVE>>]]''] Frankfurt - RB Leipzig heute GRATIS im TV sehen
2026-10-10 16:37:01,369 INFO S6 aussortiert (doppelt): &+%((üBertragung-TV)) RB Leipzig vs. Frankfurt Im Livestream 10.10.202
2026-10-10 16:37:01,369 INFO S6 aussortiert (doppelt): !@*+^+*[>!ＬＩＶＥ~IM>]+! Eintracht Frankfurt vs. RB Leipzig im TV und LIV
2026-10-10 16:37:01,369 INFO S6 aussortiert (doppelt): @>!?+$[Fußball LIVE*!!] Frankfurt vs. RB Leipzig Im Livestream 10.10.2
2026-10-10 16:37:01,369 INFO S6 aussortiert (prio_0): Max Rosenfelder: Bilanz gegen Gegenspieler, Trainer & Vereine
2026-10-10 16:37:01,369 INFO S6 aussortiert (prio_0): SV Meppen vs. VfB Stuttgart II - Game Highlights
2026-10-10 16:37:01,369 INFO S6 aussortiert (prio_0): [DAZN!!TV#] VfB Stuttgart gegen SC Paderborn heute im TV und LIVE STRE
2026-10-10 16:37:01,370 INFO S6 aussortiert (prio_0): SV Meppen beendet Niederlagenserie: Schmitt trifft nach Rückstand gege
2026-10-10 16:37:01,370 INFO S6 aussortiert (doppelt): !$[IM[LIVE]~!! SC Paderborn - VfB Stuttgart direkte GRATIS im TV sehen
2026-10-10 16:37:01,370 INFO S6 aussortiert (prio_0): [DAZN!!TV#] VfB Stuttgart II SV Meppen GRATIS im TV sehen live Übertra
2026-10-10 16:37:01,370 INFO S6 aussortiert (doppelt): %@~[¡LIVE+HEUTE] VfB Stuttgart II vs. SV Meppen Im Livestream 10.10.20
2026-10-10 16:37:01,370 INFO S6 aussortiert (doppelt): ~!$"LIVE~IM"!! SV Meppen vs. VfB Stuttgart II heute übertragung 10.10.
2026-10-10 16:37:01,370 INFO S6 aussortiert (doppelt): [DAZN!!TV#] SC Paderborn vs. VfB Stuttgart im kostenlosen Livestream u
2026-10-10 16:37:01,370 INFO S6 aussortiert (doppelt): !$√[TV/Übertragung!]@! SC Paderborn gegen VfB Stuttgart heute im koste
2026-10-10 16:37:01,370 INFO S6 aussortiert (doppelt): ((LIVE ANSEHEN#)) VfB Stuttgart vs. SC Paderborn Im Livestream 10.10.2
2026-10-10 16:37:01,370 INFO S6 aussortiert (doppelt): ((LIVE ANSEHEN#)) VfB Stuttgart gegen SC Paderborn live sehen
2026-10-10 16:37:01,370 INFO S6 aussortiert (prio_0): Erfolgreiche Spatzen-Premiere für Alois Schwartz: Ulm gewinnt 1:0 gege
2026-10-10 16:37:01,370 INFO S6 aussortiert (prio_0): Fußball Bundesliga: Frankfurter SGE gegen Hamburg - Ergebnisse - 19. S
2026-10-10 16:37:01,370 INFO S6 aussortiert (prio_0): Borussia Mönchengladbach
2026-10-10 16:37:01,371 INFO S6 aussortiert (prio_0): Fußball Bundesliga: M'gladbach gegen Bochum - Statistik: Laufleistung 
2026-10-10 16:37:01,371 INFO S6 aussortiert (prio_0): Vom letzten Platz in die Champions League: Die irre Favre-Wende, die G
2026-10-10 16:37:01,371 INFO S6 aussortiert (prio_0): [Live-Übertragung] TSG Hoffenheim - Hamburger SV Im Livestream 10.10.2
2026-10-10 16:37:01,371 INFO S6 aussortiert (prio_0): @>!?+$[Fußball LIVE*!!] TSG Hoffenheim II vs. MSV Duisburg Im Livestre
2026-10-10 16:37:01,371 INFO S6 aussortiert (doppelt): %@~[¡STREAMEN] Hamburger SV - TSG Hoffenheim direkte im TV und LIVE ST
2026-10-10 16:37:01,371 INFO S6 aussortiert (doppelt): ((LIVE ANSEHEN#)) MSV Duisburg gegen TSG Hoffenheim II übertragung 10.
2026-10-10 16:37:01,371 INFO S6 aussortiert (doppelt): !$[[[HEUTE@LIVE>>]]''] TSG Hoffenheim - Hamburger SV direkte im kosten
2026-10-10 16:37:01,371 INFO S6 aussortiert (doppelt): %@~[¡LIVE+HEUTE] MSV Duisburg - TSG Hoffenheim II im TV und LIVE STREA
2026-10-10 16:37:01,371 INFO S6 aussortiert (doppelt): [DAZN!!TV#] TSG Hoffenheim II vs. MSV Duisburg GRATIS im TV sehen live
2026-10-10 16:37:01,371 INFO S6 aussortiert (doppelt): !@*+^+*[>!ＬＩＶＥ~IM>]+! TSG Hoffenheim vs. Hamburger SV übertragung 10.1
2026-10-10 16:37:01,371 INFO S6 aussortiert (doppelt): !@*+^+*[>!ＬＩＶＥ~IM>]+! MSV Duisburg vs. TSG Hoffenheim II heute im kost
2026-10-10 16:37:01,371 INFO S6 aussortiert (doppelt): [Live-Übertragung] TSG Hoffenheim gegen Hamburger SV im kostenlosen Li
2026-10-10 16:37:01,372 INFO S6 aussortiert (doppelt): HSV-Blog: Trainer Polzin setzt auf Poulsen-Vieira-Kombi in der Startel
2026-10-10 16:37:01,372 INFO S6 aussortiert (doppelt): >+!【TOTAL SPORTEK】...! Hamburger SV v 1899 Hoffenheim Spiel Live Übert
2026-10-10 16:37:01,372 INFO S6 aussortiert (prio_0): @>!?+$[Fußball LIVE*!!] Hamburger SV gegen TSG Hoffenheim übertragung 
2026-10-10 16:37:01,372 INFO S6 aussortiert (prio_0): !$+[Übertragung]TV!] Hamburger SV - TSG Hoffenheim heute live sehen
2026-10-10 16:37:01,372 INFO S6 aussortiert (prio_0): [DAZN!!TV#] Hoffenheim II - Duisburg im TV und LIVE STREAM.
2026-10-10 16:37:01,372 INFO S6 aussortiert (prio_0): [+ LiVe sTrEaMs Stream!] Hamburger SV v 1899 Hoffenheim Live Kostenlos
2026-10-10 16:37:01,372 INFO S6 aussortiert (prio_0): [[LIVESTREAM!!JETZT) 1899 Hoffenheim v Hamburger SV 𝐋𝐈𝐕𝐄 𝐒𝐭𝐫𝐞𝐚𝐦
2026-10-10 16:37:01,372 INFO S6 aussortiert (prio_0): @>!?+$[Fußball LIVE*!!] HSV - Hoffenheim heute im TV und LIVE STREAM.
2026-10-10 16:37:01,372 INFO S6 aussortiert (prio_0): ~!$"LIVE~IM"!! Hoffenheim gegen HSV direkte GRATIS im TV sehen live Üb
2026-10-10 16:37:01,372 INFO S6 aussortiert (prio_0): Spielschema | 1. FSV Mainz 05 - Bayer 04 Leverkusen : | 5. Spieltag | 
2026-10-10 16:37:01,372 INFO S6 aussortiert (prio_0): &+%((üBertragung-TV)) FSV Mainz 05 vs. Bayer 04 Leverkusen übertragung
2026-10-10 16:37:01,372 INFO S6 aussortiert (prio_0): 1.FSV Mainz 05
2026-10-10 16:37:01,372 INFO S6 aussortiert (prio_0): Bo Svensson: Bilanz als Trainer & Spieler – Gegner, Trainerduelle & Ve
2026-10-10 16:37:01,372 INFO S6 aussortiert (doppelt): Rekord-Tor: Augsburg schockt die Bayern – Neuer patzt
2026-10-10 16:37:01,372 INFO S6 aussortiert (doppelt): Augsburg | 8 Sekunden: Augsburg erzielt schnellstes Bundesliga-Tor
2026-10-10 16:37:01,372 INFO S6 aussortiert (prio_0): Holt sich Bayern gegen Rieders Augsburg die Tabellenführung zurück?
2026-10-10 16:37:01,373 INFO S6 aussortiert (prio_0): 1. Bundesliga: FC Augsburg gegen Bayern München ab 15:30 live
2026-10-10 16:37:01,373 INFO S6 aussortiert (prio_0): [LIVESTREAM]eSpN!!]FC Augsburg gegen Bayern München Live Op Tv
2026-10-10 16:37:01,373 INFO S6 aussortiert (prio_0): !$[[[HEUTE@LIVE>>]]''] FC Bayern München vs. FC Augsburg heute im TV u
2026-10-10 16:37:01,373 INFO S6 aussortiert (prio_0): [DAZN!!TV#] FC Augsburg - FC Bayern München übertragung 10.10.2026
2026-10-10 16:37:01,373 INFO S6 aussortiert (prio_0): @>!?+$[Fußball LIVE*!!] FC Augsburg - FC Bayern München direkte im TV 
2026-10-10 16:37:01,373 INFO S6 aussortiert (prio_0): Fußball-Bundesliga: Jetzt live: Union Berlin gegen Aufsteiger Elversbe
2026-10-10 16:37:01,373 INFO S6 aussortiert (prio_0): &+%((üBertragung-TV)) Union Berlin vs. Elversberg direkte Im Livestrea
2026-10-10 16:37:01,373 INFO S6 aussortiert (prio_0): !@*+^+*[>!ＬＩＶＥ~IM>]+! Union Berlin gegen Elversberg heute Im Livestrea
2026-10-10 16:37:01,373 INFO S6 aussortiert (prio_0): *∇#[+[!Livestreams!]TV] Union Berlin gegen SV Elversberg Im live Op tv
2026-10-10 16:37:01,373 INFO S6 aussortiert (prio_0): %@~[¡LIVE+HEUTE] Elversberg - Union Berlin direkte Im Livestream 10.10
2026-10-10 16:37:01,373 INFO S6 aussortiert (prio_0): [DAZN!!TV#] Elversberg gegen Union Berlin im TV und LIVE STREAM.
2026-10-10 16:37:01,374 INFO S6 aussortiert (prio_0): !$[[[HEUTE@LIVE>>]]''] Elversberg Union Berlin direkte GRATIS im TV se
2026-10-10 16:37:01,374 INFO S6 aussortiert (prio_0): !$√[TV/Übertragung!]@! Elversberg gegen Union Berlin heute im kostenlo
2026-10-10 16:37:01,374 INFO S6 aussortiert (prio_1): „Unfassbar”: Füllkrug erfüllt besonderen Geburtstagswunsch
2026-10-10 16:37:01,374 INFO S6 aussortiert (prio_0): Überraschender Sieg! U21 des HSV verlässt die Abstiegsränge
2026-10-10 16:37:01,374 INFO S6 aussortiert (prio_0): &+%((üBertragung-TV)) Hamburger SV gegen TSG Hoffenheim Im Livestream 
2026-10-10 16:37:01,374 INFO S6 aussortiert (prio_0): [Live-Übertragung] Hoffenheim - HSV heute live sehen
2026-10-10 16:37:01,374 INFO S6 aussortiert (prio_0): 25 Jahre Schalke-Arena: Verein lädt zu einer Sonderausstellung
2026-10-10 16:37:01,374 INFO S6 aussortiert (prio_0): Fußball DFB-Pokal: Dresden gegen Schalke - Übersicht über die Karten -
2026-10-10 16:37:01,374 INFO S6 aussortiert (prio_0): 1. Bundesliga: Union Berlin gegen SV Elversberg ab 15:30 live
2026-10-10 16:37:01,374 INFO S6 aussortiert (prio_0): Live hören: RB Leipzig gegen SV 07 Elversberg - Bundesliga
2026-10-10 16:37:01,374 INFO S6 aussortiert (prio_0): !$[[RTE-LIVE]]]] Elversberg - Union Berlin heute übertragung 10.10.202
2026-10-10 16:37:01,374 INFO S6 aussortiert (prio_0): Highlights XXL: SV Elversberg – SV Darmstadt 98, 2. Runde
2026-10-10 16:37:01,374 INFO S6 aussortiert (doppelt): Augsburg's Fellhauer scores fastest goal in Bundesliga history against
2026-10-10 16:37:01,375 INFO S6 aussortiert (prio_0): Match Thread: TSG Hoffenheim vs Hamburg SV | Bundesliga
2026-10-10 16:37:01,375 INFO S6 aussortiert (doppelt): Mainz 0 - [2] Bayer Leverkusen - Patrik Schick 9'
2026-10-10 16:37:01,375 INFO S6 aussortiert (doppelt): Mainz 0 - [1] Bayer Leverkusen - Robert Andrich Great-goal 4'
2026-10-10 16:37:01,375 INFO S6 aussortiert (doppelt): Augsburg [1] - 0 Bayern Munich - Robin Fellhauer 1'
2026-10-10 16:37:01,375 INFO S6 aussortiert (prio_0): Match Thread: Bundesliga Saturday Konferenz (Simulcast) - Round 5 | 20
2026-10-10 16:37:01,375 INFO S6 aussortiert (prio_0): Match Thread: SC Paderborn 07 vs VfB Stuttgart | Bundesliga
2026-10-10 16:37:01,375 INFO S6 aussortiert (prio_0): Match Thread: FC Augsburg vs Bayern Munich | Bundesliga
2026-10-10 16:37:01,375 INFO S6 aussortiert (prio_0): Match Thread: Mainz vs Bayer Leverkusen | Bundesliga
2026-10-10 16:37:01,375 INFO S6 aussortiert (prio_0): Match Thread: 1. FC Union Berlin vs SV Elversberg | Bundesliga
2026-10-10 16:37:01,616 ERROR lxml parsing failed: Document is empty
2026-10-10 16:37:01,617 ERROR lxml parser bytestring Document is empty
2026-10-10 16:37:01,617 ERROR lxml parsing failed: Document is empty
2026-10-10 16:37:01,617 ERROR lxml parser bytestring Document is empty
2026-10-10 16:37:01,617 ERROR empty HTML tree: None
2026-10-10 16:37:01,617 WARNING discarding data: None
2026-10-10 16:37:01,618 INFO S7 kein Volltext (trafilatura_returned_empty): Neuer patzt: Fellhauer erzielt schnellstes Tor der Bundeslig
2026-10-10 16:37:09,329 INFO S7 schreiben (Prio 3, 3 Quellen): Neuer patzt: Fellhauer erzielt schnellstes Tor der Bundeslig
2026-10-10 16:37:16,859 INFO   Kandidat: Neuer-Patzer: Augsburg trifft nach acht Sekunden gegen Bayer
2026-10-10 16:37:17,799 WARNING discarding data: None
2026-10-10 16:37:17,800 INFO S7 kein Volltext (trafilatura_returned_empty): 1. Bundesliga: 1899 Hoffenheim gegen Hamburger SV ab 15:30 l
2026-10-10 16:37:18,345 INFO S7 kein Volltext (too_short_15_words): Hoffenheim 0:1 HAMBURG - Poulsen (12')
2026-10-10 16:37:18,345 INFO S7 zu wenig Stoff (0 Wörter aus 0 Quellen, Versuch 1/3): 1. Bundesliga: 1899 Hoffenheim gegen Hamburger SV ab 15:30 l
2026-10-10 16:37:19,691 INFO S7 kein Volltext (likely_paywall): FC Bayern München ohne Jamal Musiala: Warum steht der FCB-St
2026-10-10 16:37:22,070 INFO S7 kein Volltext (likely_paywall): Warum fehlt Jamal Musiala heute im Kader des FC Bayern gegen
2026-10-10 16:37:22,070 INFO S7 zu wenig Stoff (0 Wörter aus 0 Quellen, Versuch 2/3): FC Bayern München ohne Jamal Musiala: Warum steht der FCB-St
2026-10-10 16:37:25,428 INFO S7 schreiben (Prio 3, 1 Quellen): Remberg muss vor der Pause angeschlagen raus
2026-10-10 16:37:36,088 INFO   Kandidat: Hoffenheim - HSV 1:1: Remberg muss angeschlagen raus
2026-10-10 16:37:36,291 INFO S7 kein Volltext (seite_zu_alt): Mainz [1]-2 Leverkusen - Anthony Caci 33'
2026-10-10 16:37:36,291 INFO S7 zu wenig Stoff (0 Wörter aus 0 Quellen, Versuch 1/3): Mainz [1]-2 Leverkusen - Anthony Caci 33'
2026-10-10 16:37:39,419 INFO S6.5 schon berichtet (Neuer-Patzer: Augsburg trifft nach acht Sekun): Augsburg-Treffer nach acht Sekunden: Neuer kassiert schnells
2026-10-10 16:37:39,575 INFO S7 kein Volltext (seite_zu_alt): Paderborn 0-1 Stuttgart - Jeff Chabot 25'
2026-10-10 16:37:39,575 INFO S7 zu wenig Stoff (0 Wörter aus 0 Quellen, Versuch 1/3): Paderborn 0-1 Stuttgart - Jeff Chabot 25'
2026-10-10 16:37:42,227 INFO S7 schreiben (Prio 3, 1 Quellen): Offiziell: BVB-Spieler Paschke beendet mit 23 Jahren seine K
2026-10-10 16:37:45,965 INFO S7 verworfen (nicht_relevant): Offiziell: BVB-Spieler Paschke beendet mit 23 Jahren seine K
2026-10-10 16:37:48,454 INFO S6.5 schon berichtet (Union vor Elversberg: Krattenmacher als Gefah): 1. Bundesliga: SVE bei Union Berlin – die Aufstellung und we
2026-10-10 16:37:50,198 INFO S7 kein Volltext (likely_paywall): Aufstellung: Dennis Seimen debütiert
2026-10-10 16:37:50,198 INFO S7 zu wenig Stoff (0 Wörter aus 0 Quellen, Versuch 2/3): Aufstellung: Dennis Seimen debütiert
2026-10-10 16:37:51,268 INFO S7 kein Volltext (too_short_78_words): Confirmed lineups: Hoffenheim vs. Hamburger SV
2026-10-10 16:37:51,268 INFO S7 zu wenig Stoff (0 Wörter aus 0 Quellen, Versuch 2/3): Confirmed lineups: Hoffenheim vs. Hamburger SV
2026-10-10 16:37:52,648 INFO S7 kein Volltext (too_short_48_words): Das ist die Startelf von Hoffenheim gegen den HSV
2026-10-10 16:37:52,648 INFO S7 zu wenig Stoff (0 Wörter aus 0 Quellen, Versuch 2/3): Das ist die Startelf von Hoffenheim gegen den HSV
2026-10-10 16:37:53,717 INFO S7 kein Volltext (likely_paywall): Confirmed lineups: SC Paderborn vs. VfB Stuttgart
2026-10-10 16:37:53,717 INFO S7 zu wenig Stoff (0 Wörter aus 0 Quellen, Versuch 2/3): Confirmed lineups: SC Paderborn vs. VfB Stuttgart
2026-10-10 16:38:00,624 INFO S7 schreiben (Prio 3, 1 Quellen): Live! So startet der HSV in Hoffenheim – zwei kurzfristige A
2026-10-10 16:38:11,626 INFO   Kandidat: HSV in Hoffenheim ohne El Ouahdi, Jatta und Nadir
2026-10-10 16:38:12,309 INFO S7 kein Volltext (seite_zu_alt): Dortmunder Rückschlag gegen Füllkrug und Co.
2026-10-10 16:38:12,309 INFO S7 zu wenig Stoff (0 Wörter aus 0 Quellen, Versuch 1/3): Dortmunder Rückschlag gegen Füllkrug und Co.
2026-10-10 16:38:15,679 INFO S6.5 schon berichtet (Leipzig gegen Frankfurt: Duell zweier Teams i): Eintracht Frankfurt Aufstellung vor Leipzig
2026-10-10 16:38:20,008 INFO S6.5 schon berichtet (Füllkrug rettet Werder spät einen Punkt in Do): "Rückfall in alte Zeiten!": Hamann mit Warnung an den BVB
2026-10-10 16:38:20,862 WARNING discarding data: None
2026-10-10 16:38:20,863 INFO S7 kein Volltext (trafilatura_returned_empty): Wirtz zum FC Bayern? Insider schürt spektakuläre Gerüchte
2026-10-10 16:38:21,235 WARNING discarding data: None
2026-10-10 16:38:21,236 INFO S7 kein Volltext (trafilatura_returned_empty): FC Bayern droht Transfer-Schlappe
2026-10-10 16:38:21,236 INFO S7 zu wenig Stoff (0 Wörter aus 0 Quellen, Versuch 3/3): FC Bayern droht Transfer-Schlappe
2026-10-10 16:38:31,573 INFO S7 schreiben (Prio 2, 1 Quellen): Bayern boss confirms no talks yet over Olise contract extens
2026-10-10 16:38:38,648 INFO S7.6 doppelt (Kompany über Olise: „Spieler zum Weltspieler mache): Eberl: Noch keine Gespräche mit Olise über Vertrag
2026-10-10 16:38:50,338 INFO S7 schreiben (Prio 2, 1 Quellen): Vertragscoup oder Rekord-Abgang? Das sagt Eberl zu Olise
2026-10-10 16:38:59,467 INFO   Kandidat: Eberl zu Olise: „Es gibt da ja noch eine dritte Partei“
2026-10-10 16:39:00,304 INFO S7 kein Volltext (seite_zu_alt): BVB-Coach Kovac scherzt über Füllkrug: "Der hat 1,90m x 1,90
2026-10-10 16:39:00,304 INFO S7 zu wenig Stoff (0 Wörter aus 0 Quellen, Versuch 1/3): BVB-Coach Kovac scherzt über Füllkrug: "Der hat 1,90m x 1,90
2026-10-10 16:39:01,143 INFO S7 kein Volltext (too_short_4_words): "Ich versuche, meinen Job zu machen"
2026-10-10 16:39:01,143 INFO S7 zu wenig Stoff (0 Wörter aus 0 Quellen, Versuch 1/3): "Ich versuche, meinen Job zu machen"
2026-10-10 16:39:05,307 INFO S7 schreiben (Prio 2, 1 Quellen): Borussia Dortmund kommt kaum vom Fleck: Jetzt entscheidet di
2026-10-10 16:39:11,740 INFO S7 verworfen (nicht_relevant): Borussia Dortmund kommt kaum vom Fleck: Jetzt entscheidet di
2026-10-10 16:39:12,090 WARNING discarding data: None
2026-10-10 16:39:12,091 INFO S7 kein Volltext (trafilatura_returned_empty): Neuer Mittelfeld-Motor für den BVB?
2026-10-10 16:39:12,091 INFO S7 zu wenig Stoff (0 Wörter aus 0 Quellen, Versuch 2/3): Neuer Mittelfeld-Motor für den BVB?
2026-10-10 16:39:12,857 INFO S7 kein Volltext (seite_zu_alt): Said El Mala: Wagner beobachtet Veränderung nach erster Nomi
2026-10-10 16:39:12,857 INFO S7 zu wenig Stoff (0 Wörter aus 0 Quellen, Versuch 2/3): Said El Mala: Wagner beobachtet Veränderung nach erster Nomi
2026-10-10 16:39:13,423 INFO S7 kein Volltext (too_short_15_words): ''Rückfall in alte Zeiten'' - Hamann über den BVB
2026-10-10 16:39:13,423 INFO S7 zu wenig Stoff (0 Wörter aus 0 Quellen, Versuch 2/3): ''Rückfall in alte Zeiten'' - Hamann über den BVB
2026-10-10 16:39:23,143 INFO S7 schreiben (Prio 2, 1 Quellen): Vertragspoker um Lennart Karl: Bayern diskutiert drei möglic
2026-10-10 16:39:32,535 INFO   Kandidat: Lennart Karl: Bayern diskutiert drei Szenarien für die Zukun
2026-10-10 16:39:37,269 INFO S6.5 schon berichtet (Gladbach unter Blessin: Viele Baustellen vor ): Hannover 96 präsentiert Wagner und Gladbach setzt auf Blessi
2026-10-10 16:39:38,685 INFO S7 kein Volltext (too_short_72_words): Es wird ein Novum: Das ist der HSV-Matchplan in Hoffenheim
2026-10-10 16:39:38,685 INFO S7 zu wenig Stoff (0 Wörter aus 0 Quellen, Versuch 2/3): Es wird ein Novum: Das ist der HSV-Matchplan in Hoffenheim
2026-10-10 16:39:51,489 INFO S6.5 schon berichtet (Eberl zu Olise: „Es gibt da ja noch eine drit): Bayern: Michael Olise trifft Transfer Entscheidung
2026-10-10 16:39:51,895 WARNING discarding data: None
2026-10-10 16:39:51,896 INFO S7 kein Volltext (trafilatura_returned_empty): Nico Schlotterbeck entlarvt größte BVB-Schwäche
2026-10-10 16:39:51,896 INFO S7 zu wenig Stoff (0 Wörter aus 0 Quellen, Versuch 2/3): Nico Schlotterbeck entlarvt größte BVB-Schwäche
2026-10-10 16:39:52,976 INFO S7 kein Volltext (too_short_43_words): Werder-Coach Thioune: "Die Mannschaft kann immer wiederkomme
2026-10-10 16:39:52,976 INFO S7 zu wenig Stoff (0 Wörter aus 0 Quellen, Versuch 2/3): Werder-Coach Thioune: "Die Mannschaft kann immer wiederkomme
2026-10-10 16:39:53,598 WARNING discarding data: None
2026-10-10 16:39:53,598 INFO S7 kein Volltext (trafilatura_returned_empty): Wirtz-Knall? FC Bayern steht laut Insider bereit
2026-10-10 16:39:53,599 INFO S7 zu wenig Stoff (0 Wörter aus 0 Quellen, Versuch 3/3): Wirtz-Knall? FC Bayern steht laut Insider bereit
2026-10-10 16:39:54,113 WARNING discarding data: None
2026-10-10 16:39:54,114 INFO S7 kein Volltext (trafilatura_returned_empty): Spielt Saibari von Beginn an? Voraussichtliche Bayern-Starte
2026-10-10 16:39:54,114 INFO S7 zu wenig Stoff (0 Wörter aus 0 Quellen, Versuch 3/3): Spielt Saibari von Beginn an? Voraussichtliche Bayern-Starte
2026-10-10 16:39:54,717 ERROR lxml parsing failed: Document is empty
2026-10-10 16:39:54,717 ERROR lxml parser bytestring Document is empty
2026-10-10 16:39:54,717 ERROR lxml parsing failed: Document is empty
2026-10-10 16:39:54,717 ERROR lxml parser bytestring Document is empty
2026-10-10 16:39:54,717 ERROR empty HTML tree: None
2026-10-10 16:39:54,717 WARNING discarding data: None
2026-10-10 16:39:54,718 INFO S7 kein Volltext (trafilatura_returned_empty): Frust bei der TSG: "Den Sack wieder nicht zugemacht" | Micha
2026-10-10 16:39:54,718 INFO S7 zu wenig Stoff (0 Wörter aus 0 Quellen, Versuch 1/3): Frust bei der TSG: "Den Sack wieder nicht zugemacht" | Micha
2026-10-10 16:39:57,556 INFO S6.5 schon berichtet (Union vor Elversberg: Krattenmacher als Gefah): Union und Lustrinelli wollen ersten Ligasieg
2026-10-10 16:39:58,265 INFO S7 kein Volltext (too_short_46_words): Fußball-Bundesliga: Bayern startet in volle Wochen - Revanch
2026-10-10 16:39:58,266 INFO S7 zu wenig Stoff (0 Wörter aus 0 Quellen, Versuch 3/3): Fußball-Bundesliga: Bayern startet in volle Wochen - Revanch
2026-10-10 16:39:59,530 INFO S7 kein Volltext (too_short_46_words): Fußball-Bundesliga: Bayern startet in volle Wochen - Revanch
2026-10-10 16:39:59,530 INFO S7 zu wenig Stoff (0 Wörter aus 0 Quellen, Versuch 2/3): Fußball-Bundesliga: Bayern startet in volle Wochen - Revanch
2026-10-10 16:39:59,997 WARNING discarding data: None
2026-10-10 16:39:59,998 INFO S7 kein Volltext (trafilatura_returned_empty): „Kompliment“: Schuster warnt vor Schalker Leidenschaft
2026-10-10 16:39:59,998 INFO S7 zu wenig Stoff (0 Wörter aus 0 Quellen, Versuch 1/3): „Kompliment“: Schuster warnt vor Schalker Leidenschaft
2026-10-10 16:40:00,426 WARNING discarding data: None
2026-10-10 16:40:00,427 INFO S7 kein Volltext (trafilatura_returned_empty): Vor Leverkusen-Spiel: Mainz hofft auf ersten Dreier daheim
2026-10-10 16:40:00,427 INFO S7 zu wenig Stoff (0 Wörter aus 0 Quellen, Versuch 1/3): Vor Leverkusen-Spiel: Mainz hofft auf ersten Dreier daheim
2026-10-10 16:40:00,847 WARNING discarding data: None
2026-10-10 16:40:00,848 INFO S7 kein Volltext (trafilatura_returned_empty): Nach heldenhaftem Abschied: Dzeko droht Schalke-Bank
2026-10-10 16:40:00,848 INFO S7 zu wenig Stoff (0 Wörter aus 0 Quellen, Versuch 2/3): Nach heldenhaftem Abschied: Dzeko droht Schalke-Bank
2026-10-10 16:40:00,859 INFO FinalCheck SKIP: hsv/{'nicolai remberg', 'merlin polzin'} stage=spielbericht bereits in Archiv
2026-10-10 16:40:00,862 INFO FinalCheck SKIP: hsv/{'zakaria el ouahdi', 'bakery jatta', 'merlin polzin'} stage=kader bereits in Archiv
2026-10-10 16:40:00,864 INFO FinalCheck SKIP: bayern/{'max eberl', 'michael olise'} stage=vertrag bereits in Archiv
2026-10-10 16:40:00,866 INFO FinalCheck SKIP: bayern/{'lennart karl', 'michael olise'} stage=vertrag bereits in Archiv
2026-10-10 16:40:00,866 INFO S9.5 FinalCheck: 1/5 durch
2026-10-10 16:40:01,541 INFO Veröffentlicht: Neuer-Patzer: Augsburg trifft nach acht Sekunden gegen Bayer
2026-10-10 16:40:01,674 INFO Reddit: Keine Credentials – übersprungen
2026-10-10 16:40:01,675 INFO 💶 Kosten: dieser Lauf 0.000 $ (Budget 0.107 $) | heute 0.00 $ | Monat 0.72 / 23 $ | konferenz (abo) 2× 0.000 $, dublette (abo) 33× 0.000 $, schreiben (abo) 8× 0.000 $
2026-10-10 16:40:01,675 INFO 🎫 Abo-Verbrauch: 117,658 Tokens rein (davon Cache gelesen 15,681), 40,262 raus, API-Gegenwert 0.64 $ | konferenz 2×: 13,274/29,286, dublette 33×: 44,883/2,158, schreiben 8×: 59,501/8,818
2026-10-10 16:40:01,716 INFO Feeds: 60/60 begonnen, nächster Lauf startet bei Nr. 0
2026-10-10 16:40:01,716 INFO URL-Cache gespeichert: 33813 URLs
2026-10-10 16:40:01,716 INFO === Fertig. 1 neue Artikel. feed.json: 1515 ===
2026-10-10 16:40:01,716 INFO Stats: {"ts": "20261010_1630", "ingested": 445, "s2_pre_filter": 130, "s3_relevance": 66, "s4_dedup_early": 0, "gesammelt": 220, "geschichten_neu": 136, "s5_archiv_doppelt": 2, "s5_zusammengefuehrt": 0, "s6_aussortiert": 112, "s7_geschrieben": 8, "s7_verworfen": 10, "s5_fulltext_fail": 26, "s8_qa_rejected": 4, "published": 1, "s5_ohne_bezug": 8, "s5_randthema": 4, "kosten": {"lauf_usd": 0.0, "lauf_budget_usd": 0.1066, "heute_usd": 0.0, "monat_usd": 0.7196, "monatsbudget_usd": 23.0, "aufrufe": {"konferenz (abo)": {"anzahl": 2, "usd": 0.0}, "dublette (abo)": {"anzahl": 33, "usd": 0.0}, "schreiben (abo)": {"anzahl": 8, "usd": 0.0}}, "guthaben_leer": false, "abo": true, "abo_tokens": {"konferenz": {"aufrufe": 2, "ein": 20, "cache_schreiben": 13254, "cache_lesen": 0, "aus": 29286, "api_wert_usd": 0.173}, "dublette": {"aufrufe": 33, "ein": 66, "cache_schreiben": 44817, "cache_lesen": 0, "aus": 2158, "api_wert_usd": 0.201}, "schreiben": {"aufrufe": 8, "ein": 18, "cache_schreiben": 43802, "cache_lesen": 15681, "aus": 8818, "api_wert_usd": 0.2642}}}}
