2026-10-07 13:32:54,329 INFO 💶 Budget: dieser Lauf 0.062 $ | heute 0.00 $ | Monat 0.72 / 23 $
2026-10-07 13:32:54,957 INFO URL-Cache geladen: 26434 bekannte URLs (letzte 30 Tage)
2026-10-07 13:32:54,957 INFO === Ligaoutsider Generator startet – max. 50 Artikel ===
2026-10-07 13:32:54,957 INFO Feed: https://newsfeed.kicker.de/news/bundesliga
2026-10-07 13:32:55,384 INFO Feed: https://www.sportschau.de/fussball/bundesliga/index~rss2.xml
2026-10-07 13:32:56,104 INFO Feed: https://sportbild.bild.de/feed/sportbild-home.xml
2026-10-07 13:32:56,757 INFO BL-Spielerliste geladen: 1002 Namen
2026-10-07 13:32:56,798 INFO S3 keyword miss: „Caitlin, es tut mir leid ...“ - Ex-NFL-Star zieht sich vor 
2026-10-07 13:32:56,873 INFO S3 keyword miss: Ex-Darts-Star prophezeit - Hört Littler bald auf?
2026-10-07 13:32:56,948 INFO S3 keyword miss: Kultklub im Abstiegskampf - Emotionaler Appell ans Umfeld
2026-10-07 13:32:56,949 INFO Feed: https://www.bild.de/rss-feeds/rss-16725492,feed=fussball-mix.bild.html
2026-10-07 13:32:57,916 INFO S2 blacklist: In der Nationalmannschaft dreht er auf - Wann sieht Bayer en
2026-10-07 13:32:58,025 INFO S3 keyword miss: Nach Stellungnahme des Superstars - Kühle Reaktion des Portu
2026-10-07 13:32:58,103 INFO S3 keyword miss: Hinter den Kulissen der Premier League - Wut und Fassungslos
2026-10-07 13:32:58,179 INFO S3 keyword miss: Vor Rückkehr nach Magdeburg - Was 96-Star Hugonet der Politi
2026-10-07 13:32:58,180 INFO S2 blacklist: Stadion baufällig! - Fans von Zweitliga-Klub dürfen nicht me
2026-10-07 13:32:58,180 INFO Feed: https://www.11freunde.de/feed
2026-10-07 13:32:59,603 INFO S3 keyword miss: Lionel Messi nimmt zum Abschied die Karten vom Schiri: À la 
2026-10-07 13:32:59,679 INFO S3 keyword miss: Ronaldos irres Statement, Messis Abschied und Quiz-Spaß
2026-10-07 13:32:59,680 INFO Feed: https://www.bundesliga.com/de/bundesliga/news.rss
2026-10-07 13:33:00,037 INFO Feed: https://news.google.com/rss/topics/CAAqJggKIiBDQkFTRWdvSUwyMHZNRFp1ZEdvU0FtUmxHZ0pFUlNnQVAB?hl=de&gl=DE&ceid=DE:de
2026-10-07 13:33:00,908 INFO S3 keyword miss: Portugal-Trainer reagiert auf Statement von Cristiano Ronald
2026-10-07 13:33:01,041 INFO S3 keyword miss: "Du Ratte": Üble Beleidigungen bei Lionel Messis Abschiedssp
2026-10-07 13:33:01,042 INFO S2 blacklist: Zu starke Schwingungen: VfL Bochum ordnet Hüpfverbot an
2026-10-07 13:33:01,042 INFO S2 blacklist: Bericht: Türkei vor Trennung von Nationaltrainer Montella – 
2026-10-07 13:33:01,173 INFO S3 keyword miss: Könnte Johannes Golla wegen mentaler Probleme den Handball-V
2026-10-07 13:33:01,175 INFO S2 blacklist: CFC öffnet weitere Blöcke: Topspiel gegen Erfurt vor ausverk
2026-10-07 13:33:01,306 INFO S3 keyword miss: Formel 1: Nach Strafe - Russell muss WM-Titel wohl abschreib
2026-10-07 13:33:01,439 INFO S3 keyword miss: ManCity-Whistleblower Rui Pinto fürchtet um sein Leben
2026-10-07 13:33:01,568 INFO S3 keyword miss: Berlin-Marathon: Eine fuhr Fahrrad, eine ließ zehn Kilometer
2026-10-07 13:33:01,570 INFO S2 blacklist: "Klingt absurd": Jürgen Klopp droht im DFB-Team ein Luxuspro
2026-10-07 13:33:01,707 INFO S3 keyword miss: NBA - Dennis Schröder als Starter? Charlotte Hornets beklage
2026-10-07 13:33:01,708 INFO Feed: https://news.google.com/rss/search?q=Bundesliga+Testspiel+Ergebnis&hl=de&gl=DE&ceid=DE:de
2026-10-07 13:33:02,167 INFO Feed: https://news.google.com/rss/search?q=Bundesliga+Vorbereitung+Sommertour&hl=de&gl=DE&ceid=DE:de
2026-10-07 13:33:02,651 INFO Feed: https://news.google.com/rss/search?q=Bundesliga+Verletzung+Ausfall+gesperrt&hl=de&gl=DE&ceid=DE:de
2026-10-07 13:33:03,178 INFO Feed: https://news.google.com/rss/search?q=Bundesliga+Transfer+Wechsel+verpflichtet&hl=de&gl=DE&ceid=DE:de
2026-10-07 13:33:03,729 INFO Feed: https://news.google.com/rss/search?q=Bundesliga+Gerücht+Interesse+Angebot&hl=de&gl=DE&ceid=DE:de
2026-10-07 13:33:04,318 INFO Feed: https://news.google.com/rss/search?q=Bundesliga+Vertrag+verlängert+ablösefrei&hl=de&gl=DE&ceid=DE:de
2026-10-07 13:33:04,741 INFO Feed: https://news.google.com/rss/search?q=%22FC+Bayern%22+OR+%22Bayern+M%C3%BCnchen%22+when%3A1d&hl=de&gl=DE&ceid=DE:de
2026-10-07 13:33:05,410 INFO S3 keyword miss: „Sie haben mir das Trikot verboten!“
2026-10-07 13:33:05,443 INFO S2 blacklist: FC Bayern München - Beliebtheitsrangliste - Vereine
2026-10-07 13:33:05,444 INFO S2 blacklist: FC Bayern – Warum verlängert man mit Eberl nur bis 2029 stat
2026-10-07 13:33:05,445 INFO S2 blacklist: Kimmich beim FC Bayern gesetzt, bei der DFB-Elf umstritten
2026-10-07 13:33:05,445 INFO S2 blacklist: FC Bayern Nachwuchschef warnt den DFB: Deutschland verliert 
2026-10-07 13:33:05,446 INFO Feed: https://news.google.com/rss/search?q=BVB+OR+%22Borussia+Dortmund%22+when%3A1d&hl=de&gl=DE&ceid=DE:de
2026-10-07 13:33:06,170 INFO S2 blacklist: Werder live im TV und im Livestream gegen den BVB: Wer übert
2026-10-07 13:33:06,173 INFO S2 blacklist: Heute vor 8 Jahren: Alcácers BVB-Traumstart gegen Augsburg –
2026-10-07 13:33:06,174 INFO Feed: https://news.google.com/rss/search?q=%22Bayer+Leverkusen%22+OR+%22Bayer+04%22+when%3A1d&hl=de&gl=DE&ceid=DE:de
2026-10-07 13:33:06,720 INFO S3 keyword miss: (k+) Alarmierende Zweikampfschwäche: Fehlt Bayer der Biss zu
2026-10-07 13:33:06,804 INFO S3 keyword miss: Carvajal bleibt nach Real-Abgang in Madrid: Einigung mit FC 
2026-10-07 13:33:06,887 INFO S3 keyword miss: Großes Interesse an Arsenal-Star – Auch Woltemade-Klub dabei
2026-10-07 13:33:06,928 INFO Feed: https://news.google.com/rss/search?q=%22RB+Leipzig%22+when%3A1d&hl=de&gl=DE&ceid=DE:de
2026-10-07 13:33:07,417 INFO Feed: https://news.google.com/rss/search?q=%22VfB+Stuttgart%22+when%3A1d&hl=de&gl=DE&ceid=DE:de
2026-10-07 13:33:07,910 INFO Feed: https://news.google.com/rss/search?q=%22Eintracht+Frankfurt%22+when%3A1d&hl=de&gl=DE&ceid=DE:de
2026-10-07 13:33:08,481 INFO Feed: https://news.google.com/rss/search?q=Gladbach+OR+%22Borussia+M%C3%B6nchengladbach%22+when%3A1d&hl=de&gl=DE&ceid=DE:de
2026-10-07 13:33:09,109 INFO Feed: https://news.google.com/rss/search?q=%22SC+Freiburg%22+when%3A1d&hl=de&gl=DE&ceid=DE:de
2026-10-07 13:33:09,701 INFO S2 blacklist: "Wir sind der SC Freiburg der Oberliga" – das sagt Fabian Hi
2026-10-07 13:33:09,702 INFO Feed: https://news.google.com/rss/search?q=Hoffenheim+when%3A1d&hl=de&gl=DE&ceid=DE:de
2026-10-07 13:33:10,164 INFO S2 blacklist: 3. Liga live hören: MSV Duisburg gegen TSG 1899 Hoffenheim I
2026-10-07 13:33:10,246 INFO S3 keyword miss: Deutscher Ex-Nationalkeeper Hildebrand in ZDF-Krimi
2026-10-07 13:33:10,247 INFO Feed: https://news.google.com/rss/search?q=%22Mainz+05%22+when%3A1d&hl=de&gl=DE&ceid=DE:de
2026-10-07 13:33:10,746 INFO Feed: https://news.google.com/rss/search?q=%22FC+Augsburg%22+when%3A1d&hl=de&gl=DE&ceid=DE:de
2026-10-07 13:33:11,305 INFO S3 keyword miss: Vincent Kompany: Besondere Auszeichnung von Söder
2026-10-07 13:33:11,425 INFO S3 keyword miss: Argentinien will Messi mit Fußballfest verabschieden – wird 
2026-10-07 13:33:11,427 INFO Feed: https://news.google.com/rss/search?q=%22Union+Berlin%22+when%3A1d&hl=de&gl=DE&ceid=DE:de
2026-10-07 13:33:12,062 INFO S3 keyword miss: Christoph Menz: Leistungsdaten & Statistik aller Saisons
2026-10-07 13:33:12,063 INFO S2 blacklist: NOFV-Oberliga Mitte (91/92 - 93/94)
2026-10-07 13:33:12,065 INFO Feed: https://news.google.com/rss/search?q=%22Werder+Bremen%22+when%3A1d&hl=de&gl=DE&ceid=DE:de
2026-10-07 13:33:12,670 INFO S2 blacklist: 5. Spieltag: Borussia Dortmund - SV Werder Bremen - Borussia
2026-10-07 13:33:12,671 INFO Feed: https://news.google.com/rss/search?q=HSV+OR+%22Hamburger+SV%22+when%3A1d&hl=de&gl=DE&ceid=DE:de
2026-10-07 13:33:13,222 INFO S2 blacklist: Weg von der Dressur hin zum Hundesport: 75 Jahre HSV Neckarg
2026-10-07 13:33:13,222 INFO Feed: https://news.google.com/rss/search?q=%221.+FC+K%C3%B6ln%22+OR+%22FC+K%C3%B6ln%22+when%3A1d&hl=de&gl=DE&ceid=DE:de
2026-10-07 13:33:13,765 INFO Feed: https://news.google.com/rss/search?q=Schalke+when%3A1d&hl=de&gl=DE&ceid=DE:de
2026-10-07 13:33:14,393 INFO S2 blacklist: U23-Neuzugang im Fokus: Krattenmacher spricht über seinen St
2026-10-07 13:33:14,394 INFO Feed: https://news.google.com/rss/search?q=Elversberg+when%3A1d&hl=de&gl=DE&ceid=DE:de
2026-10-07 13:33:14,802 INFO Feed: https://news.google.com/rss/search?q=%22SC+Paderborn%22+when%3A1d&hl=de&gl=DE&ceid=DE:de
2026-10-07 13:33:15,277 INFO Feed: https://www.transfermarkt.de/rss/news
2026-10-07 13:33:15,379 INFO Feed: https://www.waz.de/sport/fussball/rss
2026-10-07 13:33:15,982 INFO Feed: https://www.faz.net/rss/aktuell/sport/fussball/bundesliga/
2026-10-07 13:33:16,365 INFO Feed: https://bulinews.com/rss.xml
2026-10-07 13:33:17,003 INFO S3 keyword miss: Florian Wirtz suffers biggest market value drop in Premier L
2026-10-07 13:33:17,040 INFO Feed: https://www.abendblatt.de/sport/rss
2026-10-07 13:33:17,526 INFO Feed: https://www.merkur.de/sport/fc-bayern/rssfeed.rdf
2026-10-07 13:33:18,360 INFO Feed: https://www.eyefootball.com/rss_news_main.xml
2026-10-07 13:33:18,985 INFO Feed: https://www.ligaportal.at/international/deutsche-bundesliga?format=feed&type=rss
2026-10-07 13:33:21,623 INFO S2 blacklist: Kovac-Kritik an langer Pause - Schlotterbeck fraglich
2026-10-07 13:33:21,623 INFO S2 blacklist: Eintracht Frankfurt: Krösche sieht Riera-Verpflichtung als "
2026-10-07 13:33:21,624 INFO Feed: https://www.reddit.com/r/soccer/new.rss?limit=100
2026-10-07 13:33:22,706 INFO S3 keyword miss: [Sky Sports] The city of Bochum has declared that fans can n
2026-10-07 13:33:22,798 INFO S3 keyword miss: Sarri on De Ketelaere wanting to play striker: "Maybe I can 
2026-10-07 13:33:22,891 INFO S3 keyword miss: Pedro Rodríguez announces his retirement from football
2026-10-07 13:33:22,973 INFO S3 keyword miss: Mikel Arteta signs new Arsenal contract
2026-10-07 13:33:23,059 INFO S3 keyword miss: Portuguese authorities took 83 days to tell Rui Pinto his wi
2026-10-07 13:33:23,146 INFO S3 keyword miss: 20 years ago today, Scotland inflicted a shock 1-0 defeat up
2026-10-07 13:33:23,232 INFO S3 keyword miss: [John Percy] Alejandro Garnacho tries to kick-start Aston Vi
2026-10-07 13:33:23,233 INFO S2 blacklist: Nicolo Tresoldi on his decision between Germany and Italy:"I
2026-10-07 13:33:23,357 INFO S3 keyword miss: City’s ‘lone ranger’ mentality is threat to what made Premie
2026-10-07 13:33:23,358 INFO Feed: https://newsfeed.kicker.de/team/fc-bayern-muenchen
2026-10-07 13:33:23,487 INFO Feed: https://newsfeed.kicker.de/team/borussia-dortmund
2026-10-07 13:33:23,713 INFO Feed: https://newsfeed.kicker.de/team/rb-leipzig
2026-10-07 13:33:24,041 INFO Feed: https://newsfeed.kicker.de/team/bayer-04-leverkusen
2026-10-07 13:33:24,267 INFO Feed: https://newsfeed.kicker.de/team/vfb-stuttgart
2026-10-07 13:33:24,493 INFO Feed: https://newsfeed.kicker.de/team/eintracht-frankfurt
2026-10-07 13:33:24,721 INFO Feed: https://newsfeed.kicker.de/team/bor-moenchengladbach
2026-10-07 13:33:24,943 INFO Feed: https://newsfeed.kicker.de/team/sc-freiburg
2026-10-07 13:33:25,166 INFO Feed: https://newsfeed.kicker.de/team/tsg-hoffenheim
2026-10-07 13:33:25,634 INFO Feed: https://newsfeed.kicker.de/team/1-fsv-mainz-05
2026-10-07 13:33:25,976 INFO Feed: https://newsfeed.kicker.de/team/fc-augsburg
2026-10-07 13:33:26,300 INFO Feed: https://newsfeed.kicker.de/team/1-fc-union-berlin
2026-10-07 13:33:26,527 INFO Feed: https://newsfeed.kicker.de/team/werder-bremen
2026-10-07 13:33:26,653 INFO Feed: https://newsfeed.kicker.de/team/hamburger-sv
2026-10-07 13:33:26,877 INFO Feed: https://newsfeed.kicker.de/team/1-fc-koeln
2026-10-07 13:33:27,105 INFO Feed: https://newsfeed.kicker.de/team/fc-schalke-04
2026-10-07 13:33:27,233 INFO Feed: https://newsfeed.kicker.de/team/sv-elversberg
2026-10-07 13:33:27,620 INFO Feed: https://newsfeed.kicker.de/team/sc-paderborn-07
2026-10-07 13:33:27,859 INFO Feed: https://newsfeed.kicker.de/news/champions-league
2026-10-07 13:33:28,082 INFO Feed: ligainsider:themen
2026-10-07 13:33:53,063 INFO LigaInsider (Themenfinder): 137 Meldungen von 18 Vereinsseiten
2026-10-07 13:33:57,110 INFO Eingelesen: 83 Schlagzeilen nach den Gratis-Filtern
2026-10-07 13:33:58,744 INFO S5 Sammelartikel: Eintracht Frankfurt News-Ticker: Freier Tag für die Eintracht-Profis
2026-10-07 13:33:58,745 INFO S5 kein Bundesliga-Spieler oder -Klub erkennbar: China Smash: Franziska weiter & trifft auf Calderano
2026-10-07 13:33:58,748 INFO S5 kein Bundesliga-Spieler oder -Klub erkennbar: „Bester Manager aller Zeiten“: Ehemaliger Rivale schwärmt von Hoeneß
2026-10-07 13:33:58,750 INFO S5 Sammelartikel: Eintracht Frankfurt News-Ticker: Ticker in neuem Gewand - Krösche nimm
2026-10-07 13:33:58,750 INFO S5 Randthema: Trio löst EM-Ticket
2026-10-07 13:33:58,754 INFO S5 Randthema: Mitgliederversammlung SC Freiburg erwartet Rekordzahlen
2026-10-07 13:33:58,758 INFO S5 schon berichtet (Schalke will mit Trainer Miron Muslic vorzeit): Schalke plant Vertrags-Knaller bei Trainer Muslic
2026-10-07 13:33:58,758 INFO S5 Randthema: FC Schalke 04: Trikot-Sponsor enthüllt spannende Einzelheiten zum Mega
2026-10-07 13:33:58,759 INFO S5 schon berichtet (Schalke scheiterte im Sommer mit Eyong und Do): Wilde Enthüllungen: So viele Schalke-Transfers sind im Somme
2026-10-07 13:33:58,760 INFO S5: 70 neue Geschichten, 2 schon berichtet, 2 zu wartenden Geschichten ergänzt, 24 warten
2026-10-07 13:35:40,196 INFO S6 aussortiert (prio_1): Direkt nach dem Derby - Kompany: Besondere Auszeichnung von Söder
2026-10-07 13:35:40,197 INFO S6 aussortiert (prio_0): Kimmich-Wirbel! Frisur-Witze! Lattenschießen - Das XXL-Protokoll zum K
2026-10-07 13:35:40,197 INFO S6 aussortiert (prio_0): Wie ihre Chancen stehen - Karl und Jeltsch kämpfen um Golden-Boy-Award
2026-10-07 13:35:40,197 INFO S6 aussortiert (prio_1): Zurück beim alten Arbeitgeber - Was Eberl gerade in Leipzig macht
2026-10-07 13:35:40,197 INFO S6 aussortiert (prio_0): Stuttgarter trifft sogar mit Po - Pejcinovic schießt Deutschland zur E
2026-10-07 13:35:40,197 INFO S6 aussortiert (doppelt): FC Bayern | 300-Millionen-Hammer um Olise "eher unwahrscheinlich"
2026-10-07 13:35:40,198 INFO S6 aussortiert (prio_1): Die Fanhinweise zum Auswärtsspiel bei Borussia Dortmund
2026-10-07 13:35:40,198 INFO S6 aussortiert (prio_0): Makelloser BVB, Bayerns Torflut – wer wackelt zuerst?
2026-10-07 13:35:40,198 INFO S6 aussortiert (prio_0): BVB eröffnet die Mittwochssitzung mit Verlusten / Der BET-Index verlie
2026-10-07 13:35:40,198 INFO S6 aussortiert (prio_1): Nach heftigen Protesten: BVB vor millionenschwerer Entscheidung
2026-10-07 13:35:40,199 INFO S6 aussortiert (prio_0): 5. Spieltag: 1.FSV Mainz 05 - Bayer 04 Leverkusen - 1. FSV Mainz 05 - 
2026-10-07 13:35:40,199 INFO S6 aussortiert (prio_0): Borussia Dortmund - RB Leipzig, 04.10.2025: Aufstellungen & Startelf
2026-10-07 13:35:40,199 INFO S6 aussortiert (prio_0): Willi Orban vor dem nächsten Rekord – Fakten zu #FCERBL
2026-10-07 13:35:40,199 INFO S6 aussortiert (prio_1): Böse Überraschung: Eintracht-Legende erzählt von kurioser Wechsel-Pann
2026-10-07 13:35:40,199 INFO S6 aussortiert (prio_0): Profi-Debüt bald möglich! Real und Barca jagen 15-jähriges Eintracht-S
2026-10-07 13:35:40,200 INFO S6 aussortiert (prio_0): wortspieGL 2026 : Gemeinsam leben – zusammen gestalten
2026-10-07 13:35:40,200 INFO S6 aussortiert (prio_0): Borussia Mönchengladbach II
2026-10-07 13:35:40,200 INFO S6 aussortiert (prio_0): 5. Spieltag: 1.FC Köln - Borussia Mönchengladbach - 1. FC Köln - Forum
2026-10-07 13:35:40,200 INFO S6 aussortiert (prio_0): Bergisch Gladbach: Tagesbaustelle auf der A4 nahe Moitzfeld heute, am 
2026-10-07 13:35:40,200 INFO S6 aussortiert (doppelt): Schalke 04: Timo Becker meldet sich zurück! Mittelfeldmann fällt für F
2026-10-07 13:35:40,201 INFO S6 aussortiert (prio_1): TSG Hoffenheim zockt HSV-Fans ab
2026-10-07 13:35:40,201 INFO S6 aussortiert (doppelt): HSV: Frust vorbei!! HSV lässt das Mentalitäts-Monster los
2026-10-07 13:35:40,201 INFO S6 aussortiert (prio_0): 5. Spieltag: SC Paderborn 07 - VfB Stuttgart - SC Paderborn - Foro | P
2026-10-07 13:35:40,201 INFO S6 aussortiert (prio_0): 1.FSV Mainz 05 II
2026-10-07 13:35:40,201 INFO S6 aussortiert (prio_0): 1. FC Union Berlin - SV 07 Elversberg Wett Tipp & KI-Prognose 10.10.20
2026-10-07 13:35:40,202 INFO S6 aussortiert (prio_1): Jägermeister und 1. FC Union Berlin gewinnen Glaspreis
2026-10-07 13:35:40,202 INFO S6 aussortiert (prio_0): Polizei unterbindet Massenschlägerei: Profi des Hamburger SV erlebt Sk
2026-10-07 13:35:40,202 INFO S6 aussortiert (doppelt): Schalke: Kommt das grüne Licht rechtzeitig? Becker wieder dabei – Ljub
2026-10-07 13:35:40,202 INFO S6 aussortiert (doppelt): BVB: Großkreutz mit heftiger Kritik an Ex-Schalke-Kapitän- "Hat was mi
2026-10-07 13:35:41,643 INFO S7 schreiben (Prio 3, 2 Quellen): Zwei Unioner erfolgreich - Für Kemlein wird Elversberg die 0
2026-10-07 13:35:50,440 INFO   Kandidat: Kemlein vor Elversberg: „Neue Chance, um dieses 7:0 auszubes
2026-10-07 13:35:54,366 INFO S6.5 schon berichtet (Seimen oder Bredlow: VfB vor Torwart-Entschei): Torwart-Diskussion in Stuttgart - Hildebrand würde Seimen au
2026-10-07 13:35:54,742 INFO S7 schreiben (Prio 3, 1 Quellen): Derby gegen Gladbach - Erstes Job-Spiel für Köln-Trainer Wag
2026-10-07 13:36:03,361 INFO   Kandidat: Köln: Wagner geht mit Rückendeckung für ein Spiel ins Derby
2026-10-07 13:36:12,740 INFO S6.5 schon berichtet (HSV: Grønbæk und Daka trainieren wieder, Poul): Grønbæk arbeitet mit dem Ball
2026-10-07 13:36:13,392 INFO S7 schreiben (Prio 3, 1 Quellen): Abwehr-Hoffnung zurück! - HSV lässt Mentalitäts-Monster los
2026-10-07 13:36:24,509 INFO   Kandidat: HSV: Bornauw nach Muskelproblemen zurück für das Spiel in Ho
2026-10-07 13:36:30,761 INFO S7 schreiben (Prio 3, 1 Quellen): Anton Kade ist zurück im Training des FC Augsburg – und dire
2026-10-07 13:36:44,143 INFO S7.6 doppelt (Kade zurück im Teamtraining: FCA vor Bayern-Spiel ): Kade vor Startelf-Comeback: Augsburg gegen Bayern 
2026-10-07 13:36:47,660 INFO S7 schreiben (Prio 3, 1 Quellen): Borussia Mönchengladbach: Rhein-Derby gegen den 1.FC Köln al
2026-10-07 13:36:55,366 INFO   Kandidat: Gladbach vor dem Derby: Bonhof sieht „Chance“ gegen Köln
2026-10-07 13:37:00,473 INFO S7 schreiben (Prio 3, 1 Quellen): Fußball-Romantik adé: Werder Bremen muss das Kapitel Felix A
2026-10-07 13:37:11,421 INFO   Kandidat: Werder: Vertrag mit Felix Agu läuft aus, Verlängerung wird i
2026-10-07 13:37:13,168 INFO S7 schreiben (Prio 3, 1 Quellen): Schalke-Personal füllt sich – doch ein Profi fällt gegen Fre
2026-10-07 13:37:21,322 INFO S7.6 doppelt (Schalke: Becker kehrt ins Mannschaftstraining zurü): Schalke: Becker zurück, Ljubicic fehlt weiter in F
2026-10-07 13:37:26,364 INFO S7 schreiben (Prio 3, 1 Quellen): Gladbach setzt auf Blessin, Bochum verhandelt mit Rösler
2026-10-07 13:37:36,238 INFO   Kandidat: Bonhof verteidigt Polanski-Aus: „Dieser Schritt ist notwendi
2026-10-07 13:37:36,989 ERROR lxml parsing failed: Document is empty
2026-10-07 13:37:36,989 ERROR lxml parser bytestring Document is empty
2026-10-07 13:37:36,989 ERROR lxml parsing failed: Document is empty
2026-10-07 13:37:36,989 ERROR lxml parser bytestring Document is empty
2026-10-07 13:37:36,990 ERROR empty HTML tree: None
2026-10-07 13:37:36,990 WARNING discarding data: None
2026-10-07 13:37:36,990 INFO S7 kein Volltext (trafilatura_returned_empty): BVB will mit Trio um Kobel verlängern – Sommertransfer war „
2026-10-07 13:37:36,991 INFO S7 zu wenig Stoff (0 Wörter aus 0 Quellen, Versuch 1/3): BVB will mit Trio um Kobel verlängern – Sommertransfer war „
2026-10-07 13:37:38,424 INFO S7 schreiben (Prio 3, 1 Quellen): Borussia Dortmund star ruled out until 2027
2026-10-07 13:37:47,591 INFO S7.6 doppelt (Dortmunds Emre Can unterzieht sich weiterem Eingri): Dortmunds Kapitän Emre Can fällt bis nach der Wint
2026-10-07 13:37:48,801 INFO S7 kein Volltext (too_short_32_words): Stange in der HSV-Startelf? Polzin macht eine erste Andeutun
2026-10-07 13:37:48,801 INFO S7 zu wenig Stoff (0 Wörter aus 0 Quellen, Versuch 1/3): Stange in der HSV-Startelf? Polzin macht eine erste Andeutun
2026-10-07 13:37:49,411 WARNING discarding data: None
2026-10-07 13:37:49,412 INFO S7 kein Volltext (trafilatura_returned_empty): „Sage nicht nein“: HSV-Star will verlängern
2026-10-07 13:37:49,412 INFO S7 zu wenig Stoff (0 Wörter aus 0 Quellen, Versuch 1/3): „Sage nicht nein“: HSV-Star will verlängern
2026-10-07 13:37:49,703 INFO S7 schreiben (Prio 3, 1 Quellen): Guirassy versus Füllkrug: Nachfolger trifft auf Vorgänger
2026-10-07 13:37:57,120 INFO   Kandidat: Füllkrug trifft auf Ex-Klub Dortmund und Nachfolger Guirassy
2026-10-07 13:37:57,944 INFO S7 schreiben (Prio 3, 1 Quellen): RB Leipzig berät über Lage um Cheftrainer Martin Demichelis
2026-10-07 13:38:05,952 INFO   Kandidat: Leipzig: Demichelis nach schwachem Saisonstart unter Druck
2026-10-07 13:38:07,222 INFO S7 kein Volltext (seite_zu_alt): Endlich ist der Wunschspieler da: VfB Stuttgart tütet Mega-T
2026-10-07 13:38:07,222 INFO S7 zu wenig Stoff (0 Wörter aus 0 Quellen, Versuch 1/3): Endlich ist der Wunschspieler da: VfB Stuttgart tütet Mega-T
2026-10-07 13:38:08,025 INFO S7 kein Volltext (too_short_15_words): Transfer-Klausel abgelaufen: So plant Hoffenheim jetzt mit A
2026-10-07 13:38:08,025 INFO S7 zu wenig Stoff (0 Wörter aus 0 Quellen, Versuch 1/3): Transfer-Klausel abgelaufen: So plant Hoffenheim jetzt mit A
2026-10-07 13:38:08,995 INFO S7 kein Volltext (seite_zu_alt): Magischer Musiala-Abend zum Champions-League-Auftakt
2026-10-07 13:38:08,995 INFO S7 zu wenig Stoff (0 Wörter aus 0 Quellen, Versuch 1/3): Magischer Musiala-Abend zum Champions-League-Auftakt
2026-10-07 13:38:09,639 INFO S7 kein Volltext (too_short_15_words): 50 Millionen: BVB legt bei El Mala nach!
2026-10-07 13:38:09,640 INFO S7 zu wenig Stoff (0 Wörter aus 0 Quellen, Versuch 1/3): 50 Millionen: BVB legt bei El Mala nach!
2026-10-07 13:38:16,715 INFO S7 schreiben (Prio 3, 1 Quellen): 1. FC Köln: Nach dem Doppel-Schock: Wagt René Wagner diese S
2026-10-07 13:38:26,343 INFO   Kandidat: Köln vor dem Derby ohne Dallinga und Ache
2026-10-07 13:38:28,263 INFO S7 kein Volltext (seite_zu_alt): Schalkes Allzweckwaffe nach Verletzung wieder bereit: Welche
2026-10-07 13:38:28,263 INFO S7 zu wenig Stoff (0 Wörter aus 0 Quellen, Versuch 2/3): Schalkes Allzweckwaffe nach Verletzung wieder bereit: Welche
2026-10-07 13:38:40,747 INFO S7 kein Volltext (fetch_failed_ReadTimeout): Aufstellung: Augsburg vs. FC Bayern - Bundesliga 26/27
2026-10-07 13:38:40,747 INFO S7 zu wenig Stoff (0 Wörter aus 0 Quellen, Versuch 2/3): Aufstellung: Augsburg vs. FC Bayern - Bundesliga 26/27
2026-10-07 13:38:42,032 INFO S7 kein Volltext (seite_zu_alt): Umdenken beim FC Bayern – Alphonso Davies plötzlich Verkaufs
2026-10-07 13:38:42,032 INFO S7 zu wenig Stoff (0 Wörter aus 0 Quellen, Versuch 1/3): Umdenken beim FC Bayern – Alphonso Davies plötzlich Verkaufs
2026-10-07 13:38:51,579 INFO S7 schreiben (Prio 3, 1 Quellen): Neues Gesicht nach Sturm-Schock beim FC Köln
2026-10-07 13:38:59,929 INFO   Kandidat: Köln vor dem Derby: El Mala und Moore sollen den Sturm trage
2026-10-07 13:39:00,345 WARNING discarding data: None
2026-10-07 13:39:00,346 INFO S7 kein Volltext (trafilatura_returned_empty): Neue Nachrichten zu Jamal Musialas Gesundheitszustand
2026-10-07 13:39:00,346 INFO S7 zu wenig Stoff (0 Wörter aus 0 Quellen, Versuch 2/3): Neue Nachrichten zu Jamal Musialas Gesundheitszustand
2026-10-07 13:39:02,815 INFO S7 kein Volltext (seite_zu_alt): Sky: Adeyemi-Wechsel kann über die Bühne gehen - Barca und B
2026-10-07 13:39:05,051 INFO S7 schreiben (Prio 2, 1 Quellen): Ein Abgang als Türöffner? BVB hat wohl einen Wunschspieler i
2026-10-07 13:39:15,726 INFO   Kandidat: BVB hält Kontakt zu Regula: Reggiani-Abgang als Türöffner?
2026-10-07 13:39:16,436 ERROR lxml parsing failed: Document is empty
2026-10-07 13:39:16,436 ERROR lxml parser bytestring Document is empty
2026-10-07 13:39:16,436 ERROR lxml parsing failed: Document is empty
2026-10-07 13:39:16,436 ERROR lxml parser bytestring Document is empty
2026-10-07 13:39:16,437 ERROR empty HTML tree: None
2026-10-07 13:39:16,437 WARNING discarding data: None
2026-10-07 13:39:16,438 INFO S7 kein Volltext (trafilatura_returned_empty): Kane überragt bei seinem Rekordspiel für England – Perisic t
2026-10-07 13:39:17,022 WARNING discarding data: None
2026-10-07 13:39:17,023 INFO S7 kein Volltext (trafilatura_returned_empty): Matchwinner Kane stellt Rekord ein - Spaniens Serie hält
2026-10-07 13:39:17,023 INFO S7 zu wenig Stoff (0 Wörter aus 0 Quellen, Versuch 1/3): Kane überragt bei seinem Rekordspiel für England – Perisic t
2026-10-07 13:39:17,636 INFO S7 kein Volltext (too_short_15_words): Mario Götze über Jürgen Klopp, Deutschland, Zukunft und Eint
2026-10-07 13:39:17,636 INFO S7 zu wenig Stoff (0 Wörter aus 0 Quellen, Versuch 1/3): Mario Götze über Jürgen Klopp, Deutschland, Zukunft und Eint
2026-10-07 13:39:30,373 INFO S7 schreiben (Prio 2, 1 Quellen): Matthäus backs Havertz as Germany’s starting striker and tip
2026-10-07 13:39:41,795 INFO   Kandidat: Matthäus bringt Werders Füllkrug als DFB-Lösung im Sturm ins
2026-10-07 13:39:41,795 INFO S7 Abo-Deckel (12 Artikel) erreicht – Rest wartet auf den nächsten Lauf
2026-10-07 13:39:41,814 INFO FinalCheck SKIP: hsv/{'sebastiaan bornauw'} stage=rueckkehr bereits in Archiv
2026-10-07 13:39:41,831 INFO FinalCheck SKIP: köln/{'rené wagner', 'ragnar ache', 'thijs dallinga'} stage=ausfall bereits in Archiv
2026-10-07 13:39:41,835 INFO FinalCheck SKIP: köln/{'rené wagner', 'said el mala', 'mikey moore'} stage=kader bereits in Archiv
2026-10-07 13:39:41,838 INFO FinalCheck SKIP: dortmund/{'luca reggiani', 'regula', 'ole book'} stage=geruecht bereits in Archiv
2026-10-07 13:39:41,841 INFO S9.5 FinalCheck: 8/12 durch
2026-10-07 13:39:42,983 INFO Veröffentlicht: Kemlein vor Elversberg: „Neue Chance, um dieses 7:0 auszubes
2026-10-07 13:39:43,095 INFO Veröffentlicht: Köln: Wagner geht mit Rückendeckung für ein Spiel ins Derby
2026-10-07 13:39:43,207 INFO Veröffentlicht: Gladbach vor dem Derby: Bonhof sieht „Chance“ gegen Köln
2026-10-07 13:39:43,321 INFO Veröffentlicht: Werder: Vertrag mit Felix Agu läuft aus, Verlängerung wird i
2026-10-07 13:39:43,437 INFO Veröffentlicht: Bonhof verteidigt Polanski-Aus: „Dieser Schritt ist notwendi
2026-10-07 13:39:43,548 INFO Veröffentlicht: Füllkrug trifft auf Ex-Klub Dortmund und Nachfolger Guirassy
2026-10-07 13:39:43,660 INFO Veröffentlicht: Leipzig: Demichelis nach schwachem Saisonstart unter Druck
2026-10-07 13:39:43,772 INFO Veröffentlicht: Matthäus bringt Werders Füllkrug als DFB-Lösung im Sturm ins
2026-10-07 13:39:43,816 INFO Reddit: Keine Credentials – übersprungen
2026-10-07 13:39:43,817 INFO Reddit: Keine Credentials – übersprungen
2026-10-07 13:39:43,817 INFO Reddit: Keine Credentials – übersprungen
2026-10-07 13:39:43,818 INFO Reddit: Keine Credentials – übersprungen
2026-10-07 13:39:43,818 INFO Reddit: Keine Credentials – übersprungen
2026-10-07 13:39:43,819 INFO Reddit: Keine Credentials – übersprungen
2026-10-07 13:39:43,819 INFO Reddit: Keine Credentials – übersprungen
2026-10-07 13:39:43,820 INFO Reddit: Keine Credentials – übersprungen
2026-10-07 13:39:43,820 INFO 💶 Kosten: dieser Lauf 0.000 $ (Budget 0.062 $) | heute 0.00 $ | Monat 0.72 / 23 $ | konferenz (abo) 1× 0.000 $, schreiben (abo) 15× 0.000 $, dublette (abo) 23× 0.000 $
2026-10-07 13:39:43,820 INFO 🎫 Abo-Verbrauch: 132,876 Tokens rein (davon Cache gelesen 17,850), 30,220 raus, API-Gegenwert 0.70 $ | konferenz 1×: 6,870/10,191, schreiben 15×: 96,434/18,617, dublette 23×: 29,572/1,412
2026-10-07 13:39:43,874 INFO Feeds: 60/60 begonnen, nächster Lauf startet bei Nr. 0
2026-10-07 13:39:43,875 INFO URL-Cache gespeichert: 26583 URLs
2026-10-07 13:39:43,875 INFO === Fertig. 8 neue Artikel. feed.json: 1425 ===
2026-10-07 13:39:43,875 INFO Stats: {"ts": "20261007_1331", "ingested": 139, "s2_pre_filter": 24, "s3_relevance": 32, "s4_dedup_early": 0, "gesammelt": 83, "geschichten_neu": 70, "s5_archiv_doppelt": 2, "s5_zusammengefuehrt": 2, "s6_aussortiert": 29, "s7_geschrieben": 15, "s7_verworfen": 5, "s5_fulltext_fail": 13, "s8_qa_rejected": 4, "published": 8, "s5_randthema": 5, "s5_ohne_bezug": 2, "kosten": {"lauf_usd": 0.0, "lauf_budget_usd": 0.0617, "heute_usd": 0.0, "monat_usd": 0.7196, "monatsbudget_usd": 23.0, "aufrufe": {"konferenz (abo)": {"anzahl": 1, "usd": 0.0}, "schreiben (abo)": {"anzahl": 15, "usd": 0.0}, "dublette (abo)": {"anzahl": 23, "usd": 0.0}}, "guthaben_leer": false, "abo": true, "abo_tokens": {"konferenz": {"aufrufe": 1, "ein": 10, "cache_schreiben": 6860, "cache_lesen": 0, "aus": 10191, "api_wert_usd": 0.0647}, "schreiben": {"aufrufe": 15, "ein": 30, "cache_schreiben": 78554, "cache_lesen": 17850, "aus": 18617, "api_wert_usd": 0.5041}, "dublette": {"aufrufe": 23, "ein": 46, "cache_schreiben": 29526, "cache_lesen": 0, "aus": 1412, "api_wert_usd": 0.1324}}}}
