2026-10-10 12:02:14,758 INFO 💶 Budget: dieser Lauf 0.105 $ | heute 0.00 $ | Monat 0.72 / 23 $
2026-10-10 12:02:15,280 INFO URL-Cache geladen: 32627 bekannte URLs (letzte 30 Tage)
2026-10-10 12:02:15,280 INFO === Ligaoutsider Generator startet – max. 50 Artikel ===
2026-10-10 12:02:15,280 INFO Feed: https://newsfeed.kicker.de/news/bundesliga
2026-10-10 12:02:15,721 INFO Feed: https://www.sportschau.de/fussball/bundesliga/index~rss2.xml
2026-10-10 12:02:16,345 INFO Feed: https://sportbild.bild.de/feed/sportbild-home.xml
2026-10-10 12:02:17,006 INFO BL-Spielerliste geladen: 1002 Namen
2026-10-10 12:02:17,047 INFO S3 keyword miss: Bericht sorgt für Aufsehen - Großes Transfer-Beben um Haalan
2026-10-10 12:02:17,122 INFO S3 keyword miss: „Lächerlich!“ - Mourinho-Klartext zu Mbappé
2026-10-10 12:02:17,196 INFO S3 keyword miss: Das ist kein Zufall? - Sancho trägt jetzt ausgerechnet DIESE
2026-10-10 12:02:17,196 INFO Feed: https://www.bild.de/rss-feeds/rss-16725492,feed=fussball-mix.bild.html
2026-10-10 12:02:18,293 INFO S3 keyword miss: Fans lachen über den Spot - England-Trainer macht jetzt Kond
2026-10-10 12:02:18,296 INFO Feed: https://www.11freunde.de/feed
2026-10-10 12:02:19,681 INFO Feed: https://www.bundesliga.com/de/bundesliga/news.rss
2026-10-10 12:02:20,484 INFO Feed: https://news.google.com/rss/topics/CAAqJggKIiBDQkFTRWdvSUwyMHZNRFp1ZEdvU0FtUmxHZ0pFUlNnQVAB?hl=de&gl=DE&ceid=DE:de
2026-10-10 12:02:20,704 INFO S2 Liveticker übersprungen: Formel-1-Liveticker: Der Sprint in Singapur jetzt live!
2026-10-10 12:02:20,831 INFO S3 keyword miss: MotoGP-Sprint: Marc Marquez profitiert vom Aprilia-Drama
2026-10-10 12:02:21,083 INFO S3 keyword miss: Dynamo in Osnabrück live: Auf diese Profis muss SGD-Coach St
2026-10-10 12:02:21,167 INFO S3 keyword miss: Williams verklagt Garagenbesitzer: Wo ist dieser Formel-1-Bo
2026-10-10 12:02:21,303 INFO S3 keyword miss: Nach Portugal-Eklat: Ronaldo trifft bei Al-Nassr-Rückkehr – 
2026-10-10 12:02:21,426 INFO S3 keyword miss: Mehr als 3.000 Gäste: Joynext-Arena Dresden vor Eislöwen-Spi
2026-10-10 12:02:21,427 INFO S2 blacklist: Der Löwen-Countdown: Kann 1860 nachlegen? - Grippe-Alarm sor
2026-10-10 12:02:21,427 INFO Feed: https://news.google.com/rss/search?q=Bundesliga+Testspiel+Ergebnis&hl=de&gl=DE&ceid=DE:de
2026-10-10 12:02:22,180 INFO Feed: https://news.google.com/rss/search?q=Bundesliga+Vorbereitung+Sommertour&hl=de&gl=DE&ceid=DE:de
2026-10-10 12:02:22,455 INFO Feed: https://news.google.com/rss/search?q=Bundesliga+Verletzung+Ausfall+gesperrt&hl=de&gl=DE&ceid=DE:de
2026-10-10 12:02:22,984 INFO Feed: https://news.google.com/rss/search?q=Bundesliga+Transfer+Wechsel+verpflichtet&hl=de&gl=DE&ceid=DE:de
2026-10-10 12:02:23,380 INFO Feed: https://news.google.com/rss/search?q=Bundesliga+Gerücht+Interesse+Angebot&hl=de&gl=DE&ceid=DE:de
2026-10-10 12:02:23,845 INFO Feed: https://news.google.com/rss/search?q=Bundesliga+Vertrag+verlängert+ablösefrei&hl=de&gl=DE&ceid=DE:de
2026-10-10 12:02:24,181 INFO Feed: https://news.google.com/rss/search?q=%22FC+Bayern%22+OR+%22Bayern+M%C3%BCnchen%22+when%3A1d&hl=de&gl=DE&ceid=DE:de
2026-10-10 12:02:24,789 INFO S2 Liveticker übersprungen: FC Augsburg gegen FC Bayern München im Liveticker: Wer erset
2026-10-10 12:02:24,797 INFO S2 blacklist: FC Bayern München - Beliebtheitsrangliste - Vereine
2026-10-10 12:02:24,880 INFO S3 keyword miss: Marco Reus: Bilanz gegen Gegenspieler, Trainer & Vereine
2026-10-10 12:02:24,880 INFO Feed: https://news.google.com/rss/search?q=BVB+OR+%22Borussia+Dortmund%22+when%3A1d&hl=de&gl=DE&ceid=DE:de
2026-10-10 12:02:25,513 INFO S3 keyword miss: Erinnerungen an Peter Hermann: Was Edin Terzic über seinen v
2026-10-10 12:02:25,516 INFO S2 blacklist: Paukenschlag! U23-Spieler Felix Paschke (23) beendet vorzeit
2026-10-10 12:02:25,602 INFO S3 keyword miss: „Mache das Tor nicht gegen sie“: Ex-Stürmer erklärt seinen u
2026-10-10 12:02:25,604 INFO S2 blacklist: Livestream: BVB U23 gegen Wattenscheid 09 - Regionalliga Wes
2026-10-10 12:02:25,690 INFO S3 keyword miss: „Mache das Tor nicht gegen sie“: Ex-Stürmer erklärt seinen u
2026-10-10 12:02:25,776 INFO S3 keyword miss: „Mache das Tor nicht gegen sie“: Ex-Stürmer erklärt seinen u
2026-10-10 12:02:25,778 INFO Feed: https://news.google.com/rss/search?q=%22Bayer+Leverkusen%22+OR+%22Bayer+04%22+when%3A1d&hl=de&gl=DE&ceid=DE:de
2026-10-10 12:02:26,305 INFO S2 blacklist: Bayer 04 Leverkusen U17
2026-10-10 12:02:26,452 INFO S3 keyword miss: Ulf Kirsten: Bilanz gegen Gegenspieler, Trainer & Vereine
2026-10-10 12:02:26,533 INFO S3 keyword miss: Martin Kree: Bilanz gegen Gegenspieler, Trainer & Vereine
2026-10-10 12:02:26,614 INFO S3 keyword miss: Stefan Beinlich: Bilanz gegen Gegenspieler, Trainer & Verein
2026-10-10 12:02:26,695 INFO S3 keyword miss: Andrzej Buncol: Bilanz gegen Gegenspieler, Trainer & Vereine
2026-10-10 12:02:26,775 INFO S3 keyword miss: Ludwig Kögl: Bilanz gegen Gegenspieler, Trainer & Vereine
2026-10-10 12:02:26,858 INFO S3 keyword miss: Juliette Angèle Vidal: Bilanz gegen Gegenspieler, Trainer & 
2026-10-10 12:02:26,939 INFO S3 keyword miss: Rafaela Borggräfe: Bilanz gegen Gegenspieler, Trainer & Vere
2026-10-10 12:02:27,021 INFO S3 keyword miss: Daniel Schumann: Bilanz gegen Gegenspieler, Trainer & Verein
2026-10-10 12:02:27,023 INFO S2 blacklist: Bayer Leverkusen arbeitet an der Vertragsverlängerung mit Ib
2026-10-10 12:02:27,024 INFO S2 blacklist: Mainz empfängt Leverkusen am 5. Spieltag live im Free-TV
2026-10-10 12:02:27,024 INFO Feed: https://news.google.com/rss/search?q=%22RB+Leipzig%22+when%3A1d&hl=de&gl=DE&ceid=DE:de
2026-10-10 12:02:27,479 INFO S2 blacklist: RB Leipzig UEFA U19
2026-10-10 12:02:27,561 INFO S3 keyword miss: Pascal Stenzel: Bilanz gegen Gegenspieler, Trainer & Vereine
2026-10-10 12:02:27,644 INFO S3 keyword miss: Julia Landenberger: Bilanz gegen Gegenspieler, Trainer & Ver
2026-10-10 12:02:27,726 INFO S3 keyword miss: Annalena Rieke: Bilanz gegen Gegenspieler, Trainer & Vereine
2026-10-10 12:02:27,792 INFO S2 blacklist: Fußball heute Bundesliga 2026/2027: RB Leipzig gegen Eintrac
2026-10-10 12:02:27,792 INFO Feed: https://news.google.com/rss/search?q=%22VfB+Stuttgart%22+when%3A1d&hl=de&gl=DE&ceid=DE:de
2026-10-10 12:02:28,355 INFO S3 keyword miss: Bernd Förster: Bilanz gegen Gegenspieler, Trainer & Vereine
2026-10-10 12:02:28,473 INFO S3 keyword miss: Martin Harnik: Bilanz gegen Gegenspieler, Trainer & Vereine
2026-10-10 12:02:28,479 INFO Feed: https://news.google.com/rss/search?q=%22Eintracht+Frankfurt%22+when%3A1d&hl=de&gl=DE&ceid=DE:de
2026-10-10 12:02:29,689 INFO S3 keyword miss: Bundesliga Tabelle: Fußball Ergebnisse, Daten, Spielplan
2026-10-10 12:02:29,775 INFO S3 keyword miss: Dragoslav Stepanović: Bilanz als Trainer & Spieler – Gegner,
2026-10-10 12:02:29,867 INFO S3 keyword miss: Oliver Glasner: Bilanz als Trainer & Spieler – Gegner, Train
2026-10-10 12:02:29,867 INFO Feed: https://news.google.com/rss/search?q=Gladbach+OR+%22Borussia+M%C3%B6nchengladbach%22+when%3A1d&hl=de&gl=DE&ceid=DE:de
2026-10-10 12:02:30,373 INFO S2 blacklist: Fußball Bundesliga: Dortmund gegen M'gladbach - Ergebnisse -
2026-10-10 12:02:30,457 INFO S3 keyword miss: Zu viele Gegentore: Wagner mit irrem Auto-Vergleich bei Stan
2026-10-10 12:02:30,544 INFO S3 keyword miss: Christian Hochstätter: Bilanz gegen Gegenspieler, Trainer & 
2026-10-10 12:02:30,549 INFO Feed: https://news.google.com/rss/search?q=%22SC+Freiburg%22+when%3A1d&hl=de&gl=DE&ceid=DE:de
2026-10-10 12:02:31,010 INFO S2 blacklist: Zurück im Liga-Alltag: Von Klopp zu Schalke - Freiburgs DFB-
2026-10-10 12:02:31,077 INFO Feed: https://news.google.com/rss/search?q=Hoffenheim+when%3A1d&hl=de&gl=DE&ceid=DE:de
2026-10-10 12:02:31,571 INFO S2 Liveticker übersprungen: Hoffenheim – HSV im Liveticker: Kann die gebeutelte Polzin-E
2026-10-10 12:02:31,613 INFO Feed: https://news.google.com/rss/search?q=%22Mainz+05%22+when%3A1d&hl=de&gl=DE&ceid=DE:de
2026-10-10 12:02:32,054 INFO S2 blacklist: 1.FSV Mainz 05 U19
2026-10-10 12:02:32,118 INFO Feed: https://news.google.com/rss/search?q=%22FC+Augsburg%22+when%3A1d&hl=de&gl=DE&ceid=DE:de
2026-10-10 12:02:32,596 INFO S2 blacklist: DAZN oder Sky: Wo läuft die Bundesliga heute live?
2026-10-10 12:02:32,759 INFO S3 keyword miss: Zweite Fußball-Bundesliga: Hertha nach Pause im Rhythmus - W
2026-10-10 12:02:32,767 INFO Feed: https://news.google.com/rss/search?q=%22Union+Berlin%22+when%3A1d&hl=de&gl=DE&ceid=DE:de
2026-10-10 12:02:33,242 INFO S2 Liveticker übersprungen: Liveticker Bundesliga: 1. FC Union Berlin gegen SV Elversber
2026-10-10 12:02:33,329 INFO S3 keyword miss: Lustrinelli hat in Berlin ein ambitioniertes Projekt, das an
2026-10-10 12:02:33,332 INFO S2 blacklist: 1.FC Union Berlin UEFA U19
2026-10-10 12:02:33,418 INFO S3 keyword miss: Steffen Baumgart: Bilanz als Trainer & Spieler – Gegner, Tra
2026-10-10 12:02:33,497 INFO S3 keyword miss: Alexander Rackwitz
2026-10-10 12:02:33,579 INFO S3 keyword miss: Florian Kainz: Bilanz gegen Gegenspieler, Trainer & Vereine
2026-10-10 12:02:33,661 INFO S3 keyword miss: Jakob Busk: Bilanz gegen Gegenspieler, Trainer & Vereine
2026-10-10 12:02:33,662 INFO S2 blacklist: Fußball heute: Wer überträgt das Spiel Union Berlin gegen El
2026-10-10 12:02:33,662 INFO Feed: https://news.google.com/rss/search?q=%22Werder+Bremen%22+when%3A1d&hl=de&gl=DE&ceid=DE:de
2026-10-10 12:02:34,163 INFO S2 blacklist: „Ich bettle nicht darum“: Füllkrug äußert sich zur Nationalm
2026-10-10 12:02:34,200 INFO Feed: https://news.google.com/rss/search?q=HSV+OR+%22Hamburger+SV%22+when%3A1d&hl=de&gl=DE&ceid=DE:de
2026-10-10 12:02:34,792 INFO S2 blacklist: Handball-Bezirksoberliga: HSV Hochfranken reist als Favorit 
2026-10-10 12:02:34,792 INFO Feed: https://news.google.com/rss/search?q=%221.+FC+K%C3%B6ln%22+OR+%22FC+K%C3%B6ln%22+when%3A1d&hl=de&gl=DE&ceid=DE:de
2026-10-10 12:02:35,269 INFO S2 blacklist: 1. FC Köln: Wer zeigt die Spiele des Effzeh live im TV und L
2026-10-10 12:02:35,353 INFO S3 keyword miss: „Hat etwas mit ihm gemacht“: El Mala geht mit DFB-Schub ins 
2026-10-10 12:02:35,435 INFO S3 keyword miss: Gerd Zimmermann: Bilanz gegen Gegenspieler, Trainer & Verein
2026-10-10 12:02:35,517 INFO S3 keyword miss: Bernd Gersdorff: Bilanz gegen Gegenspieler, Trainer & Verein
2026-10-10 12:02:35,655 INFO S3 keyword miss: Vanessa Leimenstoll: Bilanz gegen Gegenspieler, Trainer & Ve
2026-10-10 12:02:35,769 INFO S3 keyword miss: Lukas Podolski: Bilanz gegen Gegenspieler, Trainer & Vereine
2026-10-10 12:02:35,850 INFO S3 keyword miss: Sara Agrež: Bilanz gegen Gegenspieler, Trainer & Vereine
2026-10-10 12:02:35,932 INFO S3 keyword miss: Benno Schmitz: Bilanz gegen Gegenspieler, Trainer & Vereine
2026-10-10 12:02:35,967 INFO Feed: https://news.google.com/rss/search?q=Schalke+when%3A1d&hl=de&gl=DE&ceid=DE:de
2026-10-10 12:02:36,586 INFO S2 blacklist: Schalke 04, alle Informationen zur Übertragung auf einen Bli
2026-10-10 12:02:36,590 INFO S2 blacklist: „Mehr Zeit im Flugzeug als auf dem Platz“: Bundesliga-Coach 
2026-10-10 12:02:36,593 INFO S2 Liveticker übersprungen: Nach langer Spielpause: Schalkes U19 will nachlegen - das Dü
2026-10-10 12:02:36,643 INFO Feed: https://news.google.com/rss/search?q=Elversberg+when%3A1d&hl=de&gl=DE&ceid=DE:de
2026-10-10 12:02:37,102 INFO S3 keyword miss: Druck auf Uni­ons Lus­tri­nel­li? En­er­gie fließt wo­an­der
2026-10-10 12:02:37,105 INFO Feed: https://news.google.com/rss/search?q=%22SC+Paderborn%22+when%3A1d&hl=de&gl=DE&ceid=DE:de
2026-10-10 12:02:37,630 INFO S3 keyword miss: Michael Ratajczak: Bilanz gegen Gegenspieler, Trainer & Vere
2026-10-10 12:02:37,635 INFO Feed: https://www.transfermarkt.de/rss/news
2026-10-10 12:02:37,712 INFO Feed: https://www.waz.de/sport/fussball/rss
2026-10-10 12:02:38,667 INFO Feed: https://www.faz.net/rss/aktuell/sport/fussball/bundesliga/
2026-10-10 12:02:39,991 INFO Feed: https://bulinews.com/rss.xml
2026-10-10 12:02:40,505 INFO S2 blacklist: 2. Bundesliga preview: Hertha BSC vs. Greuther Fürth
2026-10-10 12:02:40,506 INFO S2 blacklist: 2. Bundesliga preview: VfL Bochum vs. Arminia Bielefeld
2026-10-10 12:02:40,507 INFO S2 blacklist: 2. Bundesliga preview: FC St. Pauli vs. Karlsruher SC
2026-10-10 12:02:40,542 INFO Feed: https://www.abendblatt.de/sport/rss
2026-10-10 12:02:41,006 INFO S2 blacklist: Wildes Remis und Verletzungsschock im Norderstedter Stadtder
2026-10-10 12:02:41,007 INFO Feed: https://www.merkur.de/sport/fc-bayern/rssfeed.rdf
2026-10-10 12:02:41,775 INFO Feed: https://www.eyefootball.com/rss_news_main.xml
2026-10-10 12:02:42,458 INFO S3 keyword miss: Predicted Man Utd line-up (4-2-3-1) vs Tottenham Hotspur, Yo
2026-10-10 12:02:42,459 INFO Feed: https://www.ligaportal.at/international/deutsche-bundesliga?format=feed&type=rss
2026-10-10 12:02:45,173 INFO Feed: https://www.reddit.com/r/soccer/new.rss?limit=100
2026-10-10 12:02:46,644 INFO S3 keyword miss: How the Premier League’s great sell-off changed the fabric o
2026-10-10 12:02:46,785 INFO S3 keyword miss: Niek Schiks‘s brilliant goal line save in the match against 
2026-10-10 12:02:46,884 INFO S3 keyword miss: [ESPN NL] Jong FC Utrecht midfielder Donovan Afrifa (15y 140
2026-10-10 12:02:47,000 INFO S3 keyword miss: Mbappe and Vinicius have a good relationship off the field. 
2026-10-10 12:02:47,083 INFO S3 keyword miss: [BBC Sport] Manchester City whistleblower Rui Pinto to remai
2026-10-10 12:02:47,163 INFO S3 keyword miss: Al Nassr [3]-0 Diriyah - Kingsley Coman 77'
2026-10-10 12:02:47,247 INFO S3 keyword miss: [Official] Heracles Almelo wins first period title and secur
2026-10-10 12:02:47,248 INFO Feed: https://newsfeed.kicker.de/team/fc-bayern-muenchen
2026-10-10 12:02:47,472 INFO Feed: https://newsfeed.kicker.de/team/borussia-dortmund
2026-10-10 12:02:47,693 INFO Feed: https://newsfeed.kicker.de/team/rb-leipzig
2026-10-10 12:02:47,915 INFO Feed: https://newsfeed.kicker.de/team/bayer-04-leverkusen
2026-10-10 12:02:48,185 INFO Feed: https://newsfeed.kicker.de/team/vfb-stuttgart
2026-10-10 12:02:48,313 INFO Feed: https://newsfeed.kicker.de/team/eintracht-frankfurt
2026-10-10 12:02:48,540 INFO Feed: https://newsfeed.kicker.de/team/bor-moenchengladbach
2026-10-10 12:02:48,763 INFO Feed: https://newsfeed.kicker.de/team/sc-freiburg
2026-10-10 12:02:48,989 INFO Feed: https://newsfeed.kicker.de/team/tsg-hoffenheim
2026-10-10 12:02:49,210 INFO Feed: https://newsfeed.kicker.de/team/1-fsv-mainz-05
2026-10-10 12:02:49,441 INFO Feed: https://newsfeed.kicker.de/team/fc-augsburg
2026-10-10 12:02:49,667 INFO Feed: https://newsfeed.kicker.de/team/1-fc-union-berlin
2026-10-10 12:02:49,892 INFO Feed: https://newsfeed.kicker.de/team/werder-bremen
2026-10-10 12:02:50,016 INFO Feed: https://newsfeed.kicker.de/team/hamburger-sv
2026-10-10 12:02:50,244 INFO Feed: https://newsfeed.kicker.de/team/1-fc-koeln
2026-10-10 12:02:50,471 INFO Feed: https://newsfeed.kicker.de/team/fc-schalke-04
2026-10-10 12:02:50,698 INFO Feed: https://newsfeed.kicker.de/team/sv-elversberg
2026-10-10 12:02:50,932 INFO Feed: https://newsfeed.kicker.de/team/sc-paderborn-07
2026-10-10 12:02:51,168 INFO Feed: https://newsfeed.kicker.de/news/champions-league
2026-10-10 12:02:51,393 INFO Feed: ligainsider:themen
2026-10-10 12:03:15,248 INFO LigaInsider (Themenfinder): 156 Meldungen von 18 Vereinsseiten
2026-10-10 12:03:17,111 INFO Eingelesen: 162 Schlagzeilen nach den Gratis-Filtern
2026-10-10 12:03:19,211 INFO S5 kein Bundesliga-Spieler oder -Klub erkennbar: Bester Barça-Stürmer fällt aus - Verletzungssorgen bei Flick!
2026-10-10 12:03:19,213 INFO S5 kein Bundesliga-Spieler oder -Klub erkennbar: Ironman Hawaii: Laura Philipps offene Rechnung – Schomburgs Angriffslu
2026-10-10 12:03:19,219 INFO S5 schon berichtet (Füllkrug rettet Werder spät einen Punkt in Do): Remis gegen Bremen: Acht Minuten, die den BVB noch länger ve
2026-10-10 12:03:19,222 INFO S5 Sammelartikel: Transfer-Ticker: BVB jagt polnisches Mittelfeld-Juwel
2026-10-10 12:03:19,225 INFO S5 Sammelartikel: "Heute"-Ticker – Live ab 18:30 Uhr: Hütter muss gegen Leipzig bestehen
2026-10-10 12:03:19,226 INFO S5 kein Bundesliga-Spieler oder -Klub erkennbar: "Ich liebe Druck": Darum ist RB-Trainer Demichelis vor Schicksalswoche
2026-10-10 12:03:19,240 INFO S5 kein Bundesliga-Spieler oder -Klub erkennbar: [Ornstein] EXCL: Cole Palmer strengthens commitment to Chelsea by sign
2026-10-10 12:03:19,240 INFO S5: 100 neue Geschichten, 1 schon berichtet, 2 zu wartenden Geschichten ergänzt, 23 warten
2026-10-10 12:05:52,085 INFO S6 aussortiert (doppelt): Nächster Rückschlag - Auch dieser HSV-Profi fällt heute aus
2026-10-10 12:05:52,086 INFO S6 aussortiert (prio_0): „Stirb!“ - Todes-Gesänge gegen Bayern-Leihgabe
2026-10-10 12:05:52,086 INFO S6 aussortiert (doppelt): Geschichten, die nur der Fußball schreibt: Füllkrug schließt den Kreis
2026-10-10 12:05:52,086 INFO S6 aussortiert (doppelt): Bayern-Leihgabe Zaragoza bekommt Hass ab: "Stirb, Bryan!"
2026-10-10 12:05:52,086 INFO S6 aussortiert (prio_0): FC Augsburg gegen FC Bayern München heute live: Wer zeigt das Bundesli
2026-10-10 12:05:52,086 INFO S6 aussortiert (doppelt): FC Bayern: Todes-Gesänge gegen Leihgabe – „Stirb!“
2026-10-10 12:05:52,087 INFO S6 aussortiert (doppelt): Fußball Bundesliga: E. Frankfurt gegen FC Bayern - Ergebnisse - 8. Spi
2026-10-10 12:05:52,087 INFO S6 aussortiert (doppelt): FC Augsburg gegen Bayern München: FCA fordert den Rekordmeister zum Bu
2026-10-10 12:05:52,087 INFO S6 aussortiert (prio_0): Viking gegen Bayern live: Bei diesem Anbieter gibt es das Spiel exklus
2026-10-10 12:05:52,087 INFO S6 aussortiert (doppelt): Blanke Wut auf Leihgabe des FC Bayern: Fans in Spanien wünschen Bryan 
2026-10-10 12:05:52,088 INFO S6 aussortiert (prio_0): Blutiger Schreckmoment: Bayern-Talent wird nach brutalem Zusammenprall
2026-10-10 12:05:52,088 INFO S6 aussortiert (prio_0): FC Augsburg vs FC Bayern Quoten, Prognose & Tipp - 10.10.2026
2026-10-10 12:05:52,088 INFO S6 aussortiert (doppelt): Fußball Bundesliga: K'lautern gegen E. Frankfurt - Übersicht über die 
2026-10-10 12:05:52,091 INFO S6 aussortiert (doppelt): "Bryan, stirb": Bayern Münchens Leihgabe Zaragoza in Malaga übel belei
2026-10-10 12:05:52,091 INFO S6 aussortiert (prio_0): Bayern bricht vor Norwegen-Spiel mit einer Gewohnheit
2026-10-10 12:05:52,091 INFO S6 aussortiert (doppelt): „Natürlich enttäuscht“: BVB-Auftakt in XXL-Wochen misslingt
2026-10-10 12:05:52,092 INFO S6 aussortiert (doppelt): Borussia Dortmund gegen Werder Bremen: Vier Minuten, die den BVB noch 
2026-10-10 12:05:52,092 INFO S6 aussortiert (doppelt): BVB-Fans wüten nach aberkanntem Traumtor: „Absolut lächerlich“
2026-10-10 12:05:52,092 INFO S6 aussortiert (doppelt): „Pure Enttäuschung“: BVB-Reaktionen auf das Last-Minute-Remis
2026-10-10 12:05:52,092 INFO S6 aussortiert (doppelt): Keine Reue bei DFB-Stürmer: Füllkrug kann sich Jubel gegen BVB "nicht 
2026-10-10 12:05:52,092 INFO S6 aussortiert (doppelt): BVB hadert nach kollektivem Blackout gegen Bremen: „Vielleicht gut, da
2026-10-10 12:05:52,093 INFO S6 aussortiert (prio_0): Borussia Dortmund: Neues Mittelfeld-Talent im Fokus?
2026-10-10 12:05:52,093 INFO S6 aussortiert (doppelt): Füllkrug stellt gegen den BVB persönlichen Rekord auf - keine Forderun
2026-10-10 12:05:52,093 INFO S6 aussortiert (doppelt): Nwaneri bringt Schwung - Schlotterbeck patzt: BVB-Noten gegen Bremen v
2026-10-10 12:05:52,093 INFO S6 aussortiert (doppelt): Große Aufholjagd beim BVB: Reis und Füllkrug lassen Werder Bremen feie
2026-10-10 12:05:52,093 INFO S6 aussortiert (doppelt): Borussia Dortmund: Kovac schiebt Schiri-Frust
2026-10-10 12:05:52,093 INFO S6 aussortiert (prio_0): BOTSI®-Advisor Hochstufung Borussia Dortmund von Rang 184 auf ... - bo
2026-10-10 12:05:52,094 INFO S6 aussortiert (prio_1): Ungewöhnliche Bilder: Krösche als Coach von Bayer Leverkusen
2026-10-10 12:05:52,094 INFO S6 aussortiert (prio_0): Lech Poznan - Bayer Leverkusen
2026-10-10 12:05:52,094 INFO S6 aussortiert (doppelt): Klaus-Dieter Sieloff: Bilanz gegen Gegenspieler, Trainer & Vereine
2026-10-10 12:05:52,095 INFO S6 aussortiert (doppelt): Alphonso Davies: Bilanz gegen Gegenspieler, Trainer & Vereine
2026-10-10 12:05:52,095 INFO S6 aussortiert (doppelt): Bayer 04 Leverkusen: Was Fans vor dem Duell mit FSV Mainz 05 wissen so
2026-10-10 12:05:52,095 INFO S6 aussortiert (doppelt): FSV Mainz 05: Neue Aufgabe gegen Bayer 04 Leverkusen am Samstag
2026-10-10 12:05:52,096 INFO S6 aussortiert (prio_0): Leipzig vs Frankfurt Quoten & Wett-Tipp - 10.10.2026
2026-10-10 12:05:52,096 INFO S6 aussortiert (doppelt): RB Leipzig: Zahlen und Fakten vor dem Spiel gegen die Riederwälder
2026-10-10 12:05:52,096 INFO S6 aussortiert (doppelt): Eintracht Frankfurt: Vor dem Duell gegen die Rasenballer - Die Lage be
2026-10-10 12:05:52,096 INFO S6 aussortiert (doppelt): SC Paderborn 07 gegen VfB Stuttgart Prognose: Ein heiß umkämpftes Spit
2026-10-10 12:05:52,096 INFO S6 aussortiert (prio_0): Wo wird Slovan Bratislava vs. VfB Stuttgart übertragen? (Champions Lea
2026-10-10 12:05:52,096 INFO S6 aussortiert (doppelt): Fußball Bundesliga: Stuttgart gegen Wattenscheid - Statistik: Fouls be
2026-10-10 12:05:52,097 INFO S6 aussortiert (doppelt): Eintracht Frankfurt vor Bundesliga-Auswärtsspiel in Leipzig
2026-10-10 12:05:52,097 INFO S6 aussortiert (doppelt): Gladbachs Fans zeigen sich enttäuscht und skeptisch – Pluspunkte für N
2026-10-10 12:05:52,097 INFO S6 aussortiert (doppelt): Fußball Bundesliga: M'gladbach gegen Neunkirchen - Ergebnisse - 18. Sp
2026-10-10 12:05:52,097 INFO S6 aussortiert (prio_0): Aufstellungs-Tipp: So könnte Borussias Startelf beim 1. FC Köln ausseh
2026-10-10 12:05:52,097 INFO S6 aussortiert (doppelt): Fußball Bundesliga: M'gladbach gegen Homburg - Statistik: Fouls begang
2026-10-10 12:05:52,097 INFO S6 aussortiert (prio_0): Neuer SC-Kader bereit für die Virtual Bundesliga
2026-10-10 12:05:52,098 INFO S6 aussortiert (doppelt): SC Freiburg: Hinweise zur Anreise gegen Schalke
2026-10-10 12:05:52,098 INFO S6 aussortiert (prio_1): Freiburgs leiser Weg nach oben: Warum er Schalke und Co. kaum als Vorb
2026-10-10 12:05:52,098 INFO S6 aussortiert (doppelt): SC Freiburg vor Duell mit Schalke 04: Defensive im Blick
2026-10-10 12:05:52,098 INFO S6 aussortiert (doppelt): Kein Weg führt an Scherhant vorbei
2026-10-10 12:05:52,098 INFO S6 aussortiert (prio_0): Schalke verbessert Chancenwertung vor Spiel in Freiburg
2026-10-10 12:05:52,099 INFO S6 aussortiert (doppelt): HSV plant den ungemütlichen Coup in Hoffenheim
2026-10-10 12:05:52,099 INFO S6 aussortiert (doppelt): Matchday! Der HSV tritt bei der TSG Hoffenheim an
2026-10-10 12:05:52,099 INFO S6 aussortiert (doppelt): HSV: Auch DIESER Star fällt heute aus – Nächster Rückschlag in der Bun
2026-10-10 12:05:52,099 INFO S6 aussortiert (doppelt): TSG 1899 Hoffenheim: Ausgangslage und News vor Hamburger SV am Samstag
2026-10-10 12:05:52,099 INFO S6 aussortiert (doppelt): TSG 1899 Hoffenheim II: Zahlen und Fakten vor dem Spiel gegen die Zebr
2026-10-10 12:05:52,099 INFO S6 aussortiert (doppelt): MSV Duisburg: Vor dem Duell gegen TSG 1899 Hoffenheim II - Die Lage be
2026-10-10 12:05:52,100 INFO S6 aussortiert (doppelt): Hamburger SV: Vor dem Duell gegen die Hoffenheimer - Die Lage für die 
2026-10-10 12:05:52,100 INFO S6 aussortiert (prio_0): Läuft FC Bayern München heute live bei Sky oder DAZN? Übertragung von 
2026-10-10 12:05:52,100 INFO S6 aussortiert (prio_0): Wer startet auf der Zehn? So könnte Bayern in Augsburg spielen
2026-10-10 12:05:52,100 INFO S6 aussortiert (prio_0): Beste Bayern Quote gegen Augsburg: Tipico Boost mit Quote 30.0 auf Bay
2026-10-10 12:05:52,100 INFO S6 aussortiert (prio_1): Bayern gegen Augsburg - da war doch was?
2026-10-10 12:05:52,100 INFO S6 aussortiert (prio_1): Kann Rieder die Bayern erneut ärgern?
2026-10-10 12:05:52,101 INFO S6 aussortiert (doppelt): FC Augsburg: Zahlen und Fakten vor dem Spiel gegen FC Bayern München
2026-10-10 12:05:52,101 INFO S6 aussortiert (doppelt): FC Bayern München: Vor dem Duell gegen FC Augsburg - Die Lage bei Baye
2026-10-10 12:05:52,101 INFO S6 aussortiert (doppelt): 1.FC Union Berlin: Vor dem Duell gegen SV 07 Elversberg - Die Lage für
2026-10-10 12:05:52,101 INFO S6 aussortiert (doppelt): SV 07 Elversberg: Zahlen und Fakten vor dem Spiel gegen die Köpenicker
2026-10-10 12:05:52,101 INFO S6 aussortiert (doppelt): 5. Spieltag: 1.FC Union Berlin - SV 07 Elversberg - SV Elversberg - Fo
2026-10-10 12:05:52,102 INFO S6 aussortiert (doppelt): Prognose Union Berlin gegen SV Elversberg: Ein Brennpunkt im Spitzenre
2026-10-10 12:05:52,102 INFO S6 aussortiert (doppelt): 1. Bundesliga: SVE bei Union Berlin – diese neun Fakten machen das Bun
2026-10-10 12:05:52,102 INFO S6 aussortiert (doppelt): Der späte Spielverderber und ein Geburtstagsgeschenk
2026-10-10 12:05:52,102 INFO S6 aussortiert (doppelt): „Es ist nicht normal“: Werder mit Bestwert nach Rückstand – Schwache A
2026-10-10 12:05:52,102 INFO S6 aussortiert (prio_1): „Radler ist ja kein Alkohol, ne?“ Das „Monster“ Füllkrug und sein Ange
2026-10-10 12:05:52,103 INFO S6 aussortiert (prio_1): Bayern-Stars vertrauten ihr: So tickt HSV-Chefin Kathleen Krüger
2026-10-10 12:05:52,103 INFO S6 aussortiert (prio_1): Experte kritisiert Kader des FC Schalke 04
2026-10-10 12:05:52,103 INFO S6 aussortiert (prio_1): Katic wurde vor Schalke gewarnt Warum er nach einer Muslic-Nachricht t
2026-10-10 12:05:52,103 INFO S6 aussortiert (doppelt): Ayhan in der Bundesliga noch kein Faktor: Muslic bezieht Stellung
2026-10-10 12:05:52,103 INFO S6 aussortiert (prio_1): (m+) SV Elversberg: Wie Unternehmer Frank Holzer den Dorfclub in die 1
2026-10-10 12:05:52,104 INFO S6 aussortiert (prio_1): Lange Haare ab! Elversberg-Trainer Wagner zeigt sich völlig verändert
2026-10-10 12:05:52,104 INFO S6 aussortiert (prio_0): SC Paderborn 07: Ausgangslage und News vor VfB Stuttgart am 10.10.2026
2026-10-10 12:05:52,104 INFO S6 aussortiert (prio_0): VfB Stuttgart: Zahlen und Fakten vor dem Spiel gegen die Ostwestfalen
2026-10-10 12:05:52,104 INFO S6 aussortiert (prio_1): Bayern-Youngster Della Rovere muss am Spielfeld getackert werden
2026-10-10 12:05:52,453 ERROR lxml parsing failed: Document is empty
2026-10-10 12:05:52,453 ERROR lxml parser bytestring Document is empty
2026-10-10 12:05:52,453 ERROR lxml parsing failed: Document is empty
2026-10-10 12:05:52,453 ERROR lxml parser bytestring Document is empty
2026-10-10 12:05:52,453 ERROR empty HTML tree: None
2026-10-10 12:05:52,453 WARNING discarding data: None
2026-10-10 12:05:52,454 INFO S7 kein Volltext (trafilatura_returned_empty): Dortmunds Punktverlust: Zwei Klassiker und ein Ausrutscher
2026-10-10 12:05:52,454 INFO S7 zu wenig Stoff (0 Wörter aus 0 Quellen, Versuch 1/3): Dortmunds Punktverlust: Zwei Klassiker und ein Ausrutscher
2026-10-10 12:05:53,812 WARNING discarding data: None
2026-10-10 12:05:53,813 INFO S7 kein Volltext (trafilatura_returned_empty): RB Leipzig: "Endspiel" für Demichelis? Bericht lässt aufhorc
2026-10-10 12:05:53,813 INFO S7 zu wenig Stoff (0 Wörter aus 0 Quellen, Versuch 1/3): RB Leipzig: "Endspiel" für Demichelis? Bericht lässt aufhorc
2026-10-10 12:05:57,875 INFO S7 schreiben (Prio 3, 1 Quellen): Verlängert Kovac nächste Woche? Das sagt BVB-Boss Cramer
2026-10-10 12:06:07,150 INFO   Kandidat: Kovac-Verlängerung beim BVB: Cramer spricht von „Frage der Z
2026-10-10 12:06:09,914 INFO S7 kein Volltext (too_short_41_words): Aufstellung des VfB Stuttgart: So will Sebastian Hoeneß beim
2026-10-10 12:06:09,914 INFO S7 zu wenig Stoff (0 Wörter aus 0 Quellen, Versuch 3/3): Aufstellung des VfB Stuttgart: So will Sebastian Hoeneß beim
2026-10-10 12:06:10,325 ERROR lxml parsing failed: Document is empty
2026-10-10 12:06:10,325 ERROR lxml parser bytestring Document is empty
2026-10-10 12:06:10,325 ERROR lxml parsing failed: Document is empty
2026-10-10 12:06:10,325 ERROR lxml parser bytestring Document is empty
2026-10-10 12:06:10,325 ERROR empty HTML tree: None
2026-10-10 12:06:10,326 WARNING discarding data: None
2026-10-10 12:06:10,326 INFO S7 kein Volltext (trafilatura_returned_empty): "Machen uns dieses Spiel kaputt": Polanskis Lehren aus dem E
2026-10-10 12:06:10,327 INFO S7 zu wenig Stoff (0 Wörter aus 0 Quellen, Versuch 1/3): "Machen uns dieses Spiel kaputt": Polanskis Lehren aus dem E
2026-10-10 12:06:11,371 INFO S7 kein Volltext (seite_zu_alt): Ausgerechnet vor dem Derby: Verletzungsschock bei Borussia M
2026-10-10 12:06:11,372 INFO S7 zu wenig Stoff (0 Wörter aus 0 Quellen, Versuch 3/3): Ausgerechnet vor dem Derby: Verletzungsschock bei Borussia M
2026-10-10 12:06:12,122 ERROR lxml parsing failed: Document is empty
2026-10-10 12:06:12,122 ERROR lxml parser bytestring Document is empty
2026-10-10 12:06:12,122 ERROR lxml parsing failed: Document is empty
2026-10-10 12:06:12,122 ERROR lxml parser bytestring Document is empty
2026-10-10 12:06:12,123 ERROR empty HTML tree: None
2026-10-10 12:06:12,123 WARNING discarding data: None
2026-10-10 12:06:12,123 INFO S7 kein Volltext (trafilatura_returned_empty): Polzins Verlängerung beim HSV ist ausgehandelt
2026-10-10 12:06:12,124 INFO S7 zu wenig Stoff (0 Wörter aus 0 Quellen, Versuch 3/3): Polzins Verlängerung beim HSV ist ausgehandelt
2026-10-10 12:06:13,131 WARNING discarding data: None
2026-10-10 12:06:13,132 INFO S7 kein Volltext (trafilatura_returned_empty): Werder Bremen: Füllkrug spricht über BVB-Rückkehr
2026-10-10 12:06:25,883 INFO S6.5 schon berichtet (Füllkrug rettet Werder spät einen Punkt in Do): Nach 4 Toren spricht er über DFB-Rückkehr - Die verrückte Fü
2026-10-10 12:06:26,305 INFO S7 kein Volltext (too_short_42_words): Das kommt überraschend - Darum hat Neuhaus einen Blessin-Bon
2026-10-10 12:06:34,516 INFO S6.5 schon berichtet (Gladbach unter Blessin: Viele Baustellen vor ): Das kommt überraschend - Darum hat Neuhaus einen Blessin-Bon
2026-10-10 12:06:35,078 WARNING discarding data: None
2026-10-10 12:06:35,078 INFO S7 kein Volltext (trafilatura_returned_empty): Kane kann schon heute auf Platz 6 der Liste der Bayern-Rekor
2026-10-10 12:06:35,503 WARNING discarding data: None
2026-10-10 12:06:35,503 INFO S7 kein Volltext (trafilatura_returned_empty): Kane kann schon heute auf Platz 6 der Liste der Bayern-Rekor
2026-10-10 12:06:35,503 INFO S7 zu wenig Stoff (0 Wörter aus 0 Quellen, Versuch 2/3): Kane kann schon heute auf Platz 6 der Liste der Bayern-Rekor
2026-10-10 12:06:37,305 INFO S7 kein Volltext (likely_paywall): Plant der FC Bayern mit Verpflichtung von überraschendem Neu
2026-10-10 12:06:38,644 INFO S7 kein Volltext (likely_paywall): Plant der FC Bayern mit Verpflichtung von überraschendem Neu
2026-10-10 12:06:38,644 INFO S7 zu wenig Stoff (0 Wörter aus 0 Quellen, Versuch 3/3): Plant der FC Bayern mit Verpflichtung von überraschendem Neu
2026-10-10 12:06:39,566 INFO S7 kein Volltext (too_short_47_words): Wegen Füllkrug-Szene - Kovac schiebt Schiri-Frust
2026-10-10 12:06:39,566 INFO S7 zu wenig Stoff (0 Wörter aus 0 Quellen, Versuch 2/3): Wegen Füllkrug-Szene - Kovac schiebt Schiri-Frust
2026-10-10 12:06:40,173 WARNING discarding data: None
2026-10-10 12:06:40,174 INFO S7 kein Volltext (trafilatura_returned_empty): Größtes Schalke-Juwel spielt kaum: Jetzt spricht Muslic Klar
2026-10-10 12:06:40,174 INFO S7 zu wenig Stoff (0 Wörter aus 0 Quellen, Versuch 1/3): Größtes Schalke-Juwel spielt kaum: Jetzt spricht Muslic Klar
2026-10-10 12:06:43,750 INFO S7 schreiben (Prio 2, 1 Quellen): Für den Fall der Fälle: Schalke sondiert den Trainermarkt
2026-10-10 12:06:50,786 INFO S7.6 doppelt (Schalke siegt in Oberhausen: Gantenbein und Lasme ): Schalke will mit Muslic verlängern und hat Plan B 
2026-10-10 12:07:03,363 INFO S7 kein Volltext (fetch_failed_ReadTimeout): FC Bayern: Neue Tendenz im Transfer-Poker um Michael Olise
2026-10-10 12:07:03,363 INFO S7 zu wenig Stoff (0 Wörter aus 0 Quellen, Versuch 1/3): FC Bayern: Neue Tendenz im Transfer-Poker um Michael Olise
2026-10-10 12:07:04,702 INFO S7 kein Volltext (likely_paywall): "It was like a movie”: Weiser describes his “special moment”
2026-10-10 12:07:04,702 INFO S7 zu wenig Stoff (0 Wörter aus 0 Quellen, Versuch 1/3): "It was like a movie”: Weiser describes his “special moment”
2026-10-10 12:07:06,045 INFO S7 kein Volltext (too_short_10_words): Derry Scherhant im Interview
2026-10-10 12:07:06,045 INFO S7 zu wenig Stoff (0 Wörter aus 0 Quellen, Versuch 1/3): Derry Scherhant im Interview
2026-10-10 12:07:07,230 INFO S7 kein Volltext (too_short_52_words): Schalkes größtes Talent spielt nicht: Das sagt Muslic zur Ay
2026-10-10 12:07:07,230 INFO S7 zu wenig Stoff (0 Wörter aus 0 Quellen, Versuch 1/3): Schalkes größtes Talent spielt nicht: Das sagt Muslic zur Ay
2026-10-10 12:07:09,040 INFO S7 kein Volltext (too_short_59_words): HSV-Profi Amoako offen wie nie: „Es ist schwierig, das auszu
2026-10-10 12:07:09,040 INFO S7 zu wenig Stoff (0 Wörter aus 0 Quellen, Versuch 1/3): HSV-Profi Amoako offen wie nie: „Es ist schwierig, das auszu
2026-10-10 12:07:10,120 WARNING discarding data: None
2026-10-10 12:07:10,121 INFO S7 kein Volltext (trafilatura_returned_empty): Heftiger BVB-Einbruch sorgt für "Enttäuschung"
2026-10-10 12:07:10,121 INFO S7 zu wenig Stoff (0 Wörter aus 0 Quellen, Versuch 2/3): Heftiger BVB-Einbruch sorgt für "Enttäuschung"
2026-10-10 12:07:11,491 INFO S7 kein Volltext (too_short_30_words): Schlotterbecks deutliche Worte nach Werder-Schock
2026-10-10 12:07:11,491 INFO S7 zu wenig Stoff (0 Wörter aus 0 Quellen, Versuch 2/3): Schlotterbecks deutliche Worte nach Werder-Schock
2026-10-10 12:07:12,828 INFO S7 kein Volltext (likely_paywall): Mario Götze assesses Frankfurt's inconsistent start and Hütt
2026-10-10 12:07:12,828 INFO S7 zu wenig Stoff (0 Wörter aus 0 Quellen, Versuch 2/3): Mario Götze assesses Frankfurt's inconsistent start and Hütt
2026-10-10 12:07:13,262 ERROR lxml parsing failed: Document is empty
2026-10-10 12:07:13,263 ERROR lxml parser bytestring Document is empty
2026-10-10 12:07:13,263 ERROR lxml parsing failed: Document is empty
2026-10-10 12:07:13,263 ERROR lxml parser bytestring Document is empty
2026-10-10 12:07:13,263 ERROR empty HTML tree: None
2026-10-10 12:07:13,263 WARNING discarding data: None
2026-10-10 12:07:13,264 INFO S7 kein Volltext (trafilatura_returned_empty): Werders „X-Faktor“ Füllkrug trifft vier Spiele in Serie – Un
2026-10-10 12:07:13,264 INFO S7 zu wenig Stoff (0 Wörter aus 0 Quellen, Versuch 2/3): Werders „X-Faktor“ Füllkrug trifft vier Spiele in Serie – Un
2026-10-10 12:07:14,365 INFO S7 kein Volltext (seite_zu_alt): BVB-Coach Kobac scherzt über Füllkrug: "Der hat 1,90m x 1,90
2026-10-10 12:07:14,365 INFO S7 zu wenig Stoff (0 Wörter aus 0 Quellen, Versuch 2/3): BVB-Coach Kobac scherzt über Füllkrug: "Der hat 1,90m x 1,90
2026-10-10 12:07:15,611 INFO S7 kein Volltext (likely_paywall): Mario Götze reflects on mentorship role and the evolution of
2026-10-10 12:07:15,611 INFO S7 zu wenig Stoff (0 Wörter aus 0 Quellen, Versuch 2/3): Mario Götze reflects on mentorship role and the evolution of
2026-10-10 12:07:16,037 WARNING discarding data: None
2026-10-10 12:07:16,038 INFO S7 kein Volltext (trafilatura_returned_empty): FC Bayern: Michael Olise trifft offenbar Wechsel-Entscheidun
2026-10-10 12:07:16,038 INFO S7 zu wenig Stoff (0 Wörter aus 0 Quellen, Versuch 2/3): FC Bayern: Michael Olise trifft offenbar Wechsel-Entscheidun
2026-10-10 12:07:16,550 ERROR lxml parsing failed: Document is empty
2026-10-10 12:07:16,550 ERROR lxml parser bytestring Document is empty
2026-10-10 12:07:16,550 ERROR lxml parsing failed: Document is empty
2026-10-10 12:07:16,550 ERROR lxml parser bytestring Document is empty
2026-10-10 12:07:16,550 ERROR empty HTML tree: None
2026-10-10 12:07:16,550 WARNING discarding data: None
2026-10-10 12:07:16,551 INFO S7 kein Volltext (trafilatura_returned_empty): Thioune: "Wenn meine Mannschaft eins gelernt hat, ..." | Wer
2026-10-10 12:07:16,551 INFO S7 zu wenig Stoff (0 Wörter aus 0 Quellen, Versuch 2/3): Thioune: "Wenn meine Mannschaft eins gelernt hat, ..." | Wer
2026-10-10 12:07:16,927 WARNING discarding data: None
2026-10-10 12:07:16,927 INFO S7 kein Volltext (trafilatura_returned_empty): Setzt Gladbach im Derby auf Neuhaus?
2026-10-10 12:07:16,927 INFO S7 zu wenig Stoff (0 Wörter aus 0 Quellen, Versuch 3/3): Setzt Gladbach im Derby auf Neuhaus?
2026-10-10 12:07:17,912 INFO S7 kein Volltext (likely_paywall): Nach langen Verhandlungen mit Eintracht im Sommer: Schalke-N
2026-10-10 12:07:17,912 INFO S7 zu wenig Stoff (0 Wörter aus 0 Quellen, Versuch 3/3): Nach langen Verhandlungen mit Eintracht im Sommer: Schalke-N
2026-10-10 12:07:18,554 INFO S7 kein Volltext (too_short_15_words): Fußball: Eintracht Frankfurt vor Leipzig mit Systemfrage
2026-10-10 12:07:18,554 INFO S7 zu wenig Stoff (0 Wörter aus 0 Quellen, Versuch 3/3): Fußball: Eintracht Frankfurt vor Leipzig mit Systemfrage
2026-10-10 12:07:19,787 INFO S7 kein Volltext (likely_paywall): Dortmund wingback Svensson credits his goal to "switching si
2026-10-10 12:07:19,787 INFO S7 zu wenig Stoff (0 Wörter aus 0 Quellen, Versuch 3/3): Dortmund wingback Svensson credits his goal to "switching si
2026-10-10 12:07:20,317 ERROR lxml parsing failed: Document is empty
2026-10-10 12:07:20,317 ERROR lxml parser bytestring Document is empty
2026-10-10 12:07:20,317 ERROR lxml parsing failed: Document is empty
2026-10-10 12:07:20,317 ERROR lxml parser bytestring Document is empty
2026-10-10 12:07:20,317 ERROR empty HTML tree: None
2026-10-10 12:07:20,317 WARNING discarding data: None
2026-10-10 12:07:20,318 INFO S7 kein Volltext (trafilatura_returned_empty): Hlozek in Topform und die Baumann-Frage | Michael Pfeifer au
2026-10-10 12:07:20,318 INFO S7 zu wenig Stoff (0 Wörter aus 0 Quellen, Versuch 1/3): Hlozek in Topform und die Baumann-Frage | Michael Pfeifer au
2026-10-10 12:07:23,529 INFO S6.5 schon berichtet (Kompany zur Kimmich-Debatte: „Mini-Debatten“): Plötzlich spricht er von "van der Vaart im Jacuzzi"! Vincent
2026-10-10 12:07:25,214 INFO S7 kein Volltext (too_short_12_words): Union gegen Aufsteiger Elversberg unter Druck: "Großer Wille
2026-10-10 12:07:25,214 INFO S7 zu wenig Stoff (0 Wörter aus 0 Quellen, Versuch 1/3): Union gegen Aufsteiger Elversberg unter Druck: "Großer Wille
2026-10-10 12:07:26,493 INFO S7 kein Volltext (too_short_14_words): Gladbach hofft auf Trainer-Effekt im Derby
2026-10-10 12:07:26,493 INFO S7 zu wenig Stoff (0 Wörter aus 0 Quellen, Versuch 3/3): Gladbach hofft auf Trainer-Effekt im Derby
2026-10-10 12:07:26,880 WARNING discarding data: None
2026-10-10 12:07:26,880 INFO S7 kein Volltext (trafilatura_returned_empty): Kane, Saibari, Tah und Co.: Einblicke ins geheime Bayern-Abs
2026-10-10 12:07:26,880 INFO S7 zu wenig Stoff (0 Wörter aus 0 Quellen, Versuch 3/3): Kane, Saibari, Tah und Co.: Einblicke ins geheime Bayern-Abs
2026-10-10 12:07:27,284 ERROR lxml parsing failed: Document is empty
2026-10-10 12:07:27,284 ERROR lxml parser bytestring Document is empty
2026-10-10 12:07:27,284 ERROR lxml parsing failed: Document is empty
2026-10-10 12:07:27,284 ERROR lxml parser bytestring Document is empty
2026-10-10 12:07:27,284 ERROR empty HTML tree: None
2026-10-10 12:07:27,285 WARNING discarding data: None
2026-10-10 12:07:27,285 INFO S7 kein Volltext (trafilatura_returned_empty): Endspiel für Wagner? "Intern gibt es diese Stimmen nicht" | 
2026-10-10 12:07:27,285 INFO S7 zu wenig Stoff (0 Wörter aus 0 Quellen, Versuch 1/3): Endspiel für Wagner? "Intern gibt es diese Stimmen nicht" | 
2026-10-10 12:07:30,654 INFO S6.5 schon berichtet (Augsburg gegen Bayern: Torhungriger FCA triff): Kompany freut sich nach Augsburgs starkem Saisonauftakt auf 
2026-10-10 12:07:31,377 WARNING discarding data: None
2026-10-10 12:07:31,378 INFO S7 kein Volltext (trafilatura_returned_empty): UCL-Los, Transfers Und Sandro Wagner | PK Vor FC Augsburg Mi
2026-10-10 12:07:31,378 INFO S7 zu wenig Stoff (0 Wörter aus 0 Quellen, Versuch 1/3): UCL-Los, Transfers Und Sandro Wagner | PK Vor FC Augsburg Mi
2026-10-10 12:07:32,357 INFO S7 kein Volltext (likely_paywall): „Hat noch Potenzial nach oben“: Eintracht-Trainer Hütter for
2026-10-10 12:07:32,357 INFO S7 zu wenig Stoff (0 Wörter aus 0 Quellen, Versuch 2/3): „Hat noch Potenzial nach oben“: Eintracht-Trainer Hütter for
2026-10-10 12:07:33,863 INFO S7 kein Volltext (too_short_43_words): Fußball-Bundesliga: Bayern gegen Augsburg - da war doch was?
2026-10-10 12:07:33,863 INFO S7 zu wenig Stoff (0 Wörter aus 0 Quellen, Versuch 3/3): Fußball-Bundesliga: Bayern gegen Augsburg - da war doch was?
2026-10-10 12:07:34,926 INFO S7 kein Volltext (too_short_48_words): Das sagt Urs Fischer vor dem Duell mit Bayer 04
2026-10-10 12:07:34,926 INFO S7 zu wenig Stoff (0 Wörter aus 0 Quellen, Versuch 3/3): Das sagt Urs Fischer vor dem Duell mit Bayer 04
2026-10-10 12:07:34,940 INFO FinalCheck SKIP: dortmund/{'niko kovac'} stage=vertrag bereits in Archiv
2026-10-10 12:07:34,940 INFO S9.5 FinalCheck: 0/1 durch
2026-10-10 12:07:35,002 INFO 💶 Kosten: dieser Lauf 0.000 $ (Budget 0.105 $) | heute 0.00 $ | Monat 0.72 / 23 $ | konferenz (abo) 2× 0.000 $, dublette (abo) 10× 0.000 $, schreiben (abo) 2× 0.000 $
2026-10-10 12:07:35,002 INFO 🎫 Abo-Verbrauch: 37,569 Tokens rein (davon Cache gelesen 1,275), 21,160 raus, API-Gegenwert 0.24 $ | konferenz 2×: 11,271/17,992, dublette 10×: 13,270/1,015, schreiben 2×: 13,028/2,153
2026-10-10 12:07:35,070 INFO Feeds: 60/60 begonnen, nächster Lauf startet bei Nr. 0
2026-10-10 12:07:35,070 INFO URL-Cache gespeichert: 32916 URLs
2026-10-10 12:07:35,070 INFO === Fertig. 0 neue Artikel. feed.json: 1509 ===
2026-10-10 12:07:35,070 INFO Stats: {"ts": "20261010_1201", "ingested": 287, "s2_pre_filter": 65, "s3_relevance": 55, "s4_dedup_early": 0, "gesammelt": 162, "geschichten_neu": 100, "s5_archiv_doppelt": 1, "s5_zusammengefuehrt": 2, "s6_aussortiert": 81, "s7_geschrieben": 2, "s7_verworfen": 5, "s5_fulltext_fail": 36, "s8_qa_rejected": 1, "published": 0, "s5_ohne_bezug": 4, "s5_randthema": 2, "kosten": {"lauf_usd": 0.0, "lauf_budget_usd": 0.1051, "heute_usd": 0.0, "monat_usd": 0.7196, "monatsbudget_usd": 23.0, "aufrufe": {"konferenz (abo)": {"anzahl": 2, "usd": 0.0}, "dublette (abo)": {"anzahl": 10, "usd": 0.0}, "schreiben (abo)": {"anzahl": 2, "usd": 0.0}}, "guthaben_leer": false, "abo": true, "abo_tokens": {"konferenz": {"aufrufe": 2, "ein": 3462, "cache_schreiben": 7809, "cache_lesen": 0, "aus": 17992, "api_wert_usd": 0.1091}, "dublette": {"aufrufe": 10, "ein": 20, "cache_schreiben": 13250, "cache_lesen": 0, "aus": 1015, "api_wert_usd": 0.0632}, "schreiben": {"aufrufe": 2, "ein": 4, "cache_schreiben": 11749, "cache_lesen": 1275, "aus": 2153, "api_wert_usd": 0.0687}}}}
