2026-10-06 12:01:54,879 INFO 💶 Budget: dieser Lauf 0.060 $ | heute 0.00 $ | Monat 0.72 / 23 $
2026-10-06 12:01:55,089 INFO URL-Cache geladen: 24441 bekannte URLs (letzte 30 Tage)
2026-10-06 12:01:55,089 INFO === Ligaoutsider Generator startet – max. 50 Artikel ===
2026-10-06 12:01:55,089 INFO Feed: https://newsfeed.kicker.de/news/bundesliga
2026-10-06 12:01:55,316 INFO Feed: https://www.sportschau.de/fussball/bundesliga/index~rss2.xml
2026-10-06 12:01:56,135 INFO Feed: https://sportbild.bild.de/feed/sportbild-home.xml
2026-10-06 12:01:56,576 INFO BL-Spielerliste geladen: 1002 Namen
2026-10-06 12:01:56,618 INFO S3 keyword miss: Sie wurden zusammen NBA-Meister - Nowitzki-Kumpel vor spekta
2026-10-06 12:01:56,696 INFO S3 keyword miss: Wintersport-Traumpaar - Biathlon-Star schwärmt von seiner Fr
2026-10-06 12:01:56,771 INFO S3 keyword miss: Saison-Aus für Sinner! - Zverev auf dem Weg zur Nr. 1
2026-10-06 12:01:56,772 INFO S2 blacklist: 13 Tore! Spitze! - Zweitliga-Handballer macht das perfekte S
2026-10-06 12:01:56,849 INFO S3 keyword miss: Es sollte eine Party in New Orleans werden - Saints-Jubiläum
2026-10-06 12:01:56,925 INFO S3 keyword miss: „Unprofessionelles Verhalten“ - NFL verhängt Sperren nach Sc
2026-10-06 12:01:56,926 INFO Feed: https://www.bild.de/rss-feeds/rss-16725492,feed=fussball-mix.bild.html
2026-10-06 12:01:57,588 INFO S3 keyword miss: Trotz Demütigung von Bundesliga-Absteiger - Trainer-Knall be
2026-10-06 12:01:57,591 INFO S2 blacklist: 21.000 Kilometer für nichts? - Letzte Chance für diesen SVE-
2026-10-06 12:01:57,667 INFO S3 keyword miss: Comeback gegen Fürth? - Für einen Hertha-Star wird es ganz e
2026-10-06 12:01:57,743 INFO S3 keyword miss: Sie waren alle nicht nominiert - Diese 6 Stürmer könnten Klo
2026-10-06 12:01:57,743 INFO Feed: https://www.11freunde.de/feed
2026-10-06 12:01:59,172 INFO Feed: https://www.bundesliga.com/de/bundesliga/news.rss
2026-10-06 12:01:59,281 INFO S2 blacklist: XXL-Länderspielpause: So läuft es für Kane, Olise und Co.
2026-10-06 12:01:59,284 INFO Feed: https://news.google.com/rss/topics/CAAqJggKIiBDQkFTRWdvSUwyMHZNRFp1ZEdvU0FtUmxHZ0pFUlNnQVAB?hl=de&gl=DE&ceid=DE:de
2026-10-06 12:01:59,894 INFO S2 blacklist: Olise brilliert erneut: Frankreich zieht Belgien spät den Za
2026-10-06 12:02:00,071 INFO S3 keyword miss: Nächste Pleite: Türkei verliert erneut gegen Italien
2026-10-06 12:02:00,240 INFO S3 keyword miss: Bahrain-Analyse: Verwarnung für Norris, saftige Strafe für A
2026-10-06 12:02:00,240 INFO S2 blacklist: Nationalmannschaft: Matthäus sieht keinen Kimmich-"Freifahrt
2026-10-06 12:02:00,241 INFO S2 blacklist: Viertelfinale? Selbst zwei Siege könnten für Deutschland nic
2026-10-06 12:02:00,374 INFO S3 keyword miss: "Hasse das zu sehen": Knicks und 76ers in Schock nach Hukpor
2026-10-06 12:02:00,375 INFO Feed: https://news.google.com/rss/search?q=Bundesliga+Testspiel+Ergebnis&hl=de&gl=DE&ceid=DE:de
2026-10-06 12:02:00,784 INFO Feed: https://news.google.com/rss/search?q=Bundesliga+Vorbereitung+Sommertour&hl=de&gl=DE&ceid=DE:de
2026-10-06 12:02:01,026 INFO Feed: https://news.google.com/rss/search?q=Bundesliga+Verletzung+Ausfall+gesperrt&hl=de&gl=DE&ceid=DE:de
2026-10-06 12:02:01,568 INFO Feed: https://news.google.com/rss/search?q=Bundesliga+Transfer+Wechsel+verpflichtet&hl=de&gl=DE&ceid=DE:de
2026-10-06 12:02:01,918 INFO Feed: https://news.google.com/rss/search?q=Bundesliga+Gerücht+Interesse+Angebot&hl=de&gl=DE&ceid=DE:de
2026-10-06 12:02:02,305 INFO Feed: https://news.google.com/rss/search?q=Bundesliga+Vertrag+verlängert+ablösefrei&hl=de&gl=DE&ceid=DE:de
2026-10-06 12:02:02,666 INFO Feed: https://news.google.com/rss/search?q=%22FC+Bayern%22+OR+%22Bayern+M%C3%BCnchen%22+when%3A1d&hl=de&gl=DE&ceid=DE:de
2026-10-06 12:02:03,175 INFO Feed: https://news.google.com/rss/search?q=BVB+OR+%22Borussia+Dortmund%22+when%3A1d&hl=de&gl=DE&ceid=DE:de
2026-10-06 12:02:03,962 INFO S2 blacklist: Borussia Dortmund gegen SV Werder Bremen live im TV und Stre
2026-10-06 12:02:03,964 INFO S2 blacklist: Borussia Dortmund: Kovac-Verlängerung bis 2029 Berichten zuf
2026-10-06 12:02:03,965 INFO S2 blacklist: Traumtor Wessels, Doppelpack Mutove: Der BVB siegt weiter | 
2026-10-06 12:02:03,966 INFO S2 blacklist: Krasses Torverhältnis und Langeweile zwischen den Pfosten! A
2026-10-06 12:02:03,968 INFO Feed: https://news.google.com/rss/search?q=%22Bayer+Leverkusen%22+OR+%22Bayer+04%22+when%3A1d&hl=de&gl=DE&ceid=DE:de
2026-10-06 12:02:04,295 INFO S2 blacklist: Bayer 04 Leverkusen U19
2026-10-06 12:02:04,378 INFO S3 keyword miss: Warum es schwieriger wird, an Bundesliga-Tickets zu kommen
2026-10-06 12:02:04,379 INFO S2 blacklist: Copa América - Abstellungen RCD Mallorca | Seite 2
2026-10-06 12:02:04,380 INFO Feed: https://news.google.com/rss/search?q=%22RB+Leipzig%22+when%3A1d&hl=de&gl=DE&ceid=DE:de
2026-10-06 12:02:04,763 INFO S2 blacklist: Beispiellose Wutrede: Ex-Bundesliga-Star Xaver Schlager rech
2026-10-06 12:02:04,850 INFO S3 keyword miss: Doch kein Comeback mit Leistner? Ex-Hertha-Star Demme spielt
2026-10-06 12:02:04,850 INFO Feed: https://news.google.com/rss/search?q=%22VfB+Stuttgart%22+when%3A1d&hl=de&gl=DE&ceid=DE:de
2026-10-06 12:02:05,235 INFO S2 blacklist: Hier läuft SC Paderborn vs. VfB Stuttgart live im TV
2026-10-06 12:02:05,237 INFO S2 blacklist: Tobias Heizmann - Eingesetzte Spieler (Galerie) | Seite 4
2026-10-06 12:02:05,317 INFO S3 keyword miss: Petter Bakken
2026-10-06 12:02:05,398 INFO S3 keyword miss: Fritz Göbel
2026-10-06 12:02:05,398 INFO Feed: https://news.google.com/rss/search?q=%22Eintracht+Frankfurt%22+when%3A1d&hl=de&gl=DE&ceid=DE:de
2026-10-06 12:02:05,967 INFO Feed: https://news.google.com/rss/search?q=Gladbach+OR+%22Borussia+M%C3%B6nchengladbach%22+when%3A1d&hl=de&gl=DE&ceid=DE:de
2026-10-06 12:02:06,332 INFO S2 blacklist: Borussia Mönchengladbach UEFA U19
2026-10-06 12:02:06,335 INFO S2 blacklist: Borussia Mönchengladbach U17
2026-10-06 12:02:06,421 INFO S3 keyword miss: St.-Pauli-Blog: Eric Smith feiert besondere Premiere für Sch
2026-10-06 12:02:06,423 INFO Feed: https://news.google.com/rss/search?q=%22SC+Freiburg%22+when%3A1d&hl=de&gl=DE&ceid=DE:de
2026-10-06 12:02:06,780 INFO S2 blacklist: Offiziell: Leistungsträger Ginter verlängert in Freiburg
2026-10-06 12:02:06,897 INFO S3 keyword miss: Martin Petersen
2026-10-06 12:02:06,978 INFO S3 keyword miss: Benjamin Brand
2026-10-06 12:02:06,979 INFO Feed: https://news.google.com/rss/search?q=Hoffenheim+when%3A1d&hl=de&gl=DE&ceid=DE:de
2026-10-06 12:02:07,409 INFO S2 blacklist: TSG 1899 Hoffenheim II - Beliebtheitsrangliste - Vereine
2026-10-06 12:02:07,413 INFO S2 blacklist: Knappe Niederlage gegen Hoffenheim | ClubFrauen Highlights |
2026-10-06 12:02:07,415 INFO S2 kein BL-Klub im Titel: 1.FC Kaiserslautern II
2026-10-06 12:02:07,416 INFO Feed: https://news.google.com/rss/search?q=%22Mainz+05%22+when%3A1d&hl=de&gl=DE&ceid=DE:de
2026-10-06 12:02:07,863 INFO S2 blacklist: 1.FSV Mainz 05 U19 - Rekord-Abgänge (Galerie) | Seite 9
2026-10-06 12:02:07,863 INFO S2 blacklist: 1.FSV Mainz 05 - Spieler von A bis Z (Detailansicht) | Seite
2026-10-06 12:02:07,944 INFO S3 keyword miss: Emil Izsó
2026-10-06 12:02:08,024 INFO S3 keyword miss: Luca Götz
2026-10-06 12:02:08,106 INFO S3 keyword miss: Großer Schritt in ihrer noch jungen Fußballkarriere
2026-10-06 12:02:08,185 INFO S3 keyword miss: Erich Krehl
2026-10-06 12:02:08,266 INFO S3 keyword miss: Martin Petersen
2026-10-06 12:02:08,346 INFO S3 keyword miss: Heinz Mörschel
2026-10-06 12:02:08,346 INFO Feed: https://news.google.com/rss/search?q=%22FC+Augsburg%22+when%3A1d&hl=de&gl=DE&ceid=DE:de
2026-10-06 12:02:08,749 INFO S2 blacklist: TSV Schwaben Augsburg - TSV 1882 Landsberg, 1:1
2026-10-06 12:02:08,860 INFO S3 keyword miss: Sami Hyypiä
2026-10-06 12:02:08,940 INFO S3 keyword miss: Veselin Popovic
2026-10-06 12:02:09,022 INFO S3 keyword miss: DJK Vilzing
2026-10-06 12:02:09,022 INFO S2 blacklist: Super League - Ausländische Trainer | Seite 8
2026-10-06 12:02:09,023 INFO Feed: https://news.google.com/rss/search?q=%22Union+Berlin%22+when%3A1d&hl=de&gl=DE&ceid=DE:de
2026-10-06 12:02:09,557 INFO S3 keyword miss: Neue Berliner Eismarke setzt auf Innovation und originales D
2026-10-06 12:02:09,644 INFO S3 keyword miss: Fans haben kaum Chancen: Warum es schwieriger wird, an Bunde
2026-10-06 12:02:09,644 INFO Feed: https://news.google.com/rss/search?q=%22Werder+Bremen%22+when%3A1d&hl=de&gl=DE&ceid=DE:de
2026-10-06 12:02:10,121 INFO S2 blacklist: Länderspiel-Roundup: Shimadas Heimspiel & Playoff-Duelle
2026-10-06 12:02:10,201 INFO S3 keyword miss: Herman Puhmann
2026-10-06 12:02:10,281 INFO S3 keyword miss: Markus Pilawa
2026-10-06 12:02:10,282 INFO Feed: https://news.google.com/rss/search?q=HSV+OR+%22Hamburger+SV%22+when%3A1d&hl=de&gl=DE&ceid=DE:de
2026-10-06 12:02:10,680 INFO S2 blacklist: Hamburger SV - Kader im Detail 46/47 (Galerie) | Seite 2
2026-10-06 12:02:10,683 INFO S2 blacklist: Zwei Fehlentscheidungen? HSV verpasst Achtungserfolg beim Vf
2026-10-06 12:02:10,717 INFO Feed: https://news.google.com/rss/search?q=%221.+FC+K%C3%B6ln%22+OR+%22FC+K%C3%B6ln%22+when%3A1d&hl=de&gl=DE&ceid=DE:de
2026-10-06 12:02:11,074 INFO S2 blacklist: 1. FC Köln gegen RB Leipzig im Datenvergleich | Achtelfinale
2026-10-06 12:02:11,157 INFO S3 keyword miss: Zwei Hoffnungsträger zurück: Neues Gesicht nach Sturm-Schock
2026-10-06 12:02:11,238 INFO S3 keyword miss: Stephan Salger
2026-10-06 12:02:11,321 INFO S3 keyword miss: Robert Schröder
2026-10-06 12:02:11,322 INFO S2 blacklist: Lukas Kwasniok - Eingesetzte Spieler | Seite 3
2026-10-06 12:02:11,322 INFO Feed: https://news.google.com/rss/search?q=Schalke+when%3A1d&hl=de&gl=DE&ceid=DE:de
2026-10-06 12:02:11,733 INFO S2 blacklist: FC Schalke 04 U19
2026-10-06 12:02:11,810 INFO S3 keyword miss: Paul Pöpperl
2026-10-06 12:02:11,813 INFO Feed: https://news.google.com/rss/search?q=Elversberg+when%3A1d&hl=de&gl=DE&ceid=DE:de
2026-10-06 12:02:12,178 INFO Feed: https://news.google.com/rss/search?q=%22SC+Paderborn%22+when%3A1d&hl=de&gl=DE&ceid=DE:de
2026-10-06 12:02:12,653 INFO S3 keyword miss: Sinner beendet Saison: Zverevs Riesenchance auf Nummer 1
2026-10-06 12:02:12,766 INFO S3 keyword miss: Serdar Erdogmus
2026-10-06 12:02:12,846 INFO S3 keyword miss: Ramon Berndroth
2026-10-06 12:02:12,846 INFO Feed: https://www.transfermarkt.de/rss/news
2026-10-06 12:02:12,882 INFO Feed: https://www.waz.de/sport/fussball/rss
2026-10-06 12:02:13,623 INFO Feed: https://www.faz.net/rss/aktuell/sport/fussball/bundesliga/
2026-10-06 12:02:14,259 INFO S3 keyword miss: Einheitliche Lösung: Bundesliga-Präsidium möchte Konsens bei
2026-10-06 12:02:14,259 INFO Feed: https://bulinews.com/rss.xml
2026-10-06 12:02:14,838 INFO Feed: https://www.abendblatt.de/sport/rss
2026-10-06 12:02:15,438 INFO S3 keyword miss: DFB-Chef legt vor Uefa-Treffen nach: Neuendorf fordert Rote 
2026-10-06 12:02:15,521 INFO S3 keyword miss: U21 heute live: Größte Heimspiel-Kulisse seit 20 Jahren bei 
2026-10-06 12:02:15,522 INFO Feed: https://www.merkur.de/sport/fc-bayern/rssfeed.rdf
2026-10-06 12:02:16,223 INFO Feed: https://www.eyefootball.com/rss_news_main.xml
2026-10-06 12:02:16,878 INFO Feed: https://www.ligaportal.at/international/deutsche-bundesliga?format=feed&type=rss
2026-10-06 12:02:19,421 INFO Feed: https://www.reddit.com/r/soccer/new.rss?limit=100
2026-10-06 12:02:20,588 INFO S3 keyword miss: Change My View
2026-10-06 12:02:20,589 INFO S2 blacklist: Final Group Standings Of Concacaf Nations League A 26/27.
2026-10-06 12:02:20,673 INFO S3 keyword miss: 25 years ago today, David Beckham scored that freekick again
2026-10-06 12:02:20,760 INFO S3 keyword miss: Norway launch three-pronged attack on Gianni Infantino’s ‘ab
2026-10-06 12:02:20,761 INFO Feed: https://newsfeed.kicker.de/team/fc-bayern-muenchen
2026-10-06 12:02:20,813 INFO Feed: https://newsfeed.kicker.de/team/borussia-dortmund
2026-10-06 12:02:20,861 INFO Feed: https://newsfeed.kicker.de/team/rb-leipzig
2026-10-06 12:02:21,084 INFO Feed: https://newsfeed.kicker.de/team/bayer-04-leverkusen
2026-10-06 12:02:21,305 INFO Feed: https://newsfeed.kicker.de/team/vfb-stuttgart
2026-10-06 12:02:21,356 INFO Feed: https://newsfeed.kicker.de/team/eintracht-frankfurt
2026-10-06 12:02:21,590 INFO Feed: https://newsfeed.kicker.de/team/bor-moenchengladbach
2026-10-06 12:02:21,928 INFO Feed: https://newsfeed.kicker.de/team/sc-freiburg
2026-10-06 12:02:22,152 INFO Feed: https://newsfeed.kicker.de/team/tsg-hoffenheim
2026-10-06 12:02:22,484 INFO Feed: https://newsfeed.kicker.de/team/1-fsv-mainz-05
2026-10-06 12:02:22,718 INFO Feed: https://newsfeed.kicker.de/team/fc-augsburg
2026-10-06 12:02:23,040 INFO Feed: https://newsfeed.kicker.de/team/1-fc-union-berlin
2026-10-06 12:02:23,374 INFO Feed: https://newsfeed.kicker.de/team/werder-bremen
2026-10-06 12:02:23,720 INFO Feed: https://newsfeed.kicker.de/team/hamburger-sv
2026-10-06 12:02:23,767 INFO Feed: https://newsfeed.kicker.de/team/1-fc-koeln
2026-10-06 12:02:23,996 INFO Feed: https://newsfeed.kicker.de/team/fc-schalke-04
2026-10-06 12:02:24,223 INFO Feed: https://newsfeed.kicker.de/team/sv-elversberg
2026-10-06 12:02:24,570 INFO Feed: https://newsfeed.kicker.de/team/sc-paderborn-07
2026-10-06 12:02:24,800 INFO Feed: https://newsfeed.kicker.de/news/champions-league
2026-10-06 12:02:24,848 INFO Feed: ligainsider:themen
2026-10-06 12:02:49,554 INFO LigaInsider (Themenfinder): 125 Meldungen von 18 Vereinsseiten
2026-10-06 12:02:55,859 INFO Eingelesen: 78 Schlagzeilen nach den Gratis-Filtern
2026-10-06 12:02:57,283 INFO S5 kein Bundesliga-Spieler oder -Klub erkennbar: Fährmann haut einen raus: Die 6 besten Buchpassagen
2026-10-06 12:02:57,284 INFO S5 kein Bundesliga-Spieler oder -Klub erkennbar: Alexander Zverev: Jannik Sinner beendet Saison – Weg zur Nummer 1 frei
2026-10-06 12:02:57,284 INFO S5 schon berichtet (Tuchel schwärmt von Kane: „Fehlen mir fast di): Harry Kane steht kurz vor Verlängerung beim FC Bayern
2026-10-06 12:02:57,288 INFO S5 schon berichtet (BVB und Bayern beobachten Tottenham-Talent Lu): Marcel Regula will zum BVB: Transfer könnte trotzdem scheite
2026-10-06 12:02:57,288 INFO S5 Randthema: RB Leipzig - VfL Wolfsburg: Direkter Vergleich & Bilanz
2026-10-06 12:02:57,289 INFO S5 Fan-Wahl/Nachwuchs: Spielinfo | RB Leipzig - 1. FC Nürnberg : | 7. Spieltag | U-19-DFB-Nac
2026-10-06 12:02:57,290 INFO S5 Randthema: SSV Ulm - Eintr. Frankfurt II: 1 x 3 und 1 x 2 VIP-Tickets zu gewinnen
2026-10-06 12:02:57,291 INFO S5 Fan-Wahl/Nachwuchs: Borussia Mönchengladbach Jugend
2026-10-06 12:02:57,293 INFO S5 kein Bundesliga-Spieler oder -Klub erkennbar: Starker Kampf, knappe Niederlage - Bietigheim verpasst gegen Füchse Be
2026-10-06 12:02:57,295 INFO S5 Fan-Wahl/Nachwuchs: Spielinfo | FC Schalke 04 - Fortuna Düsseldorf : | 7. Spieltag | U-19-
2026-10-06 12:02:57,297 INFO S5 Randthema: How to buy Borussia Dortmund tickets in 2026: Prices, tips & best plac
2026-10-06 12:02:57,297 INFO S5 kein Bundesliga-Spieler oder -Klub erkennbar: Keine "vorschnelle" Lösung: Präsidium will Konsens bei 50+1
2026-10-06 12:02:57,297 INFO S5: 55 neue Geschichten, 2 schon berichtet, 4 zu wartenden Geschichten ergänzt, 320 warten
2026-10-06 12:06:19,027 INFO S6 aussortiert (doppelt): "Eine Säule unserer Mannschaft": Ginter verlängert in Freiburg
2026-10-06 12:06:19,028 INFO S6 aussortiert (doppelt): Wie es für ihn weitergeht - Weltmeister Ginter trifft Zukunfts-Entsche
2026-10-06 12:06:19,028 INFO S6 aussortiert (prio_1): Anders als Klopp - Hannover hat den Freiburg-Fluch
2026-10-06 12:06:19,029 INFO S6 aussortiert (prio_0): „Es war eine tolle Erfahrung“ - Ex-Nationalspieler spielt Mordopfer in
2026-10-06 12:06:19,029 INFO S6 aussortiert (prio_0): FC Bayern geht juristisch gegen Ex-Spieler vor
2026-10-06 12:06:19,029 INFO S6 aussortiert (prio_0): TSV Aubstadt - FC Bayern München II, 0:2
2026-10-06 12:06:19,029 INFO S6 aussortiert (prio_0): Es ging um 100 Millionen Euro! Warum ein Veto des FC Bayern Thomas Mül
2026-10-06 12:06:19,030 INFO S6 aussortiert (prio_0): Spielinfo | Veolia Towers Hamburg - Bayern München : | Achtelfinale | 
2026-10-06 12:06:19,030 INFO S6 aussortiert (prio_1): Kurios: BVB-Sturmtalent wird von Schalke-Legende beraten
2026-10-06 12:06:19,030 INFO S6 aussortiert (prio_0): Fahrzeugstörung: Drämmli-Blockade bei Bankverein Basel – BVB muss Fahr
2026-10-06 12:06:19,030 INFO S6 aussortiert (prio_1): Mammutaufgaben in Leipzig und Dortmund: Eintracht Frankfurt steht vor 
2026-10-06 12:06:19,031 INFO S6 aussortiert (prio_0): "Golden Boy"-Award: Stuttgart-Talent auf den Spuren eines Weltmeisters
2026-10-06 12:06:19,031 INFO S6 aussortiert (prio_1): Im Namen der Liebe: der Kniefall des VfB-Verteidigers Ramon Hendriks
2026-10-06 12:06:19,031 INFO S6 aussortiert (prio_0): Eintracht Frankfurt II
2026-10-06 12:06:19,031 INFO S6 aussortiert (prio_0): Blessin übernimmt Borussia Mönchengladbach! Kann Er Gladbach Jetzt Ret
2026-10-06 12:06:19,031 INFO S6 aussortiert (prio_0): Asian Cup Qualifikation - Abstellungen Borussia Mönchengladbach
2026-10-06 12:06:19,032 INFO S6 aussortiert (prio_0): Aufsteiger unter sich: Hilden feiert späten Doppelschlag gegen Bergisc
2026-10-06 12:06:19,032 INFO S6 aussortiert (doppelt): SC Freiburg verlängert mit Leistungsträger – „gemeinsame Erfolgsgeschi
2026-10-06 12:06:19,032 INFO S6 aussortiert (doppelt): Matze Ginter im Interview: "Maximal ambitioniert!"
2026-10-06 12:06:19,032 INFO S6 aussortiert (doppelt): Ginter-Deal in trockenen Tüchern
2026-10-06 12:06:19,032 INFO S6 aussortiert (prio_0): Sprayangriff am Hauptbahnhof in Mainz: Polizei sucht Opfer-Paar
2026-10-06 12:06:19,033 INFO S6 aussortiert (prio_0): FC Augsburg
2026-10-06 12:06:19,033 INFO S6 aussortiert (prio_0): (k+) Baustelle Berlin: Löst Hertha Union als Nummer 1 bald wieder ab?
2026-10-06 12:06:19,033 INFO S6 aussortiert (prio_1): Hält sich der BVB weiterhin schadlos?
2026-10-06 12:06:19,033 INFO S6 aussortiert (prio_1): Rassismus-Eklat bei Spiel um HSV-Profi: Schlägerei und Polizei-Einsatz
2026-10-06 12:06:19,034 INFO S6 aussortiert (prio_0): Hamburger SV II
2026-10-06 12:06:19,034 INFO S6 aussortiert (prio_0): Günter Mahlmann
2026-10-06 12:06:19,034 INFO S6 aussortiert (prio_0): HSV ODIN '59 Heemskerk II
2026-10-06 12:06:19,034 INFO S6 aussortiert (prio_0): 1.FC Köln
2026-10-06 12:06:19,034 INFO S6 aussortiert (prio_1): Schalke: Kader-Direktor verrät Berater-"Trick" - "Hey, ich habe Schalk
2026-10-06 12:06:19,034 INFO S6 aussortiert (doppelt): Vorbereitung auf die Wechselperiode: Schalke-Boss Lüftl umreißt den Wi
2026-10-06 12:06:19,035 INFO S6 aussortiert (prio_0): SV 07 Elversberg II
2026-10-06 12:06:19,035 INFO S6 aussortiert (prio_1): FC Bayern offenbar vor spannender Millionen-Entscheidung
2026-10-06 12:06:19,035 INFO S6 aussortiert (prio_0): Jonah Sticker: Saison-Stats Bundesliga 2026/27 im Ligavergleich
2026-10-06 12:06:19,035 INFO S6 aussortiert (prio_0): Felix Nmecha wins Bundesliga Goal of the Month award for September – w
2026-10-06 12:06:19,035 INFO S6 aussortiert (doppelt): Freiburg announce contract extension for Ginter
2026-10-06 12:06:19,036 INFO S6 aussortiert (prio_0): Klartext von Ex-Bayern-Star - Ronaldo „wird auf dem Elefanten-Friedhof
2026-10-06 12:06:19,036 INFO S6 aussortiert (prio_0): Er gratuliert sich selbst - Zlatan Ibrahimovic schenkt sich zum Geburt
2026-10-06 12:06:19,036 INFO S6 aussortiert (prio_0): Golden Boy-Award 2026: El Mala, Karl und Co. im Fokus
2026-10-06 12:06:19,036 INFO S6 aussortiert (doppelt): Van Buyten machte es vor: Harry Kane reiht sich wohl in prominente Bay
2026-10-06 12:06:19,037 INFO S6 aussortiert (prio_1): "Nicht länger schweigen": Christian Lell will bei "Promi Big Brother" 
2026-10-06 12:06:19,037 INFO S6 aussortiert (prio_0): Wird Lennart Karl vom FC Bayern Europas „Golden Boy“ 2026? Frammersbac
2026-10-06 12:06:19,037 INFO S6 aussortiert (prio_0): FC Bayern Alzenau
2026-10-06 12:06:19,037 INFO S6 aussortiert (prio_0): Handball Buxtehude: BSV gegen Borussia Dortmund: Pokalgegner wird in d
2026-10-06 12:06:19,038 INFO S6 aussortiert (prio_0): Raphael Guerreiro noch immer vereinslos: Ehemaliger Bayern-Star hat wo
2026-10-06 12:06:19,038 INFO S6 aussortiert (prio_0): Meinung: Rotation im Tor des VfB Stuttgart: Genau das Richtige für Den
2026-10-06 12:06:19,038 INFO S6 aussortiert (prio_0): Millionen-Regen trotz Chaos-Saison: Eintracht Frankfurt sahnt in der T
2026-10-06 12:06:19,038 INFO S6 aussortiert (prio_0): SC Freiburg
2026-10-06 12:06:19,038 INFO S6 aussortiert (prio_1): (k+) X-Faktor Suzuki: Klassischer Freiburg-Spieler und die nächste hei
2026-10-06 12:06:19,039 INFO S6 aussortiert (prio_1): Sturmsorgen beim HSV: Kommt es zu einer überraschenden Lösung?
2026-10-06 12:06:19,039 INFO S6 aussortiert (prio_0): Sieg gegen den FC Augsburg: FSV Wehringen im Viertelfinale
2026-10-06 12:06:19,039 INFO S6 aussortiert (prio_1): Haben Sie das gesehen? Nächste Zaubershow von Bayern-Star bei besonder
2026-10-06 12:06:19,039 INFO S6 aussortiert (doppelt): SV Werder Bremen
2026-10-06 12:06:20,618 INFO S7 kein Volltext (too_short_4_words): Alvero pausiert, Hein trainiert individuell
2026-10-06 12:06:22,441 INFO S7 schreiben (Prio 3, 1 Quellen): Fußball-Bundesliga: Nächster Rückschlag: Werder-Enttäuschung
2026-10-06 12:06:27,506 INFO S7 verworfen (zu_wenig_stoff): Fußball-Bundesliga: Nächster Rückschlag: Werder-Enttäuschung
2026-10-06 12:06:30,187 INFO S7 schreiben (Prio 3, 2 Quellen): Bayern-Verlängerung mit Folgen: Kanes großer Traum gerät in 
2026-10-06 12:06:41,385 INFO S7.6 doppelt (Durchbruch bei Kane: Bayern-Stürmer vor Verlängeru): Kane vor Bayern-Verlängerung: Premier-League-Rekor
2026-10-06 12:06:41,686 WARNING discarding data: None
2026-10-06 12:06:41,687 INFO S7 kein Volltext (trafilatura_returned_empty): Köln entscheidet sich gegen Transfer eines freien Stürmers
2026-10-06 12:06:41,981 WARNING discarding data: None
2026-10-06 12:06:41,982 INFO S7 kein Volltext (trafilatura_returned_empty): Köln entscheidet sich gegen Transfer eines freien Stürmers
2026-10-06 12:06:41,982 INFO S7 zu wenig Stoff (0 Wörter aus 0 Quellen, Versuch 3/3): Köln entscheidet sich gegen Transfer eines freien Stürmers
2026-10-06 12:06:42,310 ERROR lxml parsing failed: Document is empty
2026-10-06 12:06:42,310 ERROR lxml parser bytestring Document is empty
2026-10-06 12:06:42,310 ERROR lxml parsing failed: Document is empty
2026-10-06 12:06:42,310 ERROR lxml parser bytestring Document is empty
2026-10-06 12:06:42,310 ERROR empty HTML tree: None
2026-10-06 12:06:42,310 WARNING discarding data: None
2026-10-06 12:06:42,311 INFO S7 kein Volltext (trafilatura_returned_empty): Papais Tänzchen reicht nicht: TSG dreht die Partie beim Club
2026-10-06 12:06:42,311 INFO S7 zu wenig Stoff (0 Wörter aus 0 Quellen, Versuch 1/3): Papais Tänzchen reicht nicht: TSG dreht die Partie beim Club
2026-10-06 12:06:46,786 INFO S6.5 schon berichtet (Nach Dallinga-Schock: Köln prüft offenbar ver): Nach Verletzungen von Ache und Dallinga: Holt der FC doch no
2026-10-06 12:06:47,826 INFO S7 schreiben (Prio 3, 1 Quellen): Adlerticker: Onyedika kehrt früher zurück
2026-10-06 12:06:52,091 INFO S7 verworfen (zu_wenig_stoff): Adlerticker: Onyedika kehrt früher zurück
2026-10-06 12:06:57,886 INFO S6.5 schon berichtet (Durchbruch bei Kane: Bayern-Stürmer vor Verlä): Entscheidung um Kane-Zukunft offenbar gefallen
2026-10-06 12:06:58,615 INFO S7 schreiben (Prio 3, 1 Quellen): RB Leipzigs Vandevoordt mit starkem Debüt - doch dann schläg
2026-10-06 12:07:09,475 INFO S7.6 doppelt (Olise führt Frankreich zum 4:1 gegen Belgien, Zida): Vandevoordt debütiert für Belgien, Frankreich dreh
2026-10-06 12:07:10,414 INFO S7 schreiben (Prio 3, 1 Quellen): Vorteil für den BVB? Große Personalsorgen bei Werder Bremen
2026-10-06 12:07:23,303 INFO   Kandidat: Werder vor BVB-Spiel: Agu fällt aus, Hein und Itten fraglich
2026-10-06 12:07:25,543 INFO S7 kein Volltext (seite_zu_alt): Lech Posen - Bayer Leverkusen
2026-10-06 12:07:25,543 INFO S7 zu wenig Stoff (0 Wörter aus 0 Quellen, Versuch 1/3): Lech Posen - Bayer Leverkusen
2026-10-06 12:07:33,161 INFO S6.5 schon berichtet (Durchbruch bei Kane: Bayern-Stürmer vor Verlä): Verlängerung: FC Bayern berät mit Harry Kane noch über brisa
2026-10-06 12:07:33,585 WARNING discarding data: None
2026-10-06 12:07:33,586 INFO S7 kein Volltext (trafilatura_returned_empty): BVB-Ziel erhält 100-Millionen-Klausel - Erster Profivertrag 
2026-10-06 12:07:33,586 INFO S7 zu wenig Stoff (0 Wörter aus 0 Quellen, Versuch 1/3): BVB-Ziel erhält 100-Millionen-Klausel - Erster Profivertrag 
2026-10-06 12:07:35,814 INFO S7 schreiben (Prio 3, 1 Quellen): Zweifel, Tränen und ein Tor: Weisers märchenhaftes Werder-Co
2026-10-06 12:07:44,142 INFO   Kandidat: Weisers Werder-Comeback: Nach 483 Tagen Tränen und Siegtor
2026-10-06 12:07:44,701 INFO S7 kein Volltext (seite_zu_alt): Meta-Titel: DFB-Pokal: RB Leipzig gewinnt 6:0 in Trier
2026-10-06 12:07:44,701 INFO S7 zu wenig Stoff (0 Wörter aus 0 Quellen, Versuch 3/3): Meta-Titel: DFB-Pokal: RB Leipzig gewinnt 6:0 in Trier
2026-10-06 12:07:45,125 ERROR lxml parsing failed: Document is empty
2026-10-06 12:07:45,125 ERROR lxml parser bytestring Document is empty
2026-10-06 12:07:45,125 ERROR lxml parsing failed: Document is empty
2026-10-06 12:07:45,126 ERROR lxml parser bytestring Document is empty
2026-10-06 12:07:45,126 ERROR empty HTML tree: None
2026-10-06 12:07:45,126 WARNING discarding data: None
2026-10-06 12:07:45,127 INFO S7 kein Volltext (trafilatura_returned_empty): Zukunftsentscheidung! Kane kurz vor Unterschrift
2026-10-06 12:07:45,127 INFO S7 zu wenig Stoff (0 Wörter aus 0 Quellen, Versuch 3/3): Zukunftsentscheidung! Kane kurz vor Unterschrift
2026-10-06 12:07:45,397 WARNING discarding data: None
2026-10-06 12:07:45,398 INFO S7 kein Volltext (trafilatura_returned_empty): 1.FC Köln : Alle Spieler Im Training!!! Wen Streicht Wagner 
2026-10-06 12:07:45,398 INFO S7 zu wenig Stoff (0 Wörter aus 0 Quellen, Versuch 1/3): 1.FC Köln : Alle Spieler Im Training!!! Wen Streicht Wagner 
2026-10-06 12:07:46,544 INFO S7 kein Volltext (seite_zu_alt): Heidenheims Hoffnung aufs Wunder lebt: 3:1 in Köln
2026-10-06 12:07:48,043 INFO S7 kein Volltext (too_short_9_words): 1. FC Köln nach Testspiel und vor Derby
2026-10-06 12:07:49,244 INFO S7 kein Volltext (too_short_9_words): 1. FC Köln nach Testspiel und vor Derby
2026-10-06 12:07:49,244 INFO S7 zu wenig Stoff (0 Wörter aus 0 Quellen, Versuch 3/3): 1. FC Köln nach Testspiel und vor Derby
2026-10-06 12:07:49,688 INFO S7 kein Volltext (too_short_77_words): Auch läuferisch hat das Team Probleme - Mainz-Sorgen um Top-
2026-10-06 12:07:50,338 INFO S7 kein Volltext (too_short_77_words): Mainz 05: Sorgen um Top-Star Amiri
2026-10-06 12:07:50,339 INFO S7 zu wenig Stoff (0 Wörter aus 0 Quellen, Versuch 1/3): Auch läuferisch hat das Team Probleme - Mainz-Sorgen um Top-
2026-10-06 12:07:56,496 INFO S7 schreiben (Prio 2, 2 Quellen): Nationalspieler gesucht - Wann sind Werders Spieler top für 
2026-10-06 12:08:01,261 INFO S7 verworfen (nicht_relevant): Nationalspieler gesucht - Wann sind Werders Spieler top für 
2026-10-06 12:08:05,469 INFO S6.5 schon berichtet (Olise führt Frankreich zum 4:1 gegen Belgien,): Michael Olise führt, ohne ein Wort zu sagen
2026-10-06 12:08:07,018 WARNING discarding data: None
2026-10-06 12:08:07,019 INFO S7 kein Volltext (trafilatura_returned_empty): Ex-BVB- und Bayern-Profi vor Wechsel zu Milan?
2026-10-06 12:08:08,990 INFO S7 schreiben (Prio 2, 1 Quellen): BVB-Boss stellt Transfers in Aussicht
2026-10-06 12:08:12,627 INFO S7 verworfen (nicht_relevant): BVB-Boss stellt Transfers in Aussicht
2026-10-06 12:08:13,231 INFO S7 kein Volltext (too_short_15_words): Werder Bremen tütet mit Chuki von Real Valladolid zweiten So
2026-10-06 12:08:19,168 INFO S7 schreiben (Prio 2, 1 Quellen): Transfer-Volltreffer: Fünf große Gewinner bei Werder
2026-10-06 12:08:22,743 INFO S7 verworfen (nicht_relevant): Transfer-Volltreffer: Fünf große Gewinner bei Werder
2026-10-06 12:08:23,442 INFO S7 kein Volltext (too_short_9_words): Premiere für Vandevoordt, Orbán baut Erfolgsserie mit Ungarn
2026-10-06 12:08:24,396 INFO S7 kein Volltext (too_short_9_words): Premiere für Vandevoordt, Orbán baut Erfolgsserie mit Ungarn
2026-10-06 12:08:24,396 INFO S7 zu wenig Stoff (0 Wörter aus 0 Quellen, Versuch 3/3): Premiere für Vandevoordt, Orbán baut Erfolgsserie mit Ungarn
2026-10-06 12:08:28,002 INFO S7 schreiben (Prio 2, 1 Quellen): Inacio schwer enttäuscht: Borussia Dortmund ist jetzt in der
2026-10-06 12:08:36,054 INFO   Kandidat: Inacio ohne Einsatz: BVB-Talent kehrt enttäuscht aus Italien
2026-10-06 12:08:36,722 INFO S7 schreiben (Prio 2, 1 Quellen): „Vieira kannst du überall hinstellen“: Macht es der HSV jetz
2026-10-06 12:08:46,344 INFO   Kandidat: HSV: Polzin lobt Vieira nur vorsichtig, Poulsen denkt an Bar
2026-10-06 12:08:51,999 INFO S7 schreiben (Prio 2, 1 Quellen): Plötzlich zu teuer? BVB zweifelt bei Marcel Regula
2026-10-06 12:09:00,898 INFO   Kandidat: BVB zögert bei Regula: Lubin fordert sieben bis acht Million
2026-10-06 12:09:02,049 INFO S7 kein Volltext (likely_paywall): Eintracht-Star darf nach Verletzungs-Drama plötzlich vom DFB
2026-10-06 12:09:02,049 INFO S7 zu wenig Stoff (0 Wörter aus 0 Quellen, Versuch 1/3): Eintracht-Star darf nach Verletzungs-Drama plötzlich vom DFB
2026-10-06 12:09:04,061 INFO S7 schreiben (Prio 2, 1 Quellen): Eintracht Frankfurt: Torwart-Knall? Auch Kevin Trapp wohl Ka
2026-10-06 12:09:13,801 INFO S7.6 doppelt (Bayern sucht Urbigs Backup: Sky nennt lange Torhüt): Bayern prüft Kevin Trapp als Torwart-Option hinter
2026-10-06 12:09:14,975 INFO S7 schreiben (Prio 2, 1 Quellen): „Ein Derby ist etwas Geiles“: Blessin vor Gladbach-Premiere
2026-10-06 12:09:23,602 INFO   Kandidat: Blessin vor Gladbach-Premiere: „Ein Derby ist etwas Geiles“
2026-10-06 12:09:30,780 INFO S7 schreiben (Prio 2, 1 Quellen): Beim BVB bahnt sich eine wichtige Entscheidung an
2026-10-06 12:09:37,953 INFO S7.6 doppelt (BVB und Kovač einig: Trainer soll bis 2029 verläng): Kovac vor Verlängerung beim BVB: Vertrag bis 2029 
2026-10-06 12:09:39,142 INFO S7 schreiben (Prio 2, 1 Quellen): Transfer-Gipfel in München: Rechte Hand von FC-Bayern-Boss E
2026-10-06 12:09:47,079 INFO   Kandidat: Bayern beim Transfer-Gipfel: Wernscheid knüpft Kontakte in U
2026-10-06 12:09:47,450 INFO S7 schreiben (Prio 2, 1 Quellen): Vorsicht Frankfurt: Europas Elite jagt Eintracht-Juwel – Ber
2026-10-06 12:09:51,307 INFO S7 verworfen (nicht_relevant): Vorsicht Frankfurt: Europas Elite jagt Eintracht-Juwel – Ber
2026-10-06 12:09:51,754 ERROR lxml parsing failed: Document is empty
2026-10-06 12:09:51,754 ERROR lxml parser bytestring Document is empty
2026-10-06 12:09:51,755 ERROR lxml parsing failed: Document is empty
2026-10-06 12:09:51,755 ERROR lxml parser bytestring Document is empty
2026-10-06 12:09:51,755 ERROR empty HTML tree: None
2026-10-06 12:09:51,755 WARNING discarding data: None
2026-10-06 12:09:51,756 INFO S7 kein Volltext (trafilatura_returned_empty): Top-Talent im Clinch mit United: Bayern führt Gespräche mit 
2026-10-06 12:09:51,756 INFO S7 zu wenig Stoff (0 Wörter aus 0 Quellen, Versuch 1/3): Top-Talent im Clinch mit United: Bayern führt Gespräche mit 
2026-10-06 12:09:53,213 INFO S7 kein Volltext (likely_paywall): "He brings in ideas, we follow them" – Michael Olise hails Z
2026-10-06 12:09:53,213 INFO S7 zu wenig Stoff (0 Wörter aus 0 Quellen, Versuch 3/3): "He brings in ideas, we follow them" – Michael Olise hails Z
2026-10-06 12:09:54,303 INFO S7 kein Volltext (likely_paywall): Mammutaufgaben in Leipzig und Dortmund: Eintracht Frankfurt 
2026-10-06 12:09:54,304 INFO S7 zu wenig Stoff (0 Wörter aus 0 Quellen, Versuch 2/3): Mammutaufgaben in Leipzig und Dortmund: Eintracht Frankfurt 
2026-10-06 12:09:58,060 INFO S7 schreiben (Prio 2, 1 Quellen): Nach Klopps DFB-Start: Drei FC-Bayern-Stars überzeugen, eine
2026-10-06 12:10:02,640 INFO S7 verworfen (nicht_relevant): Nach Klopps DFB-Start: Drei FC-Bayern-Stars überzeugen, eine
2026-10-06 12:10:02,998 INFO S7 kein Volltext (too_short_53_words): Klopp-Entdeckung als Vorbild - Blessin ist Gladbachs große M
2026-10-06 12:10:02,998 INFO S7 zu wenig Stoff (0 Wörter aus 0 Quellen, Versuch 2/3): Klopp-Entdeckung als Vorbild - Blessin ist Gladbachs große M
2026-10-06 12:10:03,760 INFO S7 kein Volltext (too_short_34_words): HSV-Profi beichtet: „Ich liege im Bett und denke: ‚Hey, was 
2026-10-06 12:10:03,760 INFO S7 zu wenig Stoff (0 Wörter aus 0 Quellen, Versuch 2/3): HSV-Profi beichtet: „Ich liege im Bett und denke: ‚Hey, was 
2026-10-06 12:10:04,986 INFO S7 kein Volltext (seite_zu_alt): Hamann zerlegt Frankfurt & Riera: "Alles in Schutt und Asche
2026-10-06 12:10:04,986 INFO S7 zu wenig Stoff (0 Wörter aus 0 Quellen, Versuch 1/3): Hamann zerlegt Frankfurt & Riera: "Alles in Schutt und Asche
2026-10-06 12:10:05,237 INFO S7 kein Volltext (likely_paywall): Arsenal and Liverpool eyeing moves for Leipzig star?
2026-10-06 12:10:05,237 INFO S7 zu wenig Stoff (0 Wörter aus 0 Quellen, Versuch 2/3): Arsenal and Liverpool eyeing moves for Leipzig star?
2026-10-06 12:10:06,293 INFO S7 kein Volltext (seite_zu_alt): Rückkehr trotz „blutiger Nasen“? RB Leipzig will angeblich K
2026-10-06 12:10:06,293 INFO S7 zu wenig Stoff (0 Wörter aus 0 Quellen, Versuch 2/3): Rückkehr trotz „blutiger Nasen“? RB Leipzig will angeblich K
2026-10-06 12:10:06,440 INFO S7 kein Volltext (seite_zu_alt): France [1]-1 Belgium - Desire Doue 77'
2026-10-06 12:10:06,440 INFO S7 zu wenig Stoff (0 Wörter aus 0 Quellen, Versuch 1/3): France [1]-1 Belgium - Desire Doue 77'
2026-10-06 12:10:08,686 INFO S6.5 schon berichtet (BVB zögert bei Regula: Lubin fordert sieben b): BVB dran: Der Preis für Regula
2026-10-06 12:10:16,911 INFO S7 schreiben (Prio 2, 1 Quellen): Bayern, Dortmund and several Premier League clubs vying for 
2026-10-06 12:10:25,925 INFO   Kandidat: BVB und Bayern beobachten Tottenhams Luca Williams Barnett
2026-10-06 12:10:26,257 INFO S7 kein Volltext (too_short_15_words): Bald Nationalspieler? Klopp-Plan mit Noel Aseko von Eintrach
2026-10-06 12:10:26,257 INFO S7 zu wenig Stoff (0 Wörter aus 0 Quellen, Versuch 1/3): Bald Nationalspieler? Klopp-Plan mit Noel Aseko von Eintrach
2026-10-06 12:10:26,915 INFO S7 kein Volltext (seite_zu_alt): „Im Fußball weiß man nie“, sagt Matchwinner Vuskovic über ei
2026-10-06 12:10:26,915 INFO S7 zu wenig Stoff (0 Wörter aus 0 Quellen, Versuch 1/3): „Im Fußball weiß man nie“, sagt Matchwinner Vuskovic über ei
2026-10-06 12:10:30,380 INFO S7 schreiben (Prio 2, 1 Quellen): „Man hätte das Angebot zurückgezogen“: Holtby urteilt über P
2026-10-06 12:10:40,848 INFO   Kandidat: Holtby lobt HSV: „Es ist schon ein anderer HSV geworden“
2026-10-06 12:10:47,520 INFO S7 schreiben (Prio 2, 1 Quellen): Die BVB-Defensive macht den Titelkampf spannend
2026-10-06 12:10:55,780 INFO   Kandidat: BVB als Tabellenführer: Die Defensive trägt den Dortmunder S
2026-10-06 12:10:56,008 WARNING discarding data: None
2026-10-06 12:10:56,009 INFO S7 kein Volltext (trafilatura_returned_empty): Großes Potenzial: Littbarski schwärmt von Frankfurt-Stürmer 
2026-10-06 12:10:56,009 INFO S7 zu wenig Stoff (0 Wörter aus 0 Quellen, Versuch 1/3): Großes Potenzial: Littbarski schwärmt von Frankfurt-Stürmer 
2026-10-06 12:10:56,268 WARNING discarding data: None
2026-10-06 12:10:56,268 INFO S7 kein Volltext (trafilatura_returned_empty): Der Favorit reist fast ohne Innenverteidiger an
2026-10-06 12:10:56,269 INFO S7 zu wenig Stoff (0 Wörter aus 0 Quellen, Versuch 1/3): Der Favorit reist fast ohne Innenverteidiger an
2026-10-06 12:10:56,574 WARNING discarding data: None
2026-10-06 12:10:56,574 INFO S7 kein Volltext (trafilatura_returned_empty): Absage an Beşiktaş: Werder Bremen plant fest mit Talent Darw
2026-10-06 12:10:56,575 INFO S7 zu wenig Stoff (0 Wörter aus 0 Quellen, Versuch 1/3): Absage an Beşiktaş: Werder Bremen plant fest mit Talent Darw
2026-10-06 12:11:02,829 INFO S7 schreiben (Prio 2, 1 Quellen): Borussia Dortmund reibt sich die Hände: Star kehrt beflügelt
2026-10-06 12:11:10,514 INFO   Kandidat: Karetsas kehrt mit Griechenland-Schwung zum BVB zurück
2026-10-06 12:11:10,773 WARNING discarding data: None
2026-10-06 12:11:10,773 INFO S7 kein Volltext (trafilatura_returned_empty): Bis zu 100 Millionen: ManCity wollte Bayern-Star verpflichte
2026-10-06 12:11:10,774 INFO S7 zu wenig Stoff (0 Wörter aus 0 Quellen, Versuch 1/3): Bis zu 100 Millionen: ManCity wollte Bayern-Star verpflichte
2026-10-06 12:11:18,830 INFO S7 schreiben (Prio 2, 1 Quellen): Erstmals beim Training heute - Kompany schottet Bayern ab wi
2026-10-06 12:11:28,739 INFO   Kandidat: Bayern trainiert hinter neuem Sichtschutz: Kompany schottet 
2026-10-06 12:11:28,739 INFO S7 Abo-Deckel (12 Artikel) erreicht – Rest wartet auf den nächsten Lauf
2026-10-06 12:11:28,758 INFO FinalCheck SKIP: werder/{'cedric itten', 'karl hein', 'felix agu'} stage=ausfall bereits in Archiv
2026-10-06 12:11:28,765 INFO FinalCheck SKIP: dortmund/{'marcel regula', 'luca reggiani', 'ole book'} stage=geruecht bereits in Archiv
2026-10-06 12:11:28,778 INFO S9.5 FinalCheck: 10/12 durch
2026-10-06 12:11:29,940 INFO Veröffentlicht: Weisers Werder-Comeback: Nach 483 Tagen Tränen und Siegtor
2026-10-06 12:11:30,048 INFO Veröffentlicht: Inacio ohne Einsatz: BVB-Talent kehrt enttäuscht aus Italien
2026-10-06 12:11:30,154 INFO Veröffentlicht: HSV: Polzin lobt Vieira nur vorsichtig, Poulsen denkt an Bar
2026-10-06 12:11:30,260 INFO Veröffentlicht: Blessin vor Gladbach-Premiere: „Ein Derby ist etwas Geiles“
2026-10-06 12:11:30,369 INFO Veröffentlicht: Bayern beim Transfer-Gipfel: Wernscheid knüpft Kontakte in U
2026-10-06 12:11:30,476 INFO Veröffentlicht: BVB und Bayern beobachten Tottenhams Luca Williams Barnett
2026-10-06 12:11:30,580 INFO Veröffentlicht: Holtby lobt HSV: „Es ist schon ein anderer HSV geworden“
2026-10-06 12:11:30,686 INFO Veröffentlicht: BVB als Tabellenführer: Die Defensive trägt den Dortmunder S
2026-10-06 12:11:30,792 INFO Veröffentlicht: Karetsas kehrt mit Griechenland-Schwung zum BVB zurück
2026-10-06 12:11:30,900 INFO Veröffentlicht: Bayern trainiert hinter neuem Sichtschutz: Kompany schottet 
2026-10-06 12:11:30,938 INFO Reddit: Keine Credentials – übersprungen
2026-10-06 12:11:30,939 INFO Reddit: Keine Credentials – übersprungen
2026-10-06 12:11:30,939 INFO Reddit: Keine Credentials – übersprungen
2026-10-06 12:11:30,940 INFO Reddit: Keine Credentials – übersprungen
2026-10-06 12:11:30,940 INFO Reddit: Keine Credentials – übersprungen
2026-10-06 12:11:30,941 INFO Reddit: Keine Credentials – übersprungen
2026-10-06 12:11:30,941 INFO Reddit: Keine Credentials – übersprungen
2026-10-06 12:11:30,942 INFO Reddit: Keine Credentials – übersprungen
2026-10-06 12:11:30,942 INFO Reddit: Keine Credentials – übersprungen
2026-10-06 12:11:30,943 INFO Reddit: Keine Credentials – übersprungen
2026-10-06 12:11:30,944 INFO 💶 Kosten: dieser Lauf 0.000 $ (Budget 0.060 $) | heute 0.00 $ | Monat 0.72 / 23 $ | konferenz (abo) 2× 0.000 $, dublette (abo) 38× 0.000 $, schreiben (abo) 23× 0.000 $
2026-10-06 12:11:30,944 INFO 🎫 Abo-Verbrauch: 220,342 Tokens rein (davon Cache gelesen 29,325), 45,010 raus, API-Gegenwert 1.08 $ | konferenz 2×: 10,283/22,629, dublette 38×: 55,123/446, schreiben 23×: 154,936/21,935
2026-10-06 12:11:30,994 INFO Feeds: 60/60 begonnen, nächster Lauf startet bei Nr. 0
2026-10-06 12:11:30,994 INFO URL-Cache gespeichert: 24614 URLs
2026-10-06 12:11:30,994 INFO === Fertig. 10 neue Artikel. feed.json: 1305 ===
2026-10-06 12:11:30,994 INFO Stats: {"ts": "20261006_1200", "ingested": 164, "s2_pre_filter": 40, "s3_relevance": 44, "s4_dedup_early": 0, "gesammelt": 78, "geschichten_neu": 55, "s5_archiv_doppelt": 2, "s5_zusammengefuehrt": 4, "s6_aussortiert": 53, "s7_geschrieben": 23, "s7_verworfen": 16, "s5_fulltext_fail": 26, "s8_qa_rejected": 2, "published": 10, "s5_ohne_bezug": 4, "s5_randthema": 6, "kosten": {"lauf_usd": 0.0, "lauf_budget_usd": 0.0596, "heute_usd": 0.0, "monat_usd": 0.7196, "monatsbudget_usd": 23.0, "aufrufe": {"konferenz (abo)": {"anzahl": 2, "usd": 0.0}, "dublette (abo)": {"anzahl": 38, "usd": 0.0}, "schreiben (abo)": {"anzahl": 23, "usd": 0.0}}, "guthaben_leer": false, "abo": true, "abo_tokens": {"konferenz": {"aufrufe": 2, "ein": 3181, "cache_schreiben": 7102, "cache_lesen": 0, "aus": 22629, "api_wert_usd": 0.1305}, "dublette": {"aufrufe": 38, "ein": 76, "cache_schreiben": 55047, "cache_lesen": 0, "aus": 446, "api_wert_usd": 0.2249}, "schreiben": {"aufrufe": 23, "ein": 46, "cache_schreiben": 125565, "cache_lesen": 29325, "aus": 21935, "api_wert_usd": 0.7274}}}}
