2026-10-10 08:03:20,168 INFO 💶 Budget: dieser Lauf 0.104 $ | heute 0.00 $ | Monat 0.72 / 23 $
2026-10-10 08:03:20,551 INFO URL-Cache geladen: 32296 bekannte URLs (letzte 30 Tage)
2026-10-10 08:03:20,551 INFO === Ligaoutsider Generator startet – max. 50 Artikel ===
2026-10-10 08:03:20,551 INFO Feed: https://newsfeed.kicker.de/news/bundesliga
2026-10-10 08:03:20,638 INFO Feed: https://www.sportschau.de/fussball/bundesliga/index~rss2.xml
2026-10-10 08:03:21,359 INFO Feed: https://sportbild.bild.de/feed/sportbild-home.xml
2026-10-10 08:03:21,882 INFO S2 blacklist: Premier-League-Topspiel am Sonntag - So sehen Sie Liverpool 
2026-10-10 08:03:21,882 INFO Feed: https://www.bild.de/rss-feeds/rss-16725492,feed=fussball-mix.bild.html
2026-10-10 08:03:22,524 INFO S2 blacklist: Amateur-Zoff um Regionalliga - Steigen Spieler-Gehälter nach
2026-10-10 08:03:22,564 INFO BL-Spielerliste geladen: 1002 Namen
2026-10-10 08:03:22,629 INFO Feed: https://www.11freunde.de/feed
2026-10-10 08:03:24,127 INFO Feed: https://www.bundesliga.com/de/bundesliga/news.rss
2026-10-10 08:03:24,261 INFO Feed: https://news.google.com/rss/topics/CAAqJggKIiBDQkFTRWdvSUwyMHZNRFp1ZEdvU0FtUmxHZ0pFUlNnQVAB?hl=de&gl=DE&ceid=DE:de
2026-10-10 08:03:24,515 INFO S2 blacklist: Fußball der Frauen: DFB-Frauen gewinnen gegen Australien
2026-10-10 08:03:24,557 INFO S2 blacklist: 06:32 Schreck-Momente: Eishockeyhalle vor Spielstart evakuie
2026-10-10 08:03:24,608 INFO S2 blacklist: Ansage von BMW-Aushängeschild Miguel Oliveira: «Top-5 sind r
2026-10-10 08:03:24,609 INFO S2 blacklist: Das Regionalliga-Steno: Haching verdient sich 1:1 bei Bayern
2026-10-10 08:03:24,609 INFO S2 blacklist: Heidenheim – Kaiserslautern heute live im TV und Stream sehe
2026-10-10 08:03:24,610 INFO Feed: https://news.google.com/rss/search?q=Bundesliga+Testspiel+Ergebnis&hl=de&gl=DE&ceid=DE:de
2026-10-10 08:03:24,925 INFO Feed: https://news.google.com/rss/search?q=Bundesliga+Vorbereitung+Sommertour&hl=de&gl=DE&ceid=DE:de
2026-10-10 08:03:25,185 INFO Feed: https://news.google.com/rss/search?q=Bundesliga+Verletzung+Ausfall+gesperrt&hl=de&gl=DE&ceid=DE:de
2026-10-10 08:03:25,601 INFO Feed: https://news.google.com/rss/search?q=Bundesliga+Transfer+Wechsel+verpflichtet&hl=de&gl=DE&ceid=DE:de
2026-10-10 08:03:25,945 INFO Feed: https://news.google.com/rss/search?q=Bundesliga+Gerücht+Interesse+Angebot&hl=de&gl=DE&ceid=DE:de
2026-10-10 08:03:26,336 INFO Feed: https://news.google.com/rss/search?q=Bundesliga+Vertrag+verlängert+ablösefrei&hl=de&gl=DE&ceid=DE:de
2026-10-10 08:03:26,669 INFO Feed: https://news.google.com/rss/search?q=%22FC+Bayern%22+OR+%22Bayern+M%C3%BCnchen%22+when%3A1d&hl=de&gl=DE&ceid=DE:de
2026-10-10 08:03:27,229 INFO S2 blacklist: FC Bayern will sich an Augsburg rächen: So sehen Sie das Süd
2026-10-10 08:03:27,267 INFO S2 blacklist: Fußball Bundesliga Frauen: Hamburg gegen FC Bayern - Übersic
2026-10-10 08:03:27,267 INFO S2 blacklist: Fußball Bundesliga Frauen: Hamburg gegen FC Bayern - Statist
2026-10-10 08:03:27,349 INFO S3 keyword miss: Péter Gulácsi: Bilanz gegen Gegenspieler, Trainer & Vereine
2026-10-10 08:03:27,350 INFO Feed: https://news.google.com/rss/search?q=BVB+OR+%22Borussia+Dortmund%22+when%3A1d&hl=de&gl=DE&ceid=DE:de
2026-10-10 08:03:27,844 INFO S2 blacklist: Nationalmannschaft: DFB-Comeback? BVB-Schreck Füllkrug lässt
2026-10-10 08:03:27,962 INFO S3 keyword miss: "Champions-League-Fülle" kann sich Jubel einfach "nicht verk
2026-10-10 08:03:27,964 INFO Feed: https://news.google.com/rss/search?q=%22Bayer+Leverkusen%22+OR+%22Bayer+04%22+when%3A1d&hl=de&gl=DE&ceid=DE:de
2026-10-10 08:03:28,368 INFO S2 blacklist: Restart nach der Länderspielpause: Ex-Profi Amiri als Fixpun
2026-10-10 08:03:28,453 INFO S3 keyword miss: Xabi Alonso: Bilanz als Trainer & Spieler – Gegner, Trainerd
2026-10-10 08:03:28,535 INFO S3 keyword miss: Bundesliga Tabelle: Fußball Ergebnisse, Daten, Spielplan
2026-10-10 08:03:28,616 INFO S3 keyword miss: René Adler: Bilanz gegen Gegenspieler, Trainer & Vereine
2026-10-10 08:03:28,616 INFO Feed: https://news.google.com/rss/search?q=%22RB+Leipzig%22+when%3A1d&hl=de&gl=DE&ceid=DE:de
2026-10-10 08:03:29,005 INFO S2 blacklist: RB Leipzig vs. Eintracht Frankfurt: TV-Übertragung, Live-Str
2026-10-10 08:03:29,005 INFO S2 Liveticker übersprungen: RB Leipzig gegen Eintracht Frankfurt im Liveticker und Audio
2026-10-10 08:03:29,071 INFO Feed: https://news.google.com/rss/search?q=%22VfB+Stuttgart%22+when%3A1d&hl=de&gl=DE&ceid=DE:de
2026-10-10 08:03:29,680 INFO S3 keyword miss: Thomas Schneider: Bilanz gegen Gegenspieler, Trainer & Verei
2026-10-10 08:03:29,764 INFO S3 keyword miss: José María Andrés Baixauli: Bilanz gegen Gegenspieler, Train
2026-10-10 08:03:29,764 INFO Feed: https://news.google.com/rss/search?q=%22Eintracht+Frankfurt%22+when%3A1d&hl=de&gl=DE&ceid=DE:de
2026-10-10 08:03:30,332 INFO S3 keyword miss: Rudi Kargus: Bilanz gegen Gegenspieler, Trainer & Vereine
2026-10-10 08:03:30,374 INFO Feed: https://news.google.com/rss/search?q=Gladbach+OR+%22Borussia+M%C3%B6nchengladbach%22+when%3A1d&hl=de&gl=DE&ceid=DE:de
2026-10-10 08:03:30,902 INFO S3 keyword miss: Startschuss für Blessin, Wagner in der Kritik: Das Derby bie
2026-10-10 08:03:30,947 INFO S2 blacklist: 5. Spieltag: 1.FC Köln - Borussia Mönchengladbach - 1. FC Kö
2026-10-10 08:03:30,948 INFO Feed: https://news.google.com/rss/search?q=%22SC+Freiburg%22+when%3A1d&hl=de&gl=DE&ceid=DE:de
2026-10-10 08:03:31,447 INFO Feed: https://news.google.com/rss/search?q=Hoffenheim+when%3A1d&hl=de&gl=DE&ceid=DE:de
2026-10-10 08:03:31,879 INFO S2 blacklist: HSV reist zur TSG Hoffenheim: Spiel heute live im TV und Str
2026-10-10 08:03:31,882 INFO S2 blacklist: MSV Duisburg vs. Hoffenheim II: TV, Live-Stream und Anstoßze
2026-10-10 08:03:31,883 INFO S2 blacklist: Wer zeigt / überträgt MSV Duisburg vs. Hoffenheim II heute l
2026-10-10 08:03:31,967 INFO S3 keyword miss: Paulina Käte Krumbiegel: Bilanz gegen Gegenspieler, Trainer 
2026-10-10 08:03:31,967 INFO Feed: https://news.google.com/rss/search?q=%22Mainz+05%22+when%3A1d&hl=de&gl=DE&ceid=DE:de
2026-10-10 08:03:32,482 INFO S3 keyword miss: Michael Schuhmacher
2026-10-10 08:03:32,483 INFO Feed: https://news.google.com/rss/search?q=%22FC+Augsburg%22+when%3A1d&hl=de&gl=DE&ceid=DE:de
2026-10-10 08:03:32,946 INFO S2 Liveticker übersprungen: Augsburg – Bayern: Verfolgen Sie das Duell hier im Live-Tick
2026-10-10 08:03:33,032 INFO S3 keyword miss: Jetzt muss er liefern: Sandro Wagner startet ins Hannover-Ab
2026-10-10 08:03:33,148 INFO S3 keyword miss: Dong-won Ji: Bilanz gegen Gegenspieler, Trainer & Vereine
2026-10-10 08:03:33,264 INFO S3 keyword miss: Ragnar Klavan: Bilanz gegen Gegenspieler, Trainer & Vereine
2026-10-10 08:03:33,379 INFO S3 keyword miss: Lucas Alario: Bilanz gegen Gegenspieler, Trainer & Vereine
2026-10-10 08:03:33,494 INFO S3 keyword miss: Rubén Vargas: Bilanz gegen Gegenspieler, Trainer & Vereine
2026-10-10 08:03:33,529 INFO Feed: https://news.google.com/rss/search?q=%22Union+Berlin%22+when%3A1d&hl=de&gl=DE&ceid=DE:de
2026-10-10 08:03:33,887 INFO Feed: https://news.google.com/rss/search?q=%22Werder+Bremen%22+when%3A1d&hl=de&gl=DE&ceid=DE:de
2026-10-10 08:03:34,438 INFO S3 keyword miss: Bald das Comeback?: DFB-Profi auf Klopp angesprochen: „Möcht
2026-10-10 08:03:34,474 INFO S2 blacklist: 5. Spieltag: Borussia Dortmund - SV Werder Bremen - Borussia
2026-10-10 08:03:34,475 INFO S2 blacklist: 5. Spieltag: Borussia Dortmund - SV Werder Bremen - Borussia
2026-10-10 08:03:34,476 INFO Feed: https://news.google.com/rss/search?q=HSV+OR+%22Hamburger+SV%22+when%3A1d&hl=de&gl=DE&ceid=DE:de
2026-10-10 08:03:35,017 INFO S3 keyword miss: Walter Kelsch: Bilanz gegen Gegenspieler, Trainer & Vereine
2026-10-10 08:03:35,101 INFO S3 keyword miss: Rafael van der Vaart: Bilanz gegen Gegenspieler, Trainer & V
2026-10-10 08:03:35,184 INFO S3 keyword miss: Michael Ballack: Bilanz gegen Gegenspieler, Trainer & Verein
2026-10-10 08:03:35,266 INFO S3 keyword miss: Robert Glatzel: Bilanz gegen Gegenspieler, Trainer & Vereine
2026-10-10 08:03:35,266 INFO Feed: https://news.google.com/rss/search?q=%221.+FC+K%C3%B6ln%22+OR+%22FC+K%C3%B6ln%22+when%3A1d&hl=de&gl=DE&ceid=DE:de
2026-10-10 08:03:35,857 INFO S3 keyword miss: Aki Schmidt: Bilanz gegen Gegenspieler, Trainer & Vereine
2026-10-10 08:03:35,943 INFO S3 keyword miss: Fußball Bundesliga: 1860 gegen Uerdingen - Ergebnisse - 20. 
2026-10-10 08:03:36,026 INFO S3 keyword miss: Christopher Buchtmann: Bilanz gegen Gegenspieler, Trainer & 
2026-10-10 08:03:36,108 INFO S3 keyword miss: Kevin Goden: Bilanz gegen Gegenspieler, Trainer & Vereine
2026-10-10 08:03:36,109 INFO Feed: https://news.google.com/rss/search?q=Schalke+when%3A1d&hl=de&gl=DE&ceid=DE:de
2026-10-10 08:03:36,542 INFO S2 blacklist: Schalkes U23 könnte erneut Profi-Verstärkung bekommen Beim G
2026-10-10 08:03:36,550 INFO Feed: https://news.google.com/rss/search?q=Elversberg+when%3A1d&hl=de&gl=DE&ceid=DE:de
2026-10-10 08:03:37,055 INFO S3 keyword miss: Robin Heußer: Bilanz gegen Gegenspieler, Trainer & Vereine
2026-10-10 08:03:37,137 INFO S3 keyword miss: Pascal Klemens: Bilanz gegen Gegenspieler, Trainer & Vereine
2026-10-10 08:03:37,137 INFO Feed: https://news.google.com/rss/search?q=%22SC+Paderborn%22+when%3A1d&hl=de&gl=DE&ceid=DE:de
2026-10-10 08:03:37,592 INFO S3 keyword miss: Benjamin Boakye: Bilanz gegen Gegenspieler, Trainer & Verein
2026-10-10 08:03:37,592 INFO Feed: https://www.transfermarkt.de/rss/news
2026-10-10 08:03:37,624 INFO Feed: https://www.waz.de/sport/fussball/rss
2026-10-10 08:03:38,185 INFO Feed: https://www.faz.net/rss/aktuell/sport/fussball/bundesliga/
2026-10-10 08:03:38,818 INFO Feed: https://bulinews.com/rss.xml
2026-10-10 08:03:39,447 INFO S3 keyword miss: Germany W hold off Australia to claim 4–2 friendly win
2026-10-10 08:03:39,447 INFO Feed: https://www.abendblatt.de/sport/rss
2026-10-10 08:03:39,792 INFO Feed: https://www.merkur.de/sport/fc-bayern/rssfeed.rdf
2026-10-10 08:03:40,492 INFO Feed: https://www.eyefootball.com/rss_news_main.xml
2026-10-10 08:03:41,013 INFO Feed: https://www.ligaportal.at/international/deutsche-bundesliga?format=feed&type=rss
2026-10-10 08:03:48,965 INFO S2 blacklist: Tor gegen BVB: Füllkrug kann sich Jubel "nicht verkneifen"
2026-10-10 08:03:48,966 INFO Feed: https://www.reddit.com/r/soccer/new.rss?limit=100
2026-10-10 08:03:50,424 INFO S2 blacklist: Kiribati stun World Cup-bound Fiji U17 to reach historic IDC
2026-10-10 08:03:50,511 INFO S3 keyword miss: How the Premier League’s great sell-off changed the fabric o
2026-10-10 08:03:50,655 INFO S3 keyword miss: Real Madrid have reached out to Scott McTominay's agent as t
2026-10-10 08:03:50,740 INFO S3 keyword miss: Scott Hales replaces Rob Sherman as South Island United prep
2026-10-10 08:03:50,890 INFO S3 keyword miss: The Bookeeper on Manchester City charges: How they spent £1.
2026-10-10 08:03:50,890 INFO Feed: https://newsfeed.kicker.de/team/fc-bayern-muenchen
2026-10-10 08:03:50,945 INFO Feed: https://newsfeed.kicker.de/team/borussia-dortmund
2026-10-10 08:03:51,156 INFO Feed: https://newsfeed.kicker.de/team/rb-leipzig
2026-10-10 08:03:51,361 INFO Feed: https://newsfeed.kicker.de/team/bayer-04-leverkusen
2026-10-10 08:03:51,565 INFO Feed: https://newsfeed.kicker.de/team/vfb-stuttgart
2026-10-10 08:03:51,619 INFO Feed: https://newsfeed.kicker.de/team/eintracht-frankfurt
2026-10-10 08:03:51,828 INFO Feed: https://newsfeed.kicker.de/team/bor-moenchengladbach
2026-10-10 08:03:51,877 INFO Feed: https://newsfeed.kicker.de/team/sc-freiburg
2026-10-10 08:03:52,083 INFO Feed: https://newsfeed.kicker.de/team/tsg-hoffenheim
2026-10-10 08:03:52,290 INFO Feed: https://newsfeed.kicker.de/team/1-fsv-mainz-05
2026-10-10 08:03:52,508 INFO Feed: https://newsfeed.kicker.de/team/fc-augsburg
2026-10-10 08:03:52,716 INFO Feed: https://newsfeed.kicker.de/team/1-fc-union-berlin
2026-10-10 08:03:52,921 INFO Feed: https://newsfeed.kicker.de/team/werder-bremen
2026-10-10 08:03:53,124 INFO Feed: https://newsfeed.kicker.de/team/hamburger-sv
2026-10-10 08:03:53,326 INFO Feed: https://newsfeed.kicker.de/team/1-fc-koeln
2026-10-10 08:03:53,554 INFO Feed: https://newsfeed.kicker.de/team/fc-schalke-04
2026-10-10 08:03:53,760 INFO Feed: https://newsfeed.kicker.de/team/sv-elversberg
2026-10-10 08:03:53,977 INFO Feed: https://newsfeed.kicker.de/team/sc-paderborn-07
2026-10-10 08:03:54,199 INFO Feed: https://newsfeed.kicker.de/news/champions-league
2026-10-10 08:03:54,402 INFO Feed: ligainsider:themen
2026-10-10 08:04:19,863 INFO LigaInsider (Themenfinder): 154 Meldungen von 18 Vereinsseiten
2026-10-10 08:04:19,864 INFO Eingelesen: 89 Schlagzeilen nach den Gratis-Filtern
2026-10-10 08:04:21,650 INFO S5 kein Bundesliga-Spieler oder -Klub erkennbar: Bloß die Hände weg! - Breitenreiters kuriose Jubel-Warnung
2026-10-10 08:04:21,651 INFO S5 kein Bundesliga-Spieler oder -Klub erkennbar: Die beste Nacht des Jahres: Hier kannst du den Ironman Hawaii live ver
2026-10-10 08:04:21,652 INFO S5 schon berichtet (Dublin über Kane: „In jeder Premier-League-Ma): FC Bayern plant offenbar überraschenden Transfer-Coup in der
2026-10-10 08:04:21,659 INFO S5 schon berichtet (Füllkrug rettet Werder spät einen Punkt in Do): Füllkrug klaut BVB den Sieg
2026-10-10 08:04:21,666 INFO S5 Fan-Wahl/Nachwuchs: Inter 96 Bergisch Gladbach Jugend
2026-10-10 08:04:21,666 INFO S5 kein Bundesliga-Spieler oder -Klub erkennbar: Topspiel in eigener Halle: Gelingt Borussia die nächste Überraschung?
2026-10-10 08:04:21,672 INFO S5 Randthema: Handball Club Hamburg ändert Sponsoring-Strategie – das steckt dahinte
2026-10-10 08:04:21,674 INFO S5 kein Bundesliga-Spieler oder -Klub erkennbar: Is the fight to be England’s No 10 at the World Cup a problem or a pos
2026-10-10 08:04:21,674 INFO S5 kein Bundesliga-Spieler oder -Klub erkennbar: [Match Thread] Cerezo Osaka vs. Yokohama F. Marinos (J.League official
2026-10-10 08:04:21,674 INFO S5: 58 neue Geschichten, 2 schon berichtet, 2 zu wartenden Geschichten ergänzt, 81 warten
2026-10-10 08:08:08,113 INFO S6 aussortiert (prio_0): BILD-Service zum Spiel - Gladbach peilt 200. Derby-Treffer an!
2026-10-10 08:08:08,114 INFO S6 aussortiert (prio_0): Ab 9 Uhr: Wo das Sprintrennen der MotoGP in Indonesien live zu sehen i
2026-10-10 08:08:08,114 INFO S6 aussortiert (prio_0): FC Augsburg - FC Bayern München
2026-10-10 08:08:08,114 INFO S6 aussortiert (prio_0): Wo wird Viking Stavanger vs. FC Bayern übertragen? (Champions League)
2026-10-10 08:08:08,114 INFO S6 aussortiert (prio_1): Schalke 04 muss Strafe zahlen: 23 bengalische Feuer gegen FC Bayern
2026-10-10 08:08:08,115 INFO S6 aussortiert (prio_0): FC Augsburg gegen Bayern München heute live: Wer überträgt gratis im T
2026-10-10 08:08:08,115 INFO S6 aussortiert (prio_0): „Der wichtigste Pionier des Dortmunder Fußballs“ Benno Elkan gründete 
2026-10-10 08:08:08,115 INFO S6 aussortiert (prio_0): Die Bayern – der Goldstandard des deutschen Fußballs
2026-10-10 08:08:08,115 INFO S6 aussortiert (prio_0): "Die Krone soll es werden": Der FC Bayern vor der "Good Story" aus Nor
2026-10-10 08:08:08,116 INFO S6 aussortiert (prio_0): Fußball Bundesliga: FC Bayern gegen Hertha BSC - Statistik: Zweikämpfe
2026-10-10 08:08:08,116 INFO S6 aussortiert (prio_0): Nach BVB-Aus: Bayern-Legende spielte bei Terzic-Rückkehr wichtige Roll
2026-10-10 08:08:08,116 INFO S6 aussortiert (prio_0): Wo wird Bodö/Glimt gegen BVB übertragen? (Champions League)
2026-10-10 08:08:08,116 INFO S6 aussortiert (doppelt): Ausgleich in Nachspielzeit: Füllkrug schockt Dortmund
2026-10-10 08:08:08,116 INFO S6 aussortiert (doppelt): Stats-review: So lief Borussia Dortmund 2-2 Werder Bremen
2026-10-10 08:08:08,116 INFO S6 aussortiert (prio_0): Nach zweiwöchiger Pause: Handball-Luchse erwarten das Team von Bayer 0
2026-10-10 08:08:08,117 INFO S6 aussortiert (prio_0): Hier läuft RB Leipzig vs. Eintracht Frankfurt heute live
2026-10-10 08:08:08,117 INFO S6 aussortiert (prio_0): Jeffrey Gouweleeuw: Bilanz gegen Gegenspieler, Trainer & Vereine
2026-10-10 08:08:08,118 INFO S6 aussortiert (prio_0): SC Paderborn gegen VfB Stuttgart heute live: Wer überträgt gratis im T
2026-10-10 08:08:08,118 INFO S6 aussortiert (prio_0): SV Meppen vor Restart gegen VfB Stuttgart II: Gibt es eine Personalroc
2026-10-10 08:08:08,118 INFO S6 aussortiert (prio_0): VfB-Probleme zeigen bitteres Bundesliga-Dilemma: Wie aus Erfolg Frust 
2026-10-10 08:08:08,118 INFO S6 aussortiert (prio_0): Fußball Bundesliga: K'lautern gegen M'gladbach - Übersicht über die La
2026-10-10 08:08:08,119 INFO S6 aussortiert (prio_0): Fußball Bundesliga: Stuttgart gegen Wattenscheid - Statistik: Fouls er
2026-10-10 08:08:08,119 INFO S6 aussortiert (prio_1): Marktschänke öffnet wieder: Eintracht-Fans übernehmen Kult-Kneipe
2026-10-10 08:08:08,120 INFO S6 aussortiert (prio_0): Fußball Bundesliga: Werder gegen E. Frankfurt - Statistik: Fouls erlit
2026-10-10 08:08:08,120 INFO S6 aussortiert (prio_0): Fußball Bundesliga: Braunschweig gegen E. Frankfurt - Übersicht über d
2026-10-10 08:08:08,120 INFO S6 aussortiert (prio_0): Fußball Bundesliga: E. Frankfurt gegen Leipzig - Statistik: Zweikämpfe
2026-10-10 08:08:08,121 INFO S6 aussortiert (prio_0): Köln vs. Gladbach Tipp, KI Prognose & Quoten 11.10.2026 – Bundesliga
2026-10-10 08:08:08,121 INFO S6 aussortiert (prio_0): Sat.1 NRW - Trainerdebüt im Derby: Köln empfängt Mönchengladbach
2026-10-10 08:08:08,121 INFO S6 aussortiert (prio_0): Fußball Bundesliga: M'gladbach gegen Karlsruhe - Statistik: Zweikämpfe
2026-10-10 08:08:08,121 INFO S6 aussortiert (prio_1): Fast 200 Millionen Euro Schalkes nächster Gegner Freiburg präsentiert 
2026-10-10 08:08:08,121 INFO S6 aussortiert (prio_0): Freiburg vs. Schalke Tipp, KI Prognose & Quoten 11.10.2026 - Bundeslig
2026-10-10 08:08:08,122 INFO S6 aussortiert (prio_0): 1899 Hoffenheim vs Hamburger SV - Prognose, Übertragung, Anstoßzeit un
2026-10-10 08:08:08,122 INFO S6 aussortiert (prio_1): Kellerduell gegen die TSG zu Topspiel-Preisen: Belohnt der HSV tausend
2026-10-10 08:08:08,122 INFO S6 aussortiert (prio_0): Ulrich Biesinger: Bilanz gegen Gegenspieler, Trainer & Vereine
2026-10-10 08:08:08,122 INFO S6 aussortiert (prio_0): Union Berlin gegen Elversberg heute kostenlos schauen
2026-10-10 08:08:08,122 INFO S6 aussortiert (prio_1): "Ein völlig neues Bremer Qualitätsmerkmal" | Reportertalk aus Dortmund
2026-10-10 08:08:08,123 INFO S6 aussortiert (prio_1): Im Video: HSV-Stadionsprecher begeistert in Thai Oase – und singt wie 
2026-10-10 08:08:08,123 INFO S6 aussortiert (prio_0): SG ASK/HSV Klagenfurt (-2025)
2026-10-10 08:08:08,123 INFO S6 aussortiert (prio_0): Fußball Bundesliga: Düsseldorf gegen Schalke - Ergebnisse - 20. Spielt
2026-10-10 08:08:08,123 INFO S6 aussortiert (prio_0): Schalke 04 live auf DAZN: Diese Spiele von S04 werden übertragen
2026-10-10 08:08:08,123 INFO S6 aussortiert (prio_0): Fußball Bundesliga: Schalke gegen Köln - Statistik: Top-Scorer - 9. Sp
2026-10-10 08:08:08,124 INFO S6 aussortiert (prio_0): Fußball Bundesliga: Schalke gegen Wattenscheid - Übersicht über die To
2026-10-10 08:08:08,124 INFO S6 aussortiert (prio_0): Hamburg Towers: Wie ein 2,08-Meter-Riese im Miniatur Wunderland winzig
2026-10-10 08:08:08,124 INFO S6 aussortiert (prio_1): Ex-Bayern-Doc Müller-Wohlfahrt: „Warum sollte ich aufhören?“
2026-10-10 08:08:08,124 INFO S6 aussortiert (prio_0): Hätten Sie damit gerechnet? - 10 erstaunliche Schalke-Statistiken
2026-10-10 08:08:08,124 INFO S6 aussortiert (prio_0): Bundesliga: Drei Trainer schon am 5. Spieltag unter Druck
2026-10-10 08:08:08,125 INFO S6 aussortiert (prio_0): Fußball Bundesliga: E. Frankfurt gegen FC Bayern - Ergebnisse - 8. Spi
2026-10-10 08:08:08,125 INFO S6 aussortiert (prio_0): Bayern: München Marathon sorgt für Ausfälle im Nahverkehr
2026-10-10 08:08:08,125 INFO S6 aussortiert (prio_0): Fußball Champions League: Lille gegen FC Bayern - Übersicht über die K
2026-10-10 08:08:08,125 INFO S6 aussortiert (prio_0): 5. Spieltag: FC Augsburg - FC Bayern München - FC Bayern München - Fór
2026-10-10 08:08:08,126 INFO S6 aussortiert (prio_0): Viking FK – FC Bayern München Wett Tipp 13.10.2026 – Sportwetten
2026-10-10 08:08:08,126 INFO S6 aussortiert (doppelt): Bayern startet in volle Wochen - Revanche gegen Augsburg?
2026-10-10 08:08:08,126 INFO S6 aussortiert (prio_0): Fußball Bundesliga: Braunschweig gegen E. Frankfurt - Übersicht über d
2026-10-10 08:08:08,129 INFO S6 aussortiert (prio_0): Fußball Bundesliga: Hamburg gegen FC Bayern - Statistik: Fouls erlitte
2026-10-10 08:08:08,129 INFO S6 aussortiert (prio_0): Michael Gregoritsch: Bilanz gegen Gegenspieler, Trainer & Vereine
2026-10-10 08:08:08,130 INFO S6 aussortiert (prio_0): Fußball Bundesliga: K'lautern gegen FC Bayern - Statistik: Laufleistun
2026-10-10 08:08:08,131 INFO S6 aussortiert (prio_1): Nach Werder-Schock: Der BVB ist kein Titel-Anwärter
2026-10-10 08:08:08,131 INFO S6 aussortiert (doppelt): Stammplatz vom 09.10.26: Werder-Wahnsinn! Füllkrug schockt BVB spät
2026-10-10 08:08:08,131 INFO S6 aussortiert (prio_0): videodetail
2026-10-10 08:08:08,131 INFO S6 aussortiert (prio_1): BVB-Einbruch gegen Bremen als Weckruf Englische Wochen werden zur Konz
2026-10-10 08:08:08,131 INFO S6 aussortiert (prio_0): Bocholt schlägt RWO, BVB und Gütersloh siegen, Gladbach feiert - Tipp
2026-10-10 08:08:08,132 INFO S6 aussortiert (prio_0): BVB-Spiel live: Rhenania Bottrop vor ungleichem Duell in Dortmunds Rot
2026-10-10 08:08:08,132 INFO S6 aussortiert (prio_0): Mainz 05 vs. Bayer Leverkusen live: TV, Livestream und Anstoßzeit am 5
2026-10-10 08:08:08,132 INFO S6 aussortiert (prio_0): 1. FSV Mainz 05 - Bayer 04 Leverkusen | Weitere Spiele: Fußball Live-U
2026-10-10 08:08:08,132 INFO S6 aussortiert (prio_1): Ungewöhnliche Bilder: Krösche als Coach von Bayer Leverkusen
2026-10-10 08:08:08,132 INFO S6 aussortiert (prio_0): RB Leipzig - Frankfurt Tipp, KI-Prognose & Quoten | 10.10.2026
2026-10-10 08:08:08,132 INFO S6 aussortiert (prio_0): Deutsche Bundesliga - RB Leipzig gegen Frankfurt – ab 18.30 Uhr LIVE
2026-10-10 08:08:08,133 INFO S6 aussortiert (prio_0): Fußball-Bundesliga: VfB und Freiburg gegen Aufsteiger - TSG empfängt H
2026-10-10 08:08:08,133 INFO S6 aussortiert (prio_0): Fußball Bundesliga: Stuttgart gegen Hamburg - Elfmeter - 16. Spieltag 
2026-10-10 08:08:08,133 INFO S6 aussortiert (prio_0): Paderborn vs Stuttgart Quoten & Wett-Tipp - 10.10.2026
2026-10-10 08:08:08,134 INFO S6 aussortiert (prio_0): Fußball Bundesliga: Stuttgart gegen Duisburg - Statistik: Torjäger - 1
2026-10-10 08:08:08,134 INFO S6 aussortiert (prio_0): Fußball Bundesliga: E. Frankfurt gegen Dortmund - Statistik: Laufleist
2026-10-10 08:08:08,134 INFO S6 aussortiert (prio_0): Fußball Bundesliga: E. Frankfurt gegen Leipzig - Übersicht über die To
2026-10-10 08:08:08,134 INFO S6 aussortiert (prio_0): Fußball Bundesliga: Hannover gegen E. Frankfurt - Statistik: Zweikämpf
2026-10-10 08:08:08,134 INFO S6 aussortiert (prio_0): Köln – Gladbach Tipp, KI Prognose & Quoten | 11.10.2026
2026-10-10 08:08:08,135 INFO S6 aussortiert (prio_0): Fußball Bundesliga: 1860 gegen M'gladbach - Ergebnisse - 8. Spieltag -
2026-10-10 08:08:08,135 INFO S6 aussortiert (prio_0): Aktuelle Einschränkungen, Änderungen und Informationen
2026-10-10 08:08:08,135 INFO S6 aussortiert (prio_0): 2025-heute
2026-10-10 08:08:08,135 INFO S6 aussortiert (prio_0): Fußball DFB-Pokal: Freiburg gegen Wolfsburg - Übersicht über die Karte
2026-10-10 08:08:08,135 INFO S6 aussortiert (prio_0): Fußball Conference League: Freiburg gegen Panathinaikos - Ergebnisse -
2026-10-10 08:08:08,136 INFO S6 aussortiert (prio_0): Freiburg – Schalke Tipp, KI Prognose & Quoten | 11.10.2026
2026-10-10 08:08:08,136 INFO S6 aussortiert (prio_0): Hoffenheim vs. Hamburger SV live: TV, Livestream & Anstoßzeit am 5. Sp
2026-10-10 08:08:08,136 INFO S6 aussortiert (prio_0): 5. Spieltag: TSG 1899 Hoffenheim - Hamburger SV - TSG Hoffenheim - For
2026-10-10 08:08:08,136 INFO S6 aussortiert (prio_0): MSV Duisburg – 1899 Hoffenheim II Wett Tipp 10.10.2026 – Sportwetten
2026-10-10 08:08:08,136 INFO S6 aussortiert (prio_0): Deutsche Bundesliga - Bayern, Hoffenheim und Co. ab 15.30 Uhr im Einsa
2026-10-10 08:08:08,137 INFO S6 aussortiert (prio_0): 1.FSV Mainz 05
2026-10-10 08:08:08,137 INFO S6 aussortiert (prio_0): Effizienztabelle der Bundesliga: Beim FC Augsburg schießt wenig Geld v
2026-10-10 08:08:08,137 INFO S6 aussortiert (prio_1): Bayern gegen Augsburg - da war doch was?
2026-10-10 08:08:08,137 INFO S6 aussortiert (prio_0): Pokalansetzung: Dienstagabend gegen Union Berlin
2026-10-10 08:08:08,137 INFO S6 aussortiert (doppelt): Fußball-Bundesliga - Union und Lustrinelli wollen ersten Ligasieg - Sp
2026-10-10 08:08:08,138 INFO S6 aussortiert (prio_0): Galerie
2026-10-10 08:08:08,138 INFO S6 aussortiert (prio_1): Werder Bremen: Was dahintersteckt! Füllkrug holt Busfahrer in die Kurv
2026-10-10 08:08:08,138 INFO S6 aussortiert (doppelt): Völlig irres Spiel in Dortmund: Werder Bremen entführt dank spätem Fül
2026-10-10 08:08:08,138 INFO S6 aussortiert (prio_0): Spielstatistik | Borussia Dortmund - Werder Bremen | 5. Spieltag | Bun
2026-10-10 08:08:08,139 INFO S6 aussortiert (prio_1): Diese Vieira-Tore haben HSV-Fans nicht vergessen | Portugiese vor Rück
2026-10-10 08:08:08,139 INFO S6 aussortiert (prio_0): Fußball DFB-Pokal: Dresden gegen Schalke - Übersicht über die Torjäger
2026-10-10 08:08:08,139 INFO S6 aussortiert (prio_1): Schalke 04 jagt SGS Essen auch an der Basis: „Unser Ziel ist, vorbeizu
2026-10-10 08:08:08,139 INFO S6 aussortiert (prio_0): SV 07 Elversberg II
2026-10-10 08:08:08,139 INFO S6 aussortiert (doppelt): Fußball-Bundesliga: Druck auf Unions Lustrinelli? Energie fließt woand
2026-10-10 08:08:10,287 INFO S7 kein Volltext (too_short_41_words): Aufstellung des VfB Stuttgart: So will Sebastian Hoeneß beim
2026-10-10 08:08:10,287 INFO S7 zu wenig Stoff (0 Wörter aus 0 Quellen, Versuch 1/3): Aufstellung des VfB Stuttgart: So will Sebastian Hoeneß beim
2026-10-10 08:08:11,145 INFO S7 kein Volltext (seite_zu_alt): Ausgerechnet vor dem Derby: Verletzungsschock bei Borussia M
2026-10-10 08:08:11,145 INFO S7 zu wenig Stoff (0 Wörter aus 0 Quellen, Versuch 1/3): Ausgerechnet vor dem Derby: Verletzungsschock bei Borussia M
2026-10-10 08:08:11,468 ERROR lxml parsing failed: Document is empty
2026-10-10 08:08:11,468 ERROR lxml parser bytestring Document is empty
2026-10-10 08:08:11,468 ERROR lxml parsing failed: Document is empty
2026-10-10 08:08:11,469 ERROR lxml parser bytestring Document is empty
2026-10-10 08:08:11,469 ERROR empty HTML tree: None
2026-10-10 08:08:11,469 WARNING discarding data: None
2026-10-10 08:08:11,469 INFO S7 kein Volltext (trafilatura_returned_empty): Polzins Verlängerung beim HSV ist ausgehandelt
2026-10-10 08:08:11,470 INFO S7 zu wenig Stoff (0 Wörter aus 0 Quellen, Versuch 1/3): Polzins Verlängerung beim HSV ist ausgehandelt
2026-10-10 08:08:12,327 WARNING error in JSON metadata extraction: 'NoneType' object is not iterable
2026-10-10 08:08:20,154 INFO S6.5 schon berichtet (Augsburgs Baum fordert gegen Bayern: „Wie ein): Bayern-Aufstellung gegen Augsburg: Musiala bereitet Kompany 
2026-10-10 08:08:23,934 INFO S6.5 schon berichtet (Füllkrug rettet Werder spät einen Punkt in Do): Werder Bremen: Ein Stilbruch? Füllkrug erklärt den Jubel geg
2026-10-10 08:08:34,050 INFO S6.5 schon berichtet (Dublin über Kane: „In jeder Premier-League-Ma): FC Bayern München, News und Gerüchte - "Das zählt wahrschein
2026-10-10 08:08:39,331 INFO S6.5 schon berichtet (Füllkrug rettet Werder spät einen Punkt in Do): „X-Faktor“ Füllkrug trifft weiter: DFB-Rückkehr in Aussicht?
2026-10-10 08:08:41,955 INFO S6.5 schon berichtet (Schmidt macht Antrittsbesuch in Leipzig und s): Was dahintersteckt - Bundesliga-Star schwärmt von Klopp-Nach
2026-10-10 08:08:51,087 INFO S6.5 schon berichtet (Köln vor Härtetest: Gegen tiefstehende Gegner): Said El Mala und Mikey Moore mit breiter Brust gegen das Sch
2026-10-10 08:08:52,100 WARNING discarding data: None
2026-10-10 08:08:52,101 INFO S7 kein Volltext (trafilatura_returned_empty): Setzt Gladbach im Derby auf Neuhaus?
2026-10-10 08:08:52,101 INFO S7 zu wenig Stoff (0 Wörter aus 0 Quellen, Versuch 1/3): Setzt Gladbach im Derby auf Neuhaus?
2026-10-10 08:09:00,766 INFO S6.5 schon berichtet (Augsburgs Baum fordert gegen Bayern: „Wie ein): "Dann hat man das fürs Leben": Kompany prophezeit neue Musia
2026-10-10 08:09:01,878 INFO S7 kein Volltext (likely_paywall): Plant der FC Bayern mit Verpflichtung von überraschendem Neu
2026-10-10 08:09:01,878 INFO S7 zu wenig Stoff (0 Wörter aus 0 Quellen, Versuch 1/3): Plant der FC Bayern mit Verpflichtung von überraschendem Neu
2026-10-10 08:09:06,901 INFO S7 schreiben (Prio 2, 1 Quellen): Trainer Wagner auf dem Prüfstand: Stürzt Köln im Derby in di
2026-10-10 08:09:16,588 INFO   Kandidat: Köln vor dem Derby: Trainer Wagner unter Zugzwang
2026-10-10 08:09:18,318 INFO S7 kein Volltext (likely_paywall): BVB, Gerücht: Borussia Dortmund offenbar an Flavio Goncalves
2026-10-10 08:09:18,318 INFO S7 zu wenig Stoff (0 Wörter aus 0 Quellen, Versuch 1/3): BVB, Gerücht: Borussia Dortmund offenbar an Flavio Goncalves
2026-10-10 08:09:28,540 INFO S7 schreiben (Prio 2, 1 Quellen): "Ich würde es ihm gönnen": Stürmer-Legende glaubt trotzdem n
2026-10-10 08:09:34,752 INFO   Kandidat: Fischer: Kane hätte Ballon d'Or verdient, Yamal aber der Fav
2026-10-10 08:09:35,856 INFO S7 kein Volltext (likely_paywall): Nach langen Verhandlungen mit Eintracht im Sommer: Schalke-N
2026-10-10 08:09:35,856 INFO S7 zu wenig Stoff (0 Wörter aus 0 Quellen, Versuch 1/3): Nach langen Verhandlungen mit Eintracht im Sommer: Schalke-N
2026-10-10 08:09:38,934 INFO S6.5 schon berichtet (Gladbach vor dem Derby: Bonhof sieht „Chance“): Emotionales Derby: FC-Trainer Wagner fordert Attacke gegen G
2026-10-10 08:09:43,878 INFO S6.5 schon berichtet (Mainz gegen Leverkusen: Zwei Offensivteams mi): Mainz 05 will gegen Le­ver­ku­sen ers­ten Saison-​Heimsieg
2026-10-10 08:09:46,602 INFO S6.5 schon berichtet (Mainz gegen Leverkusen: Zwei Offensivteams mi): Rheinland-Pfalz & Saarland: Mainz 05 will gegen Leverkusen e
2026-10-10 08:09:46,926 INFO S7 kein Volltext (too_short_15_words): Fußball: Eintracht Frankfurt vor Leipzig mit Systemfrage
2026-10-10 08:09:46,926 INFO S7 zu wenig Stoff (0 Wörter aus 0 Quellen, Versuch 1/3): Fußball: Eintracht Frankfurt vor Leipzig mit Systemfrage
2026-10-10 08:09:52,891 INFO S6.5 schon berichtet (Augsburgs Baum fordert gegen Bayern: „Wie ein): Bayern startet in volle Wochen – Revanche gegen Augsburg?
2026-10-10 08:09:54,286 INFO S7 kein Volltext (likely_paywall): Dortmund wingback Svensson credits his goal to "switching si
2026-10-10 08:09:54,286 INFO S7 zu wenig Stoff (0 Wörter aus 0 Quellen, Versuch 1/3): Dortmund wingback Svensson credits his goal to "switching si
2026-10-10 08:09:55,779 INFO S7 kein Volltext (likely_paywall): “Proud” Thioune hails Bremen’s resilience as Hein shares del
2026-10-10 08:09:55,779 INFO S7 zu wenig Stoff (0 Wörter aus 0 Quellen, Versuch 3/3): “Proud” Thioune hails Bremen’s resilience as Hein shares del
2026-10-10 08:09:55,960 ERROR lxml parsing failed: Document is empty
2026-10-10 08:09:55,960 ERROR lxml parser bytestring Document is empty
2026-10-10 08:09:55,960 ERROR lxml parsing failed: Document is empty
2026-10-10 08:09:55,960 ERROR lxml parser bytestring Document is empty
2026-10-10 08:09:55,960 ERROR empty HTML tree: None
2026-10-10 08:09:55,961 WARNING discarding data: None
2026-10-10 08:09:55,961 INFO S7 kein Volltext (trafilatura_returned_empty): Füllkrug: "Da kommt der Champions-League-Fülle raus"
2026-10-10 08:09:55,962 INFO S7 zu wenig Stoff (0 Wörter aus 0 Quellen, Versuch 3/3): Füllkrug: "Da kommt der Champions-League-Fülle raus"
2026-10-10 08:09:55,987 ERROR lxml parsing failed: Document is empty
2026-10-10 08:09:55,987 ERROR lxml parser bytestring Document is empty
2026-10-10 08:09:55,987 ERROR lxml parsing failed: Document is empty
2026-10-10 08:09:55,987 ERROR lxml parser bytestring Document is empty
2026-10-10 08:09:55,987 ERROR empty HTML tree: None
2026-10-10 08:09:55,987 WARNING discarding data: None
2026-10-10 08:09:55,988 INFO S7 kein Volltext (trafilatura_returned_empty): "Wir hatten alles im Griff": Schlotterbeck schwankt zwischen
2026-10-10 08:09:55,988 INFO S7 zu wenig Stoff (0 Wörter aus 0 Quellen, Versuch 3/3): "Wir hatten alles im Griff": Schlotterbeck schwankt zwischen
2026-10-10 08:09:57,110 INFO S7 kein Volltext (too_short_4_words): "Es war eine gute Nacht für uns"
2026-10-10 08:09:57,110 INFO S7 zu wenig Stoff (0 Wörter aus 0 Quellen, Versuch 3/3): "Es war eine gute Nacht für uns"
2026-10-10 08:09:58,264 INFO S7 kein Volltext (too_short_46_words): Werder-Held Füllkrug: "Wir glauben immer dran"
2026-10-10 08:09:58,264 INFO S7 zu wenig Stoff (0 Wörter aus 0 Quellen, Versuch 3/3): Werder-Held Füllkrug: "Wir glauben immer dran"
2026-10-10 08:09:59,121 INFO S7 kein Volltext (seite_zu_alt): «Gänsehaut»: Paderborn-Trainer trifft auf Lieblingsteam
2026-10-10 08:09:59,121 INFO S7 zu wenig Stoff (0 Wörter aus 0 Quellen, Versuch 3/3): «Gänsehaut»: Paderborn-Trainer trifft auf Lieblingsteam
2026-10-10 08:10:04,546 INFO S6.5 schon berichtet (Augsburgs Baum fordert gegen Bayern: „Wie ein): Gregoritsch oder Kane oder Olise: Wer trifft bei Augsburg – 
2026-10-10 08:10:05,936 INFO S7 kein Volltext (too_short_43_words): "Unser einziges Ziel ist, dass die Gladbacher bei null Punkt
2026-10-10 08:10:05,936 INFO S7 zu wenig Stoff (0 Wörter aus 0 Quellen, Versuch 3/3): "Unser einziges Ziel ist, dass die Gladbacher bei null Punkt
2026-10-10 08:10:07,478 INFO S7 kein Volltext (too_short_14_words): Gladbach hofft auf Trainer-Effekt im Derby
2026-10-10 08:10:07,478 INFO S7 zu wenig Stoff (0 Wörter aus 0 Quellen, Versuch 1/3): Gladbach hofft auf Trainer-Effekt im Derby
2026-10-10 08:10:07,786 WARNING discarding data: None
2026-10-10 08:10:07,787 INFO S7 kein Volltext (trafilatura_returned_empty): Kane, Saibari, Tah und Co.: Einblicke ins geheime Bayern-Abs
2026-10-10 08:10:07,787 INFO S7 zu wenig Stoff (0 Wörter aus 0 Quellen, Versuch 1/3): Kane, Saibari, Tah und Co.: Einblicke ins geheime Bayern-Abs
2026-10-10 08:10:10,773 INFO S6.5 schon berichtet (Kompany: „Jetzt müssen wir liefern“ im Kampf ): Kompany freut sich nach Augsburgs starkem Saisonauftakt auf 
2026-10-10 08:10:13,545 INFO S6.5 schon berichtet (Kompany: „Jetzt müssen wir liefern“ im Kampf ): Kompany freut sich nach Augsburgs starkem Saisonauftakt auf 
2026-10-10 08:10:18,143 INFO S6.5 schon berichtet (Union vor Elversberg: Krattenmacher als Gefah): Nach historischem Fehlstart: Union-Coach Lustrinelli kontert
2026-10-10 08:10:19,054 INFO S7 kein Volltext (too_short_43_words): Fußball-Bundesliga: Bayern gegen Augsburg - da war doch was?
2026-10-10 08:10:19,054 INFO S7 zu wenig Stoff (0 Wörter aus 0 Quellen, Versuch 1/3): Fußball-Bundesliga: Bayern gegen Augsburg - da war doch was?
2026-10-10 08:10:19,568 INFO S7 kein Volltext (too_short_45_words): Ilzer vor dem Duell mit dem HSV
2026-10-10 08:10:19,568 INFO S7 zu wenig Stoff (0 Wörter aus 0 Quellen, Versuch 3/3): Ilzer vor dem Duell mit dem HSV
2026-10-10 08:10:20,081 INFO S7 kein Volltext (too_short_45_words): Wagners Aussagen vor dem Duell gegen Gladbach
2026-10-10 08:10:20,081 INFO S7 zu wenig Stoff (0 Wörter aus 0 Quellen, Versuch 3/3): Wagners Aussagen vor dem Duell gegen Gladbach
2026-10-10 08:10:20,592 INFO S7 kein Volltext (too_short_48_words): Das sagt Urs Fischer vor dem Duell mit Bayer 04
2026-10-10 08:10:20,592 INFO S7 zu wenig Stoff (0 Wörter aus 0 Quellen, Versuch 1/3): Das sagt Urs Fischer vor dem Duell mit Bayer 04
2026-10-10 08:10:21,156 INFO S7 kein Volltext (too_short_45_words): Kompany über Musiala, Augsburg und die Pause
2026-10-10 08:10:21,156 INFO S7 zu wenig Stoff (0 Wörter aus 0 Quellen, Versuch 3/3): Kompany über Musiala, Augsburg und die Pause
2026-10-10 08:10:21,174 INFO S9.5 FinalCheck: 2/2 durch
2026-10-10 08:10:22,348 INFO Veröffentlicht: Köln vor dem Derby: Trainer Wagner unter Zugzwang
2026-10-10 08:10:22,462 INFO Veröffentlicht: Fischer: Kane hätte Ballon d'Or verdient, Yamal aber der Fav
2026-10-10 08:10:22,522 INFO Reddit: Keine Credentials – übersprungen
2026-10-10 08:10:22,523 INFO Reddit: Keine Credentials – übersprungen
2026-10-10 08:10:22,523 INFO 💶 Kosten: dieser Lauf 0.000 $ (Budget 0.104 $) | heute 0.00 $ | Monat 0.72 / 23 $ | konferenz (abo) 2× 0.000 $, dublette (abo) 29× 0.000 $, schreiben (abo) 2× 0.000 $
2026-10-10 08:10:22,523 INFO 🎫 Abo-Verbrauch: 63,448 Tokens rein (davon Cache gelesen 2,521), 31,289 raus, API-Gegenwert 0.40 $ | konferenz 2×: 13,078/26,971, dublette 29×: 37,204/1,934, schreiben 2×: 13,166/2,384
2026-10-10 08:10:22,589 INFO Feeds: 60/60 begonnen, nächster Lauf startet bei Nr. 0
2026-10-10 08:10:22,589 INFO URL-Cache gespeichert: 32458 URLs
2026-10-10 08:10:22,589 INFO === Fertig. 2 neue Artikel. feed.json: 1509 ===
2026-10-10 08:10:22,589 INFO Stats: {"ts": "20261010_0802", "ingested": 162, "s2_pre_filter": 38, "s3_relevance": 33, "s4_dedup_early": 0, "gesammelt": 89, "geschichten_neu": 58, "s5_archiv_doppelt": 2, "s5_zusammengefuehrt": 2, "s6_aussortiert": 99, "s7_geschrieben": 2, "s7_verworfen": 15, "s5_fulltext_fail": 23, "s8_qa_rejected": 0, "published": 2, "s5_ohne_bezug": 5, "s5_randthema": 2, "kosten": {"lauf_usd": 0.0, "lauf_budget_usd": 0.1041, "heute_usd": 0.0, "monat_usd": 0.7196, "monatsbudget_usd": 23.0, "aufrufe": {"konferenz (abo)": {"anzahl": 2, "usd": 0.0}, "dublette (abo)": {"anzahl": 29, "usd": 0.0}, "schreiben (abo)": {"anzahl": 2, "usd": 0.0}}, "guthaben_leer": false, "abo": true, "abo_tokens": {"konferenz": {"aufrufe": 2, "ein": 20, "cache_schreiben": 13058, "cache_lesen": 0, "aus": 26971, "api_wert_usd": 0.161}, "dublette": {"aufrufe": 29, "ein": 58, "cache_schreiben": 35900, "cache_lesen": 1246, "aus": 1934, "api_wert_usd": 0.1632}, "schreiben": {"aufrufe": 2, "ein": 4, "cache_schreiben": 11887, "cache_lesen": 1275, "aus": 2384, "api_wert_usd": 0.0716}}}}
