2026-10-06 11:01:29,650 INFO 💶 Budget: dieser Lauf 0.059 $ | heute 0.00 $ | Monat 0.72 / 23 $
2026-10-06 11:01:30,024 INFO URL-Cache geladen: 24344 bekannte URLs (letzte 30 Tage)
2026-10-06 11:01:30,024 INFO === Ligaoutsider Generator startet – max. 50 Artikel ===
2026-10-06 11:01:30,024 INFO Feed: https://newsfeed.kicker.de/news/bundesliga
2026-10-06 11:01:30,231 INFO Feed: https://www.sportschau.de/fussball/bundesliga/index~rss2.xml
2026-10-06 11:01:30,806 INFO Feed: https://sportbild.bild.de/feed/sportbild-home.xml
2026-10-06 11:01:31,025 INFO BL-Spielerliste geladen: 1002 Namen
2026-10-06 11:01:31,050 INFO S3 keyword miss: Emotionales Statement - Sinner verkündet Saison-Aus
2026-10-06 11:01:31,051 INFO S2 blacklist: Da konnte selbst Olise nicht helfen - Frankreichs verrückte 
2026-10-06 11:01:31,098 INFO S3 keyword miss: Und das als „Messi-Fan“ - U21-Nationalspieler schläft in Ron
2026-10-06 11:01:31,098 INFO Feed: https://www.bild.de/rss-feeds/rss-16725492,feed=fussball-mix.bild.html
2026-10-06 11:01:31,579 INFO S3 keyword miss: Was Leitl heimlich änderte - Party-Sause & Eiswasser! Hertha
2026-10-06 11:01:31,599 INFO S2 blacklist: 4 Spiele in 11 Tagen - Länderspiel-Irrsinn um Köln-Abräumer
2026-10-06 11:01:31,646 INFO S3 keyword miss: Deutlich wie nie - DFB-Präsident Neuendorf attackiert Infant
2026-10-06 11:01:31,646 INFO Feed: https://www.11freunde.de/feed
2026-10-06 11:01:32,713 INFO S3 keyword miss: Gianni Infantino: DFB-Präsident Neuendorf fordert Rote Karte
2026-10-06 11:01:32,713 INFO Feed: https://www.bundesliga.com/de/bundesliga/news.rss
2026-10-06 11:01:32,900 INFO Feed: https://news.google.com/rss/topics/CAAqJggKIiBDQkFTRWdvSUwyMHZNRFp1ZEdvU0FtUmxHZ0pFUlNnQVAB?hl=de&gl=DE&ceid=DE:de
2026-10-06 11:01:33,369 INFO S2 blacklist: Zwei Treffer für Frankreich: Olise begeistert Trainer Zidane
2026-10-06 11:01:33,457 INFO S3 keyword miss: Fahrrad statt Privatjet: Valtteri Bottas radelt zum nächsten
2026-10-06 11:01:33,546 INFO S3 keyword miss: DFB-Präsident Neuendorf attackiert Infantino deutlich wie ni
2026-10-06 11:01:33,594 INFO S2 blacklist: UEFA: Spuckattacke beim Spiel Israel gegen Irland?
2026-10-06 11:01:33,675 INFO S3 keyword miss: Alonso wittert Verschwörung: Kam die rote Flagge für Hamilto
2026-10-06 11:01:33,676 INFO Feed: https://news.google.com/rss/search?q=Bundesliga+Testspiel+Ergebnis&hl=de&gl=DE&ceid=DE:de
2026-10-06 11:01:34,006 INFO Feed: https://news.google.com/rss/search?q=Bundesliga+Vorbereitung+Sommertour&hl=de&gl=DE&ceid=DE:de
2026-10-06 11:01:34,233 INFO Feed: https://news.google.com/rss/search?q=Bundesliga+Verletzung+Ausfall+gesperrt&hl=de&gl=DE&ceid=DE:de
2026-10-06 11:01:34,577 INFO Feed: https://news.google.com/rss/search?q=Bundesliga+Transfer+Wechsel+verpflichtet&hl=de&gl=DE&ceid=DE:de
2026-10-06 11:01:34,875 INFO Feed: https://news.google.com/rss/search?q=Bundesliga+Gerücht+Interesse+Angebot&hl=de&gl=DE&ceid=DE:de
2026-10-06 11:01:35,262 INFO Feed: https://news.google.com/rss/search?q=Bundesliga+Vertrag+verlängert+ablösefrei&hl=de&gl=DE&ceid=DE:de
2026-10-06 11:01:35,598 INFO Feed: https://news.google.com/rss/search?q=%22FC+Bayern%22+OR+%22Bayern+M%C3%BCnchen%22+when%3A1d&hl=de&gl=DE&ceid=DE:de
2026-10-06 11:01:36,121 INFO Feed: https://news.google.com/rss/search?q=BVB+OR+%22Borussia+Dortmund%22+when%3A1d&hl=de&gl=DE&ceid=DE:de
2026-10-06 11:01:36,583 INFO S3 keyword miss: Siebenmal Startelf in Folge: Marktwert-Gewinner Reyna denkt 
2026-10-06 11:01:36,584 INFO Feed: https://news.google.com/rss/search?q=%22Bayer+Leverkusen%22+OR+%22Bayer+04%22+when%3A1d&hl=de&gl=DE&ceid=DE:de
2026-10-06 11:01:36,943 INFO Feed: https://news.google.com/rss/search?q=%22RB+Leipzig%22+when%3A1d&hl=de&gl=DE&ceid=DE:de
2026-10-06 11:01:37,306 INFO S2 blacklist: Hier läuft RB Leipzig vs. Eintracht Frankfurt live im TV und
2026-10-06 11:01:37,393 INFO Feed: https://news.google.com/rss/search?q=%22VfB+Stuttgart%22+when%3A1d&hl=de&gl=DE&ceid=DE:de
2026-10-06 11:01:37,729 INFO Feed: https://news.google.com/rss/search?q=%22Eintracht+Frankfurt%22+when%3A1d&hl=de&gl=DE&ceid=DE:de
2026-10-06 11:01:38,121 INFO Feed: https://news.google.com/rss/search?q=Gladbach+OR+%22Borussia+M%C3%B6nchengladbach%22+when%3A1d&hl=de&gl=DE&ceid=DE:de
2026-10-06 11:01:38,447 INFO Feed: https://news.google.com/rss/search?q=%22SC+Freiburg%22+when%3A1d&hl=de&gl=DE&ceid=DE:de
2026-10-06 11:01:38,820 INFO S3 keyword miss: Kurz gespielt KW41: VAG & Heimspiel-Verkauf
2026-10-06 11:01:38,873 INFO S3 keyword miss: Stellungnahme des Bundesliga-Präsidiums zur 50+1-Regel
2026-10-06 11:01:38,876 INFO S2 blacklist: U20 und U17 in Torlaune
2026-10-06 11:01:38,876 INFO S2 blacklist: U16 und U15 drehen Partien
2026-10-06 11:01:38,876 INFO Feed: https://news.google.com/rss/search?q=Hoffenheim+when%3A1d&hl=de&gl=DE&ceid=DE:de
2026-10-06 11:01:39,255 INFO S3 keyword miss: Warum es schwieriger wird, an Bundesliga-Tickets zu kommen
2026-10-06 11:01:39,257 INFO Feed: https://news.google.com/rss/search?q=%22Mainz+05%22+when%3A1d&hl=de&gl=DE&ceid=DE:de
2026-10-06 11:01:39,624 INFO S3 keyword miss: "Ist irgendwo im Garten": "Sportschau"-Moderator Alex Schlüt
2026-10-06 11:01:39,677 INFO S3 keyword miss: DRK bietet in Mannheim kostenlose Kurse für den Notfall an
2026-10-06 11:01:39,729 INFO S3 keyword miss: Mannheimer Bürgerdienste am Freitag geschlossen
2026-10-06 11:01:39,784 INFO S3 keyword miss: Schwerer Radunfall am B9-Radweg: Fahrerin erleidet schwere V
2026-10-06 11:01:39,787 INFO S2 kein BL-Klub im Titel: Sonnenhof Großaspach gegen Waldhof Mannheim: Statistiken und
2026-10-06 11:01:39,787 INFO Feed: https://news.google.com/rss/search?q=%22FC+Augsburg%22+when%3A1d&hl=de&gl=DE&ceid=DE:de
2026-10-06 11:01:40,194 INFO S3 keyword miss: Zivilfahnder stellen Parfümdieb – noch am selben Tag verurte
2026-10-06 11:01:40,247 INFO S3 keyword miss: Warum es schwieriger wird, an Bundesliga-Tickets zu kommen
2026-10-06 11:01:40,298 INFO S3 keyword miss: Thomas Hanke
2026-10-06 11:01:40,298 INFO Feed: https://news.google.com/rss/search?q=%22Union+Berlin%22+when%3A1d&hl=de&gl=DE&ceid=DE:de
2026-10-06 11:01:40,725 INFO S2 blacklist: 1.FC Union Berlin - Rekord-Zugänge (Galerie) | Seite 2
2026-10-06 11:01:40,776 INFO S3 keyword miss: Sebastian Ghasemi-Nobakht
2026-10-06 11:01:40,826 INFO S3 keyword miss: Fritz Bohla
2026-10-06 11:01:40,880 INFO S3 keyword miss: Fußball: Warum es schwieriger wird, an Bundesliga-Tickets zu
2026-10-06 11:01:40,930 INFO S3 keyword miss: Rainer Wroblewski
2026-10-06 11:01:40,982 INFO S3 keyword miss: Florian Heft
2026-10-06 11:01:40,982 INFO Feed: https://news.google.com/rss/search?q=%22Werder+Bremen%22+when%3A1d&hl=de&gl=DE&ceid=DE:de
2026-10-06 11:01:41,394 INFO S2 blacklist: Werders einstiger Millionen-Transfer Alvero spielt jetzt Reg
2026-10-06 11:01:41,396 INFO S2 blacklist: Fußball heute Regionalliga Nord: Werder Bremen II gegen Hann
2026-10-06 11:01:41,396 INFO Feed: https://news.google.com/rss/search?q=HSV+OR+%22Hamburger+SV%22+when%3A1d&hl=de&gl=DE&ceid=DE:de
2026-10-06 11:01:41,782 INFO S2 blacklist: Affenrufe im Stadion und Rote Karte fürs Opfer: Länderspiel 
2026-10-06 11:01:41,836 INFO S3 keyword miss: Beliebtes Volkspreisschießen in Weitra war wieder ein voller
2026-10-06 11:01:41,836 INFO Feed: https://news.google.com/rss/search?q=%221.+FC+K%C3%B6ln%22+OR+%22FC+K%C3%B6ln%22+when%3A1d&hl=de&gl=DE&ceid=DE:de
2026-10-06 11:01:42,182 INFO S2 blacklist: 1. FC Köln: Ausgerechnet vorm Derby: Länderspiel-Irrsinn um 
2026-10-06 11:01:42,236 INFO S3 keyword miss: Jaka Potocnik erneut ausgebremst: Wie geht es für den FC-Stü
2026-10-06 11:01:42,256 INFO Feed: https://news.google.com/rss/search?q=Schalke+when%3A1d&hl=de&gl=DE&ceid=DE:de
2026-10-06 11:01:42,648 INFO Feed: https://news.google.com/rss/search?q=Elversberg+when%3A1d&hl=de&gl=DE&ceid=DE:de
2026-10-06 11:01:42,964 INFO S2 blacklist: Gold Cup - Abstellungen FC Santa Rosa | Seite 4
2026-10-06 11:01:42,964 INFO Feed: https://news.google.com/rss/search?q=%22SC+Paderborn%22+when%3A1d&hl=de&gl=DE&ceid=DE:de
2026-10-06 11:01:43,277 INFO Feed: https://www.transfermarkt.de/rss/news
2026-10-06 11:01:43,311 INFO Feed: https://www.waz.de/sport/fussball/rss
2026-10-06 11:01:43,682 INFO Feed: https://www.faz.net/rss/aktuell/sport/fussball/bundesliga/
2026-10-06 11:01:43,999 INFO Feed: https://bulinews.com/rss.xml
2026-10-06 11:01:44,468 INFO Feed: https://www.abendblatt.de/sport/rss
2026-10-06 11:01:44,775 INFO Feed: https://www.merkur.de/sport/fc-bayern/rssfeed.rdf
2026-10-06 11:01:45,376 INFO Feed: https://www.eyefootball.com/rss_news_main.xml
2026-10-06 11:01:45,725 INFO Feed: https://www.ligaportal.at/international/deutsche-bundesliga?format=feed&type=rss
2026-10-06 11:01:47,953 INFO Feed: https://www.reddit.com/r/soccer/new.rss?limit=100
2026-10-06 11:01:48,782 INFO S3 keyword miss: Burnham abandons plan for No10 North site linked to Man City
2026-10-06 11:01:48,835 INFO S3 keyword miss: South Korea captain apologises for gloating over military se
2026-10-06 11:01:48,835 INFO Feed: https://newsfeed.kicker.de/team/fc-bayern-muenchen
2026-10-06 11:01:48,973 INFO Feed: https://newsfeed.kicker.de/team/borussia-dortmund
2026-10-06 11:01:49,106 INFO Feed: https://newsfeed.kicker.de/team/rb-leipzig
2026-10-06 11:01:49,147 INFO Feed: https://newsfeed.kicker.de/team/bayer-04-leverkusen
2026-10-06 11:01:49,283 INFO Feed: https://newsfeed.kicker.de/team/vfb-stuttgart
2026-10-06 11:01:49,423 INFO Feed: https://newsfeed.kicker.de/team/eintracht-frankfurt
2026-10-06 11:01:49,471 INFO Feed: https://newsfeed.kicker.de/team/bor-moenchengladbach
2026-10-06 11:01:49,607 INFO Feed: https://newsfeed.kicker.de/team/sc-freiburg
2026-10-06 11:01:49,742 INFO Feed: https://newsfeed.kicker.de/team/tsg-hoffenheim
2026-10-06 11:01:49,795 INFO Feed: https://newsfeed.kicker.de/team/1-fsv-mainz-05
2026-10-06 11:01:49,937 INFO Feed: https://newsfeed.kicker.de/team/fc-augsburg
2026-10-06 11:01:50,071 INFO Feed: https://newsfeed.kicker.de/team/1-fc-union-berlin
2026-10-06 11:01:50,206 INFO Feed: https://newsfeed.kicker.de/team/werder-bremen
2026-10-06 11:01:50,342 INFO Feed: https://newsfeed.kicker.de/team/hamburger-sv
2026-10-06 11:01:50,381 INFO Feed: https://newsfeed.kicker.de/team/1-fc-koeln
2026-10-06 11:01:50,516 INFO Feed: https://newsfeed.kicker.de/team/fc-schalke-04
2026-10-06 11:01:50,653 INFO Feed: https://newsfeed.kicker.de/team/sv-elversberg
2026-10-06 11:01:50,798 INFO Feed: https://newsfeed.kicker.de/team/sc-paderborn-07
2026-10-06 11:01:50,941 INFO Feed: https://newsfeed.kicker.de/news/champions-league
2026-10-06 11:01:50,978 INFO Feed: ligainsider:themen
2026-10-06 11:02:06,241 WARNING LigaInsider nicht erreichbar: HTTPSConnectionPool(host='www.ligainsider.de', port=443): Read timed out. (read timeout=15)
2026-10-06 11:02:06,241 INFO Eingelesen: 51 Schlagzeilen nach den Gratis-Filtern
2026-10-06 11:02:07,169 INFO S5 kein Bundesliga-Spieler oder -Klub erkennbar: Nach Sturz und Foto-Finish: Evenepoel bejubelt EM-Titel
2026-10-06 11:02:07,172 INFO S5 Sammelartikel: Borussia Dortmund – Transfer-News: Mega-Juwel vermutlich viel zu teuer
2026-10-06 11:02:07,173 INFO S5 kein Bundesliga-Spieler oder -Klub erkennbar: Große Ehre für Bayer-Star Schick! Seine Heimat lässt ihn nicht fallen
2026-10-06 11:02:07,173 INFO S5 kein Bundesliga-Spieler oder -Klub erkennbar: Christian Müller
2026-10-06 11:02:07,173 INFO S5 kein Bundesliga-Spieler oder -Klub erkennbar: Rômulo: Saison-Stats Süper Lig 2024/25 im Ligavergleich
2026-10-06 11:02:07,174 INFO S5 Fan-Wahl/Nachwuchs: Bergisch Gladbach für Europa-Programm ausgewählt
2026-10-06 11:02:07,177 INFO S5: 40 neue Geschichten, 0 schon berichtet, 3 zu wartenden Geschichten ergänzt, 315 warten
2026-10-06 11:04:01,943 WARNING discarding data: None
2026-10-06 11:04:01,944 INFO S7 kein Volltext (trafilatura_returned_empty): Köln entscheidet sich gegen Transfer eines freien Stürmers
2026-10-06 11:04:02,165 WARNING discarding data: None
2026-10-06 11:04:02,166 INFO S7 kein Volltext (trafilatura_returned_empty): Köln entscheidet sich gegen Transfer eines freien Stürmers
2026-10-06 11:04:02,166 INFO S7 zu wenig Stoff (0 Wörter aus 0 Quellen, Versuch 2/3): Köln entscheidet sich gegen Transfer eines freien Stürmers
2026-10-06 11:04:02,383 WARNING discarding data: None
2026-10-06 11:04:02,384 INFO S7 kein Volltext (trafilatura_returned_empty): Vorzeitige Abreise vom Nationalteam: Nikolas Nartey kehrt ve
2026-10-06 11:04:05,895 INFO S6.5 schon berichtet (Muskuläre Probleme: Nartey reist vorzeitig vo): Vorzeitige Abreise vom Nationalteam: Nikolas Nartey kehrt ve
2026-10-06 11:04:06,443 INFO S7 kein Volltext (seite_zu_alt): Meta-Titel: DFB-Pokal: RB Leipzig gewinnt 6:0 in Trier
2026-10-06 11:04:06,443 INFO S7 zu wenig Stoff (0 Wörter aus 0 Quellen, Versuch 2/3): Meta-Titel: DFB-Pokal: RB Leipzig gewinnt 6:0 in Trier
2026-10-06 11:04:06,821 ERROR lxml parsing failed: Document is empty
2026-10-06 11:04:06,821 ERROR lxml parser bytestring Document is empty
2026-10-06 11:04:06,822 ERROR lxml parsing failed: Document is empty
2026-10-06 11:04:06,822 ERROR lxml parser bytestring Document is empty
2026-10-06 11:04:06,822 ERROR empty HTML tree: None
2026-10-06 11:04:06,822 WARNING discarding data: None
2026-10-06 11:04:06,822 INFO S7 kein Volltext (trafilatura_returned_empty): Zukunftsentscheidung! Kane kurz vor Unterschrift
2026-10-06 11:04:06,823 INFO S7 zu wenig Stoff (0 Wörter aus 0 Quellen, Versuch 2/3): Zukunftsentscheidung! Kane kurz vor Unterschrift
2026-10-06 11:04:07,976 INFO S7 kein Volltext (seite_zu_alt): „Die perfekte Adresse“ - ÖFB-Goalie Schlager wechselt nach D
2026-10-06 11:04:07,976 INFO S7 zu wenig Stoff (0 Wörter aus 0 Quellen, Versuch 3/3): „Die perfekte Adresse“ - ÖFB-Goalie Schlager wechselt nach D
2026-10-06 11:04:08,214 WARNING discarding data: None
2026-10-06 11:04:08,215 INFO S7 kein Volltext (trafilatura_returned_empty): Erneuter Verletzungsschock bei Werder: Felix Agu fällt mit W
2026-10-06 11:04:08,215 INFO S7 zu wenig Stoff (0 Wörter aus 0 Quellen, Versuch 3/3): Erneuter Verletzungsschock bei Werder: Felix Agu fällt mit W
2026-10-06 11:04:09,324 INFO S7 kein Volltext (seite_zu_alt): Heidenheims Hoffnung aufs Wunder lebt: 3:1 in Köln
2026-10-06 11:04:10,592 INFO S7 kein Volltext (too_short_9_words): 1. FC Köln nach Testspiel und vor Derby
2026-10-06 11:04:11,832 INFO S7 kein Volltext (too_short_9_words): 1. FC Köln nach Testspiel und vor Derby
2026-10-06 11:04:11,832 INFO S7 zu wenig Stoff (0 Wörter aus 0 Quellen, Versuch 2/3): 1. FC Köln nach Testspiel und vor Derby
2026-10-06 11:04:12,754 INFO S7 kein Volltext (likely_paywall): „Haben seinen Marktwert überschätzt“: Transfermarkt-Experte 
2026-10-06 11:04:13,678 INFO S7 kein Volltext (likely_paywall): „Haben seinen Marktwert überschätzt“: Transfermarkt-Experte 
2026-10-06 11:04:14,580 INFO S7 kein Volltext (likely_paywall): „Haben seinen Marktwert überschätzt“: Transfermarkt-Experte 
2026-10-06 11:04:14,580 INFO S7 zu wenig Stoff (0 Wörter aus 0 Quellen, Versuch 3/3): „Haben seinen Marktwert überschätzt“: Transfermarkt-Experte 
2026-10-06 11:04:14,820 WARNING discarding data: None
2026-10-06 11:04:14,820 INFO S7 kein Volltext (trafilatura_returned_empty): Leih-Stürmer kommt auf Touren: Futkeu bald reif für Elversbe
2026-10-06 11:04:15,310 ERROR lxml parsing failed: Document is empty
2026-10-06 11:04:15,311 ERROR lxml parser bytestring Document is empty
2026-10-06 11:04:15,311 ERROR lxml parsing failed: Document is empty
2026-10-06 11:04:15,311 ERROR lxml parser bytestring Document is empty
2026-10-06 11:04:15,311 ERROR empty HTML tree: None
2026-10-06 11:04:15,311 WARNING discarding data: None
2026-10-06 11:04:15,312 INFO S7 kein Volltext (trafilatura_returned_empty): Futkeu bald reif für Elversbergs Startelf
2026-10-06 11:04:15,665 ERROR lxml parsing failed: Document is empty
2026-10-06 11:04:15,665 ERROR lxml parser bytestring Document is empty
2026-10-06 11:04:15,665 ERROR lxml parsing failed: Document is empty
2026-10-06 11:04:15,665 ERROR lxml parser bytestring Document is empty
2026-10-06 11:04:15,665 ERROR empty HTML tree: None
2026-10-06 11:04:15,665 WARNING discarding data: None
2026-10-06 11:04:15,666 INFO S7 kein Volltext (trafilatura_returned_empty): Futkeu bald reif für Elversbergs Startelf
2026-10-06 11:04:15,666 INFO S7 zu wenig Stoff (0 Wörter aus 0 Quellen, Versuch 3/3): Futkeu bald reif für Elversbergs Startelf
2026-10-06 11:04:15,897 WARNING discarding data: None
2026-10-06 11:04:15,898 INFO S7 kein Volltext (trafilatura_returned_empty): Yussuf Poulsen gibt nach Auswechslung im Kopenhagen-Test Ent
2026-10-06 11:04:16,099 WARNING discarding data: None
2026-10-06 11:04:16,100 INFO S7 kein Volltext (trafilatura_returned_empty): Yussuf Poulsen gibt nach Auswechslung im Kopenhagen-Test Ent
2026-10-06 11:04:16,727 INFO S7 kein Volltext (too_short_36_words): HSV-Stürmer Poulsen erklärt Blitzauswechslung: Reicht es geg
2026-10-06 11:04:16,727 INFO S7 zu wenig Stoff (0 Wörter aus 0 Quellen, Versuch 3/3): HSV-Stürmer Poulsen erklärt Blitzauswechslung: Reicht es geg
2026-10-06 11:04:17,621 WARNING discarding data: None
2026-10-06 11:04:17,621 INFO S7 kein Volltext (trafilatura_returned_empty): Neue Transfer-Tür für den BVB? Dortmund könnte künftig Talen
2026-10-06 11:04:17,622 INFO S7 schreiben (Prio 2, 1 Quellen): Neue Transfer-Tür für den BVB? Dortmund könnte künftig Talen
2026-10-06 11:04:27,015 INFO   Kandidat: BVB hält Kontakt zu Regula: Wintertransfer für acht Millione
2026-10-06 11:04:28,156 WARNING discarding data: None
2026-10-06 11:04:28,157 INFO S7 kein Volltext (trafilatura_returned_empty): Ist Dzeko zu alt für Schalke? Drei S04-Ikonen sprechen Klart
2026-10-06 11:04:29,978 INFO S7 schreiben (Prio 2, 1 Quellen): Schalke-Star Dzeko schließt Szenario für Karriereende aus: „
2026-10-06 11:04:39,383 INFO   Kandidat: Dzeko schließt Trainerkarriere aus: „Sehe keine Zukunft“
2026-10-06 11:04:39,607 WARNING discarding data: None
2026-10-06 11:04:39,608 INFO S7 kein Volltext (trafilatura_returned_empty): Timothy Chandler nimmt Eintracht-Kapitän Robin Koch nach sch
2026-10-06 11:04:40,428 INFO S7 kein Volltext (likely_paywall): Chandler schwärmt von Eintracht-Juwel Ilicevic – und traut i
2026-10-06 11:04:40,428 INFO S7 zu wenig Stoff (0 Wörter aus 0 Quellen, Versuch 3/3): Chandler schwärmt von Eintracht-Juwel Ilicevic – und traut i
2026-10-06 11:04:40,786 INFO S7 kein Volltext (too_short_51_words): Was Thioune geschafft hat - Überraschender Platz 1 für Werde
2026-10-06 11:04:41,225 INFO S7 kein Volltext (too_short_51_words): Werder Bremen: Was Thioune geschafft hat! Überraschender Pla
2026-10-06 11:04:41,225 INFO S7 zu wenig Stoff (0 Wörter aus 0 Quellen, Versuch 3/3): Was Thioune geschafft hat - Überraschender Platz 1 für Werde
2026-10-06 11:04:42,008 INFO S7 kein Volltext (likely_paywall): Plötzlich trainiert ihn Klopp: Hütter richtet nach Ebnoutali
2026-10-06 11:04:42,791 INFO S7 kein Volltext (likely_paywall): Plötzlich trainiert ihn Klopp: Hütter richtet nach Ebnoutali
2026-10-06 11:04:42,791 INFO S7 zu wenig Stoff (0 Wörter aus 0 Quellen, Versuch 3/3): Plötzlich trainiert ihn Klopp: Hütter richtet nach Ebnoutali
2026-10-06 11:04:43,330 INFO S7 kein Volltext (too_short_9_words): Premiere für Vandevoordt, Orbán baut Erfolgsserie mit Ungarn
2026-10-06 11:04:43,846 INFO S7 kein Volltext (too_short_9_words): Premiere für Vandevoordt, Orbán baut Erfolgsserie mit Ungarn
2026-10-06 11:04:43,846 INFO S7 zu wenig Stoff (0 Wörter aus 0 Quellen, Versuch 2/3): Premiere für Vandevoordt, Orbán baut Erfolgsserie mit Ungarn
2026-10-06 11:04:44,051 WARNING discarding data: None
2026-10-06 11:04:44,052 INFO S7 kein Volltext (trafilatura_returned_empty): Nach langem Warten auf die FIFA-Freigabe: Leipzig-Profi Ezec
2026-10-06 11:04:44,297 WARNING discarding data: None
2026-10-06 11:04:44,298 INFO S7 kein Volltext (trafilatura_returned_empty): Nach langem Warten auf die FIFA-Freigabe: Leipzig-Profi Ezec
2026-10-06 11:04:44,298 INFO S7 zu wenig Stoff (0 Wörter aus 0 Quellen, Versuch 3/3): Nach langem Warten auf die FIFA-Freigabe: Leipzig-Profi Ezec
2026-10-06 11:04:44,323 ERROR lxml parsing failed: Document is empty
2026-10-06 11:04:44,323 ERROR lxml parser bytestring Document is empty
2026-10-06 11:04:44,323 ERROR lxml parsing failed: Document is empty
2026-10-06 11:04:44,323 ERROR lxml parser bytestring Document is empty
2026-10-06 11:04:44,323 ERROR empty HTML tree: None
2026-10-06 11:04:44,323 WARNING discarding data: None
2026-10-06 11:04:44,324 INFO S7 kein Volltext (trafilatura_returned_empty): Triebfeder Ulrich oder Techniker Vidovic: Wer findet Paderbo
2026-10-06 11:04:44,523 ERROR lxml parsing failed: Document is empty
2026-10-06 11:04:44,523 ERROR lxml parser bytestring Document is empty
2026-10-06 11:04:44,523 ERROR lxml parsing failed: Document is empty
2026-10-06 11:04:44,524 ERROR lxml parser bytestring Document is empty
2026-10-06 11:04:44,524 ERROR empty HTML tree: None
2026-10-06 11:04:44,524 WARNING discarding data: None
2026-10-06 11:04:44,524 INFO S7 kein Volltext (trafilatura_returned_empty): Triebfeder Ulrich oder Techniker Vidovic: Wer findet Paderbo
2026-10-06 11:04:44,525 INFO S7 zu wenig Stoff (0 Wörter aus 0 Quellen, Versuch 3/3): Triebfeder Ulrich oder Techniker Vidovic: Wer findet Paderbo
2026-10-06 11:04:45,208 INFO S7 kein Volltext (seite_zu_alt): Eintracht Frankfurt verlängert Vertrag mit großem Talent: „E
2026-10-06 11:04:45,914 INFO S7 kein Volltext (seite_zu_alt): Vertragsverlängerung fix: Großes Talent bleibt bei Eintracht
2026-10-06 11:04:45,915 INFO S7 zu wenig Stoff (0 Wörter aus 0 Quellen, Versuch 3/3): Eintracht Frankfurt verlängert Vertrag mit großem Talent: „E
2026-10-06 11:04:46,876 INFO S7 kein Volltext (likely_paywall): "He brings in ideas, we follow them" – Michael Olise hails Z
2026-10-06 11:04:46,877 INFO S7 zu wenig Stoff (0 Wörter aus 0 Quellen, Versuch 2/3): "He brings in ideas, we follow them" – Michael Olise hails Z
2026-10-06 11:04:49,125 INFO S7 schreiben (Prio 2, 1 Quellen): Book als BVB-Heilsbringer: Nur eine Sache hat er nicht gesch
2026-10-06 11:05:01,546 INFO   Kandidat: BVB-Transferbilanz: Book schafft im ersten Sommer starke Vor
2026-10-06 11:05:02,419 INFO S7 kein Volltext (likely_paywall): Mammutaufgaben in Leipzig und Dortmund: Eintracht Frankfurt 
2026-10-06 11:05:02,419 INFO S7 zu wenig Stoff (0 Wörter aus 0 Quellen, Versuch 1/3): Mammutaufgaben in Leipzig und Dortmund: Eintracht Frankfurt 
2026-10-06 11:05:04,229 INFO S7 schreiben (Prio 2, 1 Quellen): Schalke-Nationalspieler kehrt mit Trophäe zurück: S04 jubelt
2026-10-06 11:05:10,482 INFO   Kandidat: Schalke-Profi Tanaka gewinnt mit Japan den Kirin-Cup
2026-10-06 11:05:14,605 INFO S7 schreiben (Prio 2, 1 Quellen): RB Leipzig und Borussia Dortmund im Kampf um dieses Top-Tale
2026-10-06 11:05:23,599 INFO S7.6 doppelt (BVB und Leipzig beobachten Lens-Talent Andrija Bul): Leipzig und Dortmund werben um Lens-Talent Andrija
2026-10-06 11:05:24,046 INFO S7 schreiben (Prio 2, 1 Quellen): Top-Klubs wollen Sturm-Riesen - Freiburg vor nächstem Mega-D
2026-10-06 11:05:32,515 INFO   Kandidat: Matanovic im Visier der Premier League: Freiburg vor nächste
2026-10-06 11:05:37,366 INFO S7 schreiben (Prio 2, 1 Quellen): Dortmund reportedly battling Arsenal and Liverpool for Fulha
2026-10-06 11:05:44,806 INFO   Kandidat: BVB zeigt laut Bericht konkretes Interesse an Fulhams Josh K
2026-10-06 11:05:50,594 INFO S7 schreiben (Prio 2, 1 Quellen): Bericht: England-Gigant hat BVB-Star auf "Shortlist"
2026-10-06 11:05:58,339 INFO   Kandidat: Manchester United soll Dortmunds Daniel Svensson auf der Lis
2026-10-06 11:05:58,777 INFO S7 kein Volltext (too_short_49_words): Klopp-Entdeckung als Vorbild - Blessin ist Gladbachs große M
2026-10-06 11:05:58,777 INFO S7 zu wenig Stoff (0 Wörter aus 0 Quellen, Versuch 1/3): Klopp-Entdeckung als Vorbild - Blessin ist Gladbachs große M
2026-10-06 11:05:59,253 INFO S7 schreiben (Prio 2, 1 Quellen): FC Bayern kämpft um "Kid Messi"
2026-10-06 11:06:11,523 INFO   Kandidat: Bayern buhlt um Manchester-Talent JJ Gabriel
2026-10-06 11:06:19,756 INFO S7 schreiben (Prio 2, 1 Quellen): 6 Spiele, 8 Tore! Eine neue Tormaschine des BVB erinnert an 
2026-10-06 11:06:22,452 INFO S7 verworfen (nicht_relevant): 6 Spiele, 8 Tore! Eine neue Tormaschine des BVB erinnert an 
2026-10-06 11:06:27,127 INFO S7 schreiben (Prio 2, 1 Quellen): Bierhoff bringt Wirtz bei Barca ins Spiel
2026-10-06 11:06:32,716 INFO S7 verworfen (nicht_relevant): Bierhoff bringt Wirtz bei Barca ins Spiel
2026-10-06 11:06:39,457 INFO S7 schreiben (Prio 2, 1 Quellen): 25 Millionen: BVB und RB Leipzig beobachten Andrija Bulatovi
2026-10-06 11:06:46,775 INFO S7.6 doppelt (BVB und Leipzig beobachten Lens-Talent Andrija Bul): BVB und Leipzig beobachten Lens-Juwel Andrija Bula
2026-10-06 11:06:53,586 INFO S7 schreiben (Prio 2, 1 Quellen): BVB-Profi Anton und Ex-Schalker Thiaw: Warum dieses DFB-Duo 
2026-10-06 11:06:57,765 INFO S7 verworfen (zu_wenig_stoff): BVB-Profi Anton und Ex-Schalker Thiaw: Warum dieses DFB-Duo 
2026-10-06 11:06:58,191 INFO S7 schreiben (Prio 2, 1 Quellen): „Progressiver denken“: HSV-Boss Huwer plädiert für revolutio
2026-10-06 11:07:02,095 INFO S7 verworfen (nicht_relevant): „Progressiver denken“: HSV-Boss Huwer plädiert für revolutio
2026-10-06 11:07:04,348 INFO S6.5 schon berichtet (Matanovic im Visier der Premier League: Freib): Premier League: SC Freiburg vor nächstem Mega-Deal
2026-10-06 11:07:09,134 INFO S6.5 schon berichtet (Dzeko-Debatte auf Schalke: Ex-Profis uneins ü): Jetzt mischen Schalkes Kult-Stürmer mit - Die große Dzeko-Di
2026-10-06 11:07:13,750 INFO S7 schreiben (Prio 2, 1 Quellen): FC Schalke 04: Boss umreißt Winterplan
2026-10-06 11:07:20,644 INFO   Kandidat: Schalke plant früh für den Winter: Lüftl nennt noch keine Po
2026-10-06 11:07:30,586 INFO S7 schreiben (Prio 2, 1 Quellen): BVB-News heute: Zündet jetzt der Karetsas-Boost?
2026-10-06 11:07:44,004 INFO   Kandidat: Schlotterbeck mit Außenbandverletzung: Bremen-Spiel in Gefah
2026-10-06 11:07:46,511 INFO S6.5 schon berichtet (Olise führt Frankreich zum 4:1 gegen Belgien,): Auch in ungewohnter Rolle sorgt Bayern-Star Olise für Staune
2026-10-06 11:07:54,467 INFO S7 schreiben (Prio 2, 1 Quellen): Auch der FC Bayern soll dran sein: BVB hat wohl Top-Talent a
2026-10-06 11:08:00,493 INFO   Kandidat: BVB und Bayern beobachten Tottenham-Talent Luca Williams-Bar
2026-10-06 11:08:10,298 INFO S6.5 schon berichtet (BVB und Bayern beobachten Tottenham-Talent Lu): Schnappt der FC Bayern dem BVB einen Wunschspieler weg?
2026-10-06 11:08:10,861 INFO S7 kein Volltext (too_short_34_words): HSV-Profi beichtet: „Ich liege im Bett und denke: ‚Hey, was 
2026-10-06 11:08:10,861 INFO S7 zu wenig Stoff (0 Wörter aus 0 Quellen, Versuch 1/3): HSV-Profi beichtet: „Ich liege im Bett und denke: ‚Hey, was 
2026-10-06 11:08:11,207 INFO S7 kein Volltext (likely_paywall): Arsenal and Liverpool eyeing moves for Leipzig star?
2026-10-06 11:08:11,208 INFO S7 zu wenig Stoff (0 Wörter aus 0 Quellen, Versuch 1/3): Arsenal and Liverpool eyeing moves for Leipzig star?
2026-10-06 11:08:12,013 INFO S7 kein Volltext (seite_zu_alt): Rückkehr trotz „blutiger Nasen“? RB Leipzig will angeblich K
2026-10-06 11:08:12,014 INFO S7 zu wenig Stoff (0 Wörter aus 0 Quellen, Versuch 1/3): Rückkehr trotz „blutiger Nasen“? RB Leipzig will angeblich K
2026-10-06 11:08:16,066 INFO S7 schreiben (Prio 2, 1 Quellen): FC Bayern: Wie wahrscheinlich ist der Yildiz-Coup?
2026-10-06 11:08:24,545 INFO S7.6 doppelt (Yildiz: Bayern soll Rückkehr des Ex-Talents prüfen): Yildiz zum FC Bayern? Rückkehr gilt als unwahrsche
2026-10-06 11:08:28,841 INFO S7 schreiben (Prio 2, 1 Quellen): Wer wird die neue Nummer zwei hinter Jonas Urbig? FC Bayern 
2026-10-06 11:08:42,162 INFO   Kandidat: Bayern sucht Urbigs Backup: Sky nennt lange Torhüterliste
2026-10-06 11:08:42,162 INFO S7 Abo-Deckel (12 Artikel) erreicht – Rest wartet auf den nächsten Lauf
2026-10-06 11:08:42,179 INFO FinalCheck SKIP: dortmund/{'regula', 'luca reggiani', 'ole book'} stage=geruecht bereits in Archiv
2026-10-06 11:08:42,190 INFO S9.5 summary-dup (sim=86.16352201257861, 'Schlotterbeck droht auch gegen Bremen zu'): Schlotterbeck mit Außenbandverletzung: Bremen-Spie
2026-10-06 11:08:42,193 INFO S9.5 FinalCheck: 10/12 durch
2026-10-06 11:08:43,078 INFO Veröffentlicht: Dzeko schließt Trainerkarriere aus: „Sehe keine Zukunft“
2026-10-06 11:08:43,169 INFO Veröffentlicht: BVB-Transferbilanz: Book schafft im ersten Sommer starke Vor
2026-10-06 11:08:43,257 INFO Veröffentlicht: Schalke-Profi Tanaka gewinnt mit Japan den Kirin-Cup
2026-10-06 11:08:43,348 INFO Veröffentlicht: Matanovic im Visier der Premier League: Freiburg vor nächste
2026-10-06 11:08:43,438 INFO Veröffentlicht: BVB zeigt laut Bericht konkretes Interesse an Fulhams Josh K
2026-10-06 11:08:43,529 INFO Veröffentlicht: Manchester United soll Dortmunds Daniel Svensson auf der Lis
2026-10-06 11:08:43,617 INFO Veröffentlicht: Bayern buhlt um Manchester-Talent JJ Gabriel
2026-10-06 11:08:43,707 INFO Veröffentlicht: Schalke plant früh für den Winter: Lüftl nennt noch keine Po
2026-10-06 11:08:43,797 INFO Veröffentlicht: BVB und Bayern beobachten Tottenham-Talent Luca Williams-Bar
2026-10-06 11:08:43,887 INFO Veröffentlicht: Bayern sucht Urbigs Backup: Sky nennt lange Torhüterliste
2026-10-06 11:08:43,918 INFO Reddit: Keine Credentials – übersprungen
2026-10-06 11:08:43,918 INFO Reddit: Keine Credentials – übersprungen
2026-10-06 11:08:43,919 INFO Reddit: Keine Credentials – übersprungen
2026-10-06 11:08:43,919 INFO Reddit: Keine Credentials – übersprungen
2026-10-06 11:08:43,920 INFO Reddit: Keine Credentials – übersprungen
2026-10-06 11:08:43,920 INFO Reddit: Keine Credentials – übersprungen
2026-10-06 11:08:43,921 INFO Reddit: Keine Credentials – übersprungen
2026-10-06 11:08:43,921 INFO Reddit: Keine Credentials – übersprungen
2026-10-06 11:08:43,921 INFO Reddit: Keine Credentials – übersprungen
2026-10-06 11:08:43,922 INFO Reddit: Keine Credentials – übersprungen
2026-10-06 11:08:43,923 INFO 💶 Kosten: dieser Lauf 0.000 $ (Budget 0.059 $) | heute 0.00 $ | Monat 0.72 / 23 $ | konferenz (abo) 1× 0.000 $, dublette (abo) 43× 0.000 $, schreiben (abo) 19× 0.000 $
2026-10-06 11:08:43,923 INFO 🎫 Abo-Verbrauch: 196,521 Tokens rein (davon Cache gelesen 30,277), 31,203 raus, API-Gegenwert 0.92 $ | konferenz 1×: 4,910/11,385, dublette 43×: 65,010/504, schreiben 19×: 126,601/19,314
2026-10-06 11:08:43,967 INFO Feeds: 60/60 begonnen, nächster Lauf startet bei Nr. 0
2026-10-06 11:08:43,967 INFO URL-Cache gespeichert: 24441 URLs
2026-10-06 11:08:43,967 INFO === Fertig. 10 neue Artikel. feed.json: 1295 ===
2026-10-06 11:08:43,967 INFO Stats: {"ts": "20261006_1100", "ingested": 96, "s2_pre_filter": 17, "s3_relevance": 28, "s4_dedup_early": 0, "gesammelt": 51, "geschichten_neu": 40, "s5_archiv_doppelt": 0, "s5_zusammengefuehrt": 3, "s6_aussortiert": 0, "s7_geschrieben": 19, "s7_verworfen": 12, "s5_fulltext_fail": 22, "s8_qa_rejected": 2, "published": 10, "s5_ohne_bezug": 4, "s5_randthema": 2, "kosten": {"lauf_usd": 0.0, "lauf_budget_usd": 0.0594, "heute_usd": 0.0, "monat_usd": 0.7196, "monatsbudget_usd": 23.0, "aufrufe": {"konferenz (abo)": {"anzahl": 1, "usd": 0.0}, "dublette (abo)": {"anzahl": 43, "usd": 0.0}, "schreiben (abo)": {"anzahl": 19, "usd": 0.0}}, "guthaben_leer": false, "abo": true, "abo_tokens": {"konferenz": {"aufrufe": 1, "ein": 10, "cache_schreiben": 4900, "cache_lesen": 0, "aus": 11385, "api_wert_usd": 0.0667}, "dublette": {"aufrufe": 43, "ein": 86, "cache_schreiben": 64924, "cache_lesen": 0, "aus": 504, "api_wert_usd": 0.2649}, "schreiben": {"aufrufe": 19, "ein": 40, "cache_schreiben": 96284, "cache_lesen": 30277, "aus": 19314, "api_wert_usd": 0.5845}}}}
