2026-10-07 19:32:39,393 INFO 💶 Budget: dieser Lauf 0.062 $ | heute 0.00 $ | Monat 0.72 / 23 $
2026-10-07 19:32:40,004 INFO URL-Cache geladen: 27160 bekannte URLs (letzte 30 Tage)
2026-10-07 19:32:40,004 INFO === Ligaoutsider Generator startet – max. 50 Artikel ===
2026-10-07 19:32:40,004 INFO Feed: https://newsfeed.kicker.de/news/bundesliga
2026-10-07 19:32:40,331 INFO S2 blacklist: Das Bundesliga-Quiz zum 5. Spieltag
2026-10-07 19:32:40,332 INFO Feed: https://www.sportschau.de/fussball/bundesliga/index~rss2.xml
2026-10-07 19:32:41,220 INFO Feed: https://sportbild.bild.de/feed/sportbild-home.xml
2026-10-07 19:32:41,752 INFO BL-Spielerliste geladen: 1002 Namen
2026-10-07 19:32:41,793 INFO S3 keyword miss: „Ich habe gehört …“ - Steht die City-Strafe schon fest?
2026-10-07 19:32:41,869 INFO S3 keyword miss: Brisante Tribünen-Szene geht viral - Fremdgeh-Alarm bei Mess
2026-10-07 19:32:41,976 INFO S3 keyword miss: Sie schockt die Ski-Welt - Knaller-Nachricht um Lindsey Vonn
2026-10-07 19:32:41,977 INFO Feed: https://www.bild.de/rss-feeds/rss-16725492,feed=fussball-mix.bild.html
2026-10-07 19:32:42,528 INFO S2 blacklist: „Inakzeptabel“ - Kovac schimpft über Länderspiel-Pause
2026-10-07 19:32:42,529 INFO Feed: https://www.11freunde.de/feed
2026-10-07 19:32:43,916 INFO Feed: https://www.bundesliga.com/de/bundesliga/news.rss
2026-10-07 19:32:44,081 INFO Feed: https://news.google.com/rss/topics/CAAqJggKIiBDQkFTRWdvSUwyMHZNRFp1ZEdvU0FtUmxHZ0pFUlNnQVAB?hl=de&gl=DE&ceid=DE:de
2026-10-07 19:32:44,380 INFO S2 blacklist: DFB-Frauen: Lisa Baum vor DFB-Debüt: Mit links zum Shootings
2026-10-07 19:32:44,381 INFO S2 blacklist: Zu starke Schwingungen: Beim VfL Bochum darf in der Ostkurve
2026-10-07 19:32:44,508 INFO S3 keyword miss: Wintersport: Ski-Hammer um Lindsey Vonn verkündet!
2026-10-07 19:32:44,600 INFO S3 keyword miss: Roglic füllt die Pogacar-Lücke und holt zuhause EM-Gold für 
2026-10-07 19:32:44,732 INFO S3 keyword miss: Nicht nur Zverev: Auch Djokovic profitiert von Sinner-Aus
2026-10-07 19:32:44,733 INFO S2 blacklist: DFB-Team in Eppelheim: Cora Zicai will nach dem "Neustart" z
2026-10-07 19:32:44,737 INFO S2 blacklist: Rekordnationalspieler: 125 Länderspiele für England - Harry 
2026-10-07 19:32:44,738 INFO S2 blacklist: "Eine absolute Unart": Nächste strittige Aktion von Cucurell
2026-10-07 19:32:44,865 INFO S3 keyword miss: Ohne Dujshebaev: Welche Stars hat SCM-Gegner Kielce noch?
2026-10-07 19:32:44,953 INFO S3 keyword miss: Marktwerte Premier League: Wirtz 25 Millionen hinter Cherki 
2026-10-07 19:32:45,089 INFO S3 keyword miss: Pedro hört mit 39 auf: „Danke Fußball, dass du mich so glück
2026-10-07 19:32:45,089 INFO Feed: https://news.google.com/rss/search?q=Bundesliga+Testspiel+Ergebnis&hl=de&gl=DE&ceid=DE:de
2026-10-07 19:32:45,505 INFO Feed: https://news.google.com/rss/search?q=Bundesliga+Vorbereitung+Sommertour&hl=de&gl=DE&ceid=DE:de
2026-10-07 19:32:45,856 INFO Feed: https://news.google.com/rss/search?q=Bundesliga+Verletzung+Ausfall+gesperrt&hl=de&gl=DE&ceid=DE:de
2026-10-07 19:32:46,248 INFO Feed: https://news.google.com/rss/search?q=Bundesliga+Transfer+Wechsel+verpflichtet&hl=de&gl=DE&ceid=DE:de
2026-10-07 19:32:46,656 INFO Feed: https://news.google.com/rss/search?q=Bundesliga+Gerücht+Interesse+Angebot&hl=de&gl=DE&ceid=DE:de
2026-10-07 19:32:47,071 INFO Feed: https://news.google.com/rss/search?q=Bundesliga+Vertrag+verlängert+ablösefrei&hl=de&gl=DE&ceid=DE:de
2026-10-07 19:32:47,462 INFO Feed: https://news.google.com/rss/search?q=%22FC+Bayern%22+OR+%22Bayern+M%C3%BCnchen%22+when%3A1d&hl=de&gl=DE&ceid=DE:de
2026-10-07 19:32:48,081 INFO S3 keyword miss: „Engagierter Anwalt für Menschlichkeit“: Vincent Kompany erh
2026-10-07 19:32:48,082 INFO S2 blacklist: FC Bayern München - Kader im Detail 61/62 (Galerie) | Seite 
2026-10-07 19:32:48,084 INFO S2 blacklist: Kane spricht offen über das Familiengeheimnis hinter seinem 
2026-10-07 19:32:48,084 INFO Feed: https://news.google.com/rss/search?q=BVB+OR+%22Borussia+Dortmund%22+when%3A1d&hl=de&gl=DE&ceid=DE:de
2026-10-07 19:32:48,737 INFO S2 blacklist: Kovac-Kritik: „Länderspielpause war definitiv zu lang“
2026-10-07 19:32:48,852 INFO S3 keyword miss: "Total inakzeptabel": Kovac wettert vor Bundesliga-Restart
2026-10-07 19:32:48,852 INFO Feed: https://news.google.com/rss/search?q=%22Bayer+Leverkusen%22+OR+%22Bayer+04%22+when%3A1d&hl=de&gl=DE&ceid=DE:de
2026-10-07 19:32:49,241 INFO Feed: https://news.google.com/rss/search?q=%22RB+Leipzig%22+when%3A1d&hl=de&gl=DE&ceid=DE:de
2026-10-07 19:32:49,648 INFO S2 blacklist: Nach harter Kritik bei der norwegischen Nationalmannschaft: 
2026-10-07 19:32:49,649 INFO Feed: https://news.google.com/rss/search?q=%22VfB+Stuttgart%22+when%3A1d&hl=de&gl=DE&ceid=DE:de
2026-10-07 19:32:50,106 INFO S2 blacklist: Aufstellung | SV Meppen - VfB Stuttgart II : | 8. Spieltag |
2026-10-07 19:32:50,109 INFO S2 blacklist: Erfolgreiches DFB-Comeback: VfB-Profi Maximilian Mittelstädt
2026-10-07 19:32:50,109 INFO Feed: https://news.google.com/rss/search?q=%22Eintracht+Frankfurt%22+when%3A1d&hl=de&gl=DE&ceid=DE:de
2026-10-07 19:32:50,551 INFO S2 blacklist: „Falscher Zeitpunkt“: Krösche gesteht Riera-Fehler
2026-10-07 19:32:50,553 INFO S2 blacklist: Fußball-Nationalmannschaft: WM-Held Götze lobt Klopps Start 
2026-10-07 19:32:50,554 INFO Feed: https://news.google.com/rss/search?q=Gladbach+OR+%22Borussia+M%C3%B6nchengladbach%22+when%3A1d&hl=de&gl=DE&ceid=DE:de
2026-10-07 19:32:51,129 INFO Feed: https://news.google.com/rss/search?q=%22SC+Freiburg%22+when%3A1d&hl=de&gl=DE&ceid=DE:de
2026-10-07 19:32:51,521 INFO S2 blacklist: Nach der Länderspielpause: Schalke startet Vorbereitung auf 
2026-10-07 19:32:51,522 INFO Feed: https://news.google.com/rss/search?q=Hoffenheim+when%3A1d&hl=de&gl=DE&ceid=DE:de
2026-10-07 19:32:51,913 INFO S2 blacklist: MSV Duisburg - TSG 1899 Hoffenheim II: Bleibt Duisburg auf d
2026-10-07 19:32:51,913 INFO S2 blacklist: Aufstellung | MSV Duisburg - TSG Hoffenheim II : | 8. Spielt
2026-10-07 19:32:51,914 INFO S2 blacklist: 5. Spieltag Bundesliga: TSG Hoffenheim - Hamburger SV - Hamb
2026-10-07 19:32:51,914 INFO Feed: https://news.google.com/rss/search?q=%22Mainz+05%22+when%3A1d&hl=de&gl=DE&ceid=DE:de
2026-10-07 19:32:52,376 INFO S3 keyword miss: Rheinhessen kompakt: Vereinsleben, Benefizaktionen und sport
2026-10-07 19:32:52,461 INFO S3 keyword miss: Blitzstart, Traumtore, Platzverweis: Das unfassbare Rheinder
2026-10-07 19:32:52,461 INFO Feed: https://news.google.com/rss/search?q=%22FC+Augsburg%22+when%3A1d&hl=de&gl=DE&ceid=DE:de
2026-10-07 19:32:52,949 INFO S3 keyword miss: Beşiktaş startet neuen Millionen-Anlauf bei Bundesliga-Talen
2026-10-07 19:32:53,037 INFO S3 keyword miss: Warum CFC-Chefcoach Duda fürs Topspiel nach einem passenden 
2026-10-07 19:32:53,037 INFO Feed: https://news.google.com/rss/search?q=%22Union+Berlin%22+when%3A1d&hl=de&gl=DE&ceid=DE:de
2026-10-07 19:32:53,489 INFO Feed: https://news.google.com/rss/search?q=%22Werder+Bremen%22+when%3A1d&hl=de&gl=DE&ceid=DE:de
2026-10-07 19:32:53,984 INFO S2 blacklist: Knapper Sieg & knappe Niederlage im Blitz-Turnier für die WE
2026-10-07 19:32:53,990 INFO S2 blacklist: Der Weg zum Werder-Transfer: Torwart-Scout Felix Wiedwald er
2026-10-07 19:32:53,991 INFO Feed: https://news.google.com/rss/search?q=HSV+OR+%22Hamburger+SV%22+when%3A1d&hl=de&gl=DE&ceid=DE:de
2026-10-07 19:32:54,425 INFO S2 blacklist: Baum lachend: "Ich mag es immer noch, dem HSV zuzuschauen" |
2026-10-07 19:32:54,428 INFO S2 blacklist: Unruhen nach Rassismus-Vorfall: HSV-Profi Pherai erlebt turb
2026-10-07 19:32:54,428 INFO Feed: https://news.google.com/rss/search?q=%221.+FC+K%C3%B6ln%22+OR+%22FC+K%C3%B6ln%22+when%3A1d&hl=de&gl=DE&ceid=DE:de
2026-10-07 19:32:54,925 INFO Feed: https://news.google.com/rss/search?q=Schalke+when%3A1d&hl=de&gl=DE&ceid=DE:de
2026-10-07 19:32:55,388 INFO S2 blacklist: Nach der Länderspielpause: Schalke startet Vorbereitung auf 
2026-10-07 19:32:55,388 INFO Feed: https://news.google.com/rss/search?q=Elversberg+when%3A1d&hl=de&gl=DE&ceid=DE:de
2026-10-07 19:32:55,854 INFO S3 keyword miss: Ex-Trainer des TSV Steinbach Haiger coacht in der Bundesliga
2026-10-07 19:32:55,854 INFO Feed: https://news.google.com/rss/search?q=%22SC+Paderborn%22+when%3A1d&hl=de&gl=DE&ceid=DE:de
2026-10-07 19:32:56,346 INFO S3 keyword miss: Weltrangliste: DFB-Auswahl rutscht auch unter Klopp ab
2026-10-07 19:32:56,347 INFO Feed: https://www.transfermarkt.de/rss/news
2026-10-07 19:32:56,380 INFO Feed: https://www.waz.de/sport/fussball/rss
2026-10-07 19:32:57,256 INFO Feed: https://www.faz.net/rss/aktuell/sport/fussball/bundesliga/
2026-10-07 19:32:59,065 INFO S3 keyword miss: Unser täglich Buch: Traditionsklubs sind toll, ihre Geldgebe
2026-10-07 19:32:59,065 INFO Feed: https://bulinews.com/rss.xml
2026-10-07 19:32:59,599 INFO S2 kein BL-Klub im Titel: Waldhof Mannheim rejected Groningen's €1.3m bid for Biersche
2026-10-07 19:32:59,599 INFO Feed: https://www.abendblatt.de/sport/rss
2026-10-07 19:33:00,199 INFO S3 keyword miss: Exklusiv: Deutscher Popstar plant offenbar Lied für St. Paul
2026-10-07 19:33:00,200 INFO S2 blacklist: Schwimmlegende Michael Groß: „Man lernt im Sport sehr viel f
2026-10-07 19:33:00,200 INFO Feed: https://www.merkur.de/sport/fc-bayern/rssfeed.rdf
2026-10-07 19:33:00,984 INFO Feed: https://www.eyefootball.com/rss_news_main.xml
2026-10-07 19:33:01,609 INFO Feed: https://www.ligaportal.at/international/deutsche-bundesliga?format=feed&type=rss
2026-10-07 19:33:04,120 INFO Feed: https://www.reddit.com/r/soccer/new.rss?limit=100
2026-10-07 19:33:05,291 INFO S3 keyword miss: Security guard listening to Messi’s speech after his final g
2026-10-07 19:33:05,374 INFO S3 keyword miss: Kasper Dolberg undergoes successful surgery
2026-10-07 19:33:05,459 INFO S3 keyword miss: Jørgen Strand Larsen on competing with Haaland, European suc
2026-10-07 19:33:05,664 INFO S3 keyword miss: The U.S. Sassuolo Calcio announces that it has extended the 
2026-10-07 19:33:05,748 INFO S3 keyword miss: ISL 2026-27: Kerala Blasters FC complete signing of former A
2026-10-07 19:33:05,932 INFO S3 keyword miss: There have been agents [Of Man City players] discussing ‘jus
2026-10-07 19:33:05,933 INFO Feed: https://newsfeed.kicker.de/team/fc-bayern-muenchen
2026-10-07 19:33:06,166 INFO Feed: https://newsfeed.kicker.de/team/borussia-dortmund
2026-10-07 19:33:06,239 INFO Feed: https://newsfeed.kicker.de/team/rb-leipzig
2026-10-07 19:33:06,471 INFO Feed: https://newsfeed.kicker.de/team/bayer-04-leverkusen
2026-10-07 19:33:06,698 INFO Feed: https://newsfeed.kicker.de/team/vfb-stuttgart
2026-10-07 19:33:06,772 INFO Feed: https://newsfeed.kicker.de/team/eintracht-frankfurt
2026-10-07 19:33:07,065 INFO Feed: https://newsfeed.kicker.de/team/bor-moenchengladbach
2026-10-07 19:33:07,138 INFO Feed: https://newsfeed.kicker.de/team/sc-freiburg
2026-10-07 19:33:07,407 INFO Feed: https://newsfeed.kicker.de/team/tsg-hoffenheim
2026-10-07 19:33:07,639 INFO Feed: https://newsfeed.kicker.de/team/1-fsv-mainz-05
2026-10-07 19:33:07,722 INFO Feed: https://newsfeed.kicker.de/team/fc-augsburg
2026-10-07 19:33:07,800 INFO Feed: https://newsfeed.kicker.de/team/1-fc-union-berlin
2026-10-07 19:33:08,165 INFO Feed: https://newsfeed.kicker.de/team/werder-bremen
2026-10-07 19:33:08,388 INFO Feed: https://newsfeed.kicker.de/team/hamburger-sv
2026-10-07 19:33:08,654 INFO Feed: https://newsfeed.kicker.de/team/1-fc-koeln
2026-10-07 19:33:08,880 INFO Feed: https://newsfeed.kicker.de/team/fc-schalke-04
2026-10-07 19:33:09,108 INFO Feed: https://newsfeed.kicker.de/team/sv-elversberg
2026-10-07 19:33:09,345 INFO Feed: https://newsfeed.kicker.de/team/sc-paderborn-07
2026-10-07 19:33:09,582 INFO Feed: https://newsfeed.kicker.de/news/champions-league
2026-10-07 19:33:09,654 INFO Feed: ligainsider:themen
2026-10-07 19:33:33,788 INFO LigaInsider (Themenfinder): 147 Meldungen von 18 Vereinsseiten
2026-10-07 19:33:34,668 INFO Eingelesen: 73 Schlagzeilen nach den Gratis-Filtern
2026-10-07 19:33:36,344 INFO S5 Fan-Wahl/Nachwuchs: Aus einem Dorf imn Potsdam-Mittelmark an die Spitze des BVB-Nachwuchse
2026-10-07 19:33:36,344 INFO S5 schon berichtet (Werder ohne Agu und Alvero in Dortmund, Hein ): Fragezeichen im Werder-Tor: Sorgt Hein-Prellung für Schlager
2026-10-07 19:33:36,345 INFO S5 schon berichtet (Bayern soll Leeds-Verteidiger Muharemovic im ): Top-Talent im Visier! Bayern und BVB buhlen um England-Juwel
2026-10-07 19:33:36,346 INFO S5 schon berichtet (Sabitzer vor dem Abschied: BVB will Vertrag n): "Frage der Zeit": BVB vor Verlängerung mit Kovac
2026-10-07 19:33:36,347 INFO S5 kein Bundesliga-Spieler oder -Klub erkennbar: „Bis jetzt sehr gut gemacht“: Ex-Schützling Götze erklärt, was Jürgen 
2026-10-07 19:33:36,351 INFO S5 Fan-Wahl/Nachwuchs: Inter 96 Bergisch Gladbach Jugend
2026-10-07 19:33:36,355 INFO S5 kein Bundesliga-Spieler oder -Klub erkennbar: Experience, quality and personality: AC Mestre sign Ronaldo. Born in C
2026-10-07 19:33:36,356 INFO S5 kein Bundesliga-Spieler oder -Klub erkennbar: Jaime Sancho signs for the Libyan club Al Madina Club and leaves Zamor
2026-10-07 19:33:36,356 INFO S5: 63 neue Geschichten, 3 schon berichtet, 2 zu wartenden Geschichten ergänzt, 95 warten
2026-10-07 19:34:47,105 INFO S6 aussortiert (doppelt): Mehr als nur ein Edeljoker? Krattenmacher stellt Wagner vor die Wahl
2026-10-07 19:34:47,105 INFO S6 aussortiert (doppelt): Was läuft denn da? - Tuchel knutscht Kane ab
2026-10-07 19:34:47,105 INFO S6 aussortiert (doppelt): Kult-Stürmer mischen mit: Die große Dzeko-Diskussion bei Schalke 04!
2026-10-07 19:34:47,106 INFO S6 aussortiert (prio_1): Der BVB-Nationalspieler, den bislang kaum einer kennt
2026-10-07 19:34:47,106 INFO S6 aussortiert (prio_1): FC Bayern trauert um früheren Co-Trainer Hans-Dieter Schmidt
2026-10-07 19:34:47,106 INFO S6 aussortiert (doppelt): FC Bayern trauert um früheren Co-Trainer – Ex-Heynckes-Assistent wurde
2026-10-07 19:34:47,106 INFO S6 aussortiert (prio_0): Hier läuft Bayern II gegen Unterhaching
2026-10-07 19:34:47,106 INFO S6 aussortiert (prio_1): "FC Feelgood": Markus Söder ehrt Bayern-Trainer mit Auszeichnung
2026-10-07 19:34:47,106 INFO S6 aussortiert (doppelt): Söder ehrt Bayern-Trainer Kompany
2026-10-07 19:34:47,107 INFO S6 aussortiert (prio_0): FC Bayern Basketball vs. Virtus Bologna: Mumbrú-Rückkehr und Jokubaiti
2026-10-07 19:34:47,107 INFO S6 aussortiert (doppelt): Suche nach Diaz-Backup: FC Bayern arbeitet schon jetzt mit Hochdruck a
2026-10-07 19:34:47,107 INFO S6 aussortiert (doppelt): FC Bayern trauert um Hans-Dieter Schmidt - er war Assistent von Jupp H
2026-10-07 19:34:47,107 INFO S6 aussortiert (doppelt): Winter-Transfer beim BVB? Book lässt aufhorchen
2026-10-07 19:34:47,107 INFO S6 aussortiert (doppelt): Im Poker um El Mala läuft die Zeit gegen den BVB Dortmund-Bosse haben 
2026-10-07 19:34:47,108 INFO S6 aussortiert (doppelt): BVB-Transfer: Prominente Empfehlung an Mora
2026-10-07 19:34:47,108 INFO S6 aussortiert (doppelt): BVB-Zukunft noch "kein Thema" für Emre Can
2026-10-07 19:34:47,108 INFO S6 aussortiert (doppelt): Rodri zu Real Madrid? BVB-Angebot für El Mala | Transfer Update | Fußb
2026-10-07 19:34:47,108 INFO S6 aussortiert (prio_0): 5. Spieltag: Borussia Dortmund - SV Werder Bremen - Borussia Dortmund 
2026-10-07 19:34:47,108 INFO S6 aussortiert (doppelt): "Ehrliches Feedback": Beier spricht über Gespräch mit Bundestrainer Kl
2026-10-07 19:34:47,109 INFO S6 aussortiert (doppelt): Zukunft weiter offen: Christian Kofane zögert mit neuem Leverkusen-Ver
2026-10-07 19:34:47,109 INFO S6 aussortiert (prio_1): Eberl zurück in Leipzig: Bayern-Boss bei wichtiger Bundesliga-Tagung
2026-10-07 19:34:47,109 INFO S6 aussortiert (doppelt): Norwegens Torwarttrainer Frode Grodås verteidigt Leipzig-Keeper Ørjan 
2026-10-07 19:34:47,109 INFO S6 aussortiert (prio_0): „SOKO Stuttgart“: ZDF-Krimi setzt auf Fußball-Torhüter Timo Hildebrand
2026-10-07 19:34:47,109 INFO S6 aussortiert (doppelt): „Absoluter Kopfmensch“: Eintracht-Trainer Hütter macht gehemmtem Kreat
2026-10-07 19:34:47,110 INFO S6 aussortiert (doppelt): Angespanntes Verhältnis zu Adi Hütter? Eintracht-Sportvorstand Markus 
2026-10-07 19:34:47,110 INFO S6 aussortiert (prio_1): (k+) Eintracht-Präsident Beck vor Wiederwahl - Ultras gewinnen weiter 
2026-10-07 19:34:47,110 INFO S6 aussortiert (prio_1): Krösches Stil bei der Eintracht: „Demokratische Diktatur“
2026-10-07 19:34:47,110 INFO S6 aussortiert (doppelt): Bei Gladbach gescheitert: Borussia-Flop nach Millionen-Transfer aufgeb
2026-10-07 19:34:47,110 INFO S6 aussortiert (prio_1): Ungewöhnliche Maßnahme: Gladbach-Stars müssen zum "Frontalunterricht"
2026-10-07 19:34:47,111 INFO S6 aussortiert (doppelt): (k+) Blessins Mission in Gladbach ist ein Drei-Stufen-Job
2026-10-07 19:34:47,111 INFO S6 aussortiert (doppelt): Einst Gladbachs Hoffnungsträger: Luca Netz in der Sackgasse
2026-10-07 19:34:47,111 INFO S6 aussortiert (prio_1): Emotionale Highlights am Wolfswinkel
2026-10-07 19:34:47,111 INFO S6 aussortiert (prio_0): Vermisstensuche in Mainz: Polizei sucht 13-Jährige
2026-10-07 19:34:47,111 INFO S6 aussortiert (doppelt): Werder-Profi Regeer über seinen Traumstart und eine Zukunft in Bremen
2026-10-07 19:34:47,111 INFO S6 aussortiert (prio_1): Wer wird Werder-Präsident? Ein aussichtsreicher Kandidat sagt ab – Wer
2026-10-07 19:34:47,112 INFO S6 aussortiert (doppelt): Fußball-Romantik adé: Werder Bremen muss das Kapitel Felix Agu schließ
2026-10-07 19:34:47,112 INFO S6 aussortiert (doppelt): Kovac über Werders 0:7-Pleite gegen Twente: "Ich bewerte das nicht übe
2026-10-07 19:34:47,112 INFO S6 aussortiert (doppelt): Niko Kovac über die Tabellenführung des BVB: "Es gibt noch viel, viel,
2026-10-07 19:34:47,112 INFO S6 aussortiert (prio_0): Handball – Verbandsliga: BSV II und HSV Magdeburg klopfen oben an
2026-10-07 19:34:47,112 INFO S6 aussortiert (doppelt): HSV mit Sturm-Sorgen: Wird Fabio Vieira zur "falschen Neun"?
2026-10-07 19:34:47,113 INFO S6 aussortiert (doppelt): Personalnot vor dem Derby - Köln gehen die Stürmer aus - 1. FC Köln - 
2026-10-07 19:34:47,113 INFO S6 aussortiert (prio_0): Nach der U21 wartet auf Laurin Ulrich vom SC Paderborn ein besonderes 
2026-10-07 19:34:47,113 INFO S6 aussortiert (prio_1): Paderborner Profis und ihr Spielzeug
2026-10-07 19:34:47,113 INFO S6 aussortiert (doppelt): Vincent Kompany erhält besondere Auszeichnung von Markus Söder
2026-10-07 19:34:47,113 INFO S6 aussortiert (prio_0): In case you were curious how clubs perform during international breaks
2026-10-07 19:34:47,114 INFO S6 aussortiert (prio_1): Similarities in the International farewells of Edin Džeko (02.10.) and
2026-10-07 19:34:47,114 INFO S6 aussortiert (doppelt): Latte Lath arbeitet individuell
2026-10-07 19:34:47,437 ERROR lxml parsing failed: Document is empty
2026-10-07 19:34:47,437 ERROR lxml parser bytestring Document is empty
2026-10-07 19:34:47,437 ERROR lxml parsing failed: Document is empty
2026-10-07 19:34:47,438 ERROR lxml parser bytestring Document is empty
2026-10-07 19:34:47,438 ERROR empty HTML tree: None
2026-10-07 19:34:47,438 WARNING discarding data: None
2026-10-07 19:34:47,439 INFO S7 kein Volltext (trafilatura_returned_empty): Vertrag läuft aus: Raum gibt Raum für Spekulationen
2026-10-07 19:34:47,468 ERROR lxml parsing failed: Document is empty
2026-10-07 19:34:47,468 ERROR lxml parser bytestring Document is empty
2026-10-07 19:34:47,469 ERROR lxml parsing failed: Document is empty
2026-10-07 19:34:47,469 ERROR lxml parser bytestring Document is empty
2026-10-07 19:34:47,469 ERROR empty HTML tree: None
2026-10-07 19:34:47,469 WARNING discarding data: None
2026-10-07 19:34:47,470 INFO S7 kein Volltext (trafilatura_returned_empty): Vertrag läuft aus: RB plant zeitnahe Gespräche mit Raum
2026-10-07 19:34:47,470 INFO S7 zu wenig Stoff (0 Wörter aus 0 Quellen, Versuch 3/3): Vertrag läuft aus: Raum gibt Raum für Spekulationen
2026-10-07 19:34:47,977 WARNING discarding data: None
2026-10-07 19:34:47,978 INFO S7 kein Volltext (trafilatura_returned_empty): Drei Personalfragen vor Werder: Kovac gibt Update zu Ryerson
2026-10-07 19:34:48,434 WARNING discarding data: None
2026-10-07 19:34:48,435 INFO S7 kein Volltext (trafilatura_returned_empty): Drei Personalfragen vor Werder: Kovac gibt Update zu Ryerson
2026-10-07 19:34:48,435 INFO S7 zu wenig Stoff (0 Wörter aus 0 Quellen, Versuch 3/3): Drei Personalfragen vor Werder: Kovac gibt Update zu Ryerson
2026-10-07 19:34:48,984 WARNING discarding data: None
2026-10-07 19:34:48,985 INFO S7 kein Volltext (trafilatura_returned_empty): Comeback gegen Bremen? Niko Kovac gibt Schlotterbeck-Update
2026-10-07 19:34:48,985 INFO S7 zu wenig Stoff (0 Wörter aus 0 Quellen, Versuch 1/3): Comeback gegen Bremen? Niko Kovac gibt Schlotterbeck-Update
2026-10-07 19:34:49,386 ERROR lxml parsing failed: Document is empty
2026-10-07 19:34:49,387 ERROR lxml parser bytestring Document is empty
2026-10-07 19:34:49,387 ERROR lxml parsing failed: Document is empty
2026-10-07 19:34:49,387 ERROR lxml parser bytestring Document is empty
2026-10-07 19:34:49,387 ERROR empty HTML tree: None
2026-10-07 19:34:49,387 WARNING discarding data: None
2026-10-07 19:34:49,388 INFO S7 kein Volltext (trafilatura_returned_empty): Aufstellung | FC Augsburg - Bayern München : | 5. Spieltag |
2026-10-07 19:34:49,388 INFO S7 zu wenig Stoff (0 Wörter aus 0 Quellen, Versuch 1/3): Aufstellung | FC Augsburg - Bayern München : | 5. Spieltag |
2026-10-07 19:34:49,691 ERROR lxml parsing failed: Document is empty
2026-10-07 19:34:49,691 ERROR lxml parser bytestring Document is empty
2026-10-07 19:34:49,691 ERROR lxml parsing failed: Document is empty
2026-10-07 19:34:49,692 ERROR lxml parser bytestring Document is empty
2026-10-07 19:34:49,692 ERROR empty HTML tree: None
2026-10-07 19:34:49,692 WARNING discarding data: None
2026-10-07 19:34:49,692 INFO S7 kein Volltext (trafilatura_returned_empty): Aufstellung | Borussia Dortmund - Werder Bremen : | 5. Spiel
2026-10-07 19:34:49,692 INFO S7 zu wenig Stoff (0 Wörter aus 0 Quellen, Versuch 1/3): Aufstellung | Borussia Dortmund - Werder Bremen : | 5. Spiel
2026-10-07 19:34:50,050 ERROR lxml parsing failed: Document is empty
2026-10-07 19:34:50,051 ERROR lxml parser bytestring Document is empty
2026-10-07 19:34:50,051 ERROR lxml parsing failed: Document is empty
2026-10-07 19:34:50,051 ERROR lxml parser bytestring Document is empty
2026-10-07 19:34:50,051 ERROR empty HTML tree: None
2026-10-07 19:34:50,051 WARNING discarding data: None
2026-10-07 19:34:50,052 INFO S7 kein Volltext (trafilatura_returned_empty): Aufstellung | 1. FSV Mainz 05 - Bayer 04 Leverkusen : | 5. S
2026-10-07 19:34:50,052 INFO S7 zu wenig Stoff (0 Wörter aus 0 Quellen, Versuch 1/3): Aufstellung | 1. FSV Mainz 05 - Bayer 04 Leverkusen : | 5. S
2026-10-07 19:34:50,368 ERROR lxml parsing failed: Document is empty
2026-10-07 19:34:50,368 ERROR lxml parser bytestring Document is empty
2026-10-07 19:34:50,368 ERROR lxml parsing failed: Document is empty
2026-10-07 19:34:50,368 ERROR lxml parser bytestring Document is empty
2026-10-07 19:34:50,369 ERROR empty HTML tree: None
2026-10-07 19:34:50,369 WARNING discarding data: None
2026-10-07 19:34:50,369 INFO S7 kein Volltext (trafilatura_returned_empty): Aufstellung | RB Leipzig - Eintracht Frankfurt : | 5. Spielt
2026-10-07 19:34:50,370 INFO S7 zu wenig Stoff (0 Wörter aus 0 Quellen, Versuch 1/3): Aufstellung | RB Leipzig - Eintracht Frankfurt : | 5. Spielt
2026-10-07 19:34:50,750 ERROR lxml parsing failed: Document is empty
2026-10-07 19:34:50,751 ERROR lxml parser bytestring Document is empty
2026-10-07 19:34:50,751 ERROR lxml parsing failed: Document is empty
2026-10-07 19:34:50,751 ERROR lxml parser bytestring Document is empty
2026-10-07 19:34:50,751 ERROR empty HTML tree: None
2026-10-07 19:34:50,751 WARNING discarding data: None
2026-10-07 19:34:50,752 INFO S7 kein Volltext (trafilatura_returned_empty): Aufstellung | SC Paderborn 07 - VfB Stuttgart : | 5. Spielta
2026-10-07 19:34:50,752 INFO S7 zu wenig Stoff (0 Wörter aus 0 Quellen, Versuch 1/3): Aufstellung | SC Paderborn 07 - VfB Stuttgart : | 5. Spielta
2026-10-07 19:34:51,038 ERROR lxml parsing failed: Document is empty
2026-10-07 19:34:51,038 ERROR lxml parser bytestring Document is empty
2026-10-07 19:34:51,039 ERROR lxml parsing failed: Document is empty
2026-10-07 19:34:51,039 ERROR lxml parser bytestring Document is empty
2026-10-07 19:34:51,039 ERROR empty HTML tree: None
2026-10-07 19:34:51,039 WARNING discarding data: None
2026-10-07 19:34:51,039 INFO S7 kein Volltext (trafilatura_returned_empty): Aufstellung | SC Freiburg - FC Schalke 04 : | 5. Spieltag | 
2026-10-07 19:34:51,040 INFO S7 zu wenig Stoff (0 Wörter aus 0 Quellen, Versuch 1/3): Aufstellung | SC Freiburg - FC Schalke 04 : | 5. Spieltag | 
2026-10-07 19:34:51,379 ERROR lxml parsing failed: Document is empty
2026-10-07 19:34:51,379 ERROR lxml parser bytestring Document is empty
2026-10-07 19:34:51,379 ERROR lxml parsing failed: Document is empty
2026-10-07 19:34:51,379 ERROR lxml parser bytestring Document is empty
2026-10-07 19:34:51,380 ERROR empty HTML tree: None
2026-10-07 19:34:51,380 WARNING discarding data: None
2026-10-07 19:34:51,380 INFO S7 kein Volltext (trafilatura_returned_empty): Aufstellung | 1. FC Union Berlin - SV Elversberg : | 5. Spie
2026-10-07 19:34:51,380 INFO S7 zu wenig Stoff (0 Wörter aus 0 Quellen, Versuch 1/3): Aufstellung | 1. FC Union Berlin - SV Elversberg : | 5. Spie
2026-10-07 19:34:51,686 ERROR lxml parsing failed: Document is empty
2026-10-07 19:34:51,687 ERROR lxml parser bytestring Document is empty
2026-10-07 19:34:51,687 ERROR lxml parsing failed: Document is empty
2026-10-07 19:34:51,687 ERROR lxml parser bytestring Document is empty
2026-10-07 19:34:51,687 ERROR empty HTML tree: None
2026-10-07 19:34:51,687 WARNING discarding data: None
2026-10-07 19:34:51,688 INFO S7 kein Volltext (trafilatura_returned_empty): Aufstellung | 1. FC Köln - Bor. Mönchengladbach : | 5. Spiel
2026-10-07 19:34:51,688 INFO S7 zu wenig Stoff (0 Wörter aus 0 Quellen, Versuch 1/3): Aufstellung | 1. FC Köln - Bor. Mönchengladbach : | 5. Spiel
2026-10-07 19:34:52,792 INFO S7 kein Volltext (too_short_52_words): BVB: Cramer spricht Klartext zur Kovac-Verlängerung – warum 
2026-10-07 19:34:52,793 INFO S7 zu wenig Stoff (0 Wörter aus 0 Quellen, Versuch 2/3): BVB: Cramer spricht Klartext zur Kovac-Verlängerung – warum 
2026-10-07 19:34:53,377 INFO S7 kein Volltext (too_short_15_words): Schlotterbeck fit für Bremen? Kovac gibt Update
2026-10-07 19:34:53,377 INFO S7 zu wenig Stoff (0 Wörter aus 0 Quellen, Versuch 2/3): Schlotterbeck fit für Bremen? Kovac gibt Update
2026-10-07 19:34:53,727 ERROR lxml parsing failed: Document is empty
2026-10-07 19:34:53,727 ERROR lxml parser bytestring Document is empty
2026-10-07 19:34:53,728 ERROR lxml parsing failed: Document is empty
2026-10-07 19:34:53,728 ERROR lxml parser bytestring Document is empty
2026-10-07 19:34:53,728 ERROR empty HTML tree: None
2026-10-07 19:34:53,728 WARNING discarding data: None
2026-10-07 19:34:53,729 INFO S7 kein Volltext (trafilatura_returned_empty): (k+) Seimen und Bredlow: Das Duell um den Posten zwischen de
2026-10-07 19:34:53,729 INFO S7 zu wenig Stoff (0 Wörter aus 0 Quellen, Versuch 3/3): (k+) Seimen und Bredlow: Das Duell um den Posten zwischen de
2026-10-07 19:34:55,111 INFO S7 kein Volltext (too_short_3_words): Uzun, Sechser und weitere Eintracht-Aufstellungsfragen
2026-10-07 19:34:55,111 INFO S7 zu wenig Stoff (0 Wörter aus 0 Quellen, Versuch 3/3): Uzun, Sechser und weitere Eintracht-Aufstellungsfragen
2026-10-07 19:34:55,819 ERROR lxml parsing failed: Document is empty
2026-10-07 19:34:55,819 ERROR lxml parser bytestring Document is empty
2026-10-07 19:34:55,820 ERROR lxml parsing failed: Document is empty
2026-10-07 19:34:55,820 ERROR lxml parser bytestring Document is empty
2026-10-07 19:34:55,820 ERROR empty HTML tree: None
2026-10-07 19:34:55,820 WARNING discarding data: None
2026-10-07 19:34:55,821 INFO S7 kein Volltext (trafilatura_returned_empty): Schalke will Muslics Ausstiegsklausel streichen – Warum sich
2026-10-07 19:34:55,821 INFO S7 zu wenig Stoff (0 Wörter aus 0 Quellen, Versuch 3/3): Schalke will Muslics Ausstiegsklausel streichen – Warum sich
2026-10-07 19:34:56,193 ERROR lxml parsing failed: Document is empty
2026-10-07 19:34:56,193 ERROR lxml parser bytestring Document is empty
2026-10-07 19:34:56,193 ERROR lxml parsing failed: Document is empty
2026-10-07 19:34:56,193 ERROR lxml parser bytestring Document is empty
2026-10-07 19:34:56,193 ERROR empty HTML tree: None
2026-10-07 19:34:56,193 WARNING discarding data: None
2026-10-07 19:34:56,194 INFO S7 kein Volltext (trafilatura_returned_empty): BVB-Kapitän Can erneut operiert: Wohl kein Einsatz mehr in d
2026-10-07 19:34:56,194 INFO S7 zu wenig Stoff (0 Wörter aus 0 Quellen, Versuch 1/3): BVB-Kapitän Can erneut operiert: Wohl kein Einsatz mehr in d
2026-10-07 19:34:57,715 INFO S7 kein Volltext (seite_zu_alt): Done Deal: Bundesliga-Klub gewinnt Rennen um Eichhorn!
2026-10-07 19:34:57,715 INFO S7 zu wenig Stoff (0 Wörter aus 0 Quellen, Versuch 3/3): Done Deal: Bundesliga-Klub gewinnt Rennen um Eichhorn!
2026-10-07 19:35:03,964 INFO S7 schreiben (Prio 2, 2 Quellen): Wegen Edin Dzeko: Schalke-Kapitän Kenan Karaman spricht Mach
2026-10-07 19:35:12,931 INFO   Kandidat: Karaman stellt sich vor Dzeko: „Über Edins Qualitäten brauch
2026-10-07 19:35:13,404 INFO S7 kein Volltext (likely_paywall): Der 1,5-Millionen-Transfer - So viele Tore erwartet der HSV 
2026-10-07 19:35:14,408 INFO S7 kein Volltext (likely_paywall): HSV: 1,5‑Mio.-Transfer! So viele Tore erwartet der HSV von V
2026-10-07 19:35:14,408 INFO S7 zu wenig Stoff (0 Wörter aus 0 Quellen, Versuch 3/3): Der 1,5-Millionen-Transfer - So viele Tore erwartet der HSV 
2026-10-07 19:35:15,587 INFO S7 kein Volltext (likely_paywall): „Sehr viel Spaß“: Mario Götze erklärt, warum er sich bei Ein
2026-10-07 19:35:17,142 INFO S7 kein Volltext (likely_paywall): „Sehr viel Spaß“: Mario Götze erklärt, warum er sich bei Ein
2026-10-07 19:35:17,142 INFO S7 zu wenig Stoff (0 Wörter aus 0 Quellen, Versuch 2/3): „Sehr viel Spaß“: Mario Götze erklärt, warum er sich bei Ein
2026-10-07 19:35:18,233 INFO S7 kein Volltext (too_short_32_words): Sehr paradox - Das irre Rätsel um Hoffenheims Turbo-Rakete
2026-10-07 19:35:19,067 INFO S7 kein Volltext (too_short_32_words): TSG Hoffenheim: Das irre Rätsel um Turbo-Rakete
2026-10-07 19:35:19,067 INFO S7 zu wenig Stoff (0 Wörter aus 0 Quellen, Versuch 3/3): Sehr paradox - Das irre Rätsel um Hoffenheims Turbo-Rakete
2026-10-07 19:35:20,148 INFO S7 schreiben (Prio 2, 1 Quellen): Niko Kovac verrät den BVB-Plan mit dos Santos
2026-10-07 19:35:24,410 INFO S7 verworfen (nicht_relevant): Niko Kovac verrät den BVB-Plan mit dos Santos
2026-10-07 19:35:28,051 INFO S7 schreiben (Prio 2, 1 Quellen): BVB-Star Beier packt über Klopp-Gespräch aus
2026-10-07 19:35:35,690 INFO   Kandidat: Beier nach Klopp-Gespräch: „Ich kann es ihm schwerer machen“
2026-10-07 19:35:36,224 INFO S7 kein Volltext (too_short_76_words): Brisante Details - SO wurde Frankfurts Krösche zum Top-Manag
2026-10-07 19:35:36,224 INFO S7 zu wenig Stoff (0 Wörter aus 0 Quellen, Versuch 2/3): Brisante Details - SO wurde Frankfurts Krösche zum Top-Manag
2026-10-07 19:35:36,462 INFO S7 kein Volltext (too_short_60_words): Von der Couch auf den Platz - Verrückte DFB-Erfahrung für Ei
2026-10-07 19:35:36,462 INFO S7 zu wenig Stoff (0 Wörter aus 0 Quellen, Versuch 2/3): Von der Couch auf den Platz - Verrückte DFB-Erfahrung für Ei
2026-10-07 19:35:37,521 INFO S7 kein Volltext (too_short_27_words): Karaman spricht Klartext zur Offensive: „Zu unsauber“ – was 
2026-10-07 19:35:37,521 INFO S7 zu wenig Stoff (0 Wörter aus 0 Quellen, Versuch 1/3): Karaman spricht Klartext zur Offensive: „Zu unsauber“ – was 
2026-10-07 19:35:37,982 WARNING discarding data: None
2026-10-07 19:35:37,983 INFO S7 kein Volltext (trafilatura_returned_empty): Querfeld über Unions Defensivprobleme: "Ich hoffe es nagt an
2026-10-07 19:35:37,983 INFO S7 zu wenig Stoff (0 Wörter aus 0 Quellen, Versuch 2/3): Querfeld über Unions Defensivprobleme: "Ich hoffe es nagt an
2026-10-07 19:35:39,966 INFO S7 kein Volltext (too_short_55_words): Keine Einsatzchance? HSV-Trainer hat mit einem Profi „ehrlic
2026-10-07 19:35:39,966 INFO S7 zu wenig Stoff (0 Wörter aus 0 Quellen, Versuch 2/3): Keine Einsatzchance? HSV-Trainer hat mit einem Profi „ehrlic
2026-10-07 19:35:40,362 ERROR lxml parsing failed: Document is empty
2026-10-07 19:35:40,362 ERROR lxml parser bytestring Document is empty
2026-10-07 19:35:40,362 ERROR lxml parsing failed: Document is empty
2026-10-07 19:35:40,363 ERROR lxml parser bytestring Document is empty
2026-10-07 19:35:40,363 ERROR empty HTML tree: None
2026-10-07 19:35:40,363 WARNING discarding data: None
2026-10-07 19:35:40,363 INFO S7 kein Volltext (trafilatura_returned_empty): (k+) Blessins Mission in Gladbach ist ein Drei-Stufen-Job
2026-10-07 19:35:40,363 INFO S7 zu wenig Stoff (0 Wörter aus 0 Quellen, Versuch 2/3): (k+) Blessins Mission in Gladbach ist ein Drei-Stufen-Job
2026-10-07 19:35:40,391 ERROR lxml parsing failed: Document is empty
2026-10-07 19:35:40,391 ERROR lxml parser bytestring Document is empty
2026-10-07 19:35:40,391 ERROR lxml parsing failed: Document is empty
2026-10-07 19:35:40,391 ERROR lxml parser bytestring Document is empty
2026-10-07 19:35:40,392 ERROR empty HTML tree: None
2026-10-07 19:35:40,392 WARNING discarding data: None
2026-10-07 19:35:40,392 INFO S7 kein Volltext (trafilatura_returned_empty): Blessins neues Gladbach und das Derby als Stresstest
2026-10-07 19:35:40,392 INFO S7 zu wenig Stoff (0 Wörter aus 0 Quellen, Versuch 2/3): Blessins neues Gladbach und das Derby als Stresstest
2026-10-07 19:35:40,420 ERROR lxml parsing failed: Document is empty
2026-10-07 19:35:40,420 ERROR lxml parser bytestring Document is empty
2026-10-07 19:35:40,420 ERROR lxml parsing failed: Document is empty
2026-10-07 19:35:40,420 ERROR lxml parser bytestring Document is empty
2026-10-07 19:35:40,420 ERROR empty HTML tree: None
2026-10-07 19:35:40,420 WARNING discarding data: None
2026-10-07 19:35:40,421 INFO S7 kein Volltext (trafilatura_returned_empty): Union braucht aus dem Spiel mehr Chancen und mehr Effizienz
2026-10-07 19:35:40,421 INFO S7 zu wenig Stoff (0 Wörter aus 0 Quellen, Versuch 2/3): Union braucht aus dem Spiel mehr Chancen und mehr Effizienz
2026-10-07 19:35:41,564 INFO S7 kein Volltext (seite_zu_alt): BVB: "Er ist mitgenommen" - Kovac sorgt sich um Karetsas
2026-10-07 19:35:41,564 INFO S7 zu wenig Stoff (0 Wörter aus 0 Quellen, Versuch 2/3): BVB: "Er ist mitgenommen" - Kovac sorgt sich um Karetsas
2026-10-07 19:35:42,824 INFO S7 kein Volltext (seite_zu_alt): Optimismus am Niederrhein: Gladbach-Juwel schwärmt von Bless
2026-10-07 19:35:42,824 INFO S7 zu wenig Stoff (0 Wörter aus 0 Quellen, Versuch 2/3): Optimismus am Niederrhein: Gladbach-Juwel schwärmt von Bless
2026-10-07 19:35:46,767 INFO S7 schreiben (Prio 2, 1 Quellen): Mainz 05 vs Bayer Leverkusen Prognosen: Patrik Schick in Top
2026-10-07 19:35:51,096 INFO S7 verworfen (nicht_relevant): Mainz 05 vs Bayer Leverkusen Prognosen: Patrik Schick in Top
2026-10-07 19:35:51,686 INFO S7 kein Volltext (too_short_15_words): Weiser EXKLUSIV || "Ich habe keine Worte dafür, was passiert
2026-10-07 19:35:51,686 INFO S7 zu wenig Stoff (0 Wörter aus 0 Quellen, Versuch 2/3): Weiser EXKLUSIV || "Ich habe keine Worte dafür, was passiert
2026-10-07 19:35:54,585 INFO S7 schreiben (Prio 2, 1 Quellen): BVB-Trainer Kovac macht seinem Unmut Luft – "Definitiv zu vi
2026-10-07 19:36:03,239 INFO   Kandidat: Kovac klagt über Länderspielpause: „Definitiv zu viel“
2026-10-07 19:36:04,708 ERROR lxml parsing failed: Document is empty
2026-10-07 19:36:04,709 ERROR lxml parser bytestring Document is empty
2026-10-07 19:36:04,709 ERROR lxml parsing failed: Document is empty
2026-10-07 19:36:04,709 ERROR lxml parser bytestring Document is empty
2026-10-07 19:36:04,709 ERROR empty HTML tree: None
2026-10-07 19:36:04,709 WARNING discarding data: None
2026-10-07 19:36:04,710 INFO S7 kein Volltext (trafilatura_returned_empty): Tietz über Becker: „Der Mitspieler, mit dem es am meisten Sp
2026-10-07 19:36:04,710 INFO S7 zu wenig Stoff (0 Wörter aus 0 Quellen, Versuch 2/3): Tietz über Becker: „Der Mitspieler, mit dem es am meisten Sp
2026-10-07 19:36:05,498 INFO S7 kein Volltext (too_short_39_words): Der BESTE SC Freiburg Spieler Mit Igor Matanovic
2026-10-07 19:36:05,498 INFO S7 zu wenig Stoff (0 Wörter aus 0 Quellen, Versuch 2/3): Der BESTE SC Freiburg Spieler Mit Igor Matanovic
2026-10-07 19:36:06,790 INFO S7 kein Volltext (likely_paywall): Neun Millionen Euro, 21 Spiele: Beim VfB-Verteidiger ist der
2026-10-07 19:36:06,790 INFO S7 zu wenig Stoff (0 Wörter aus 0 Quellen, Versuch 3/3): Neun Millionen Euro, 21 Spiele: Beim VfB-Verteidiger ist der
2026-10-07 19:36:07,954 INFO S7 kein Volltext (too_short_4_words): Mehic trifft im Werder-Duell, Prüsch feiert Finnland-Debüt
2026-10-07 19:36:07,954 INFO S7 zu wenig Stoff (0 Wörter aus 0 Quellen, Versuch 3/3): Mehic trifft im Werder-Duell, Prüsch feiert Finnland-Debüt
2026-10-07 19:36:09,352 INFO S7 kein Volltext (likely_paywall): Fußball-Bundesliga: Darauf kommt es für Mainz 05 gegen Bayer
2026-10-07 19:36:09,353 INFO S7 zu wenig Stoff (0 Wörter aus 0 Quellen, Versuch 3/3): Fußball-Bundesliga: Darauf kommt es für Mainz 05 gegen Bayer
2026-10-07 19:36:10,235 INFO S7 kein Volltext (too_short_40_words): Video: S04-Training vor Freiburg mit Fokus Offensive Warum S
2026-10-07 19:36:10,236 INFO S7 zu wenig Stoff (0 Wörter aus 0 Quellen, Versuch 3/3): Video: S04-Training vor Freiburg mit Fokus Offensive Warum S
2026-10-07 19:36:11,044 INFO S7 kein Volltext (seite_zu_alt): Kovac zur BVB-Spitzenreiterrolle: „Wir genießen es, sind abe
2026-10-07 19:36:11,044 INFO S7 zu wenig Stoff (0 Wörter aus 0 Quellen, Versuch 2/3): Kovac zur BVB-Spitzenreiterrolle: „Wir genießen es, sind abe
2026-10-07 19:36:11,429 INFO S7 kein Volltext (too_short_15_words): Fahren dahin, um zu punkten'' - Karaman fährt selbstbewusst 
2026-10-07 19:36:11,429 INFO S7 zu wenig Stoff (0 Wörter aus 0 Quellen, Versuch 3/3): Fahren dahin, um zu punkten'' - Karaman fährt selbstbewusst 
2026-10-07 19:36:12,731 INFO S7 kein Volltext (seite_zu_alt): Kovac zur BVB-Spitzenreiterrolle: „Wir genießen es, sind abe
2026-10-07 19:36:12,731 INFO S7 zu wenig Stoff (0 Wörter aus 0 Quellen, Versuch 3/3): Kovac zur BVB-Spitzenreiterrolle: „Wir genießen es, sind abe
2026-10-07 19:36:14,194 INFO S7 kein Volltext (seite_zu_alt): Kovac zur BVB-Spitzenreiterrolle: „Wir genießen es, sind abe
2026-10-07 19:36:14,194 INFO S7 zu wenig Stoff (0 Wörter aus 0 Quellen, Versuch 1/3): Kovac zur BVB-Spitzenreiterrolle: „Wir genießen es, sind abe
2026-10-07 19:36:15,792 INFO S7 kein Volltext (likely_paywall): Bayern-Star Kimmich unter Druck
2026-10-07 19:36:15,792 INFO S7 zu wenig Stoff (0 Wörter aus 0 Quellen, Versuch 3/3): Bayern-Star Kimmich unter Druck
2026-10-07 19:36:17,142 INFO S7 kein Volltext (likely_paywall): „Noch kann Urbig nur gewinnen“: TV-Experte warnt trotz Urbig
2026-10-07 19:36:17,142 INFO S7 zu wenig Stoff (0 Wörter aus 0 Quellen, Versuch 3/3): „Noch kann Urbig nur gewinnen“: TV-Experte warnt trotz Urbig
2026-10-07 19:36:18,371 INFO S7 kein Volltext (seite_zu_alt): BVB-Neuzugang Bjarki Gardarsson erlebt furiosen Einstand: „E
2026-10-07 19:36:18,371 INFO S7 zu wenig Stoff (0 Wörter aus 0 Quellen, Versuch 3/3): BVB-Neuzugang Bjarki Gardarsson erlebt furiosen Einstand: „E
2026-10-07 19:36:19,912 INFO S7 schreiben (Prio 2, 1 Quellen): Elversberg-Profi Onyeka beim DFB verletzt – droht ein Ausfal
2026-10-07 19:36:26,607 INFO   Kandidat: Onyeka verletzt von der U21 abgereist: Elversberg bangt vor 
2026-10-07 19:36:27,401 INFO S7 kein Volltext (too_short_34_words): Muheim, Adeline, Stange? Wer die besten Chancen auf den Grön
2026-10-07 19:36:27,401 INFO S7 zu wenig Stoff (0 Wörter aus 0 Quellen, Versuch 1/3): Muheim, Adeline, Stange? Wer die besten Chancen auf den Grön
2026-10-07 19:36:27,780 WARNING discarding data: None
2026-10-07 19:36:27,781 INFO S7 kein Volltext (trafilatura_returned_empty): Weggefährte: Auf diese Stars setzt Kovac beim BVB
2026-10-07 19:36:27,781 INFO S7 zu wenig Stoff (0 Wörter aus 0 Quellen, Versuch 1/3): Weggefährte: Auf diese Stars setzt Kovac beim BVB
2026-10-07 19:36:33,515 INFO S7 schreiben (Prio 2, 1 Quellen): Ein Unterschied zu Kimmich: Klopps System macht Pavlovic sta
2026-10-07 19:36:41,924 INFO   Kandidat: Pavlovic überzeugt in Klopps 4-3-3 als klassischer Sechser
2026-10-07 19:36:42,279 WARNING discarding data: None
2026-10-07 19:36:42,281 INFO S7 kein Volltext (trafilatura_returned_empty): Bayern droht ein Torwart-Talent zu verlieren: Leonard Presco
2026-10-07 19:36:42,281 INFO S7 zu wenig Stoff (0 Wörter aus 0 Quellen, Versuch 1/3): Bayern droht ein Torwart-Talent zu verlieren: Leonard Presco
2026-10-07 19:36:43,051 INFO S7 schreiben (Prio 2, 1 Quellen): Kampf ums Stuttgart-Tor: So würde sich VfB-Meisterkeeper Hil
2026-10-07 19:36:53,909 INFO S7.6 doppelt (Seimen oder Bredlow: VfB vor Torwart-Entscheidung ): VfB-Torwartduell: Hildebrand würde Seimen den Vorz
2026-10-07 19:36:55,399 INFO S7 kein Volltext (likely_paywall): Fokus auf Gesundheit beim Heimspiel gegen Schalke
2026-10-07 19:36:55,399 INFO S7 zu wenig Stoff (0 Wörter aus 0 Quellen, Versuch 1/3): Fokus auf Gesundheit beim Heimspiel gegen Schalke
2026-10-07 19:36:55,914 ERROR lxml parsing failed: Document is empty
2026-10-07 19:36:55,914 ERROR lxml parser bytestring Document is empty
2026-10-07 19:36:55,915 ERROR lxml parsing failed: Document is empty
2026-10-07 19:36:55,915 ERROR lxml parser bytestring Document is empty
2026-10-07 19:36:55,915 ERROR empty HTML tree: None
2026-10-07 19:36:55,915 WARNING discarding data: None
2026-10-07 19:36:55,916 INFO S7 kein Volltext (trafilatura_returned_empty): Schalkes Sylla muss jetzt auch in der Liga seinen Lieferdien
2026-10-07 19:36:55,916 INFO S7 zu wenig Stoff (0 Wörter aus 0 Quellen, Versuch 2/3): Schalkes Sylla muss jetzt auch in der Liga seinen Lieferdien
2026-10-07 19:37:03,501 INFO S7 schreiben (Prio 2, 1 Quellen): Borussia Dortmund: Winter-Deals schon in Planung
2026-10-07 19:37:16,524 INFO   Kandidat: BVB plant schon im Winter die nächsten Transfers
2026-10-07 19:37:17,525 INFO S7 kein Volltext (too_short_12_words): Fußball - Alexander Blessin soll bei Gladbach die Wende einl
2026-10-07 19:37:17,525 INFO S7 zu wenig Stoff (0 Wörter aus 0 Quellen, Versuch 1/3): Fußball - Alexander Blessin soll bei Gladbach die Wende einl
2026-10-07 19:37:19,097 INFO S7 schreiben (Prio 2, 1 Quellen): Wegen Sturm-Not: Kriegt dieser HSV-Youngster jetzt seine Sta
2026-10-07 19:37:29,295 INFO S7.6 doppelt (Poulsen kann sich Vertragsverlängerung beim HSV vo): HSV: Otto Stange vor Startelf-Chance in Hoffenheim
2026-10-07 19:37:30,267 INFO S7 schreiben (Prio 2, 1 Quellen): Eintracht Frankfurt: 3 heiße Startelf-Duelle bei Eintracht!
2026-10-07 19:37:33,901 INFO S7 verworfen (zu_wenig_stoff): Eintracht Frankfurt: 3 heiße Startelf-Duelle bei Eintracht!
2026-10-07 19:37:34,214 ERROR lxml parsing failed: Document is empty
2026-10-07 19:37:34,214 ERROR lxml parser bytestring Document is empty
2026-10-07 19:37:34,214 ERROR lxml parsing failed: Document is empty
2026-10-07 19:37:34,214 ERROR lxml parser bytestring Document is empty
2026-10-07 19:37:34,214 ERROR empty HTML tree: None
2026-10-07 19:37:34,215 WARNING discarding data: None
2026-10-07 19:37:34,215 INFO S7 kein Volltext (trafilatura_returned_empty): (k+) Tietz: "Wenn die Gegner mich beleidigen, gehe ich noch 
2026-10-07 19:37:34,216 INFO S7 zu wenig Stoff (0 Wörter aus 0 Quellen, Versuch 1/3): (k+) Tietz: "Wenn die Gegner mich beleidigen, gehe ich noch 
2026-10-07 19:37:47,729 INFO S7 schreiben (Prio 2, 1 Quellen): "Er spielt Weltklasse": Kovac schwärmt von BVB-Star Anton
2026-10-07 19:37:55,043 INFO   Kandidat: Kovac lobt Anton: „Er spielt Weltklasse“ – BVB will verlänge
2026-10-07 19:37:56,094 INFO S7 kein Volltext (likely_paywall): Schlägt Blitzstart-Eintracht zu? SGE will völlig verrückte L
2026-10-07 19:37:56,094 INFO S7 zu wenig Stoff (0 Wörter aus 0 Quellen, Versuch 1/3): Schlägt Blitzstart-Eintracht zu? SGE will völlig verrückte L
2026-10-07 19:37:58,128 INFO S7 schreiben (Prio 2, 1 Quellen): Krösches Stil bei der Eintracht: «Demokratische Diktatur»
2026-10-07 19:38:05,625 INFO   Kandidat: Krösche über Hütter: „Zusammenarbeit macht sehr viel Spaß“
2026-10-07 19:38:07,860 INFO S7 schreiben (Prio 2, 1 Quellen): „Bin froh, wieder zurück zu sein“
2026-10-07 19:38:19,689 INFO S7.6 doppelt (Mittelstädt kehrt nach Länderspiel ins VfB-Trainin): Mittelstädt zurück beim VfB: „Bin froh, wieder zur
2026-10-07 19:38:21,281 INFO S7 kein Volltext (likely_paywall): Krösches Stil bei der Eintracht: „Demokratische Diktatur“
2026-10-07 19:38:21,281 INFO S7 zu wenig Stoff (0 Wörter aus 0 Quellen, Versuch 1/3): Krösches Stil bei der Eintracht: „Demokratische Diktatur“
2026-10-07 19:38:22,785 INFO S7 kein Volltext (too_short_56_words): Viel Energie statt Jetlag: Die Kicker des SC Paderborn haben
2026-10-07 19:38:22,785 INFO S7 zu wenig Stoff (0 Wörter aus 0 Quellen, Versuch 2/3): Viel Energie statt Jetlag: Die Kicker des SC Paderborn haben
2026-10-07 19:38:23,421 ERROR lxml parsing failed: Document is empty
2026-10-07 19:38:23,421 ERROR lxml parser bytestring Document is empty
2026-10-07 19:38:23,421 ERROR lxml parsing failed: Document is empty
2026-10-07 19:38:23,421 ERROR lxml parser bytestring Document is empty
2026-10-07 19:38:23,421 ERROR empty HTML tree: None
2026-10-07 19:38:23,421 WARNING discarding data: None
2026-10-07 19:38:23,422 INFO S7 kein Volltext (trafilatura_returned_empty): Gejagter statt Jäger? Kovac: "Genießen im Moment die Positio
2026-10-07 19:38:23,422 INFO S7 zu wenig Stoff (0 Wörter aus 0 Quellen, Versuch 1/3): Gejagter statt Jäger? Kovac: "Genießen im Moment die Positio
2026-10-07 19:38:26,528 INFO S7 schreiben (Prio 2, 1 Quellen): Wer geht als Sieger aus den Eintracht-Machtkämpfen hervor? H
2026-10-07 19:38:36,703 INFO   Kandidat: Eintracht Frankfurt: Machtkampf um Krösche, Hellmann und Bec
2026-10-07 19:38:37,325 INFO S7 kein Volltext (too_short_15_words): Marvin Schwäbe über Kölns Verletzungspech, das Gladbach-Derb
2026-10-07 19:38:37,325 INFO S7 zu wenig Stoff (0 Wörter aus 0 Quellen, Versuch 1/3): Marvin Schwäbe über Kölns Verletzungspech, das Gladbach-Derb
2026-10-07 19:38:38,594 INFO S7 schreiben (Prio 2, 1 Quellen): Die Baustellen von Borussia-Trainer Blessin: Gladbach brauch
2026-10-07 19:38:46,625 INFO   Kandidat: Gladbach unter Blessin: Viele Baustellen vor dem Rheinderby
2026-10-07 19:38:47,978 INFO S7 kein Volltext (seite_zu_alt): Kovac hat aus dem BVB eine Maschine gemacht
2026-10-07 19:38:47,978 INFO S7 zu wenig Stoff (0 Wörter aus 0 Quellen, Versuch 1/3): Kovac hat aus dem BVB eine Maschine gemacht
2026-10-07 19:38:48,712 INFO S7 kein Volltext (seite_zu_alt): Wie verwandelt: Endlich Schluss mit BVB-Sachen (mit Matthias
2026-10-07 19:38:48,712 INFO S7 zu wenig Stoff (0 Wörter aus 0 Quellen, Versuch 1/3): Wie verwandelt: Endlich Schluss mit BVB-Sachen (mit Matthias
2026-10-07 19:38:50,382 INFO S7 kein Volltext (too_short_22_words): „Unter dem Radar“: Kovac-Lob für diesen BVB-Star
2026-10-07 19:38:50,382 INFO S7 zu wenig Stoff (0 Wörter aus 0 Quellen, Versuch 1/3): „Unter dem Radar“: Kovac-Lob für diesen BVB-Star
2026-10-07 19:38:51,133 INFO S7 schreiben (Prio 2, 1 Quellen): Im Derby helfen nur Punkte: Erstes Job-Spiel für Köln-Traine
2026-10-07 19:38:59,860 INFO   Kandidat: Köln: Vor dem Derby wächst der Druck auf Trainer Wagner
2026-10-07 19:39:00,417 INFO S7 kein Volltext (too_short_15_words): Mario Götze über Jürgen Klopp, Deutschland, Zukunft und Eint
2026-10-07 19:39:00,418 INFO S7 zu wenig Stoff (0 Wörter aus 0 Quellen, Versuch 3/3): Mario Götze über Jürgen Klopp, Deutschland, Zukunft und Eint
2026-10-07 19:39:05,087 INFO S7 schreiben (Prio 2, 1 Quellen): Bericht: Uli Hoeneß arbeitet an 250-Millionen-Euro-Deal für 
2026-10-07 19:39:15,626 INFO   Kandidat: Bayern und Viessmann: 250 Millionen Euro für fünf Prozent im
2026-10-07 19:39:15,626 INFO S7 Abo-Deckel (12 Artikel) erreicht – Rest wartet auf den nächsten Lauf
2026-10-07 19:39:15,671 INFO S9.5 summary-dup (sim=100.0, 'Köln: Wagner geht mit Rückendeckung für '): Köln: Vor dem Derby wächst der Druck auf Trainer W
2026-10-07 19:39:15,674 INFO FinalCheck SKIP: bayern/set() stage=geruecht bereits in Archiv
2026-10-07 19:39:15,674 INFO S9.5 FinalCheck: 10/12 durch
2026-10-07 19:39:16,888 INFO Veröffentlicht: Karaman stellt sich vor Dzeko: „Über Edins Qualitäten brauch
2026-10-07 19:39:17,002 INFO Veröffentlicht: Beier nach Klopp-Gespräch: „Ich kann es ihm schwerer machen“
2026-10-07 19:39:17,114 INFO Veröffentlicht: Kovac klagt über Länderspielpause: „Definitiv zu viel“
2026-10-07 19:39:17,230 INFO Veröffentlicht: Onyeka verletzt von der U21 abgereist: Elversberg bangt vor 
2026-10-07 19:39:17,342 INFO Veröffentlicht: Pavlovic überzeugt in Klopps 4-3-3 als klassischer Sechser
2026-10-07 19:39:17,454 INFO Veröffentlicht: BVB plant schon im Winter die nächsten Transfers
2026-10-07 19:39:17,567 INFO Veröffentlicht: Kovac lobt Anton: „Er spielt Weltklasse“ – BVB will verlänge
2026-10-07 19:39:17,684 INFO Veröffentlicht: Krösche über Hütter: „Zusammenarbeit macht sehr viel Spaß“
2026-10-07 19:39:17,797 INFO Veröffentlicht: Eintracht Frankfurt: Machtkampf um Krösche, Hellmann und Bec
2026-10-07 19:39:17,909 INFO Veröffentlicht: Gladbach unter Blessin: Viele Baustellen vor dem Rheinderby
2026-10-07 19:39:17,954 INFO Reddit: Keine Credentials – übersprungen
2026-10-07 19:39:17,954 INFO Reddit: Keine Credentials – übersprungen
2026-10-07 19:39:17,955 INFO Reddit: Keine Credentials – übersprungen
2026-10-07 19:39:17,955 INFO Reddit: Keine Credentials – übersprungen
2026-10-07 19:39:17,956 INFO Reddit: Keine Credentials – übersprungen
2026-10-07 19:39:17,956 INFO Reddit: Keine Credentials – übersprungen
2026-10-07 19:39:17,957 INFO Reddit: Keine Credentials – übersprungen
2026-10-07 19:39:17,957 INFO Reddit: Keine Credentials – übersprungen
2026-10-07 19:39:17,958 INFO Reddit: Keine Credentials – übersprungen
2026-10-07 19:39:17,958 INFO Reddit: Keine Credentials – übersprungen
2026-10-07 19:39:17,959 INFO 💶 Kosten: dieser Lauf 0.000 $ (Budget 0.062 $) | heute 0.00 $ | Monat 0.72 / 23 $ | konferenz (abo) 1× 0.000 $, dublette (abo) 19× 0.000 $, schreiben (abo) 18× 0.000 $
2026-10-07 19:39:17,959 INFO 🎫 Abo-Verbrauch: 150,212 Tokens rein (davon Cache gelesen 21,675), 28,155 raus, API-Gegenwert 0.74 $ | konferenz 1×: 6,789/8,514, dublette 19×: 24,826/221, schreiben 18×: 118,597/19,420
2026-10-07 19:39:18,017 INFO Feeds: 60/60 begonnen, nächster Lauf startet bei Nr. 0
2026-10-07 19:39:18,017 INFO URL-Cache gespeichert: 27288 URLs
2026-10-07 19:39:18,017 INFO === Fertig. 10 neue Artikel. feed.json: 1457 ===
2026-10-07 19:39:18,018 INFO Stats: {"ts": "20261007_1931", "ingested": 125, "s2_pre_filter": 27, "s3_relevance": 25, "s4_dedup_early": 0, "gesammelt": 73, "geschichten_neu": 63, "s5_archiv_doppelt": 3, "s5_zusammengefuehrt": 2, "s6_aussortiert": 47, "s7_geschrieben": 18, "s7_verworfen": 6, "s5_fulltext_fail": 61, "s8_qa_rejected": 2, "published": 10, "s5_randthema": 2, "s5_ohne_bezug": 3, "kosten": {"lauf_usd": 0.0, "lauf_budget_usd": 0.0624, "heute_usd": 0.0, "monat_usd": 0.7196, "monatsbudget_usd": 23.0, "aufrufe": {"konferenz (abo)": {"anzahl": 1, "usd": 0.0}, "dublette (abo)": {"anzahl": 19, "usd": 0.0}, "schreiben (abo)": {"anzahl": 18, "usd": 0.0}}, "guthaben_leer": false, "abo": true, "abo_tokens": {"konferenz": {"aufrufe": 1, "ein": 10, "cache_schreiben": 6779, "cache_lesen": 0, "aus": 8514, "api_wert_usd": 0.0561}, "dublette": {"aufrufe": 19, "ein": 38, "cache_schreiben": 24788, "cache_lesen": 0, "aus": 221, "api_wert_usd": 0.1015}, "schreiben": {"aufrufe": 18, "ein": 36, "cache_schreiben": 96886, "cache_lesen": 21675, "aus": 19420, "api_wert_usd": 0.5863}}}}
