2026-10-08 19:31:55,784 INFO 💶 Budget: dieser Lauf 0.065 $ | heute 0.00 $ | Monat 0.72 / 23 $
2026-10-08 19:31:56,764 INFO URL-Cache geladen: 29043 bekannte URLs (letzte 30 Tage)
2026-10-08 19:31:56,764 INFO === Ligaoutsider Generator startet – max. 50 Artikel ===
2026-10-08 19:31:56,764 INFO Feed: https://newsfeed.kicker.de/news/bundesliga
2026-10-08 19:31:57,125 INFO S2 blacklist: TSG-Stützen als Sorgenkinder
2026-10-08 19:31:57,126 INFO Feed: https://www.sportschau.de/fussball/bundesliga/index~rss2.xml
2026-10-08 19:31:57,570 INFO Feed: https://sportbild.bild.de/feed/sportbild-home.xml
2026-10-08 19:31:58,192 INFO BL-Spielerliste geladen: 1002 Namen
2026-10-08 19:31:58,224 INFO S3 keyword miss: Ex-Bundestrainer modelt - Löw-Pullover jetzt beim Discounter
2026-10-08 19:31:58,287 INFO S3 keyword miss: Hodgkinson-Trainerin spricht über Hingucker-Outfit - „Sie sa
2026-10-08 19:31:58,288 INFO Feed: https://www.bild.de/rss-feeds/rss-16725492,feed=fussball-mix.bild.html
2026-10-08 19:31:59,104 INFO Feed: https://www.11freunde.de/feed
2026-10-08 19:31:59,993 INFO Feed: https://www.bundesliga.com/de/bundesliga/news.rss
2026-10-08 19:32:00,275 INFO S2 blacklist: Kölns Mikey Moore: Ich habe schon einige große Derbys spiele
2026-10-08 19:32:00,275 INFO Feed: https://news.google.com/rss/topics/CAAqJggKIiBDQkFTRWdvSUwyMHZNRFp1ZEdvU0FtUmxHZ0pFUlNnQVAB?hl=de&gl=DE&ceid=DE:de
2026-10-08 19:32:01,099 INFO S3 keyword miss: Fahrrad und Abkürzung: Influencerinnen schummeln bei Berlin-
2026-10-08 19:32:01,209 INFO S3 keyword miss: Formel 1: Verstappen erklärt überraschenden Verzicht in Sing
2026-10-08 19:32:01,364 INFO S3 keyword miss: Also doch: Mercedes in Singapur mit altem Auto - aber nur fü
2026-10-08 19:32:01,365 INFO S2 blacklist: Jürgen Klopps berühmtes "Noch!" - Das dachte Kerner spontan
2026-10-08 19:32:01,366 INFO S2 blacklist: "Eine der Talentiertesten": Bayern-Keeperin greift nach DFB-
2026-10-08 19:32:01,441 INFO S3 keyword miss: Chris Kramer schätzt seine Pokémon-Sammlung auf 400.000 Euro
2026-10-08 19:32:01,582 INFO S3 keyword miss: Der Löwen-Tag: Das ist los bei Sechzig!
2026-10-08 19:32:01,582 INFO Feed: https://news.google.com/rss/search?q=Bundesliga+Testspiel+Ergebnis&hl=de&gl=DE&ceid=DE:de
2026-10-08 19:32:02,098 INFO Feed: https://news.google.com/rss/search?q=Bundesliga+Vorbereitung+Sommertour&hl=de&gl=DE&ceid=DE:de
2026-10-08 19:32:02,498 INFO Feed: https://news.google.com/rss/search?q=Bundesliga+Verletzung+Ausfall+gesperrt&hl=de&gl=DE&ceid=DE:de
2026-10-08 19:32:02,876 INFO Feed: https://news.google.com/rss/search?q=Bundesliga+Transfer+Wechsel+verpflichtet&hl=de&gl=DE&ceid=DE:de
2026-10-08 19:32:03,367 INFO Feed: https://news.google.com/rss/search?q=Bundesliga+Gerücht+Interesse+Angebot&hl=de&gl=DE&ceid=DE:de
2026-10-08 19:32:03,813 INFO Feed: https://news.google.com/rss/search?q=Bundesliga+Vertrag+verlängert+ablösefrei&hl=de&gl=DE&ceid=DE:de
2026-10-08 19:32:04,175 INFO Feed: https://news.google.com/rss/search?q=%22FC+Bayern%22+OR+%22Bayern+M%C3%BCnchen%22+when%3A1d&hl=de&gl=DE&ceid=DE:de
2026-10-08 19:32:04,821 INFO Feed: https://news.google.com/rss/search?q=BVB+OR+%22Borussia+Dortmund%22+when%3A1d&hl=de&gl=DE&ceid=DE:de
2026-10-08 19:32:05,346 INFO S2 blacklist: Aufstellung | MSV Duisburg - Borussia Dortmund 0:5 | 4. Spie
2026-10-08 19:32:05,373 INFO Feed: https://news.google.com/rss/search?q=%22Bayer+Leverkusen%22+OR+%22Bayer+04%22+when%3A1d&hl=de&gl=DE&ceid=DE:de
2026-10-08 19:32:05,826 INFO S2 blacklist: Verhandlungen laufen: So kämpft Leverkusen um Maza!
2026-10-08 19:32:05,945 INFO S3 keyword miss: Bakker nach Probetraining zur NEC Nijmegen – Hoher Marktwert
2026-10-08 19:32:05,947 INFO Feed: https://news.google.com/rss/search?q=%22RB+Leipzig%22+when%3A1d&hl=de&gl=DE&ceid=DE:de
2026-10-08 19:32:06,382 INFO S2 blacklist: Demichelis-Diskussionen! Was läuft da zwischen RB und Nagels
2026-10-08 19:32:06,382 INFO S2 blacklist: Demichelis unter Druck – Nagelsmann im Blickfeld
2026-10-08 19:32:06,383 INFO S2 blacklist: Druck wächst enorm: Nagelsmann-Beben in Leipzig? Demichelis 
2026-10-08 19:32:06,384 INFO S2 blacklist: Monat der Wahrheit und Nagelsmann im Nacken: Demichelis bei 
2026-10-08 19:32:06,385 INFO Feed: https://news.google.com/rss/search?q=%22VfB+Stuttgart%22+when%3A1d&hl=de&gl=DE&ceid=DE:de
2026-10-08 19:32:07,042 INFO S3 keyword miss: Hoeneß kündigt Torwart-Wechsel an: "Er wird spielen!"
2026-10-08 19:32:07,109 INFO S3 keyword miss: Mit tierischem Foto: DFB-Star und seine Frau werden erstmals
2026-10-08 19:32:07,112 INFO S2 blacklist: VfB Stuttgart II - Rekord-Zugänge (Galerie) | Seite 14
2026-10-08 19:32:07,112 INFO S2 blacklist: VfB Stuttgart U19
2026-10-08 19:32:07,177 INFO S3 keyword miss: Mavropanos vor Winter-Abschied bei West Ham
2026-10-08 19:32:07,248 INFO S3 keyword miss: Hoeneß bringt Reporter zum Lachen: "Mich überrascht die Über
2026-10-08 19:32:07,313 INFO S3 keyword miss: Wataru Endo
2026-10-08 19:32:07,315 INFO Feed: https://news.google.com/rss/search?q=%22Eintracht+Frankfurt%22+when%3A1d&hl=de&gl=DE&ceid=DE:de
2026-10-08 19:32:07,811 INFO S2 blacklist: Eintracht Frankfurt - Bilanz gegen Borussia Mönchengladbach 
2026-10-08 19:32:07,811 INFO S2 blacklist: Regionalliga Südwest
2026-10-08 19:32:07,811 INFO Feed: https://news.google.com/rss/search?q=Gladbach+OR+%22Borussia+M%C3%B6nchengladbach%22+when%3A1d&hl=de&gl=DE&ceid=DE:de
2026-10-08 19:32:08,452 INFO S3 keyword miss: Wagner wackelt vor dem Rheinderby!
2026-10-08 19:32:08,458 INFO S2 blacklist: Borussia Mönchengladbach U19 - Spieler von A bis Z | Seite 3
2026-10-08 19:32:08,523 INFO S3 keyword miss: Nach Impf-Affäre: Strafe für Granit Xhaka steht fest
2026-10-08 19:32:08,524 INFO S2 blacklist: Borussia Mönchengladbach U17
2026-10-08 19:32:08,527 INFO Feed: https://news.google.com/rss/search?q=%22SC+Freiburg%22+when%3A1d&hl=de&gl=DE&ceid=DE:de
2026-10-08 19:32:08,940 INFO S2 blacklist: DFB-Frauen gegen Australien: Torjägerin Schüller kränkelt
2026-10-08 19:32:08,940 INFO Feed: https://news.google.com/rss/search?q=Hoffenheim+when%3A1d&hl=de&gl=DE&ceid=DE:de
2026-10-08 19:32:09,401 INFO S3 keyword miss: TSG-Stützen als Sorgenkinder
2026-10-08 19:32:09,402 INFO Feed: https://news.google.com/rss/search?q=%22Mainz+05%22+when%3A1d&hl=de&gl=DE&ceid=DE:de
2026-10-08 19:32:09,822 INFO S2 blacklist: 1.FSV Mainz 05 U19 - Spieler von A bis Z | Seite 4
2026-10-08 19:32:09,825 INFO S2 blacklist: Martin Schmidt - Eingesetzte Spieler (Galerie) | Seite 226
2026-10-08 19:32:09,913 INFO S3 keyword miss: Norman Olck
2026-10-08 19:32:09,985 INFO S3 keyword miss: Arteta: „Menschen zu verbinden, ist unser größter Erfolg“
2026-10-08 19:32:10,048 INFO S3 keyword miss: VfL 1907 Neustadt
2026-10-08 19:32:10,113 INFO S3 keyword miss: Simon Guggenbühler
2026-10-08 19:32:10,113 INFO S2 blacklist: Oberliga Südwest (1945 - 62/63)
2026-10-08 19:32:10,114 INFO S2 blacklist: Verletzungssorgen nach Länderspielen: Leverkusen zittert vor
2026-10-08 19:32:10,114 INFO Feed: https://news.google.com/rss/search?q=%22FC+Augsburg%22+when%3A1d&hl=de&gl=DE&ceid=DE:de
2026-10-08 19:32:10,607 INFO S3 keyword miss: Bei Demuts-Auftritt: Diese Frage bringt Wagner „aus dem Konz
2026-10-08 19:32:10,607 INFO Feed: https://news.google.com/rss/search?q=%22Union+Berlin%22+when%3A1d&hl=de&gl=DE&ceid=DE:de
2026-10-08 19:32:11,059 INFO S3 keyword miss: Dr. Markus Merk
2026-10-08 19:32:11,060 INFO S2 blacklist: Rückschlag nach der Länderspielpause: Francis Onyeka fehlt E
2026-10-08 19:32:11,060 INFO Feed: https://news.google.com/rss/search?q=%22Werder+Bremen%22+when%3A1d&hl=de&gl=DE&ceid=DE:de
2026-10-08 19:32:11,614 INFO S2 blacklist: Nachbarschaftsduell auf Platz 11: U23 empfängt Atlas Delmenh
2026-10-08 19:32:11,645 INFO Feed: https://news.google.com/rss/search?q=HSV+OR+%22Hamburger+SV%22+when%3A1d&hl=de&gl=DE&ceid=DE:de
2026-10-08 19:32:12,051 INFO S2 blacklist: Der HSV-Check vor dem Restart: Gewinner und Verlierer der XX
2026-10-08 19:32:12,055 INFO S2 blacklist: HSV, WM und Nationalmannschaft: Hamburgs Antwort auf Müller-
2026-10-08 19:32:12,056 INFO S2 blacklist: Hamburger SV - Rekord-Zugänge (Galerie) | Seite 5
2026-10-08 19:32:12,058 INFO S2 blacklist: Hamburger SV - Kader im Detail 37/38 (Galerie) | Seite 7
2026-10-08 19:32:12,059 INFO S2 blacklist: HSV Barmbek-Uhlenhorst U19
2026-10-08 19:32:12,059 INFO Feed: https://news.google.com/rss/search?q=%221.+FC+K%C3%B6ln%22+OR+%22FC+K%C3%B6ln%22+when%3A1d&hl=de&gl=DE&ceid=DE:de
2026-10-08 19:32:12,568 INFO Feed: https://news.google.com/rss/search?q=Schalke+when%3A1d&hl=de&gl=DE&ceid=DE:de
2026-10-08 19:32:13,021 INFO S2 blacklist: Schallenbergs Zukunft auf Schalke offen
2026-10-08 19:32:13,089 INFO S3 keyword miss: Keine weitere Muslic-Verlängerung geplant
2026-10-08 19:32:13,159 INFO S3 keyword miss: Schlusslicht Kapfenberg holt vereinslosen Stürmer Potnar
2026-10-08 19:32:13,161 INFO Feed: https://news.google.com/rss/search?q=Elversberg+when%3A1d&hl=de&gl=DE&ceid=DE:de
2026-10-08 19:32:13,500 INFO Feed: https://news.google.com/rss/search?q=%22SC+Paderborn%22+when%3A1d&hl=de&gl=DE&ceid=DE:de
2026-10-08 19:32:13,978 INFO Feed: https://www.transfermarkt.de/rss/news
2026-10-08 19:32:14,025 INFO Feed: https://www.waz.de/sport/fussball/rss
2026-10-08 19:32:14,454 INFO Feed: https://www.faz.net/rss/aktuell/sport/fussball/bundesliga/
2026-10-08 19:32:15,080 INFO Feed: https://bulinews.com/rss.xml
2026-10-08 19:32:15,472 INFO Feed: https://www.abendblatt.de/sport/rss
2026-10-08 19:32:15,827 INFO S3 keyword miss: Transferwunsch, Beraterwechsel, Zukunft: St.-Pauli-Profi Joe
2026-10-08 19:32:15,829 INFO S2 blacklist: HSV, WM und Nationalmannschaft: Hamburgs Antwort auf Müller-
2026-10-08 19:32:15,829 INFO Feed: https://www.merkur.de/sport/fc-bayern/rssfeed.rdf
2026-10-08 19:32:16,492 INFO Feed: https://www.eyefootball.com/rss_news_main.xml
2026-10-08 19:32:16,847 INFO Feed: https://www.ligaportal.at/international/deutsche-bundesliga?format=feed&type=rss
2026-10-08 19:32:19,320 INFO Feed: https://www.reddit.com/r/soccer/new.rss?limit=100
2026-10-08 19:32:20,261 INFO S3 keyword miss: [Sami Mokbel] Enzo Maresca calls on Manchester City players 
2026-10-08 19:32:20,334 INFO S3 keyword miss: FIFA latest men's world ranking updated to 7th of October 20
2026-10-08 19:32:20,400 INFO S3 keyword miss: Martin Sherif: Everton forward fined for breaching betting r
2026-10-08 19:32:20,469 INFO S3 keyword miss: Liverpool academy: Working with Andoni Iraola and the future
2026-10-08 19:32:20,604 INFO S3 keyword miss: Dani Carvajal's potential move to Getafe complicated by €2.6
2026-10-08 19:32:20,736 INFO S3 keyword miss: José Mourinho on Roma fans harassing Anthony Taylor and his 
2026-10-08 19:32:20,835 INFO S3 keyword miss: Khaldoon al-Mubarak: the tightrope walker who made rare miss
2026-10-08 19:32:20,836 INFO Feed: https://newsfeed.kicker.de/team/fc-bayern-muenchen
2026-10-08 19:32:20,996 INFO Feed: https://newsfeed.kicker.de/team/borussia-dortmund
2026-10-08 19:32:21,150 INFO Feed: https://newsfeed.kicker.de/team/rb-leipzig
2026-10-08 19:32:21,307 INFO Feed: https://newsfeed.kicker.de/team/bayer-04-leverkusen
2026-10-08 19:32:21,367 INFO Feed: https://newsfeed.kicker.de/team/vfb-stuttgart
2026-10-08 19:32:21,528 INFO Feed: https://newsfeed.kicker.de/team/eintracht-frankfurt
2026-10-08 19:32:21,685 INFO Feed: https://newsfeed.kicker.de/team/bor-moenchengladbach
2026-10-08 19:32:21,928 INFO Feed: https://newsfeed.kicker.de/team/sc-freiburg
2026-10-08 19:32:22,084 INFO Feed: https://newsfeed.kicker.de/team/tsg-hoffenheim
2026-10-08 19:32:22,144 INFO Feed: https://newsfeed.kicker.de/team/1-fsv-mainz-05
2026-10-08 19:32:22,216 INFO Feed: https://newsfeed.kicker.de/team/fc-augsburg
2026-10-08 19:32:22,278 INFO Feed: https://newsfeed.kicker.de/team/1-fc-union-berlin
2026-10-08 19:32:22,434 INFO Feed: https://newsfeed.kicker.de/team/werder-bremen
2026-10-08 19:32:22,493 INFO Feed: https://newsfeed.kicker.de/team/hamburger-sv
2026-10-08 19:32:22,551 INFO Feed: https://newsfeed.kicker.de/team/1-fc-koeln
2026-10-08 19:32:22,704 INFO Feed: https://newsfeed.kicker.de/team/fc-schalke-04
2026-10-08 19:32:22,864 INFO Feed: https://newsfeed.kicker.de/team/sv-elversberg
2026-10-08 19:32:23,032 INFO Feed: https://newsfeed.kicker.de/team/sc-paderborn-07
2026-10-08 19:32:23,197 INFO Feed: https://newsfeed.kicker.de/news/champions-league
2026-10-08 19:32:23,256 INFO Feed: ligainsider:themen
2026-10-08 19:32:47,106 INFO LigaInsider (Themenfinder): 156 Meldungen von 18 Vereinsseiten
2026-10-08 19:33:06,502 INFO Eingelesen: 94 Schlagzeilen nach den Gratis-Filtern
2026-10-08 19:33:08,175 INFO S5 kein Bundesliga-Spieler oder -Klub erkennbar: "Er kann nichts dafür": Boris Becker verteidigt Zverev nach scharfer K
2026-10-08 19:33:08,177 INFO S5 kein Bundesliga-Spieler oder -Klub erkennbar: "Großartiger Job": Magic-Coach schwärmt von Wagner und da Silva
2026-10-08 19:33:08,177 INFO S5 schon berichtet (Bayern ringt um Verlängerung mit Torwart Leon): FC Bayern: Vertragsverlängerung von Leonard Prescott stockt 
2026-10-08 19:33:08,183 INFO S5 schon berichtet (Cramer dementiert Sammer-Aus: Berater bleibt ): Chef unter Kovac: BVB will mit diesem Star verlängern!
2026-10-08 19:33:08,183 INFO S5 schon berichtet (Cramer dementiert Sammer-Aus: Berater bleibt ): Kovac-Verlängerung beim BVB vor dem Abschluss
2026-10-08 19:33:08,183 INFO S5 schon berichtet (Cramer dementiert Sammer-Aus: Berater bleibt ): BVB-Boss bestätigt: Sammer hat Vertrag verlängert
2026-10-08 19:33:08,185 INFO S5 kein Bundesliga-Spieler oder -Klub erkennbar: Kofanes Vertragsverlängerung stockt
2026-10-08 19:33:08,187 INFO S5 Sammelartikel: VfB Stuttgart News: Grünes Licht für Luca Jaquez
2026-10-08 19:33:08,187 INFO S5 kein Bundesliga-Spieler oder -Klub erkennbar: Stiller-Wechsel im Sommer bahnt sich an
2026-10-08 19:33:08,193 INFO S5 Randthema: FC Schalke 04: Nächster Wechsel! Weiteres Stühlerücken beim Schalker F
2026-10-08 19:33:08,197 INFO S5 schon berichtet (Schalke: Gespräche mit Hasan Kurucay sollen z): Verlängert Muslic nochmal vorzeitig auf Schalke?
2026-10-08 19:33:08,199 INFO S5 kein Bundesliga-Spieler oder -Klub erkennbar: Laos footballer arrested in connection with alleged match-fixing for b
2026-10-08 19:33:08,199 INFO S5: 78 neue Geschichten, 5 schon berichtet, 3 zu wartenden Geschichten ergänzt, 49 warten
2026-10-08 19:34:40,223 INFO S6 aussortiert (prio_0): Wie sich beim FC Bayern Furcht in Freude verwandelte
2026-10-08 19:34:40,224 INFO S6 aussortiert (prio_1): Fünf Jahre lang! FC Augsburg schießt gegen die Bayern mehr Tore als ge
2026-10-08 19:34:40,224 INFO S6 aussortiert (prio_0): FC Bayern: Haching-Trainer Holger Seitz verrät spannende Doppelrolle!
2026-10-08 19:34:40,224 INFO S6 aussortiert (doppelt): Bleibt Michael Olise beim FC Bayern? Rummenigge deutet Tendenz an
2026-10-08 19:34:40,224 INFO S6 aussortiert (prio_1): Neue Öffnungszeiten FC Bayern Museum bei Heimspielen
2026-10-08 19:34:40,224 INFO S6 aussortiert (doppelt): FC Bayern droht Abgang von Torwart-Juwel Prescott
2026-10-08 19:34:40,225 INFO S6 aussortiert (prio_0): Bruder Axel über die Zukunft von Oliver Kahn: 'Würde ihm das Fußball-B
2026-10-08 19:34:40,225 INFO S6 aussortiert (prio_0): Spielinfo | Artland Dragons - Bayern München 79:73 | Viertelfinale - B
2026-10-08 19:34:40,225 INFO S6 aussortiert (doppelt): BVB-Entschluss gefasst: Dortmund-Star soll langfristig verlängern
2026-10-08 19:34:40,225 INFO S6 aussortiert (doppelt): BVB signalisiert Anton langfristige Perspektive
2026-10-08 19:34:40,225 INFO S6 aussortiert (prio_1): Borussia Dortmund bastelt an wichtigem Deal
2026-10-08 19:34:40,226 INFO S6 aussortiert (prio_1): Als Fahredin Zikolli beim BVB zur richtigen Zeit am falschen Ort war
2026-10-08 19:34:40,226 INFO S6 aussortiert (prio_1): Rheinmetall-Aus beim BVB? Ein Einknicken sähe anders aus
2026-10-08 19:34:40,226 INFO S6 aussortiert (doppelt): Horrormeldung bei Bayer Leverkusen: Offensivmotor droht wochenlanger A
2026-10-08 19:34:40,226 INFO S6 aussortiert (prio_0): Überraschende Wendung: Brdaric verlässt erfolgreiche Kosovo-Station fü
2026-10-08 19:34:40,226 INFO S6 aussortiert (doppelt): Zurück bei Red Bull: Roger Schmidt stellt sich in Leipzig vor
2026-10-08 19:34:40,227 INFO S6 aussortiert (prio_0): Auswärts in Leipzig
2026-10-08 19:34:40,227 INFO S6 aussortiert (prio_1): Großveranstaltungen sorgen am Wochenende für Verkehrseinschränkungen i
2026-10-08 19:34:40,227 INFO S6 aussortiert (prio_0): Topspiel RB Leipzig - Eintracht Frankfurt im Live-Stream und TV: Gehen
2026-10-08 19:34:40,227 INFO S6 aussortiert (prio_1): Wie geht es mit Stiller und Stuttgart weiter?
2026-10-08 19:34:40,227 INFO S6 aussortiert (prio_1): Stuttgarter Nationalspieler Mittelstädt verkündet Baby-News
2026-10-08 19:34:40,228 INFO S6 aussortiert (prio_0): Trainerdebüt gegen Frankfurt II: Ulm hofft mit Schwartz auf das Ende d
2026-10-08 19:34:40,228 INFO S6 aussortiert (prio_0): „Ihr seid Feige Schweine!“: Ex-Eintracht-Trainer offenbart schlimmste 
2026-10-08 19:34:40,228 INFO S6 aussortiert (prio_0): Die Top-Stats: RB Leipzig vs. Eintracht Frankfurt
2026-10-08 19:34:40,228 INFO S6 aussortiert (prio_0): Gladbacher Innenstadt: Feuerwehr-Einsatz am Alten Markt
2026-10-08 19:34:40,228 INFO S6 aussortiert (prio_0): Naturfreunde sammeln Spenden, um Haus Hardt zu retten
2026-10-08 19:34:40,228 INFO S6 aussortiert (prio_0): audio-talk-derby-to-me-koeln-und-gladbach-im-druck-duell-100
2026-10-08 19:34:40,229 INFO S6 aussortiert (doppelt): Wackelt der Trainerstuhl in Köln? Aussagen des Kapitäns lassen aufhorc
2026-10-08 19:34:40,229 INFO S6 aussortiert (prio_0): Polizei-News Mönchengladbach-Gladbach, 08.10.26: Rauchentwicklung in d
2026-10-08 19:34:40,229 INFO S6 aussortiert (prio_0): 1.FSV Mainz 05
2026-10-08 19:34:40,229 INFO S6 aussortiert (prio_0): Mainz 05, Peter Heppner, OROPAX: Das läuft am Wochenende in Mainz
2026-10-08 19:34:40,229 INFO S6 aussortiert (prio_0): Willi Hollerbach
2026-10-08 19:34:40,230 INFO S6 aussortiert (prio_0): 1. FC Union Berlin
2026-10-08 19:34:40,230 INFO S6 aussortiert (prio_0): SV Werder Bremen II
2026-10-08 19:34:40,230 INFO S6 aussortiert (prio_1): „Mit Essen beworfen“: HSV-Profi berichtet von einem Skandal-Spiel
2026-10-08 19:34:40,230 INFO S6 aussortiert (prio_0): HSV VUC Den Haag
2026-10-08 19:34:40,230 INFO S6 aussortiert (prio_0): Hamburger SV
2026-10-08 19:34:40,230 INFO S6 aussortiert (doppelt): Wagners Lage in Köln spitzt sich zu
2026-10-08 19:34:40,231 INFO S6 aussortiert (prio_0): DFL-Auflage für S04: Der schmale Grat Zwischen Kaderwunsch und Bilanzp
2026-10-08 19:34:40,231 INFO S6 aussortiert (doppelt): Kurucay wartet auf Schalkes Vertragssignal
2026-10-08 19:34:40,231 INFO S6 aussortiert (doppelt): Neuer Muslic-Vertrag auf Schalke? Das ist die aktuelle Situation
2026-10-08 19:34:40,231 INFO S6 aussortiert (prio_1): Neues Erscheinungsbild an der Seitenlinie: Elversberg-Coach Wagner übe
2026-10-08 19:34:40,231 INFO S6 aussortiert (prio_0): Sportfreunde Lotte - SC Paderborn 07 II | Weitere Spiele: Fußball Live
2026-10-08 19:34:40,777 WARNING discarding data: None
2026-10-08 19:34:40,784 INFO S7 kein Volltext (trafilatura_returned_empty): Entscheidung auf der Torwartposition: Hoeneß macht Seimen zu
2026-10-08 19:34:41,052 WARNING discarding data: None
2026-10-08 19:34:41,053 INFO S7 kein Volltext (trafilatura_returned_empty): Entscheidung auf der Torwartposition: Hoeneß macht Seimen zu
2026-10-08 19:34:41,591 ERROR lxml parsing failed: Document is empty
2026-10-08 19:34:41,591 ERROR lxml parser bytestring Document is empty
2026-10-08 19:34:41,591 ERROR lxml parsing failed: Document is empty
2026-10-08 19:34:41,591 ERROR lxml parser bytestring Document is empty
2026-10-08 19:34:41,591 ERROR empty HTML tree: None
2026-10-08 19:34:41,591 WARNING discarding data: None
2026-10-08 19:34:41,592 INFO S7 kein Volltext (trafilatura_returned_empty): "Von Jobsharing will ich nicht sprechen": Hoeneß erklärt Ent
2026-10-08 19:34:42,103 ERROR lxml parsing failed: Document is empty
2026-10-08 19:34:42,104 ERROR lxml parser bytestring Document is empty
2026-10-08 19:34:42,104 ERROR lxml parsing failed: Document is empty
2026-10-08 19:34:42,104 ERROR lxml parser bytestring Document is empty
2026-10-08 19:34:42,104 ERROR empty HTML tree: None
2026-10-08 19:34:42,104 WARNING discarding data: None
2026-10-08 19:34:42,105 INFO S7 kein Volltext (trafilatura_returned_empty): "Von Jobsharing will ich nicht sprechen": Hoeneß erklärt Ent
2026-10-08 19:34:42,105 INFO S7 zu wenig Stoff (0 Wörter aus 0 Quellen, Versuch 2/3): "Von Jobsharing will ich nicht sprechen": Hoeneß erklärt Ent
2026-10-08 19:34:43,153 INFO S7 kein Volltext (too_short_34_words): Europa League: Dinamo Zagreb gegen Bayer Leverkusen
2026-10-08 19:34:43,845 INFO S7 kein Volltext (too_short_34_words): Europa League: Lech Poznan gegen Bayer Leverkusen
2026-10-08 19:34:44,584 INFO S7 kein Volltext (too_short_34_words): Europa League: Bayer Leverkusen gegen RB Salzburg
2026-10-08 19:34:44,584 INFO S7 zu wenig Stoff (0 Wörter aus 0 Quellen, Versuch 3/3): Europa League: Dinamo Zagreb gegen Bayer Leverkusen
2026-10-08 19:34:45,067 INFO S7 kein Volltext (too_short_15_words): FC Bayern: Real Madrid glaubt an Olise-Verlängerung statt We
2026-10-08 19:34:52,398 INFO S7 schreiben (Prio 3, 1 Quellen): FC Bayern: Real Madrid glaubt an Olise-Verlängerung statt We
2026-10-08 19:34:59,384 INFO   Kandidat: Bayern will Olise-Vertrag vorzeitig verlängern, Real rechnet
2026-10-08 19:34:59,676 INFO S7 kein Volltext (too_short_15_words): Ibrahim Maza soll bei Bayer 04 Leverkusen langfristig verlän
2026-10-08 19:35:12,039 INFO S7 schreiben (Prio 3, 1 Quellen): Ibrahim Maza soll bei Bayer 04 Leverkusen langfristig verlän
2026-10-08 19:35:19,450 INFO   Kandidat: Leverkusen will Maza frühzeitig langfristig binden
2026-10-08 19:35:20,742 INFO S7 kein Volltext (too_short_33_words): Europa League: SC Freiburg gegen Panathinaikos
2026-10-08 19:35:21,391 INFO S7 kein Volltext (too_short_39_words): Europa League: AS Monaco gegen SC Freiburg
2026-10-08 19:35:21,391 INFO S7 zu wenig Stoff (0 Wörter aus 0 Quellen, Versuch 3/3): Europa League: SC Freiburg gegen Panathinaikos
2026-10-08 19:35:31,626 INFO S6.5 schon berichtet (Schmidt macht Antrittsbesuch in Leipzig und s): Schmidt zurück in der Bundesliga - Hier stellt sich der Klop
2026-10-08 19:35:32,106 ERROR lxml parsing failed: Document is empty
2026-10-08 19:35:32,106 ERROR lxml parser bytestring Document is empty
2026-10-08 19:35:32,107 ERROR lxml parsing failed: Document is empty
2026-10-08 19:35:32,107 ERROR lxml parser bytestring Document is empty
2026-10-08 19:35:32,107 ERROR empty HTML tree: None
2026-10-08 19:35:32,107 WARNING discarding data: None
2026-10-08 19:35:32,108 INFO S7 kein Volltext (trafilatura_returned_empty): VfB Stuttgart: Luca Jaquez ist wieder im Mannschaftstraining
2026-10-08 19:35:32,108 INFO S7 zu wenig Stoff (0 Wörter aus 0 Quellen, Versuch 1/3): VfB Stuttgart: Luca Jaquez ist wieder im Mannschaftstraining
2026-10-08 19:35:33,436 INFO S7 kein Volltext (too_short_63_words): Fehlt noch ein Stammspieler? So kämpft der HSV um El Ouahdi
2026-10-08 19:35:33,436 INFO S7 zu wenig Stoff (0 Wörter aus 0 Quellen, Versuch 1/3): Fehlt noch ein Stammspieler? So kämpft der HSV um El Ouahdi
2026-10-08 19:35:33,795 INFO S7 kein Volltext (too_short_44_words): Andeutung nach Waden-Schreck - So fit ist HSV-Stürmer Poulse
2026-10-08 19:35:33,795 INFO S7 zu wenig Stoff (0 Wörter aus 0 Quellen, Versuch 2/3): Andeutung nach Waden-Schreck - So fit ist HSV-Stürmer Poulse
2026-10-08 19:35:43,244 INFO S6.5 schon berichtet (Bayern will Olise-Vertrag vorzeitig verlänger): Bayern rechnet mit Kane-Verlängerung
2026-10-08 19:35:43,873 INFO S7 kein Volltext (too_short_35_words): Das größte Fragezeichen beim HSV: Neue Vuskovic-Prognose von
2026-10-08 19:35:43,873 INFO S7 zu wenig Stoff (0 Wörter aus 0 Quellen, Versuch 1/3): Das größte Fragezeichen beim HSV: Neue Vuskovic-Prognose von
2026-10-08 19:35:44,275 INFO S7 kein Volltext (too_short_15_words): Kofane-Verlängerung bei Bayer 04 Leverkusen stockt: Stürmer 
2026-10-08 19:35:44,275 INFO S7 zu wenig Stoff (0 Wörter aus 0 Quellen, Versuch 1/3): Kofane-Verlängerung bei Bayer 04 Leverkusen stockt: Stürmer 
2026-10-08 19:35:44,547 INFO S7 kein Volltext (too_short_15_words): Waldemar Anton: Borussia Dortmund plant Vertragsverlängerung
2026-10-08 19:35:44,547 INFO S7 zu wenig Stoff (0 Wörter aus 0 Quellen, Versuch 1/3): Waldemar Anton: Borussia Dortmund plant Vertragsverlängerung
2026-10-08 19:35:45,264 INFO S7 kein Volltext (too_short_78_words): Was noch nicht vom Tisch ist - Neue Details aus Bayerns Kane
2026-10-08 19:35:45,264 INFO S7 zu wenig Stoff (0 Wörter aus 0 Quellen, Versuch 2/3): Was noch nicht vom Tisch ist - Neue Details aus Bayerns Kane
2026-10-08 19:35:46,238 INFO S7 kein Volltext (too_short_52_words): Neuer Schalke-Vertrag? Jetzt wäre es für Muslic-Verhandlunge
2026-10-08 19:35:46,238 INFO S7 zu wenig Stoff (0 Wörter aus 0 Quellen, Versuch 1/3): Neuer Schalke-Vertrag? Jetzt wäre es für Muslic-Verhandlunge
2026-10-08 19:35:46,501 INFO S7 kein Volltext (too_short_15_words): VfB-Trainer Sebastian Hoeneß kündigt Debüt von Dennis Seimen
2026-10-08 19:35:46,501 INFO S7 zu wenig Stoff (0 Wörter aus 0 Quellen, Versuch 2/3): VfB-Trainer Sebastian Hoeneß kündigt Debüt von Dennis Seimen
2026-10-08 19:35:46,757 ERROR lxml parsing failed: Document is empty
2026-10-08 19:35:46,757 ERROR lxml parser bytestring Document is empty
2026-10-08 19:35:46,757 ERROR lxml parsing failed: Document is empty
2026-10-08 19:35:46,758 ERROR lxml parser bytestring Document is empty
2026-10-08 19:35:46,758 ERROR empty HTML tree: None
2026-10-08 19:35:46,758 WARNING discarding data: None
2026-10-08 19:35:46,758 INFO S7 kein Volltext (trafilatura_returned_empty): Droht Bayern Abgang von Top-Talent Prescott? Große Klubs lau
2026-10-08 19:35:46,759 INFO S7 zu wenig Stoff (0 Wörter aus 0 Quellen, Versuch 1/3): Droht Bayern Abgang von Top-Talent Prescott? Große Klubs lau
2026-10-08 19:35:47,522 INFO S7 kein Volltext (too_short_27_words): Ljubicic bekommt besonderes Geschenk vom Ex-Klub Schalke hof
2026-10-08 19:35:47,522 INFO S7 zu wenig Stoff (0 Wörter aus 0 Quellen, Versuch 2/3): Ljubicic bekommt besonderes Geschenk vom Ex-Klub Schalke hof
2026-10-08 19:35:48,018 INFO S7 kein Volltext (too_short_35_words): Sturm-Sorgen beim HSV: Jetzt droht auch noch ein weiterer Au
2026-10-08 19:35:48,018 INFO S7 zu wenig Stoff (0 Wörter aus 0 Quellen, Versuch 2/3): Sturm-Sorgen beim HSV: Jetzt droht auch noch ein weiterer Au
2026-10-08 19:35:48,297 INFO S7 kein Volltext (too_short_20_words): Bodö/Glimt - Borussia Dortmund live ► Die Übertragung auf DA
2026-10-08 19:35:48,297 INFO S7 zu wenig Stoff (0 Wörter aus 0 Quellen, Versuch 2/3): Bodö/Glimt - Borussia Dortmund live ► Die Übertragung auf DA
2026-10-08 19:35:49,661 INFO S7 kein Volltext (too_short_34_words): Europa League: Olympique Lyon gegen Bayer Leverkusen
2026-10-08 19:35:49,661 INFO S7 zu wenig Stoff (0 Wörter aus 0 Quellen, Versuch 2/3): Europa League: Olympique Lyon gegen Bayer Leverkusen
2026-10-08 19:35:50,439 INFO S7 kein Volltext (too_short_34_words): Europa League: Bayer Leverkusen gegen Besiktas Istanbul
2026-10-08 19:35:50,439 INFO S7 zu wenig Stoff (0 Wörter aus 0 Quellen, Versuch 3/3): Europa League: Bayer Leverkusen gegen Besiktas Istanbul
2026-10-08 19:35:51,154 INFO S7 kein Volltext (too_short_34_words): Europa League: Bayer Leverkusen gegen Olympique Marseille
2026-10-08 19:35:51,154 INFO S7 zu wenig Stoff (0 Wörter aus 0 Quellen, Versuch 3/3): Europa League: Bayer Leverkusen gegen Olympique Marseille
2026-10-08 19:35:51,952 INFO S7 kein Volltext (too_short_34_words): Europa League: OFI Heraklion gegen Bayer Leverkusen
2026-10-08 19:35:51,952 INFO S7 zu wenig Stoff (0 Wörter aus 0 Quellen, Versuch 2/3): Europa League: OFI Heraklion gegen Bayer Leverkusen
2026-10-08 19:35:52,239 INFO S7 kein Volltext (too_short_20_words): RB Leipzig - PSV Eindhoven live ► Die Übertragung auf DAZN ✅
2026-10-08 19:35:52,239 INFO S7 zu wenig Stoff (0 Wörter aus 0 Quellen, Versuch 3/3): RB Leipzig - PSV Eindhoven live ► Die Übertragung auf DAZN ✅
2026-10-08 19:35:52,996 INFO S7 kein Volltext (too_short_38_words): Europa League: Kauno Zalgiris gegen SC Freiburg
2026-10-08 19:35:52,997 INFO S7 zu wenig Stoff (0 Wörter aus 0 Quellen, Versuch 3/3): Europa League: Kauno Zalgiris gegen SC Freiburg
2026-10-08 19:35:54,111 INFO S7 kein Volltext (too_short_38_words): Europa League: SC Freiburg gegen Twente Enschede
2026-10-08 19:35:54,111 INFO S7 zu wenig Stoff (0 Wörter aus 0 Quellen, Versuch 2/3): Europa League: SC Freiburg gegen Twente Enschede
2026-10-08 19:35:55,316 INFO S7 kein Volltext (too_short_36_words): Europa League: Trabzonspor gegen SC Freiburg
2026-10-08 19:35:55,316 INFO S7 zu wenig Stoff (0 Wörter aus 0 Quellen, Versuch 3/3): Europa League: Trabzonspor gegen SC Freiburg
2026-10-08 19:35:55,788 INFO S7 kein Volltext (too_short_15_words): Fußball-Bundesliga: Debüt unter Druck: Seimen nun Nummer ein
2026-10-08 19:35:55,788 INFO S7 zu wenig Stoff (0 Wörter aus 0 Quellen, Versuch 2/3): Fußball-Bundesliga: Debüt unter Druck: Seimen nun Nummer ein
2026-10-08 19:35:58,763 INFO S6.5 schon berichtet (Union vor Elversberg: Krattenmacher als Gefah): Maurice Krattenmacher vor möglichem Startelfdebüt
2026-10-08 19:35:59,057 INFO S7 kein Volltext (too_short_15_words): Werder Bremen holt Alexander Schlager aus Salzburg
2026-10-08 19:35:59,057 INFO S7 zu wenig Stoff (0 Wörter aus 0 Quellen, Versuch 1/3): Werder Bremen holt Alexander Schlager aus Salzburg
2026-10-08 19:35:59,492 INFO S7 kein Volltext (too_short_38_words): BVB-Rückkehr mit Werder - Spezial-Job für Füllkrug
2026-10-08 19:35:59,844 ERROR lxml parsing failed: Document is empty
2026-10-08 19:35:59,844 ERROR lxml parser bytestring Document is empty
2026-10-08 19:35:59,845 ERROR lxml parsing failed: Document is empty
2026-10-08 19:35:59,845 ERROR lxml parser bytestring Document is empty
2026-10-08 19:35:59,845 ERROR empty HTML tree: None
2026-10-08 19:35:59,845 WARNING discarding data: None
2026-10-08 19:35:59,846 INFO S7 kein Volltext (trafilatura_returned_empty): Füllkrug über BVB: „Das beste Jahr meiner Karriere“ – Rückke
2026-10-08 19:36:00,441 INFO S7 kein Volltext (too_short_38_words): Werder Bremen: Bei BVB-Rückkehr: Spezial-Job für Niclas Füll
2026-10-08 19:36:00,441 INFO S7 zu wenig Stoff (0 Wörter aus 0 Quellen, Versuch 2/3): BVB-Rückkehr mit Werder - Spezial-Job für Füllkrug
2026-10-08 19:36:00,725 WARNING discarding data: None
2026-10-08 19:36:00,726 INFO S7 kein Volltext (trafilatura_returned_empty): Kampf um den Stammplatz: Andrich äußert sich zu seiner neuen
2026-10-08 19:36:01,005 WARNING discarding data: None
2026-10-08 19:36:01,006 INFO S7 kein Volltext (trafilatura_returned_empty): Kampf um den Stammplatz: Andrich äußert sich zu seiner neuen
2026-10-08 19:36:01,006 INFO S7 zu wenig Stoff (0 Wörter aus 0 Quellen, Versuch 2/3): Kampf um den Stammplatz: Andrich äußert sich zu seiner neuen
2026-10-08 19:36:01,287 INFO S7 kein Volltext (too_short_15_words): 1. FC Köln: Druck auf Rene Wagner wächst wieder - Derby gege
2026-10-08 19:36:01,287 INFO S7 zu wenig Stoff (0 Wörter aus 0 Quellen, Versuch 1/3): 1. FC Köln: Druck auf Rene Wagner wächst wieder - Derby gege
2026-10-08 19:36:04,186 INFO S6.5 schon berichtet (Schalke vor Freiburg: Karaman trotzt der Ausw): Maximale Reifeprüfung: Was Schalke in Freiburg erwartet
2026-10-08 19:36:05,205 INFO S7 kein Volltext (too_short_56_words): Hansen liebt Herausforderungen: Paderborns Blondschopf und d
2026-10-08 19:36:05,205 INFO S7 zu wenig Stoff (0 Wörter aus 0 Quellen, Versuch 1/3): Hansen liebt Herausforderungen: Paderborns Blondschopf und d
2026-10-08 19:36:07,588 INFO S7 schreiben (Prio 2, 1 Quellen): Schöningens Festung steht – kann der HSV sie stürmen?
2026-10-08 19:36:10,860 INFO S7 verworfen (nicht_relevant): Schöningens Festung steht – kann der HSV sie stürmen?
2026-10-08 19:36:13,241 INFO S6.5 schon berichtet (Leipzig gegen Frankfurt: Duell zweier Teams i): Vor Duell gegen Leipzig: Drei heiße Startelf-Duelle bei Eint
2026-10-08 19:36:18,064 INFO S7 schreiben (Prio 2, 1 Quellen): Neue Gespräche zwischen Bayern und JJ Gabriel
2026-10-08 19:36:24,247 INFO   Kandidat: Bayern spricht erneut mit Gabriel, Spanien bleibt in Front
2026-10-08 19:36:31,610 INFO S7 schreiben (Prio 2, 1 Quellen): Weiser denkt „zu 0,0 Prozent“ an Verlängerung
2026-10-08 19:36:37,991 INFO   Kandidat: Weiser denkt „zu 0,0 Prozent“ an Vertragsverlängerung bei We
2026-10-08 19:36:56,210 INFO S6.5 schon berichtet (Gladbach in Köln: Blessin dürfte auf Dreierke): Blessin setzt im Derby auf Neuhaus und Gladbachs Wende
2026-10-08 19:36:56,507 INFO S7 kein Volltext (too_short_42_words): Das wäre ganz bitter - HSV zittert um Top-Transfer
2026-10-08 19:36:56,508 INFO S7 zu wenig Stoff (0 Wörter aus 0 Quellen, Versuch 2/3): Das wäre ganz bitter - HSV zittert um Top-Transfer
2026-10-08 19:37:00,649 INFO S7 schreiben (Prio 2, 1 Quellen): Nächste Baustelle bei Gladbach: Vor dem Derby gegen Köln kom
2026-10-08 19:37:11,578 INFO   Kandidat: Gladbach braucht ab 2027 neuen Trikotsponsor: Reuter hört au
2026-10-08 19:37:14,351 INFO S7 schreiben (Prio 2, 1 Quellen): Frankfurt's head of scouting set for Kansas City switch
2026-10-08 19:37:22,665 INFO   Kandidat: Frankfurts Chefscout Stein vor Wechsel zu Sporting Kansas Ci
2026-10-08 19:37:25,918 INFO S6.5 schon berichtet (HSV-Talent Lemke über Verbleib: „Wollte von A): „Natürlich gibt es Defizite“: Lemke erklärt seinen HSV-Aufsc
2026-10-08 19:37:27,112 INFO S7 kein Volltext (too_short_38_words): Paderborns Trainer freut sich auf seinen Ex-Keeper
2026-10-08 19:37:27,112 INFO S7 zu wenig Stoff (0 Wörter aus 0 Quellen, Versuch 2/3): Paderborns Trainer freut sich auf seinen Ex-Keeper
2026-10-08 19:37:33,622 INFO S6.5 schon berichtet (Werder will nach turbulenter Pause in Dortmun): „Schotte mit Bart gesucht“: Werder-Legende Nils Petersen übe
2026-10-08 19:37:34,044 INFO S7 kein Volltext (too_short_15_words): 1. FC Union vor Elversberg: Lustrinelli plant den Befreiungs
2026-10-08 19:37:34,044 INFO S7 zu wenig Stoff (0 Wörter aus 0 Quellen, Versuch 2/3): 1. FC Union vor Elversberg: Lustrinelli plant den Befreiungs
2026-10-08 19:37:35,260 INFO S7 kein Volltext (likely_paywall): Keine Chance beim FC Bayern! Ito ist der große Saisonstart-V
2026-10-08 19:37:35,260 INFO S7 zu wenig Stoff (0 Wörter aus 0 Quellen, Versuch 2/3): Keine Chance beim FC Bayern! Ito ist der große Saisonstart-V
2026-10-08 19:37:36,066 INFO S7 kein Volltext (likely_paywall): Rückkehr in den grauen Bayern-Alltag: Ito vor Abschied im Wi
2026-10-08 19:37:36,067 INFO S7 zu wenig Stoff (0 Wörter aus 0 Quellen, Versuch 2/3): Rückkehr in den grauen Bayern-Alltag: Ito vor Abschied im Wi
2026-10-08 19:37:36,357 WARNING discarding data: None
2026-10-08 19:37:36,357 INFO S7 kein Volltext (trafilatura_returned_empty): Kovac tüftelt am BVB-Mittelfeld: Diese Variante könnte gegen
2026-10-08 19:37:36,358 INFO S7 zu wenig Stoff (0 Wörter aus 0 Quellen, Versuch 1/3): Kovac tüftelt am BVB-Mittelfeld: Diese Variante könnte gegen
2026-10-08 19:37:36,853 ERROR lxml parsing failed: Document is empty
2026-10-08 19:37:36,853 ERROR lxml parser bytestring Document is empty
2026-10-08 19:37:36,854 ERROR lxml parsing failed: Document is empty
2026-10-08 19:37:36,854 ERROR lxml parser bytestring Document is empty
2026-10-08 19:37:36,854 ERROR empty HTML tree: None
2026-10-08 19:37:36,854 WARNING discarding data: None
2026-10-08 19:37:36,855 INFO S7 kein Volltext (trafilatura_returned_empty): "Dann brennt der Baum richtig": Große Derby-Vorschau auf Köl
2026-10-08 19:37:36,855 INFO S7 zu wenig Stoff (0 Wörter aus 0 Quellen, Versuch 2/3): "Dann brennt der Baum richtig": Große Derby-Vorschau auf Köl
2026-10-08 19:37:37,497 INFO S7 kein Volltext (too_short_58_words): Koch: „Müssen stabiler werden“
2026-10-08 19:37:37,497 INFO S7 zu wenig Stoff (0 Wörter aus 0 Quellen, Versuch 2/3): Koch: „Müssen stabiler werden“
2026-10-08 19:37:37,958 ERROR lxml parsing failed: Document is empty
2026-10-08 19:37:37,958 ERROR lxml parser bytestring Document is empty
2026-10-08 19:37:37,958 ERROR lxml parsing failed: Document is empty
2026-10-08 19:37:37,958 ERROR lxml parser bytestring Document is empty
2026-10-08 19:37:37,958 ERROR empty HTML tree: None
2026-10-08 19:37:37,958 WARNING discarding data: None
2026-10-08 19:37:37,959 INFO S7 kein Volltext (trafilatura_returned_empty): Droht Bayern Abgang von Top-Talent Prescott? Große Klubs lau
2026-10-08 19:37:37,959 INFO S7 zu wenig Stoff (0 Wörter aus 0 Quellen, Versuch 2/3): Droht Bayern Abgang von Top-Talent Prescott? Große Klubs lau
2026-10-08 19:37:38,001 ERROR lxml parsing failed: Document is empty
2026-10-08 19:37:38,001 ERROR lxml parser bytestring Document is empty
2026-10-08 19:37:38,001 ERROR lxml parsing failed: Document is empty
2026-10-08 19:37:38,001 ERROR lxml parser bytestring Document is empty
2026-10-08 19:37:38,001 ERROR empty HTML tree: None
2026-10-08 19:37:38,001 WARNING discarding data: None
2026-10-08 19:37:38,002 INFO S7 kein Volltext (trafilatura_returned_empty): Wie Hütter die Eintracht stabilisieren will - und ein spanne
2026-10-08 19:37:38,002 INFO S7 zu wenig Stoff (0 Wörter aus 0 Quellen, Versuch 2/3): Wie Hütter die Eintracht stabilisieren will - und ein spanne
2026-10-08 19:37:38,839 INFO S7 kein Volltext (too_short_20_words): Bellingham muss um BVB-Platz kämpfen Veerman positioniert si
2026-10-08 19:37:38,839 INFO S7 zu wenig Stoff (0 Wörter aus 0 Quellen, Versuch 2/3): Bellingham muss um BVB-Platz kämpfen Veerman positioniert si
2026-10-08 19:37:45,145 INFO S6.5 schon berichtet (Tabellenführer Dortmund empfängt Werder zum F): Bundesliga-Restart: Dortmund gegen Werder
2026-10-08 19:37:45,977 INFO S7 kein Volltext (likely_paywall): „Hat ein tolles Dribbling und viel Power“: Eintracht-Trainer
2026-10-08 19:37:45,977 INFO S7 zu wenig Stoff (0 Wörter aus 0 Quellen, Versuch 2/3): „Hat ein tolles Dribbling und viel Power“: Eintracht-Trainer
2026-10-08 19:37:46,948 INFO S7 kein Volltext (likely_paywall): Personal, Taktik und alte Bekannte: So geht der SC Paderborn
2026-10-08 19:37:46,948 INFO S7 zu wenig Stoff (0 Wörter aus 0 Quellen, Versuch 2/3): Personal, Taktik und alte Bekannte: So geht der SC Paderborn
2026-10-08 19:37:47,372 INFO S7 kein Volltext (too_short_15_words): Hütter: ''Als Mannschaft versuchen, solche Spieler wie Nusa 
2026-10-08 19:37:47,373 INFO S7 zu wenig Stoff (0 Wörter aus 0 Quellen, Versuch 2/3): Hütter: ''Als Mannschaft versuchen, solche Spieler wie Nusa 
2026-10-08 19:37:48,106 INFO S7 kein Volltext (likely_paywall): Augsburgs unglaubliche Stärke gegen den FC Bayern
2026-10-08 19:37:48,106 INFO S7 zu wenig Stoff (0 Wörter aus 0 Quellen, Versuch 2/3): Augsburgs unglaubliche Stärke gegen den FC Bayern
2026-10-08 19:37:49,063 INFO S7 kein Volltext (seite_zu_alt): Karetsas-Traumtor beim Debüt: BVB schlägt englischen Meister
2026-10-08 19:37:49,064 INFO S7 zu wenig Stoff (0 Wörter aus 0 Quellen, Versuch 1/3): Karetsas-Traumtor beim Debüt: BVB schlägt englischen Meister
2026-10-08 19:37:49,395 INFO S7 kein Volltext (too_short_15_words): Hütter: ''Müssen viel laufen in Leipzig''
2026-10-08 19:37:49,395 INFO S7 zu wenig Stoff (0 Wörter aus 0 Quellen, Versuch 2/3): Hütter: ''Müssen viel laufen in Leipzig''
2026-10-08 19:37:50,048 INFO S7 kein Volltext (too_short_29_words): HSV Pressekonferenz vor dem Auswärtsspiel beim TSG Hoffenhei
2026-10-08 19:37:50,048 INFO S7 zu wenig Stoff (0 Wörter aus 0 Quellen, Versuch 2/3): HSV Pressekonferenz vor dem Auswärtsspiel beim TSG Hoffenhei
2026-10-08 19:37:50,399 WARNING discarding data: None
2026-10-08 19:37:50,400 INFO S7 kein Volltext (trafilatura_returned_empty): Neustart in Gladbach? Diese Spieler können unter Blessin dur
2026-10-08 19:37:50,400 INFO S7 zu wenig Stoff (0 Wörter aus 0 Quellen, Versuch 2/3): Neustart in Gladbach? Diese Spieler können unter Blessin dur
2026-10-08 19:37:50,894 INFO S7 kein Volltext (too_short_29_words): "Anspruchsvolle Aufgabe": HSV-Trainer Polzin vor dem Duell g
2026-10-08 19:37:50,894 INFO S7 zu wenig Stoff (0 Wörter aus 0 Quellen, Versuch 2/3): "Anspruchsvolle Aufgabe": HSV-Trainer Polzin vor dem Duell g
2026-10-08 19:37:51,130 ERROR lxml parsing failed: Document is empty
2026-10-08 19:37:51,130 ERROR lxml parser bytestring Document is empty
2026-10-08 19:37:51,131 ERROR lxml parsing failed: Document is empty
2026-10-08 19:37:51,131 ERROR lxml parser bytestring Document is empty
2026-10-08 19:37:51,131 ERROR empty HTML tree: None
2026-10-08 19:37:51,131 WARNING discarding data: None
2026-10-08 19:37:51,132 INFO S7 kein Volltext (trafilatura_returned_empty): Mit "halbvollem Tank" ans Ziel? Auch Moffi ist eine Kaderopt
2026-10-08 19:37:51,132 INFO S7 zu wenig Stoff (0 Wörter aus 0 Quellen, Versuch 2/3): Mit "halbvollem Tank" ans Ziel? Auch Moffi ist eine Kaderopt
2026-10-08 19:37:51,447 WARNING discarding data: None
2026-10-08 19:37:51,448 INFO S7 kein Volltext (trafilatura_returned_empty): Flut an auslaufenden Verträgen: Hier muss Stuttgart ganz gen
2026-10-08 19:37:51,448 INFO S7 zu wenig Stoff (0 Wörter aus 0 Quellen, Versuch 2/3): Flut an auslaufenden Verträgen: Hier muss Stuttgart ganz gen
2026-10-08 19:37:57,842 INFO S6.5 schon berichtet (Leipzig gegen Frankfurt: Duell zweier Teams i): Wer purzelt raus? Uzun oder Ebnoutalib?
2026-10-08 19:37:58,139 ERROR lxml parsing failed: Document is empty
2026-10-08 19:37:58,139 ERROR lxml parser bytestring Document is empty
2026-10-08 19:37:58,139 ERROR lxml parsing failed: Document is empty
2026-10-08 19:37:58,140 ERROR lxml parser bytestring Document is empty
2026-10-08 19:37:58,140 ERROR empty HTML tree: None
2026-10-08 19:37:58,140 WARNING discarding data: None
2026-10-08 19:37:58,140 INFO S7 kein Volltext (trafilatura_returned_empty): Elversberg-Coach Wagner: "Favorit? Das dauert noch eine Weil
2026-10-08 19:37:58,141 INFO S7 zu wenig Stoff (0 Wörter aus 0 Quellen, Versuch 3/3): Elversberg-Coach Wagner: "Favorit? Das dauert noch eine Weil
2026-10-08 19:38:06,227 INFO S7 schreiben (Prio 2, 1 Quellen): Augsburger Ansage vor Bayern-Kracher: "Wie ein Wahnsinniger"
2026-10-08 19:38:14,237 INFO   Kandidat: Augsburgs Baum fordert gegen Bayern: „Wie ein Wahnsinniger s
2026-10-08 19:38:14,610 INFO S7 kein Volltext (too_short_20_words): Slovan Bratislava - VfB Stuttgart live ► Die Übertragung auf
2026-10-08 19:38:14,610 INFO S7 zu wenig Stoff (0 Wörter aus 0 Quellen, Versuch 2/3): Slovan Bratislava - VfB Stuttgart live ► Die Übertragung auf
2026-10-08 19:38:15,117 WARNING discarding data: None
2026-10-08 19:38:15,118 INFO S7 kein Volltext (trafilatura_returned_empty): FC Bayern plant Rückholaktion
2026-10-08 19:38:15,118 INFO S7 zu wenig Stoff (0 Wörter aus 0 Quellen, Versuch 3/3): FC Bayern plant Rückholaktion
2026-10-08 19:38:19,877 INFO S6.5 schon berichtet (HSV vor Hoffenheim: Stange könnte im Sturm ei): HSV-Offensivsorgen: Polzin sucht neue Lösungen
2026-10-08 19:38:20,236 INFO S7 kein Volltext (too_short_75_words): Buxtehude verliert trotz starkem Comeback: BVB bleibt souver
2026-10-08 19:38:20,236 INFO S7 zu wenig Stoff (0 Wörter aus 0 Quellen, Versuch 3/3): Buxtehude verliert trotz starkem Comeback: BVB bleibt souver
2026-10-08 19:38:24,728 INFO S7 schreiben (Prio 2, 1 Quellen): Nach starkem Saison-Start: Dortmund und Brighton nehmen Red 
2026-10-08 19:38:30,433 INFO   Kandidat: BVB und Brighton beobachten Salzburgs Bartosz Mazurek
2026-10-08 19:38:30,749 WARNING discarding data: None
2026-10-08 19:38:30,750 INFO S7 kein Volltext (trafilatura_returned_empty): Vom Bayern-Kader zum FCA: Trainer Manuel Baum spricht über d
2026-10-08 19:38:30,750 INFO S7 zu wenig Stoff (0 Wörter aus 0 Quellen, Versuch 2/3): Vom Bayern-Kader zum FCA: Trainer Manuel Baum spricht über d
2026-10-08 19:38:31,037 WARNING discarding data: None
2026-10-08 19:38:31,038 INFO S7 kein Volltext (trafilatura_returned_empty): Konkurrenzkampf im Mittelfeld: Fernandez-Reise eröffnet Andr
2026-10-08 19:38:31,038 INFO S7 zu wenig Stoff (0 Wörter aus 0 Quellen, Versuch 2/3): Konkurrenzkampf im Mittelfeld: Fernandez-Reise eröffnet Andr
2026-10-08 19:38:31,761 INFO S7 kein Volltext (too_short_27_words): Schalkes früheres Millionen-Versprechen ist zurück: Hibernia
2026-10-08 19:38:31,761 INFO S7 zu wenig Stoff (0 Wörter aus 0 Quellen, Versuch 1/3): Schalkes früheres Millionen-Versprechen ist zurück: Hibernia
2026-10-08 19:38:32,425 INFO S7 kein Volltext (seite_zu_alt): Big Match Preview: RB Leipzig vs. Eintracht Frankfurt
2026-10-08 19:38:32,425 INFO S7 zu wenig Stoff (0 Wörter aus 0 Quellen, Versuch 1/3): Big Match Preview: RB Leipzig vs. Eintracht Frankfurt
2026-10-08 19:38:35,198 INFO S6.5 schon berichtet (Götze fühlt sich in Frankfurt „pudelwohl“ und): Mario Götze schließt Trainerjob aus: "Das nicht"
2026-10-08 19:38:35,942 INFO S7 kein Volltext (seite_zu_alt): Big Match Preview: Paderborn vs. VFB Stuttgart
2026-10-08 19:38:35,942 INFO S7 zu wenig Stoff (0 Wörter aus 0 Quellen, Versuch 2/3): Big Match Preview: Paderborn vs. VFB Stuttgart
2026-10-08 19:38:37,181 INFO S7 kein Volltext (seite_zu_alt): Gladbach prepare for away derby against FC Köln
2026-10-08 19:38:37,181 INFO S7 zu wenig Stoff (0 Wörter aus 0 Quellen, Versuch 1/3): Gladbach prepare for away derby against FC Köln
2026-10-08 19:38:39,948 INFO S6.5 schon berichtet (Beier nach Klopp-Gespräch: „Ich kann es ihm s): "Unfassbar Bock": Beier fiebert Derby gegen Schalke entgegen
2026-10-08 19:38:39,963 INFO FinalCheck SKIP: bayern/{'michael olise', 'harry kane'} stage=vertrag bereits in Archiv
2026-10-08 19:38:39,987 INFO S9.5 FinalCheck: 7/8 durch
2026-10-08 19:38:41,181 INFO Veröffentlicht: Leverkusen will Maza frühzeitig langfristig binden
2026-10-08 19:38:41,297 INFO Veröffentlicht: Bayern spricht erneut mit Gabriel, Spanien bleibt in Front
2026-10-08 19:38:41,413 INFO Veröffentlicht: Weiser denkt „zu 0,0 Prozent“ an Vertragsverlängerung bei We
2026-10-08 19:38:41,529 INFO Veröffentlicht: Gladbach braucht ab 2027 neuen Trikotsponsor: Reuter hört au
2026-10-08 19:38:41,645 INFO Veröffentlicht: Frankfurts Chefscout Stein vor Wechsel zu Sporting Kansas Ci
2026-10-08 19:38:41,765 INFO Veröffentlicht: Augsburgs Baum fordert gegen Bayern: „Wie ein Wahnsinniger s
2026-10-08 19:38:41,881 INFO Veröffentlicht: BVB und Brighton beobachten Salzburgs Bartosz Mazurek
2026-10-08 19:38:41,923 INFO Reddit: Keine Credentials – übersprungen
2026-10-08 19:38:41,923 INFO Reddit: Keine Credentials – übersprungen
2026-10-08 19:38:41,924 INFO Reddit: Keine Credentials – übersprungen
2026-10-08 19:38:41,924 INFO Reddit: Keine Credentials – übersprungen
2026-10-08 19:38:41,924 INFO Reddit: Keine Credentials – übersprungen
2026-10-08 19:38:41,925 INFO Reddit: Keine Credentials – übersprungen
2026-10-08 19:38:41,925 INFO Reddit: Keine Credentials – übersprungen
2026-10-08 19:38:41,926 INFO 💶 Kosten: dieser Lauf 0.000 $ (Budget 0.065 $) | heute 0.00 $ | Monat 0.72 / 23 $ | konferenz (abo) 1× 0.000 $, dublette (abo) 37× 0.000 $, schreiben (abo) 9× 0.000 $
2026-10-08 19:38:41,926 INFO 🎫 Abo-Verbrauch: 116,269 Tokens rein (davon Cache gelesen 10,200), 19,517 raus, API-Gegenwert 0.56 $ | konferenz 1×: 7,697/9,300, dublette 37×: 51,093/1,862, schreiben 9×: 57,479/8,355
2026-10-08 19:38:41,992 INFO Feeds: 60/60 begonnen, nächster Lauf startet bei Nr. 0
2026-10-08 19:38:41,992 INFO URL-Cache gespeichert: 29229 URLs
2026-10-08 19:38:41,992 INFO === Fertig. 7 neue Artikel. feed.json: 1512 ===
2026-10-08 19:38:41,992 INFO Stats: {"ts": "20261008_1930", "ingested": 170, "s2_pre_filter": 44, "s3_relevance": 32, "s4_dedup_early": 0, "gesammelt": 94, "geschichten_neu": 78, "s5_archiv_doppelt": 5, "s5_zusammengefuehrt": 3, "s6_aussortiert": 43, "s7_geschrieben": 9, "s7_verworfen": 14, "s5_fulltext_fail": 62, "s8_qa_rejected": 1, "published": 7, "s5_ohne_bezug": 5, "s5_randthema": 2, "kosten": {"lauf_usd": 0.0, "lauf_budget_usd": 0.0646, "heute_usd": 0.0, "monat_usd": 0.7196, "monatsbudget_usd": 23.0, "aufrufe": {"konferenz (abo)": {"anzahl": 1, "usd": 0.0}, "dublette (abo)": {"anzahl": 37, "usd": 0.0}, "schreiben (abo)": {"anzahl": 9, "usd": 0.0}}, "guthaben_leer": false, "abo": true, "abo_tokens": {"konferenz": {"aufrufe": 1, "ein": 10, "cache_schreiben": 7687, "cache_lesen": 0, "aus": 9300, "api_wert_usd": 0.0619}, "dublette": {"aufrufe": 37, "ein": 74, "cache_schreiben": 51019, "cache_lesen": 0, "aus": 1862, "api_wert_usd": 0.2228}, "schreiben": {"aufrufe": 9, "ein": 18, "cache_schreiben": 47261, "cache_lesen": 10200, "aus": 8355, "api_wert_usd": 0.2747}}}}
