2026-10-07 12:03:00,923 INFO 💶 Budget: dieser Lauf 0.061 $ | heute 0.00 $ | Monat 0.72 / 23 $
2026-10-07 12:03:01,347 INFO URL-Cache geladen: 26238 bekannte URLs (letzte 30 Tage)
2026-10-07 12:03:01,347 INFO === Ligaoutsider Generator startet – max. 50 Artikel ===
2026-10-07 12:03:01,348 INFO Feed: https://newsfeed.kicker.de/news/bundesliga
2026-10-07 12:03:01,888 INFO BL-Spielerliste geladen: 1002 Namen
2026-10-07 12:03:01,917 INFO Feed: https://www.sportschau.de/fussball/bundesliga/index~rss2.xml
2026-10-07 12:03:02,585 INFO Feed: https://sportbild.bild.de/feed/sportbild-home.xml
2026-10-07 12:03:02,922 INFO S3 keyword miss: Irre Szene in der European League - Schiri versperrte Flensb
2026-10-07 12:03:03,000 INFO S3 keyword miss: Fahrerflucht! Alles auf Video! - Betrunkener Fußball-Profi b
2026-10-07 12:03:03,078 INFO S3 keyword miss: Das wäre fatal - Droht City ein Punkte-Hammer?
2026-10-07 12:03:03,158 INFO S3 keyword miss: Kretzsche zum Fall Golla - „Was ich gerade sehr bedenklich f
2026-10-07 12:03:03,236 INFO S3 keyword miss: Vergleich mit den Vorgängern - Klopp stellt Quoten-Startreko
2026-10-07 12:03:03,239 INFO Feed: https://www.bild.de/rss-feeds/rss-16725492,feed=fussball-mix.bild.html
2026-10-07 12:03:03,841 INFO S3 keyword miss: Medienbericht - Trainer-Knall bei der Türkei!
2026-10-07 12:03:03,918 INFO S3 keyword miss: Teilriss am Innenband - Nürnberg-Verteidiger fehlt wochenlan
2026-10-07 12:03:03,924 INFO Feed: https://www.11freunde.de/feed
2026-10-07 12:03:05,093 INFO S2 blacklist: „Messi hat unser Leben geprägt“
2026-10-07 12:03:05,169 INFO S3 keyword miss: Ronaldos irres Statement, Messis Abschied und Quiz-Spaß
2026-10-07 12:03:05,208 INFO Feed: https://www.bundesliga.com/de/bundesliga/news.rss
2026-10-07 12:03:05,830 INFO S2 blacklist: Bundesliga Talent Series: St.-Pauli-Juwel glänzt mit Hattric
2026-10-07 12:03:05,830 INFO Feed: https://news.google.com/rss/topics/CAAqJggKIiBDQkFTRWdvSUwyMHZNRFp1ZEdvU0FtUmxHZ0pFUlNnQVAB?hl=de&gl=DE&ceid=DE:de
2026-10-07 12:03:06,706 INFO S3 keyword miss: Cristiano Ronaldo „Wahrheit ist nach wie vor das Wichtigste“
2026-10-07 12:03:06,840 INFO S3 keyword miss: Entscheidet das die WM? Schock für Russell vor dem Rennen in
2026-10-07 12:03:06,971 INFO S3 keyword miss: Warnung an Nico Rosberg: "Du musst da so schnell wie möglich
2026-10-07 12:03:06,972 INFO S2 blacklist: Türkei feuert offenbar Nationaltrainer Montella
2026-10-07 12:03:06,973 INFO S2 blacklist: Nationalmannschaft: Neue Enthüllungen zu umstrittenem Klopp-
2026-10-07 12:03:07,142 INFO S3 keyword miss: NFL: Super-Bowl-Champion schmeißt nach nur drei Spielen hin
2026-10-07 12:03:07,278 INFO S3 keyword miss: Ski Alpin: Mikaela Shiffrin trifft wegweisende Entscheidung
2026-10-07 12:03:07,405 INFO S3 keyword miss: Audi-Boss: Warum es keinen "demokratischen Führungsprozess" 
2026-10-07 12:03:07,534 INFO S3 keyword miss: Halbfinal-Ticket im Toto-Pokal: Regensburg schaltet Haching 
2026-10-07 12:03:07,535 INFO S2 blacklist: Schockdiagnose! Deutscher NBA-Star Ariel Hukporti verpasst k
2026-10-07 12:03:07,626 INFO S3 keyword miss: Was machen die Drittliga-Löwen? Reinthaler nach Knie-OP noch
2026-10-07 12:03:07,815 INFO S3 keyword miss: Nackt oder mit Boxershorts? Weltmeister Christoph Kramer ver
2026-10-07 12:03:07,817 INFO Feed: https://news.google.com/rss/search?q=Bundesliga+Testspiel+Ergebnis&hl=de&gl=DE&ceid=DE:de
2026-10-07 12:03:08,171 INFO Feed: https://news.google.com/rss/search?q=Bundesliga+Vorbereitung+Sommertour&hl=de&gl=DE&ceid=DE:de
2026-10-07 12:03:08,418 INFO Feed: https://news.google.com/rss/search?q=Bundesliga+Verletzung+Ausfall+gesperrt&hl=de&gl=DE&ceid=DE:de
2026-10-07 12:03:08,808 INFO Feed: https://news.google.com/rss/search?q=Bundesliga+Transfer+Wechsel+verpflichtet&hl=de&gl=DE&ceid=DE:de
2026-10-07 12:03:09,165 INFO Feed: https://news.google.com/rss/search?q=Bundesliga+Gerücht+Interesse+Angebot&hl=de&gl=DE&ceid=DE:de
2026-10-07 12:03:09,900 INFO Feed: https://news.google.com/rss/search?q=Bundesliga+Vertrag+verlängert+ablösefrei&hl=de&gl=DE&ceid=DE:de
2026-10-07 12:03:10,266 INFO Feed: https://news.google.com/rss/search?q=%22FC+Bayern%22+OR+%22Bayern+M%C3%BCnchen%22+when%3A1d&hl=de&gl=DE&ceid=DE:de
2026-10-07 12:03:10,746 INFO S2 blacklist: Michael Olise [17] - FC Bayern München - Forum | Seite 550
2026-10-07 12:03:10,782 INFO Feed: https://news.google.com/rss/search?q=BVB+OR+%22Borussia+Dortmund%22+when%3A1d&hl=de&gl=DE&ceid=DE:de
2026-10-07 12:03:11,373 INFO S2 blacklist: 7,50 Euro für BVB-Tickets: Besonderer Vorverkauf steht an
2026-10-07 12:03:11,375 INFO S2 blacklist: Werder live im TV und im Livestream gegen den BVB: Wer übert
2026-10-07 12:03:11,379 INFO S2 blacklist: 5. Spieltag: Borussia Dortmund - SV Werder Bremen - Werder B
2026-10-07 12:03:11,416 INFO Feed: https://news.google.com/rss/search?q=%22Bayer+Leverkusen%22+OR+%22Bayer+04%22+when%3A1d&hl=de&gl=DE&ceid=DE:de
2026-10-07 12:03:11,826 INFO Feed: https://news.google.com/rss/search?q=%22RB+Leipzig%22+when%3A1d&hl=de&gl=DE&ceid=DE:de
2026-10-07 12:03:12,189 INFO S2 blacklist: Trainer-Wirbel bei RB Leipzig: Erste Entscheidung bei Nagels
2026-10-07 12:03:12,190 INFO S2 blacklist: Rückkehr nach Leipzig? Erste Nagelsmann-Entscheidung gefalle
2026-10-07 12:03:12,191 INFO S2 blacklist: Julian Nagelsmann vor spektakulärer Rückkehr? Bundesliga-Tra
2026-10-07 12:03:12,276 INFO S3 keyword miss: Bundesliga Talent Series: Wolfsburg und Nürnberg feiern klar
2026-10-07 12:03:12,360 INFO S3 keyword miss: Große Emotionen bei „Messis letztem Tango“ für Argentinien
2026-10-07 12:03:12,362 INFO Feed: https://news.google.com/rss/search?q=%22VfB+Stuttgart%22+when%3A1d&hl=de&gl=DE&ceid=DE:de
2026-10-07 12:03:12,776 INFO Feed: https://news.google.com/rss/search?q=%22Eintracht+Frankfurt%22+when%3A1d&hl=de&gl=DE&ceid=DE:de
2026-10-07 12:03:13,183 INFO S2 blacklist: Kommt Eintracht Frankfurts Krösche-Erbe aus der 2. Liga?
2026-10-07 12:03:13,184 INFO S2 blacklist: Eintracht Frankfurt U17
2026-10-07 12:03:13,187 INFO S2 blacklist: Debüttore und Nationalmannschaftseinsätze
2026-10-07 12:03:13,271 INFO S3 keyword miss: Krösche sieht Riera-Verpflichtung als "falsche Entscheidung"
2026-10-07 12:03:13,272 INFO S2 blacklist: 1. FC Nürnberg gegen Eintracht Frankfurt im Datenvergleich |
2026-10-07 12:03:13,275 INFO Feed: https://news.google.com/rss/search?q=Gladbach+OR+%22Borussia+M%C3%B6nchengladbach%22+when%3A1d&hl=de&gl=DE&ceid=DE:de
2026-10-07 12:03:13,776 INFO S3 keyword miss: Rainer Bonhof: „Der WM-Titel ist Klebstoff fürs Leben“
2026-10-07 12:03:13,779 INFO Feed: https://news.google.com/rss/search?q=%22SC+Freiburg%22+when%3A1d&hl=de&gl=DE&ceid=DE:de
2026-10-07 12:03:14,163 INFO S2 blacklist: U19 im Verbandspokal gefordert
2026-10-07 12:03:14,196 INFO Feed: https://news.google.com/rss/search?q=Hoffenheim+when%3A1d&hl=de&gl=DE&ceid=DE:de
2026-10-07 12:03:14,524 INFO S2 blacklist: TSG 1899 Hoffenheim U17 - Wertvollste Abgänge | Seite 2
2026-10-07 12:03:14,525 INFO Feed: https://news.google.com/rss/search?q=%22Mainz+05%22+when%3A1d&hl=de&gl=DE&ceid=DE:de
2026-10-07 12:03:14,967 INFO S3 keyword miss: Erwin Bader
2026-10-07 12:03:15,058 INFO S3 keyword miss: Spanischer Doppel-Europameister: Wunderkind mit Allgäuer Ver
2026-10-07 12:03:15,145 INFO S3 keyword miss: Böller durch Fenster von Jugendzentrum geworfen: Kinder im R
2026-10-07 12:03:15,148 INFO Feed: https://news.google.com/rss/search?q=%22FC+Augsburg%22+when%3A1d&hl=de&gl=DE&ceid=DE:de
2026-10-07 12:03:15,527 INFO S2 blacklist: Das sind die Erkenntnisse für den FCA nach der Länderspielpa
2026-10-07 12:03:15,615 INFO S3 keyword miss: Nach drei Wochen Pause kehrt der Ligaalltag zurück – und bri
2026-10-07 12:03:15,649 INFO S2 blacklist: Nächster Leih-Transfer offiziell: HSV-Profi Soumahoro soll i
2026-10-07 12:03:15,809 INFO S3 keyword miss: Ronaldo erhebt nach Portugal-Eklat schwere Vorwürfe – und fo
2026-10-07 12:03:15,809 INFO Feed: https://news.google.com/rss/search?q=%22Union+Berlin%22+when%3A1d&hl=de&gl=DE&ceid=DE:de
2026-10-07 12:03:16,275 INFO S3 keyword miss: Gabriel Simonovic
2026-10-07 12:03:16,357 INFO S3 keyword miss: Fritz Bohla
2026-10-07 12:03:16,358 INFO Feed: https://news.google.com/rss/search?q=%22Werder+Bremen%22+when%3A1d&hl=de&gl=DE&ceid=DE:de
2026-10-07 12:03:16,928 INFO S3 keyword miss: Arnd Zeigler über die Bundesliga und Klopp-Debüt: „Viele Fan
2026-10-07 12:03:16,929 INFO S2 blacklist: Spielschema | Werder Bremen II - Hannover 96 II 0:2 | 11. Sp
2026-10-07 12:03:16,965 INFO Feed: https://news.google.com/rss/search?q=HSV+OR+%22Hamburger+SV%22+when%3A1d&hl=de&gl=DE&ceid=DE:de
2026-10-07 12:03:17,326 INFO S2 blacklist: HSV Klagenfurt - Wertvollste Abgänge | Seite 3
2026-10-07 12:03:17,331 INFO S2 blacklist: Rassistische Beleidigungen und wüste Schlägerei! Länderspiel
2026-10-07 12:03:17,332 INFO Feed: https://news.google.com/rss/search?q=%221.+FC+K%C3%B6ln%22+OR+%22FC+K%C3%B6ln%22+when%3A1d&hl=de&gl=DE&ceid=DE:de
2026-10-07 12:03:17,697 INFO S2 blacklist: Spielereignisse | 1. FC Köln - FSV Frankfurt 6:3 | 10. Spiel
2026-10-07 12:03:17,699 INFO Feed: https://news.google.com/rss/search?q=Schalke+when%3A1d&hl=de&gl=DE&ceid=DE:de
2026-10-07 12:03:18,254 INFO Feed: https://news.google.com/rss/search?q=Elversberg+when%3A1d&hl=de&gl=DE&ceid=DE:de
2026-10-07 12:03:18,591 INFO Feed: https://news.google.com/rss/search?q=%22SC+Paderborn%22+when%3A1d&hl=de&gl=DE&ceid=DE:de
2026-10-07 12:03:19,018 INFO S3 keyword miss: Schlammschlacht mit dem Trainer: Welche Zukunft hat Ronaldo?
2026-10-07 12:03:19,102 INFO S3 keyword miss: Die magische Abschiedsnacht des „Heiligen Messi”
2026-10-07 12:03:19,102 INFO Feed: https://www.transfermarkt.de/rss/news
2026-10-07 12:03:19,136 INFO Feed: https://www.waz.de/sport/fussball/rss
2026-10-07 12:03:19,773 INFO Feed: https://www.faz.net/rss/aktuell/sport/fussball/bundesliga/
2026-10-07 12:03:20,272 INFO Feed: https://bulinews.com/rss.xml
2026-10-07 12:03:20,854 INFO S2 blacklist: Bayern duo nominated for Nations League Player of the Round
2026-10-07 12:03:20,854 INFO Feed: https://www.abendblatt.de/sport/rss
2026-10-07 12:03:21,274 INFO Feed: https://www.merkur.de/sport/fc-bayern/rssfeed.rdf
2026-10-07 12:03:22,072 INFO Feed: https://www.eyefootball.com/rss_news_main.xml
2026-10-07 12:03:22,410 INFO Feed: https://www.ligaportal.at/international/deutsche-bundesliga?format=feed&type=rss
2026-10-07 12:03:24,763 INFO Feed: https://www.reddit.com/r/soccer/new.rss?limit=100
2026-10-07 12:03:25,673 INFO S2 blacklist: [Milliyet] Following the World Cup debacle and a 0-point res
2026-10-07 12:03:25,759 INFO S3 keyword miss: [Official] NAC Academy goalkeeper Feijoo Jimeno (16) has joi
2026-10-07 12:03:25,845 INFO S3 keyword miss: Argentina players and staff couldn’t hold back their tears a
2026-10-07 12:03:25,847 INFO S2 blacklist: Ronaldo tantrum in stark contrast to Messi’s graceful exit
2026-10-07 12:03:25,931 INFO S3 keyword miss: Scotland: Honeymoon over as Sebastien Pocognoli's side suffe
2026-10-07 12:03:26,013 INFO S3 keyword miss: Wunderkind Watch
2026-10-07 12:03:26,106 INFO S3 keyword miss: [AD] 44 time Netherlands international Tessel Middag retires
2026-10-07 12:03:26,190 INFO S3 keyword miss: Which footballers have ended scoring droughts with a goal of
2026-10-07 12:03:26,310 INFO S3 keyword miss: A top Nigerian National Sports Commission official says Nige
2026-10-07 12:03:26,311 INFO Feed: https://newsfeed.kicker.de/team/fc-bayern-muenchen
2026-10-07 12:03:26,365 INFO Feed: https://newsfeed.kicker.de/team/borussia-dortmund
2026-10-07 12:03:26,528 INFO Feed: https://newsfeed.kicker.de/team/rb-leipzig
2026-10-07 12:03:26,695 INFO Feed: https://newsfeed.kicker.de/team/bayer-04-leverkusen
2026-10-07 12:03:26,875 INFO Feed: https://newsfeed.kicker.de/team/vfb-stuttgart
2026-10-07 12:03:27,040 INFO Feed: https://newsfeed.kicker.de/team/eintracht-frankfurt
2026-10-07 12:03:27,227 INFO Feed: https://newsfeed.kicker.de/team/bor-moenchengladbach
2026-10-07 12:03:27,393 INFO Feed: https://newsfeed.kicker.de/team/sc-freiburg
2026-10-07 12:03:27,578 INFO Feed: https://newsfeed.kicker.de/team/tsg-hoffenheim
2026-10-07 12:03:27,736 INFO Feed: https://newsfeed.kicker.de/team/1-fsv-mainz-05
2026-10-07 12:03:27,912 INFO Feed: https://newsfeed.kicker.de/team/fc-augsburg
2026-10-07 12:03:28,094 INFO Feed: https://newsfeed.kicker.de/team/1-fc-union-berlin
2026-10-07 12:03:28,256 INFO Feed: https://newsfeed.kicker.de/team/werder-bremen
2026-10-07 12:03:28,419 INFO Feed: https://newsfeed.kicker.de/team/hamburger-sv
2026-10-07 12:03:28,583 INFO Feed: https://newsfeed.kicker.de/team/1-fc-koeln
2026-10-07 12:03:28,747 INFO S1 Medienseite ohne Artikeltext: Blitzstart, Traumtore, Platzverweis: Das unfassbare Rheinder
2026-10-07 12:03:28,748 INFO Feed: https://newsfeed.kicker.de/team/fc-schalke-04
2026-10-07 12:03:28,910 INFO Feed: https://newsfeed.kicker.de/team/sv-elversberg
2026-10-07 12:03:29,086 INFO Feed: https://newsfeed.kicker.de/team/sc-paderborn-07
2026-10-07 12:03:29,256 INFO Feed: https://newsfeed.kicker.de/news/champions-league
2026-10-07 12:03:29,308 INFO Feed: ligainsider:themen
2026-10-07 12:03:52,120 INFO LigaInsider (Themenfinder): 134 Meldungen von 18 Vereinsseiten
2026-10-07 12:03:54,603 INFO Eingelesen: 116 Schlagzeilen nach den Gratis-Filtern
2026-10-07 12:03:56,432 INFO S5 kein Bundesliga-Spieler oder -Klub erkennbar: Für zwei interne Rekorde: Michel will spielen - und treffen
2026-10-07 12:03:56,435 INFO S5 kein Bundesliga-Spieler oder -Klub erkennbar: 50+1 - Bundesliga will Lösungvorschlag bis Sommer 2027
2026-10-07 12:03:56,436 INFO S5 kein Bundesliga-Spieler oder -Klub erkennbar: NBA - Stress im Paradies? LeBron James dementiert Pünktlichkeitsrüge g
2026-10-07 12:03:56,437 INFO S5 Randthema: Promi Big Brother: Christian Lell bekam vom FC Bayern ein Trikot-Verbo
2026-10-07 12:03:56,439 INFO S5 Randthema: "Trikot-Verbot": Ex-Star rechnet mit dem FC Bayern ab
2026-10-07 12:03:56,439 INFO S5 Randthema: Trikot-Verbot: FC Bayern geht gegen seinen Ex-Spieler Christian Lell j
2026-10-07 12:03:56,444 INFO S5 schon berichtet (Baumgartner trainiert 128 Tage nach Sehnenabr): 128 Tage nach Verletzung: Baumgartner zurück im Training bei
2026-10-07 12:03:56,444 INFO S5 Fan-Wahl/Nachwuchs: Wahl zum „Golden Boy“: VfB-Profi Finn Jeltsch mischt unter Europas Top
2026-10-07 12:03:56,445 INFO S5 Sammelartikel: Eintracht Frankfurt News-Ticker: Uzun wieder da - Rätselraten um Obers
2026-10-07 12:03:56,457 INFO S5 schon berichtet (Schalke scheiterte im Sommer mit Eyong und Do): Gescheiterte Schalke-Transfers: Auch Donkor hätte eigentlich
2026-10-07 12:03:56,459 INFO S5 schon berichtet (Schalke scheiterte im Sommer mit Eyong und Do): Schalke-Neuzugang lässt tief blicken – “Komme aus einem der 
2026-10-07 12:03:56,459 INFO S5 Fan-Wahl/Nachwuchs: SV 07 Elversberg Jugend
2026-10-07 12:03:56,461 INFO S5: 100 neue Geschichten, 3 schon berichtet, 1 zu wartenden Geschichten ergänzt, 15 warten
2026-10-07 12:07:42,733 INFO S6 aussortiert (doppelt): Regenwolken über dem Geißbockheim: Kommt es zum Sturm beim 1. FC Köln?
2026-10-07 12:07:42,733 INFO S6 aussortiert (prio_1): Dennoch kommen rund 10.000 Hamburger - Hoffenheim-Abzocke mit HSV-Fans
2026-10-07 12:07:42,733 INFO S6 aussortiert (prio_1): Bayerischer Sportpreis - Söder ehrt Kompany für Anti-Rassismus-Rede
2026-10-07 12:07:42,734 INFO S6 aussortiert (doppelt): Es geht um eine spezielle Klausel - Schalke plant Vertrags-Knaller bei
2026-10-07 12:07:42,734 INFO S6 aussortiert (prio_0): Friedhelm Funkel im Podcast: „Ich sagte: 'Ihr feigen Schweine' und gin
2026-10-07 12:07:42,734 INFO S6 aussortiert (prio_1): Joker Thomas Müller kassiert Pleite gegen Lewandowski
2026-10-07 12:07:42,734 INFO S6 aussortiert (prio_0): „Es wäre besser gewesen, den Verein nach dem Abstieg 2021 zu verlassen
2026-10-07 12:07:42,734 INFO S6 aussortiert (doppelt): Ex-Profi Lell erhebt Vorwürfe gegen den FC Bayern
2026-10-07 12:07:42,735 INFO S6 aussortiert (doppelt): 90-Mio.-Offerte? Verwirrung um Transfer-Plan des FC Bayern
2026-10-07 12:07:42,735 INFO S6 aussortiert (prio_0): 3 mögliche Karl-Szenarien beim FC Bayern – Welche Rolle spielt Olise?
2026-10-07 12:07:42,735 INFO S6 aussortiert (doppelt): "Der beste englische Spieler": FC-Bayern-Star Harry Kane holt neuen Re
2026-10-07 12:07:42,735 INFO S6 aussortiert (prio_0): Michael Olise ist ein Mann, der lieber schweigt: So erklärt ein Marken
2026-10-07 12:07:42,736 INFO S6 aussortiert (doppelt): Bayern ließ ihn einst ablösefrei ziehen – jetzt lockt ein möglicher Me
2026-10-07 12:07:42,736 INFO S6 aussortiert (prio_0): FC Augsburg - FC Bayern München Wett Tipp & KI-Prognose 10.10.2026
2026-10-07 12:07:42,736 INFO S6 aussortiert (prio_1): Trotz Vertrag bis 2029: Lennart Karls Zukunft beim FC Bayern ist nicht
2026-10-07 12:07:42,736 INFO S6 aussortiert (doppelt): Gehaltsforderungen des Bayern-Flirts JJ Gabriel haben es in sich - Ber
2026-10-07 12:07:42,736 INFO S6 aussortiert (doppelt): Vertrag beim BVB läuft bis 2028: Kobel stellt Verlängerung in Aussicht
2026-10-07 12:07:42,737 INFO S6 aussortiert (prio_0): Gescheiterter BVB-Shootingstar Giovanni Reyna stellt persönliche Bestm
2026-10-07 12:07:42,737 INFO S6 aussortiert (doppelt): „Ganz ehrlich …“: Kobel reagiert auf Real-Gerüchte und deutet Entschei
2026-10-07 12:07:42,737 INFO S6 aussortiert (prio_0): BVB-Ikone Großkreutz attackiert Ex-Schalker Fährmann
2026-10-07 12:07:42,737 INFO S6 aussortiert (prio_0): Die Top-Stats: Borussia Dortmund vs. Werder Bremen
2026-10-07 12:07:42,738 INFO S6 aussortiert (prio_0): Fußball-Transfergerüchte heute: Bayern-Interesse an Bosnien-Star? BVB 
2026-10-07 12:07:42,738 INFO S6 aussortiert (prio_0): Bellingham spricht offen über den Ballon d’Or für Kane
2026-10-07 12:07:42,738 INFO S6 aussortiert (doppelt): Überraschende Wende: Leverkusen-Juwel legt Vertragsverlängerung offenb
2026-10-07 12:07:42,738 INFO S6 aussortiert (prio_1): Kofane schockt Bayer
2026-10-07 12:07:42,738 INFO S6 aussortiert (prio_1): „Vogelwildes Flipperspiel“: Ex-Eintracht-Profi Ilsanker stärkt RB-Coac
2026-10-07 12:07:42,739 INFO S6 aussortiert (prio_1): VfB Stuttgart: So läuft es für Mirza Catovic in Barcelona
2026-10-07 12:07:42,739 INFO S6 aussortiert (prio_0): Fritzle zu Gast in Kornwestheim: Zwei Tage voller Fußballfreude: Inklu
2026-10-07 12:07:42,739 INFO S6 aussortiert (prio_0): SC Paderborn 07 - VfB Stuttgart Wett Tipp & KI-Prognose 10.10.2026
2026-10-07 12:07:42,739 INFO S6 aussortiert (prio_1): Verrückte Bosse-Rochade! Krösche-Aus könnte für Eintracht-Boss steilen
2026-10-07 12:07:42,739 INFO S6 aussortiert (doppelt): Eintracht Frankfurt vor Rückkehr in den Bundesligaalltag
2026-10-07 12:07:42,740 INFO S6 aussortiert (prio_0): Eintracht Frankfurt: U21-Spieler in EM-Qualifikation im Einsatz
2026-10-07 12:07:42,740 INFO S6 aussortiert (prio_1): Kein Platz unter Hütter: Der große Verlierer des Eintracht-Saisonstart
2026-10-07 12:07:42,740 INFO S6 aussortiert (doppelt): Fußball-Bundesliga: Vor Eintracht-Spiel – Demichelis wartet auf Nation
2026-10-07 12:07:42,740 INFO S6 aussortiert (doppelt): Borussia Mönchengladbach: Bonhof-Appell an Gladbach-Profis
2026-10-07 12:07:42,740 INFO S6 aussortiert (prio_1): Borussia Mönchengladbach: Wael Mohya outet sich schon als Blessin-Fan
2026-10-07 12:07:42,741 INFO S6 aussortiert (prio_1): Gladbachs heimlicher Derby-Trumpf: Dieser Fohlen-Star ist Kölns Albtra
2026-10-07 12:07:42,741 INFO S6 aussortiert (prio_0): Bergisch Gladbach: Installationsarbeiten auf der A4 bei Moitzfeld heut
2026-10-07 12:07:42,741 INFO S6 aussortiert (doppelt): Bergisch Gladbach: Tagesbaustelle auf der A4 auf Höhe Moitzfeld heute,
2026-10-07 12:07:42,741 INFO S6 aussortiert (prio_0): Der SC Freiburg auf Rekordkurs: Im Breisgau darf geträumt werden
2026-10-07 12:07:42,741 INFO S6 aussortiert (prio_0): Freiburg: Mann mit Schreckschusswaffe im Zug
2026-10-07 12:07:42,742 INFO S6 aussortiert (prio_0): TSG 1899 Hoffenheim - Hamburger SV Wett Tipp & KI-Prognose 10.10.2026
2026-10-07 12:07:42,742 INFO S6 aussortiert (prio_0): Alara Şehitler | Mittelfeld | Bayern München
2026-10-07 12:07:42,742 INFO S6 aussortiert (prio_0): 1. FSV Mainz 05 - Bayer 04 Leverkusen Wett Tipp & KI-Prognose 10.10.20
2026-10-07 12:07:42,742 INFO S6 aussortiert (prio_1): In diesen Bereichen kann sich der FCA steigern
2026-10-07 12:07:42,742 INFO S6 aussortiert (prio_1): Rieder kennt seine beste Position – aber er wird sie nie spielen
2026-10-07 12:07:42,743 INFO S6 aussortiert (prio_0): Die Weber-Wende: Wie TSV-1860-Youngster Faßmann dem Routinier zur Top-
2026-10-07 12:07:42,743 INFO S6 aussortiert (doppelt): Nico Schlotterbeck fehlt wohl gegen Werder Bremen: Wann ist der BVB-St
2026-10-07 12:07:42,743 INFO S6 aussortiert (prio_1): 33 Minuten und Schluss: Bremens Abwehr-Star Stark muss weiter um seine
2026-10-07 12:07:42,743 INFO S6 aussortiert (prio_0): Lara Schmidt erzählt, wie sie sich beim BVB zurechtgefunden hat - und 
2026-10-07 12:07:42,743 INFO S6 aussortiert (doppelt): Hamburger SV: Poulsen spricht über Verbleib
2026-10-07 12:07:42,744 INFO S6 aussortiert (prio_1): Der HSV sucht Startups für einen Pitch im Volksparkstadion
2026-10-07 12:07:42,744 INFO S6 aussortiert (prio_1): „Das ist der einzige Weg“: Bleibt ein Nationalspieler beim HSV dauerha
2026-10-07 12:07:42,744 INFO S6 aussortiert (prio_1): Rassismus +++ Prügel +++ Polizei: HSV-Profi mitten im Skandal-Spiel
2026-10-07 12:07:42,744 INFO S6 aussortiert (doppelt): HSV-Profi über Verlängerung: „Wenn die Möglichkeit besteht ...“
2026-10-07 12:07:42,744 INFO S6 aussortiert (prio_0): Ex-HSV-Liebling Glatzel über Tränen-Abschied: „Schönste Zeit meiner Ka
2026-10-07 12:07:42,745 INFO S6 aussortiert (prio_0): SV Heldenberg - HSV-Erfolgslauf: Nicht nur eine One-Man-Show
2026-10-07 12:07:42,745 INFO S6 aussortiert (prio_0): Köln oder Gladbach: Wer gewinnt das rheinische Derby?
2026-10-07 12:07:42,745 INFO S6 aussortiert (prio_0): Ausland: Nach 30-Millionen-Euro-Wechsel - So läuft es bei Ex-Schalker 
2026-10-07 12:07:42,745 INFO S6 aussortiert (prio_0): "Viele haben echt Bock auf Schalke"
2026-10-07 12:07:42,745 INFO S6 aussortiert (prio_1): Schalke-Kaderplaner erklärt: Das sind die wichtigsten Märkte für S04
2026-10-07 12:07:42,746 INFO S6 aussortiert (prio_0): SSV Buer verlegt Heimspiel gegen Obersprockhövel - und geht Schalke 04
2026-10-07 12:07:42,746 INFO S6 aussortiert (doppelt): Schalke will Muslics Ausstiegsklausel streichen – Warum sich Kuruçay g
2026-10-07 12:07:42,746 INFO S6 aussortiert (doppelt): Millionen-Ausstiegsklausel: Muss Schalke um Muslic bangen?
2026-10-07 12:07:42,746 INFO S6 aussortiert (prio_0): Freiburg - Schalke Tipp & Prognose | Beste Quoten 11.10.2026
2026-10-07 12:07:42,746 INFO S6 aussortiert (doppelt): Jude Bellingham hails Kane as "the best England player that has ever w
2026-10-07 12:07:42,747 INFO S6 aussortiert (prio_0): 100-Millionen-Transfer für Ex-Bayern-Juwel Yildiz?
2026-10-07 12:07:42,747 INFO S6 aussortiert (doppelt): Becker zurück im Teamtraining
2026-10-07 12:07:46,302 INFO S6.5 schon berichtet (Gladbach bangt vor dem Derby um Kapitän Klein): Alarm vor dem Derby: Kleindienst bricht Training ab – Blessi
2026-10-07 12:07:47,183 INFO S7 schreiben (Prio 3, 1 Quellen): Gute Schalke-Nachrichten von Stammkraft – zwei Nationalspiel
2026-10-07 12:07:50,856 INFO S7 verworfen (zu_wenig_stoff): Gute Schalke-Nachrichten von Stammkraft – zwei Nationalspiel
2026-10-07 12:07:51,462 INFO S7 schreiben (Prio 3, 1 Quellen): Timo Becker nach Verletzung wieder im Mannschaftstraining
2026-10-07 12:07:57,412 INFO   Kandidat: Schalke: Becker kehrt ins Mannschaftstraining zurück
2026-10-07 12:07:59,877 INFO S7 schreiben (Prio 3, 1 Quellen): Ausstiegsklausel: Der Schalke Plan mit Miron Muslic
2026-10-07 12:08:08,382 INFO S7.6 doppelt (Schalke will mit Trainer Miron Muslic vorzeitig ve): Schalke will Muslic binden und Ausstiegsklausel st
2026-10-07 12:08:09,039 INFO S7 schreiben (Prio 3, 1 Quellen): Bayer 04 will verlängern, Sturm-Juwel stoppt Verhandlungen: 
2026-10-07 12:08:16,037 INFO   Kandidat: Kofane stoppt Verhandlungen: Leverkusens Stürmer pokert um B
2026-10-07 12:08:20,013 INFO S7 schreiben (Prio 3, 1 Quellen): Vor dem Rhein-Derby: Gladbach bangt um Itakura – Blessin dro
2026-10-07 12:08:29,424 INFO S7.6 doppelt (Gladbach in Köln: Blessin dürfte auf Dreierkette s): Gladbach bangt vor dem Rhein-Derby um Ko Itakura
2026-10-07 12:08:34,059 INFO S7 schreiben (Prio 3, 1 Quellen): Werder Bremen: Agu und Alvero fallen aus, Entwarnung bei Hei
2026-10-07 12:08:42,648 INFO   Kandidat: Werder ohne Agu und Alvero in Dortmund, Hein vor Comeback
2026-10-07 12:08:43,601 INFO S7 schreiben (Prio 3, 1 Quellen): Derby-Alarm bei Gladbach: Kapitän bricht Training ab, Abwehr
2026-10-07 12:08:55,515 INFO S7.6 doppelt (Gladbach in Köln: Blessin dürfte auf Dreierkette s): Gladbach: Blessin gibt bei Kleindienst Entwarnung,
2026-10-07 12:08:58,576 INFO S6.5 schon berichtet (Dortmunds Emre Can unterzieht sich weiterem E): Comeback von BVB-Kapitän Can weiter offen
2026-10-07 12:09:00,423 INFO S7 kein Volltext (seite_zu_alt): Schalkes Allzweckwaffe nach Verletzung wieder bereit: Welche
2026-10-07 12:09:00,424 INFO S7 zu wenig Stoff (0 Wörter aus 0 Quellen, Versuch 1/3): Schalkes Allzweckwaffe nach Verletzung wieder bereit: Welche
2026-10-07 12:09:12,785 INFO S7 kein Volltext (fetch_failed_ReadTimeout): Aufstellung: Augsburg vs. FC Bayern - Bundesliga 26/27
2026-10-07 12:09:12,786 INFO S7 zu wenig Stoff (0 Wörter aus 0 Quellen, Versuch 1/3): Aufstellung: Augsburg vs. FC Bayern - Bundesliga 26/27
2026-10-07 12:09:13,138 WARNING discarding data: None
2026-10-07 12:09:13,139 INFO S7 kein Volltext (trafilatura_returned_empty): Neue Nachrichten zu Jamal Musialas Gesundheitszustand
2026-10-07 12:09:13,140 INFO S7 zu wenig Stoff (0 Wörter aus 0 Quellen, Versuch 1/3): Neue Nachrichten zu Jamal Musialas Gesundheitszustand
2026-10-07 12:09:13,342 ERROR lxml parsing failed: Document is empty
2026-10-07 12:09:13,342 ERROR lxml parser bytestring Document is empty
2026-10-07 12:09:13,343 ERROR lxml parsing failed: Document is empty
2026-10-07 12:09:13,343 ERROR lxml parser bytestring Document is empty
2026-10-07 12:09:13,343 ERROR empty HTML tree: None
2026-10-07 12:09:13,343 WARNING discarding data: None
2026-10-07 12:09:13,344 INFO S7 kein Volltext (trafilatura_returned_empty): Weisers 14-monatige Leidenszeit: "Fast eine Psychose entwick
2026-10-07 12:09:20,459 INFO S7 schreiben (Prio 2, 2 Quellen): Weisers 14-monatige Leidenszeit: "Fast eine Psychose entwick
2026-10-07 12:09:27,699 INFO   Kandidat: Weiser über seine Leidenszeit: „Fast eine Psychose entwickel
2026-10-07 12:09:28,049 INFO S7 schreiben (Prio 2, 1 Quellen): „Derby als Chance begreifen” - Bonhof-Appell an Gladbach-Pro
2026-10-07 12:09:36,329 INFO   Kandidat: Bonhof vor dem Derby: „Als Chance begreifen“
2026-10-07 12:09:36,703 INFO S7 schreiben (Prio 2, 1 Quellen): Johannes Thiemann - „Bayern war die einzige Option in Deutsc
2026-10-07 12:09:40,189 INFO S7 verworfen (nicht_relevant): Johannes Thiemann - „Bayern war die einzige Option in Deutsc
2026-10-07 12:09:40,616 INFO S7 schreiben (Prio 2, 1 Quellen): „Ende der Saison möchte ich...“ - Brisante Euro-Ansage von d
2026-10-07 12:09:44,502 INFO S7 verworfen (zu_wenig_stoff): „Ende der Saison möchte ich...“ - Brisante Euro-Ansage von d
2026-10-07 12:09:44,727 INFO S7 schreiben (Prio 2, 1 Quellen): Nach Kölns Doppel-Schock - Wagt Wagner diese Sturm-Sensation
2026-10-07 12:09:53,928 INFO   Kandidat: Köln ohne Dallinga und Ache: Sturmproblem vor dem Derby gege
2026-10-07 12:09:55,061 INFO S7 kein Volltext (likely_paywall): Yussuf Poulsen opens up on injury problems, losing the HSV c
2026-10-07 12:09:55,061 INFO S7 zu wenig Stoff (0 Wörter aus 0 Quellen, Versuch 1/3): Yussuf Poulsen opens up on injury problems, losing the HSV c
2026-10-07 12:09:59,944 INFO S6.5 schon berichtet (Füllkrug trifft mit Werder erstmals auf seine): Duell mit Ex-Klub: Füllkrug will offene Rechnung mit Borussi
2026-10-07 12:10:01,547 INFO S7 schreiben (Prio 2, 1 Quellen): Why Lennart Karl’s Bayern future could hinge on Michael Olis
2026-10-07 12:10:09,812 INFO   Kandidat: Bayern: Karls Zukunft könnte an Olises Vertrag hängen
2026-10-07 12:10:12,333 INFO S7 schreiben (Prio 2, 1 Quellen): FC-Profis mit Mammut-Programm: Wie fit sind Kölns Marathon-M
2026-10-07 12:10:21,054 INFO   Kandidat: Köln vor dem Derby: Lochoshvili und Johannesson mit Extrabel
2026-10-07 12:10:25,800 INFO S7 schreiben (Prio 2, 1 Quellen): 'Herausragend gemacht': Baum äußert sich zu Wechselgerüchten
2026-10-07 12:10:35,288 INFO   Kandidat: Bayern und die Torwartfrage: Baum lobt Dahmen, Gespräche ers
2026-10-07 12:10:35,519 WARNING discarding data: None
2026-10-07 12:10:35,520 INFO S7 kein Volltext (trafilatura_returned_empty): Karl-Abschied vom FC Bayern? Dieser Superstar könnte entsche
2026-10-07 12:10:35,520 INFO S7 zu wenig Stoff (0 Wörter aus 0 Quellen, Versuch 1/3): Karl-Abschied vom FC Bayern? Dieser Superstar könnte entsche
2026-10-07 12:10:40,667 INFO S7 schreiben (Prio 2, 1 Quellen): Optimismus am Niederrhein: Gladbach-Juwel schwärmt von Bless
2026-10-07 12:10:48,682 INFO   Kandidat: Gladbach-Talent Mohya schwärmt vom neuen Trainer Blessin
2026-10-07 12:10:55,514 INFO S7 schreiben (Prio 2, 1 Quellen): Auswärts-Albtraum vor dem Derby: Gladbach muss in Köln die K
2026-10-07 12:11:03,223 INFO   Kandidat: Gladbach vor dem Derby in Köln: 13 Auswärtsspiele ohne Sieg
2026-10-07 12:11:03,984 INFO S7 schreiben (Prio 2, 1 Quellen): Glatzel bricht Schweigen nach bitterem HSV-Aus
2026-10-07 12:11:08,329 INFO S7 verworfen (nicht_relevant): Glatzel bricht Schweigen nach bitterem HSV-Aus
2026-10-07 12:11:08,802 INFO S7 schreiben (Prio 2, 1 Quellen): Eintracht Frankfurt: Brisante Euro-Ansage von diesem Abwehr-
2026-10-07 12:11:12,133 INFO S7 verworfen (zu_wenig_stoff): Eintracht Frankfurt: Brisante Euro-Ansage von diesem Abwehr-
2026-10-07 12:11:13,212 INFO S7 kein Volltext (likely_paywall): “I’m not going to stop” – Kane vows to keep going after reac
2026-10-07 12:11:13,213 INFO S7 zu wenig Stoff (0 Wörter aus 0 Quellen, Versuch 1/3): “I’m not going to stop” – Kane vows to keep going after reac
2026-10-07 12:11:16,092 INFO S7 schreiben (Prio 2, 1 Quellen): Mexiko-Legende empfiehlt: Supertalent Gilberto Mora sollte z
2026-10-07 12:11:23,499 INFO   Kandidat: Jiménez empfiehlt Mora den BVB, doch der zieht es nach Spani
2026-10-07 12:11:23,500 INFO S7 Abo-Deckel (12 Artikel) erreicht – Rest wartet auf den nächsten Lauf
2026-10-07 12:11:23,526 INFO FinalCheck SKIP: köln/{'rené wagner', 'ragnar ache', 'thijs dallinga'} stage=ausfall bereits in Archiv
2026-10-07 12:11:23,529 INFO FinalCheck SKIP: bayern/{'lennart karl', 'harry kane', 'michael olise'} stage=vertrag bereits in Archiv
2026-10-07 12:11:23,535 INFO FinalCheck SKIP: bayern/{'finn dahmen', 'manuel baum', 'manuel neuer'} stage=geruecht bereits in Archiv
2026-10-07 12:11:23,543 INFO S9.5 FinalCheck: 9/12 durch
2026-10-07 12:11:24,729 INFO Veröffentlicht: Schalke: Becker kehrt ins Mannschaftstraining zurück
2026-10-07 12:11:24,843 INFO Veröffentlicht: Kofane stoppt Verhandlungen: Leverkusens Stürmer pokert um B
2026-10-07 12:11:24,954 INFO Veröffentlicht: Werder ohne Agu und Alvero in Dortmund, Hein vor Comeback
2026-10-07 12:11:25,067 INFO Veröffentlicht: Weiser über seine Leidenszeit: „Fast eine Psychose entwickel
2026-10-07 12:11:25,178 INFO Veröffentlicht: Bonhof vor dem Derby: „Als Chance begreifen“
2026-10-07 12:11:25,292 INFO Veröffentlicht: Köln vor dem Derby: Lochoshvili und Johannesson mit Extrabel
2026-10-07 12:11:25,403 INFO Veröffentlicht: Gladbach-Talent Mohya schwärmt vom neuen Trainer Blessin
2026-10-07 12:11:25,515 INFO Veröffentlicht: Gladbach vor dem Derby in Köln: 13 Auswärtsspiele ohne Sieg
2026-10-07 12:11:25,629 INFO Veröffentlicht: Jiménez empfiehlt Mora den BVB, doch der zieht es nach Spani
2026-10-07 12:11:25,674 INFO Reddit: Keine Credentials – übersprungen
2026-10-07 12:11:25,674 INFO Reddit: Keine Credentials – übersprungen
2026-10-07 12:11:25,675 INFO Reddit: Keine Credentials – übersprungen
2026-10-07 12:11:25,675 INFO Reddit: Keine Credentials – übersprungen
2026-10-07 12:11:25,676 INFO Reddit: Keine Credentials – übersprungen
2026-10-07 12:11:25,676 INFO Reddit: Keine Credentials – übersprungen
2026-10-07 12:11:25,677 INFO Reddit: Keine Credentials – übersprungen
2026-10-07 12:11:25,677 INFO Reddit: Keine Credentials – übersprungen
2026-10-07 12:11:25,678 INFO Reddit: Keine Credentials – übersprungen
2026-10-07 12:11:25,678 INFO 💶 Kosten: dieser Lauf 0.000 $ (Budget 0.061 $) | heute 0.00 $ | Monat 0.72 / 23 $ | konferenz (abo) 2× 0.000 $, dublette (abo) 22× 0.000 $, schreiben (abo) 20× 0.000 $
2026-10-07 12:11:25,679 INFO 🎫 Abo-Verbrauch: 168,468 Tokens rein (davon Cache gelesen 24,225), 43,307 raus, API-Gegenwert 0.87 $ | konferenz 2×: 11,965/23,753, dublette 22×: 28,767/124, schreiben 20×: 127,736/19,430
2026-10-07 12:11:25,733 INFO Feeds: 60/60 begonnen, nächster Lauf startet bei Nr. 0
2026-10-07 12:11:25,733 INFO URL-Cache gespeichert: 26434 URLs
2026-10-07 12:11:25,733 INFO === Fertig. 9 neue Artikel. feed.json: 1417 ===
2026-10-07 12:11:25,733 INFO Stats: {"ts": "20261007_1201", "ingested": 187, "s2_pre_filter": 33, "s3_relevance": 38, "s4_dedup_early": 0, "gesammelt": 116, "geschichten_neu": 100, "s5_archiv_doppelt": 3, "s5_zusammengefuehrt": 1, "s6_aussortiert": 68, "s7_geschrieben": 20, "s7_verworfen": 11, "s5_fulltext_fail": 6, "s8_qa_rejected": 3, "published": 9, "s5_ohne_bezug": 3, "s5_randthema": 6, "kosten": {"lauf_usd": 0.0, "lauf_budget_usd": 0.0615, "heute_usd": 0.0, "monat_usd": 0.7196, "monatsbudget_usd": 23.0, "aufrufe": {"konferenz (abo)": {"anzahl": 2, "usd": 0.0}, "dublette (abo)": {"anzahl": 22, "usd": 0.0}, "schreiben (abo)": {"anzahl": 20, "usd": 0.0}}, "guthaben_leer": false, "abo": true, "abo_tokens": {"konferenz": {"aufrufe": 2, "ein": 3755, "cache_schreiben": 8210, "cache_lesen": 0, "aus": 23753, "api_wert_usd": 0.1389}, "dublette": {"aufrufe": 22, "ein": 44, "cache_schreiben": 28723, "cache_lesen": 0, "aus": 124, "api_wert_usd": 0.1161}, "schreiben": {"aufrufe": 20, "ein": 40, "cache_schreiben": 103471, "cache_lesen": 24225, "aus": 19430, "api_wert_usd": 0.613}}}}
