2026-10-07 18:02:39,619 INFO 💶 Budget: dieser Lauf 0.062 $ | heute 0.00 $ | Monat 0.72 / 23 $
2026-10-07 18:02:40,698 INFO URL-Cache geladen: 27017 bekannte URLs (letzte 30 Tage)
2026-10-07 18:02:40,698 INFO === Ligaoutsider Generator startet – max. 50 Artikel ===
2026-10-07 18:02:40,698 INFO Feed: https://newsfeed.kicker.de/news/bundesliga
2026-10-07 18:02:41,060 INFO S2 kein BL-Klub im Titel: Bratwurst mit Maradona, Pokal-Coup mit Hannover 96: Trauer u
2026-10-07 18:02:41,061 INFO Feed: https://www.sportschau.de/fussball/bundesliga/index~rss2.xml
2026-10-07 18:02:41,858 INFO Feed: https://sportbild.bild.de/feed/sportbild-home.xml
2026-10-07 18:02:42,474 INFO BL-Spielerliste geladen: 1002 Namen
2026-10-07 18:02:42,499 INFO S3 keyword miss: Wann der Nachwuchs kommt - Baby-Alarm bei Laura Wontorra!
2026-10-07 18:02:42,546 INFO S3 keyword miss: Am Sonntag lief er noch auf - NFL-Profi beendet überraschend
2026-10-07 18:02:42,591 INFO S3 keyword miss: „In seinem Kopf läuft es nicht gut“ - Fettes Rätsel um Mbapp
2026-10-07 18:02:42,638 INFO S3 keyword miss: Wieder Wirbel - Cucurella ist jetzt „Staatsfeind Nummer 1“
2026-10-07 18:02:42,638 INFO Feed: https://www.bild.de/rss-feeds/rss-16725492,feed=fussball-mix.bild.html
2026-10-07 18:02:43,588 INFO S3 keyword miss: Nach Spionage-Affäre - England-Urteil über deutschen Trainer
2026-10-07 18:02:43,635 INFO S3 keyword miss: Wagner kündigt Entscheidung an - Maulkorb für die 96-Torhüte
2026-10-07 18:02:43,636 INFO S2 blacklist: Hinter grauen Geheimvorhängen - Wichtiger Besuch für Bayern-
2026-10-07 18:02:43,638 INFO S2 kein BL-Klub im Titel: Nach Bundesliga-Stellungnahme - Hannover 96 droht neuer 50+1
2026-10-07 18:02:43,694 INFO S3 keyword miss: Rückkehr mit Rot Weiss - Bazzoli will's den Preußen zeigen!
2026-10-07 18:02:43,695 INFO Feed: https://www.11freunde.de/feed
2026-10-07 18:02:45,040 INFO S2 blacklist: Lionel Messi: Drohnenshow mit Versicherungswerbung bei Natio
2026-10-07 18:02:45,088 INFO S3 keyword miss: Wie geht es weiter im Bundesliga-Mittelfeld?
2026-10-07 18:02:45,089 INFO Feed: https://www.bundesliga.com/de/bundesliga/news.rss
2026-10-07 18:02:45,923 INFO Feed: https://news.google.com/rss/topics/CAAqJggKIiBDQkFTRWdvSUwyMHZNRFp1ZEdvU0FtUmxHZ0pFUlNnQVAB?hl=de&gl=DE&ceid=DE:de
2026-10-07 18:02:46,690 INFO S3 keyword miss: Die beiden Größten ihrer Zeit: Messis großer Abschied zeigt 
2026-10-07 18:02:46,783 INFO S3 keyword miss: Luka Modrić spricht Klartext zur Situation um Cristiano Rona
2026-10-07 18:02:46,783 INFO S2 blacklist: Nationalmannschaft: DFB-Boss übt Kritik nach Klopps Stolpers
2026-10-07 18:02:46,784 INFO S2 blacklist: Olympia-Kandidat München: So vergibt das IOC die Sommerspiel
2026-10-07 18:02:46,785 INFO S2 blacklist: „Unwohlsein-Effekt“ – Behörde erteilt Hüpfverbot beim VfL Bo
2026-10-07 18:02:46,865 INFO S3 keyword miss: Reusser gelingt souveräne Titelverteidigung vor Vollering
2026-10-07 18:02:46,949 INFO S3 keyword miss: Strafe George Russell bestätigt! Mercedes-Chef Wolff: «Er mu
2026-10-07 18:02:47,061 INFO S3 keyword miss: Sepang-Rätsel bei Mercedes: Warum das Upgrade nicht wie gewü
2026-10-07 18:02:47,114 INFO S3 keyword miss: Kramer lobt Klopp: "Der muss so was von leer gelabert sein"
2026-10-07 18:02:47,114 INFO Feed: https://news.google.com/rss/search?q=Bundesliga+Testspiel+Ergebnis&hl=de&gl=DE&ceid=DE:de
2026-10-07 18:02:47,595 INFO Feed: https://news.google.com/rss/search?q=Bundesliga+Vorbereitung+Sommertour&hl=de&gl=DE&ceid=DE:de
2026-10-07 18:02:47,849 INFO Feed: https://news.google.com/rss/search?q=Bundesliga+Verletzung+Ausfall+gesperrt&hl=de&gl=DE&ceid=DE:de
2026-10-07 18:02:48,406 INFO Feed: https://news.google.com/rss/search?q=Bundesliga+Transfer+Wechsel+verpflichtet&hl=de&gl=DE&ceid=DE:de
2026-10-07 18:02:48,793 INFO Feed: https://news.google.com/rss/search?q=Bundesliga+Gerücht+Interesse+Angebot&hl=de&gl=DE&ceid=DE:de
2026-10-07 18:02:49,268 INFO Feed: https://news.google.com/rss/search?q=Bundesliga+Vertrag+verlängert+ablösefrei&hl=de&gl=DE&ceid=DE:de
2026-10-07 18:02:49,647 INFO Feed: https://news.google.com/rss/search?q=%22FC+Bayern%22+OR+%22Bayern+M%C3%BCnchen%22+when%3A1d&hl=de&gl=DE&ceid=DE:de
2026-10-07 18:02:50,133 INFO S2 blacklist: Dieser Allgäuer hatte einen Chefposten bei einer Bank – und 
2026-10-07 18:02:50,136 INFO Feed: https://news.google.com/rss/search?q=BVB+OR+%22Borussia+Dortmund%22+when%3A1d&hl=de&gl=DE&ceid=DE:de
2026-10-07 18:02:50,722 INFO S2 blacklist: „Total inakzeptabel“ – Länderspielreigen verärgert BVB-Train
2026-10-07 18:02:50,724 INFO S2 blacklist: Borussia Dortmund II - SG Wattenscheid 09: Dortmund II mit b
2026-10-07 18:02:50,727 INFO S2 blacklist: 5. Spieltag: Borussia Dortmund - SV Werder Bremen - Borussia
2026-10-07 18:02:50,727 INFO S2 blacklist: ''Definitiv zu lang'' - Kovac kritisiert Länderspielpause
2026-10-07 18:02:50,728 INFO Feed: https://news.google.com/rss/search?q=%22Bayer+Leverkusen%22+OR+%22Bayer+04%22+when%3A1d&hl=de&gl=DE&ceid=DE:de
2026-10-07 18:02:51,263 INFO S3 keyword miss: Harry Fechner
2026-10-07 18:02:51,263 INFO Feed: https://news.google.com/rss/search?q=%22RB+Leipzig%22+when%3A1d&hl=de&gl=DE&ceid=DE:de
2026-10-07 18:02:51,788 INFO S3 keyword miss: Beginnen die Raum-Gespräche noch im Oktober?
2026-10-07 18:02:51,840 INFO S3 keyword miss: Vertrag läuft aus: Raum gibt Raum für Spekulationen
2026-10-07 18:02:51,841 INFO Feed: https://news.google.com/rss/search?q=%22VfB+Stuttgart%22+when%3A1d&hl=de&gl=DE&ceid=DE:de
2026-10-07 18:02:52,219 INFO S2 blacklist: Pascal Stenzel aus Bruchmühlen hofft auf eine neue Herausfor
2026-10-07 18:02:52,219 INFO Feed: https://news.google.com/rss/search?q=%22Eintracht+Frankfurt%22+when%3A1d&hl=de&gl=DE&ceid=DE:de
2026-10-07 18:02:52,803 INFO S2 blacklist: Kommt neuer Sportvorstand für Hütter aus der 2. Bundesliga?
2026-10-07 18:02:52,804 INFO S2 blacklist: Fußball-Nationalmannschaft: WM-Held Götze lobt Klopps Start:
2026-10-07 18:02:52,806 INFO Feed: https://news.google.com/rss/search?q=Gladbach+OR+%22Borussia+M%C3%B6nchengladbach%22+when%3A1d&hl=de&gl=DE&ceid=DE:de
2026-10-07 18:02:53,350 INFO S3 keyword miss: „Eine Wachsfigur von mir“: Wie elf Borussen zu Sammlerobjekt
2026-10-07 18:02:53,351 INFO S2 blacklist: Borussia Mönchengladbach U17 - Rekord-Zugänge (Galerie)
2026-10-07 18:02:53,353 INFO S2 blacklist: SV Bergisch Gladbach 09 - FC Schalke 04 II: Begegnung auf Au
2026-10-07 18:02:53,353 INFO S2 blacklist: 5. Spieltag: 1.FC Köln - Borussia Mönchengladbach - 1. FC Kö
2026-10-07 18:02:53,355 INFO Feed: https://news.google.com/rss/search?q=%22SC+Freiburg%22+when%3A1d&hl=de&gl=DE&ceid=DE:de
2026-10-07 18:02:53,821 INFO S3 keyword miss: KSC-Trainer fordert Geduld mit glücklosem Ben Farhat
2026-10-07 18:02:53,876 INFO S3 keyword miss: „Sperrung der Kurve??“: Deutscher Traditionsklub verhängt ku
2026-10-07 18:02:53,876 INFO Feed: https://news.google.com/rss/search?q=Hoffenheim+when%3A1d&hl=de&gl=DE&ceid=DE:de
2026-10-07 18:02:54,361 INFO S2 blacklist: Spielereignisse | 1. FC Köln - FSV Frankfurt 6:3 | 10. Spiel
2026-10-07 18:02:54,361 INFO Feed: https://news.google.com/rss/search?q=%22Mainz+05%22+when%3A1d&hl=de&gl=DE&ceid=DE:de
2026-10-07 18:02:54,795 INFO S2 blacklist: FC Astoria Walldorf - 1. FSV Mainz 05 II: Bloß nicht verlier
2026-10-07 18:02:54,868 INFO S3 keyword miss: DYN TV-TIPP: Duell der Giganten - Thüringer HC empfängt HSG 
2026-10-07 18:02:54,900 INFO Feed: https://news.google.com/rss/search?q=%22FC+Augsburg%22+when%3A1d&hl=de&gl=DE&ceid=DE:de
2026-10-07 18:02:55,462 INFO S3 keyword miss: Spionage-Affäre: Bewährung für deutschen Trainer Eckert
2026-10-07 18:02:55,463 INFO Feed: https://news.google.com/rss/search?q=%22Union+Berlin%22+when%3A1d&hl=de&gl=DE&ceid=DE:de
2026-10-07 18:02:56,124 INFO S3 keyword miss: Wenn der Fußballtrainer zur Gefahr wird
2026-10-07 18:02:56,126 INFO Feed: https://news.google.com/rss/search?q=%22Werder+Bremen%22+when%3A1d&hl=de&gl=DE&ceid=DE:de
2026-10-07 18:02:56,681 INFO S2 blacklist: Bei geheimen Mini-Turnier in Hamburg: HSV-Frauen gewinnen No
2026-10-07 18:02:56,751 INFO S3 keyword miss: Book exklusiv || "Werden uns zeitnah mit Niko zusammensetzen
2026-10-07 18:02:56,754 INFO Feed: https://news.google.com/rss/search?q=HSV+OR+%22Hamburger+SV%22+when%3A1d&hl=de&gl=DE&ceid=DE:de
2026-10-07 18:02:57,200 INFO Feed: https://news.google.com/rss/search?q=%221.+FC+K%C3%B6ln%22+OR+%22FC+K%C3%B6ln%22+when%3A1d&hl=de&gl=DE&ceid=DE:de
2026-10-07 18:02:57,666 INFO Feed: https://news.google.com/rss/search?q=Schalke+when%3A1d&hl=de&gl=DE&ceid=DE:de
2026-10-07 18:02:58,137 INFO S2 blacklist: FC Schalke 04 U17 - Rekordspieler | Seite 18
2026-10-07 18:02:58,186 INFO S3 keyword miss: Der Tag bei uns am 7. Oktober
2026-10-07 18:02:58,241 INFO S3 keyword miss: „Es hat sich angefühlt, als wäre er gestorben“
2026-10-07 18:02:58,241 INFO Feed: https://news.google.com/rss/search?q=Elversberg+when%3A1d&hl=de&gl=DE&ceid=DE:de
2026-10-07 18:02:58,660 INFO S3 keyword miss: Terminkalender des Hofes: Norwegens Mette-Marit bis zum Somm
2026-10-07 18:02:58,660 INFO Feed: https://news.google.com/rss/search?q=%22SC+Paderborn%22+when%3A1d&hl=de&gl=DE&ceid=DE:de
2026-10-07 18:02:59,016 INFO S2 blacklist: Sportfreunde Lotte - SC Paderborn 07 U21: Dicker Brocken für
2026-10-07 18:02:59,068 INFO S3 keyword miss: Von Malaysia nach Singapur: Bottas nach vier Tagen am Ziel
2026-10-07 18:02:59,120 INFO S3 keyword miss: Spionage-Affäre: Bewährung für deutschen Trainer Eckert
2026-10-07 18:02:59,121 INFO Feed: https://www.transfermarkt.de/rss/news
2026-10-07 18:02:59,148 INFO Feed: https://www.waz.de/sport/fussball/rss
2026-10-07 18:02:59,727 INFO Feed: https://www.faz.net/rss/aktuell/sport/fussball/bundesliga/
2026-10-07 18:03:00,671 INFO Feed: https://bulinews.com/rss.xml
2026-10-07 18:03:01,155 INFO Feed: https://www.abendblatt.de/sport/rss
2026-10-07 18:03:01,597 INFO S2 blacklist: Bei geheimen Mini-Turnier in Hamburg: HSV-Frauen gewinnen No
2026-10-07 18:03:01,598 INFO Feed: https://www.merkur.de/sport/fc-bayern/rssfeed.rdf
2026-10-07 18:03:02,591 INFO Feed: https://www.eyefootball.com/rss_news_main.xml
2026-10-07 18:03:03,300 INFO Feed: https://www.ligaportal.at/international/deutsche-bundesliga?format=feed&type=rss
2026-10-07 18:03:05,939 INFO Feed: https://www.reddit.com/r/soccer/new.rss?limit=100
2026-10-07 18:03:06,968 INFO S3 keyword miss: Luciano Spalletti on his career: “At Roma, I coached a fanba
2026-10-07 18:03:07,029 INFO S3 keyword miss: Pastorello, Simone Inzaghi’s agent: “We’ve had 4-5 calls fro
2026-10-07 18:03:07,084 INFO S3 keyword miss: [Ornstein] Southampton’s Tonda Eckert handed suspended six-w
2026-10-07 18:03:07,142 INFO S3 keyword miss: In the history of english football, only 2 clubs have ever b
2026-10-07 18:03:07,239 INFO S3 keyword miss: Neal Maupay on being described as De Zerbi’s son: “In any ca
2026-10-07 18:03:07,295 INFO S3 keyword miss: Anthony Gordon: "I'm now playing alongside the best players 
2026-10-07 18:03:07,296 INFO Feed: https://newsfeed.kicker.de/team/fc-bayern-muenchen
2026-10-07 18:03:07,510 INFO Feed: https://newsfeed.kicker.de/team/borussia-dortmund
2026-10-07 18:03:07,722 INFO Feed: https://newsfeed.kicker.de/team/rb-leipzig
2026-10-07 18:03:07,942 INFO Feed: https://newsfeed.kicker.de/team/bayer-04-leverkusen
2026-10-07 18:03:08,151 INFO Feed: https://newsfeed.kicker.de/team/vfb-stuttgart
2026-10-07 18:03:08,208 INFO Feed: https://newsfeed.kicker.de/team/eintracht-frankfurt
2026-10-07 18:03:08,425 INFO Feed: https://newsfeed.kicker.de/team/bor-moenchengladbach
2026-10-07 18:03:08,637 INFO Feed: https://newsfeed.kicker.de/team/sc-freiburg
2026-10-07 18:03:08,891 INFO Feed: https://newsfeed.kicker.de/team/tsg-hoffenheim
2026-10-07 18:03:09,102 INFO Feed: https://newsfeed.kicker.de/team/1-fsv-mainz-05
2026-10-07 18:03:09,424 INFO Feed: https://newsfeed.kicker.de/team/fc-augsburg
2026-10-07 18:03:09,776 INFO Feed: https://newsfeed.kicker.de/team/1-fc-union-berlin
2026-10-07 18:03:10,136 INFO Feed: https://newsfeed.kicker.de/team/werder-bremen
2026-10-07 18:03:10,349 INFO Feed: https://newsfeed.kicker.de/team/hamburger-sv
2026-10-07 18:03:10,560 INFO Feed: https://newsfeed.kicker.de/team/1-fc-koeln
2026-10-07 18:03:10,771 INFO Feed: https://newsfeed.kicker.de/team/fc-schalke-04
2026-10-07 18:03:10,984 INFO Feed: https://newsfeed.kicker.de/team/sv-elversberg
2026-10-07 18:03:11,205 INFO Feed: https://newsfeed.kicker.de/team/sc-paderborn-07
2026-10-07 18:03:11,544 INFO Feed: https://newsfeed.kicker.de/news/champions-league
2026-10-07 18:03:11,754 INFO Feed: ligainsider:themen
2026-10-07 18:03:35,726 INFO LigaInsider (Themenfinder): 146 Meldungen von 18 Vereinsseiten
2026-10-07 18:03:37,709 INFO Eingelesen: 74 Schlagzeilen nach den Gratis-Filtern
2026-10-07 18:03:38,906 INFO S5 Randthema: Ex-Münchner rechnet ab - „Ich bin mit dem Bayern-Trikot nicht mehr ger
2026-10-07 18:03:38,907 INFO S5 kein Bundesliga-Spieler oder -Klub erkennbar: Malaysia-Debakel "beschämend": Verstappen-Mentor Marko verspottet blam
2026-10-07 18:03:38,910 INFO S5 Randthema: Ex-Bayern-Profi erhebt heftige Trikot-Vorwürfe
2026-10-07 18:03:38,911 INFO S5 schon berichtet (Bayern schickt Wernscheid zum Transfer-Gipfel): FC Bayern München soll Ex-WAC-Profi auf dem Zettel haben
2026-10-07 18:03:38,911 INFO S5 Randthema: Weihnachtsgeschenke für die Kinder? Das neue Buch eines Bayern-Superst
2026-10-07 18:03:38,912 INFO S5 schon berichtet (Werder ohne Agu und Alvero in Dortmund, Hein ): Fragezeichen im Werder-Tor: Sorgt Hein-Prellung für Schlager
2026-10-07 18:03:38,913 INFO S5 Randthema: Kurioser Start, große Duelle: Seid ihr bereit fürs Quiz?
2026-10-07 18:03:38,915 INFO S5 kein Bundesliga-Spieler oder -Klub erkennbar: Götze EXKLUSIV || "Kann das in zehn Jahren nicht mehr machen..."
2026-10-07 18:03:38,918 INFO S5 kein Bundesliga-Spieler oder -Klub erkennbar: WM-Held Götze lobt Klopps Start: „Sehr gut gemacht“
2026-10-07 18:03:38,918 INFO S5 Fan-Wahl/Nachwuchs: „Tatort Jugendfußball“: Ex-Profi Hummels analysiert Missbrauchsvorfäll
2026-10-07 18:03:38,920 INFO S5 kein Bundesliga-Spieler oder -Klub erkennbar: „Ein neuer Jonas Hector?“: Ex-FC-Profi adelt DFB-Neuling
2026-10-07 18:03:38,921 INFO S5 schon berichtet (Schalke scheiterte im Sommer mit Eyong und Do): Neun Schalke-Transfers platzten: Bei einem Neuzugang ging es
2026-10-07 18:03:38,922 INFO S5: 61 neue Geschichten, 3 schon berichtet, 1 zu wartenden Geschichten ergänzt, 76 warten
2026-10-07 18:05:26,108 INFO S6 aussortiert (prio_1): Said El Mala macht Kommentator Oliver Forster nach: „Der geht auf die 
2026-10-07 18:05:26,108 INFO S6 aussortiert (prio_1): FC Bayern trauert um früheren Trainer Hans-Dieter Schmidt
2026-10-07 18:05:26,109 INFO S6 aussortiert (doppelt): Hans-Dieter Schmidt ist gestorben: FC Bayern trauert um früheren Mitar
2026-10-07 18:05:26,109 INFO S6 aussortiert (prio_0): Der Sport-Tag: FC Bayern trauert um früheren Trainer und Heynckes-Co
2026-10-07 18:05:26,109 INFO S6 aussortiert (doppelt): FC Bayern trauert um früheren Co-Trainer – Ex-Heynckes-Assistent wurde
2026-10-07 18:05:26,109 INFO S6 aussortiert (prio_1): Söder ehrt Bayern-Trainer Kompany
2026-10-07 18:05:26,109 INFO S6 aussortiert (doppelt): BVB-Profis vor enormer Belastungsprobe: So will Kovac sein Team schütz
2026-10-07 18:05:26,109 INFO S6 aussortiert (prio_0): RB Leipzig - Eintracht Frankfurt Wett Tipp & KI-Prognose 10.10.2026
2026-10-07 18:05:26,109 INFO S6 aussortiert (prio_1): Ärger um verweigerten Zutritt beim Auswärtsspiel des VfB Stuttgart geg
2026-10-07 18:05:26,110 INFO S6 aussortiert (prio_0): Eintracht Frankfurt: Weitere News und Beiträge – Seite 32
2026-10-07 18:05:26,110 INFO S6 aussortiert (prio_0): Wie Eintracht Frankfurt die Talente von morgen hervorbringen will
2026-10-07 18:05:26,110 INFO S6 aussortiert (doppelt): Eintracht Frankfurt: Verrückte DFB-Erfahrung für Bundesliga-Star
2026-10-07 18:05:26,110 INFO S6 aussortiert (doppelt): Eintracht: Krösche gesteht Riera-Fehler ein
2026-10-07 18:05:26,110 INFO S6 aussortiert (prio_1): Eröffnung mit zwei ersten Torschützen
2026-10-07 18:05:26,110 INFO S6 aussortiert (prio_0): Anreiseinfos zur MV 2026
2026-10-07 18:05:26,110 INFO S6 aussortiert (prio_0): Hannover 96 beim 1. FC Magdeburg: Sie wollen der SC Freiburg des Osten
2026-10-07 18:05:26,110 INFO S6 aussortiert (prio_1): „Absolute Abzocke!“ HSV-Fans sind stinksauer auf Hoffenheim – reißt di
2026-10-07 18:05:26,110 INFO S6 aussortiert (prio_0): 1.FSV Mainz 05
2026-10-07 18:05:26,111 INFO S6 aussortiert (prio_1): "Es wird belohnt, wenn man sich für den richtigen Weg entscheidet"
2026-10-07 18:05:26,111 INFO S6 aussortiert (doppelt): Robert Glatzel über unschönen HSV-Abgang: „Habe dieses Gefühl vermisst
2026-10-07 18:05:26,111 INFO S6 aussortiert (prio_0): Büdericher SV voller Vorfreude: FC Schalke 04 am Wochenende zu Gast
2026-10-07 18:05:26,111 INFO S6 aussortiert (prio_0): FC Schalke 04 II
2026-10-07 18:05:26,111 INFO S6 aussortiert (prio_0): NRW-Traditionsmasters 2027 in Mülheim: RWE, Schalke und Co. – alle Inf
2026-10-07 18:05:26,111 INFO S6 aussortiert (doppelt): Dortmund chief confirms Kovac is close to contract extension
2026-10-07 18:05:26,419 ERROR lxml parsing failed: Document is empty
2026-10-07 18:05:26,419 ERROR lxml parser bytestring Document is empty
2026-10-07 18:05:26,420 ERROR lxml parsing failed: Document is empty
2026-10-07 18:05:26,420 ERROR lxml parser bytestring Document is empty
2026-10-07 18:05:26,420 ERROR empty HTML tree: None
2026-10-07 18:05:26,420 WARNING discarding data: None
2026-10-07 18:05:26,420 INFO S7 kein Volltext (trafilatura_returned_empty): Vertrag läuft aus: Raum gibt Raum für Spekulationen
2026-10-07 18:05:26,444 ERROR lxml parsing failed: Document is empty
2026-10-07 18:05:26,444 ERROR lxml parser bytestring Document is empty
2026-10-07 18:05:26,444 ERROR lxml parsing failed: Document is empty
2026-10-07 18:05:26,444 ERROR lxml parser bytestring Document is empty
2026-10-07 18:05:26,444 ERROR empty HTML tree: None
2026-10-07 18:05:26,444 WARNING discarding data: None
2026-10-07 18:05:26,445 INFO S7 kein Volltext (trafilatura_returned_empty): Vertrag läuft aus: RB plant zeitnahe Gespräche mit Raum
2026-10-07 18:05:26,445 INFO S7 zu wenig Stoff (0 Wörter aus 0 Quellen, Versuch 2/3): Vertrag läuft aus: Raum gibt Raum für Spekulationen
2026-10-07 18:05:27,051 WARNING discarding data: None
2026-10-07 18:05:27,052 INFO S7 kein Volltext (trafilatura_returned_empty): Drei Personalfragen vor Werder: Kovac gibt Update zu Ryerson
2026-10-07 18:05:27,509 WARNING discarding data: None
2026-10-07 18:05:27,510 INFO S7 kein Volltext (trafilatura_returned_empty): Drei Personalfragen vor Werder: Kovac gibt Update zu Ryerson
2026-10-07 18:05:27,511 INFO S7 zu wenig Stoff (0 Wörter aus 0 Quellen, Versuch 2/3): Drei Personalfragen vor Werder: Kovac gibt Update zu Ryerson
2026-10-07 18:05:32,645 INFO S7 schreiben (Prio 3, 1 Quellen): Castro-Montes trainiert individuell
2026-10-07 18:05:41,984 INFO   Kandidat: Köln: Sebulonsen vor Startelf-Comeback, Castro-Montes weiter
2026-10-07 18:05:42,525 INFO S7 schreiben (Prio 3, 1 Quellen): Fortschritte bei Eichhorns Genesung
2026-10-07 18:05:50,070 INFO   Kandidat: Leverkusens Eichhorn hat Klinikaufenthalt hinter sich
2026-10-07 18:05:56,356 INFO S7 schreiben (Prio 3, 1 Quellen): Der FC Bayern hat die Höhe der Ausstiegsklausel für Olise fe
2026-10-07 18:06:03,188 INFO S7.6 doppelt (Kane egalisiert Shiltons Länderspiel-Rekord mit Do): Bayern bei Olise offen für Ausstiegsklausel von ru
2026-10-07 18:06:04,322 INFO S7 kein Volltext (too_short_52_words): BVB: Cramer spricht Klartext zur Kovac-Verlängerung – warum 
2026-10-07 18:06:04,322 INFO S7 zu wenig Stoff (0 Wörter aus 0 Quellen, Versuch 1/3): BVB: Cramer spricht Klartext zur Kovac-Verlängerung – warum 
2026-10-07 18:06:08,422 INFO S6.5 schon berichtet (Dortmunds Emre Can unterzieht sich weiterem E): Neue OP, Comeback verschoben: BVB-Kapitän Can läuft die Zeit
2026-10-07 18:06:09,108 INFO S7 kein Volltext (too_short_15_words): Schlotterbeck fit für Bremen? Kovac gibt Update
2026-10-07 18:06:09,109 INFO S7 zu wenig Stoff (0 Wörter aus 0 Quellen, Versuch 1/3): Schlotterbeck fit für Bremen? Kovac gibt Update
2026-10-07 18:06:10,318 INFO S7 schreiben (Prio 3, 1 Quellen): BVB-Profi Chukwuemeka bringt besorgniserregendes „Souvenir“ 
2026-10-07 18:06:17,829 INFO   Kandidat: BVB: Chukwuemeka kommt angeschlagen aus Österreich zurück
2026-10-07 18:06:18,215 ERROR lxml parsing failed: Document is empty
2026-10-07 18:06:18,215 ERROR lxml parser bytestring Document is empty
2026-10-07 18:06:18,216 ERROR lxml parsing failed: Document is empty
2026-10-07 18:06:18,216 ERROR lxml parser bytestring Document is empty
2026-10-07 18:06:18,216 ERROR empty HTML tree: None
2026-10-07 18:06:18,216 WARNING discarding data: None
2026-10-07 18:06:18,216 INFO S7 kein Volltext (trafilatura_returned_empty): (k+) Seimen und Bredlow: Das Duell um den Posten zwischen de
2026-10-07 18:06:18,217 INFO S7 zu wenig Stoff (0 Wörter aus 0 Quellen, Versuch 2/3): (k+) Seimen und Bredlow: Das Duell um den Posten zwischen de
2026-10-07 18:06:24,346 INFO S7 schreiben (Prio 3, 1 Quellen): "Wertschätzung unfassbar groß": BVB will Kovac bis 2029 bind
2026-10-07 18:06:31,517 INFO S7.6 doppelt (Kovac gibt dem BVB Stabilität: „Müssen Schmerzen a): BVB will Trainer Kovac bis 2029 binden, Gespräche 
2026-10-07 18:06:33,024 INFO S7 kein Volltext (too_short_3_words): Uzun, Sechser und weitere Eintracht-Aufstellungsfragen
2026-10-07 18:06:33,024 INFO S7 zu wenig Stoff (0 Wörter aus 0 Quellen, Versuch 2/3): Uzun, Sechser und weitere Eintracht-Aufstellungsfragen
2026-10-07 18:06:34,260 INFO S7 kein Volltext (likely_paywall): Schlotterbeck, Ryerson and Karetsas among Dortmund doubts as
2026-10-07 18:06:34,261 INFO S7 zu wenig Stoff (0 Wörter aus 0 Quellen, Versuch 3/3): Schlotterbeck, Ryerson and Karetsas among Dortmund doubts as
2026-10-07 18:06:36,167 INFO S7 kein Volltext (too_short_22_words): Schalkes Nationalspieler kehren langsam zurück: Ein Trio glä
2026-10-07 18:06:36,167 INFO S7 zu wenig Stoff (0 Wörter aus 0 Quellen, Versuch 3/3): Schalkes Nationalspieler kehren langsam zurück: Ein Trio glä
2026-10-07 18:06:36,580 ERROR lxml parsing failed: Document is empty
2026-10-07 18:06:36,580 ERROR lxml parser bytestring Document is empty
2026-10-07 18:06:36,580 ERROR lxml parsing failed: Document is empty
2026-10-07 18:06:36,580 ERROR lxml parser bytestring Document is empty
2026-10-07 18:06:36,580 ERROR empty HTML tree: None
2026-10-07 18:06:36,580 WARNING discarding data: None
2026-10-07 18:06:36,581 INFO S7 kein Volltext (trafilatura_returned_empty): Schalke will Muslics Ausstiegsklausel streichen – Warum sich
2026-10-07 18:06:36,581 INFO S7 zu wenig Stoff (0 Wörter aus 0 Quellen, Versuch 2/3): Schalke will Muslics Ausstiegsklausel streichen – Warum sich
2026-10-07 18:06:38,138 INFO S7 kein Volltext (seite_zu_alt): Done Deal: Bundesliga-Klub gewinnt Rennen um Eichhorn!
2026-10-07 18:06:38,138 INFO S7 zu wenig Stoff (0 Wörter aus 0 Quellen, Versuch 2/3): Done Deal: Bundesliga-Klub gewinnt Rennen um Eichhorn!
2026-10-07 18:06:38,978 INFO S7 kein Volltext (likely_paywall): Der 1,5-Millionen-Transfer - So viele Tore erwartet der HSV 
2026-10-07 18:06:39,618 INFO S7 kein Volltext (likely_paywall): HSV: 1,5‑Mio.-Transfer! So viele Tore erwartet der HSV von V
2026-10-07 18:06:39,618 INFO S7 zu wenig Stoff (0 Wörter aus 0 Quellen, Versuch 2/3): Der 1,5-Millionen-Transfer - So viele Tore erwartet der HSV 
2026-10-07 18:06:39,864 INFO S7 kein Volltext (too_short_32_words): Sehr paradox - Das irre Rätsel um Hoffenheims Turbo-Rakete
2026-10-07 18:06:40,373 INFO S7 kein Volltext (too_short_32_words): TSG Hoffenheim: Das irre Rätsel um Turbo-Rakete
2026-10-07 18:06:40,373 INFO S7 zu wenig Stoff (0 Wörter aus 0 Quellen, Versuch 2/3): Sehr paradox - Das irre Rätsel um Hoffenheims Turbo-Rakete
2026-10-07 18:06:40,685 INFO S7 kein Volltext (too_short_76_words): Brisante Details - SO wurde Frankfurts Krösche zum Top-Manag
2026-10-07 18:06:40,685 INFO S7 zu wenig Stoff (0 Wörter aus 0 Quellen, Versuch 1/3): Brisante Details - SO wurde Frankfurts Krösche zum Top-Manag
2026-10-07 18:06:40,936 INFO S7 kein Volltext (too_short_60_words): Von der Couch auf den Platz - Verrückte DFB-Erfahrung für Ei
2026-10-07 18:06:40,936 INFO S7 zu wenig Stoff (0 Wörter aus 0 Quellen, Versuch 1/3): Von der Couch auf den Platz - Verrückte DFB-Erfahrung für Ei
2026-10-07 18:06:41,534 WARNING discarding data: None
2026-10-07 18:06:41,535 INFO S7 kein Volltext (trafilatura_returned_empty): Querfeld über Unions Defensivprobleme: "Ich hoffe es nagt an
2026-10-07 18:06:41,535 INFO S7 zu wenig Stoff (0 Wörter aus 0 Quellen, Versuch 1/3): Querfeld über Unions Defensivprobleme: "Ich hoffe es nagt an
2026-10-07 18:06:42,293 INFO S7 schreiben (Prio 2, 1 Quellen): FC Augsburg - FC Bayern München: Duell der Schwergewichte - 
2026-10-07 18:06:50,972 INFO   Kandidat: Augsburg gegen Bayern: Torhungriger FCA trifft auf besten An
2026-10-07 18:06:53,695 INFO S7 schreiben (Prio 2, 1 Quellen): 1. FSV Mainz 05 - Bayer 04 Leverkusen: Begegnung auf Augenhö
2026-10-07 18:07:02,410 INFO   Kandidat: Mainz gegen Leverkusen: Zwei Offensivteams mit jeweils siebe
2026-10-07 18:07:03,396 INFO S7 schreiben (Prio 2, 1 Quellen): SC Paderborn 07 - VfB Stuttgart: SC Paderborn 07: Drei Punkt
2026-10-07 18:07:11,670 INFO   Kandidat: Paderborn empfängt Stuttgart: Duell auf Augenhöhe am Samstag
2026-10-07 18:07:12,337 INFO S7 schreiben (Prio 2, 1 Quellen): 1. FC Union Berlin - SV 07 Elversberg: Gelingt Union Berlin 
2026-10-07 18:07:20,496 INFO   Kandidat: Union sucht gegen Elversberg den ersten Saisonsieg
2026-10-07 18:07:23,216 INFO S7 schreiben (Prio 2, 1 Quellen): Bayern München jagt Ex-WAC-Kicker
2026-10-07 18:07:33,343 INFO   Kandidat: Bayern soll Leeds-Verteidiger Muharemovic im Visier haben
2026-10-07 18:07:35,133 INFO S7 kein Volltext (too_short_55_words): Keine Einsatzchance? HSV-Trainer hat mit einem Profi „ehrlic
2026-10-07 18:07:35,134 INFO S7 zu wenig Stoff (0 Wörter aus 0 Quellen, Versuch 1/3): Keine Einsatzchance? HSV-Trainer hat mit einem Profi „ehrlic
2026-10-07 18:07:38,936 INFO S7 schreiben (Prio 2, 1 Quellen): VfB-Ikone sieht schwere Entscheidung in Stuttgart
2026-10-07 18:07:48,874 INFO S7.6 doppelt (Seimen oder Bredlow: VfB vor Torwart-Entscheidung ): Stuttgart: Hildebrand würde Seimen statt Bredlow i
2026-10-07 18:07:49,444 ERROR lxml parsing failed: Document is empty
2026-10-07 18:07:49,444 ERROR lxml parser bytestring Document is empty
2026-10-07 18:07:49,445 ERROR lxml parsing failed: Document is empty
2026-10-07 18:07:49,445 ERROR lxml parser bytestring Document is empty
2026-10-07 18:07:49,445 ERROR empty HTML tree: None
2026-10-07 18:07:49,445 WARNING discarding data: None
2026-10-07 18:07:49,446 INFO S7 kein Volltext (trafilatura_returned_empty): (k+) Blessins Mission in Gladbach ist ein Drei-Stufen-Job
2026-10-07 18:07:49,446 INFO S7 zu wenig Stoff (0 Wörter aus 0 Quellen, Versuch 1/3): (k+) Blessins Mission in Gladbach ist ein Drei-Stufen-Job
2026-10-07 18:07:49,652 ERROR lxml parsing failed: Document is empty
2026-10-07 18:07:49,652 ERROR lxml parser bytestring Document is empty
2026-10-07 18:07:49,652 ERROR lxml parsing failed: Document is empty
2026-10-07 18:07:49,652 ERROR lxml parser bytestring Document is empty
2026-10-07 18:07:49,652 ERROR empty HTML tree: None
2026-10-07 18:07:49,652 WARNING discarding data: None
2026-10-07 18:07:49,653 INFO S7 kein Volltext (trafilatura_returned_empty): Blessins neues Gladbach und das Derby als Stresstest
2026-10-07 18:07:49,653 INFO S7 zu wenig Stoff (0 Wörter aus 0 Quellen, Versuch 1/3): Blessins neues Gladbach und das Derby als Stresstest
2026-10-07 18:07:49,675 ERROR lxml parsing failed: Document is empty
2026-10-07 18:07:49,676 ERROR lxml parser bytestring Document is empty
2026-10-07 18:07:49,676 ERROR lxml parsing failed: Document is empty
2026-10-07 18:07:49,676 ERROR lxml parser bytestring Document is empty
2026-10-07 18:07:49,676 ERROR empty HTML tree: None
2026-10-07 18:07:49,676 WARNING discarding data: None
2026-10-07 18:07:49,677 INFO S7 kein Volltext (trafilatura_returned_empty): Union braucht aus dem Spiel mehr Chancen und mehr Effizienz
2026-10-07 18:07:49,677 INFO S7 zu wenig Stoff (0 Wörter aus 0 Quellen, Versuch 1/3): Union braucht aus dem Spiel mehr Chancen und mehr Effizienz
2026-10-07 18:07:50,855 INFO S7 kein Volltext (seite_zu_alt): BVB: "Er ist mitgenommen" - Kovac sorgt sich um Karetsas
2026-10-07 18:07:50,856 INFO S7 zu wenig Stoff (0 Wörter aus 0 Quellen, Versuch 1/3): BVB: "Er ist mitgenommen" - Kovac sorgt sich um Karetsas
2026-10-07 18:07:52,159 INFO S7 kein Volltext (seite_zu_alt): Optimismus am Niederrhein: Gladbach-Juwel schwärmt von Bless
2026-10-07 18:07:52,159 INFO S7 zu wenig Stoff (0 Wörter aus 0 Quellen, Versuch 1/3): Optimismus am Niederrhein: Gladbach-Juwel schwärmt von Bless
2026-10-07 18:07:54,019 INFO S7 kein Volltext (likely_paywall): „Sehr viel Spaß“: Mario Götze erklärt, warum er sich bei Ein
2026-10-07 18:07:54,019 INFO S7 zu wenig Stoff (0 Wörter aus 0 Quellen, Versuch 1/3): „Sehr viel Spaß“: Mario Götze erklärt, warum er sich bei Ein
2026-10-07 18:07:55,480 INFO S7 schreiben (Prio 2, 1 Quellen): "Musste das verarbeiten": So hart traf Glatzel das HSV-Aus
2026-10-07 18:08:04,575 INFO   Kandidat: Glatzel über HSV-Abschied: „Natürlich musste ich das verarbe
2026-10-07 18:08:07,386 INFO S7 schreiben (Prio 2, 1 Quellen): „Mit allen Mitteln“: Borussia-Boss hält Brandrede vor dem De
2026-10-07 18:08:16,453 INFO   Kandidat: Bonhof vor Derby: „Mit allen zur Verfügung stehenden Mitteln
2026-10-07 18:08:17,187 INFO S7 kein Volltext (too_short_15_words): Weiser EXKLUSIV || "Ich habe keine Worte dafür, was passiert
2026-10-07 18:08:17,188 INFO S7 zu wenig Stoff (0 Wörter aus 0 Quellen, Versuch 1/3): Weiser EXKLUSIV || "Ich habe keine Worte dafür, was passiert
2026-10-07 18:08:17,671 ERROR lxml parsing failed: Document is empty
2026-10-07 18:08:17,671 ERROR lxml parser bytestring Document is empty
2026-10-07 18:08:17,671 ERROR lxml parsing failed: Document is empty
2026-10-07 18:08:17,671 ERROR lxml parser bytestring Document is empty
2026-10-07 18:08:17,671 ERROR empty HTML tree: None
2026-10-07 18:08:17,671 WARNING discarding data: None
2026-10-07 18:08:17,672 INFO S7 kein Volltext (trafilatura_returned_empty): Tietz über Becker: „Der Mitspieler, mit dem es am meisten Sp
2026-10-07 18:08:17,672 INFO S7 zu wenig Stoff (0 Wörter aus 0 Quellen, Versuch 1/3): Tietz über Becker: „Der Mitspieler, mit dem es am meisten Sp
2026-10-07 18:08:18,865 INFO S7 kein Volltext (too_short_39_words): Der BESTE SC Freiburg Spieler Mit Igor Matanovic
2026-10-07 18:08:18,865 INFO S7 zu wenig Stoff (0 Wörter aus 0 Quellen, Versuch 1/3): Der BESTE SC Freiburg Spieler Mit Igor Matanovic
2026-10-07 18:08:20,034 INFO S7 kein Volltext (likely_paywall): Neun Millionen Euro, 21 Spiele: Beim VfB-Verteidiger ist der
2026-10-07 18:08:20,034 INFO S7 zu wenig Stoff (0 Wörter aus 0 Quellen, Versuch 2/3): Neun Millionen Euro, 21 Spiele: Beim VfB-Verteidiger ist der
2026-10-07 18:08:20,835 INFO S7 kein Volltext (too_short_4_words): Mehic trifft im Werder-Duell, Prüsch feiert Finnland-Debüt
2026-10-07 18:08:20,835 INFO S7 zu wenig Stoff (0 Wörter aus 0 Quellen, Versuch 2/3): Mehic trifft im Werder-Duell, Prüsch feiert Finnland-Debüt
2026-10-07 18:08:22,351 INFO S7 kein Volltext (likely_paywall): Fußball-Bundesliga: Darauf kommt es für Mainz 05 gegen Bayer
2026-10-07 18:08:22,351 INFO S7 zu wenig Stoff (0 Wörter aus 0 Quellen, Versuch 2/3): Fußball-Bundesliga: Darauf kommt es für Mainz 05 gegen Bayer
2026-10-07 18:08:23,312 INFO S7 kein Volltext (too_short_40_words): Video: S04-Training vor Freiburg mit Fokus Offensive Warum S
2026-10-07 18:08:23,312 INFO S7 zu wenig Stoff (0 Wörter aus 0 Quellen, Versuch 2/3): Video: S04-Training vor Freiburg mit Fokus Offensive Warum S
2026-10-07 18:08:24,071 INFO S7 kein Volltext (seite_zu_alt): Kovac zur BVB-Spitzenreiterrolle: „Wir genießen es, sind abe
2026-10-07 18:08:24,071 INFO S7 zu wenig Stoff (0 Wörter aus 0 Quellen, Versuch 1/3): Kovac zur BVB-Spitzenreiterrolle: „Wir genießen es, sind abe
2026-10-07 18:08:24,457 INFO S7 kein Volltext (too_short_15_words): Fahren dahin, um zu punkten'' - Karaman fährt selbstbewusst 
2026-10-07 18:08:24,457 INFO S7 zu wenig Stoff (0 Wörter aus 0 Quellen, Versuch 2/3): Fahren dahin, um zu punkten'' - Karaman fährt selbstbewusst 
2026-10-07 18:08:25,332 INFO S7 kein Volltext (seite_zu_alt): Kovac zur BVB-Spitzenreiterrolle: „Wir genießen es, sind abe
2026-10-07 18:08:25,332 INFO S7 zu wenig Stoff (0 Wörter aus 0 Quellen, Versuch 2/3): Kovac zur BVB-Spitzenreiterrolle: „Wir genießen es, sind abe
2026-10-07 18:08:26,586 INFO S7 kein Volltext (likely_paywall): Bayern-Star Kimmich unter Druck
2026-10-07 18:08:26,586 INFO S7 zu wenig Stoff (0 Wörter aus 0 Quellen, Versuch 2/3): Bayern-Star Kimmich unter Druck
2026-10-07 18:08:27,628 INFO S7 kein Volltext (likely_paywall): „Noch kann Urbig nur gewinnen“: TV-Experte warnt trotz Urbig
2026-10-07 18:08:27,629 INFO S7 zu wenig Stoff (0 Wörter aus 0 Quellen, Versuch 2/3): „Noch kann Urbig nur gewinnen“: TV-Experte warnt trotz Urbig
2026-10-07 18:08:29,711 INFO S7 kein Volltext (seite_zu_alt): BVB-Neuzugang Bjarki Gardarsson erlebt furiosen Einstand: „E
2026-10-07 18:08:29,711 INFO S7 zu wenig Stoff (0 Wörter aus 0 Quellen, Versuch 2/3): BVB-Neuzugang Bjarki Gardarsson erlebt furiosen Einstand: „E
2026-10-07 18:08:32,585 INFO S7 schreiben (Prio 2, 1 Quellen): HSV-Sturmnot vor Hoffenheim: Dieser Profi macht Hoffnung
2026-10-07 18:08:40,726 INFO   Kandidat: HSV-Sturmnot: Poulsen macht vor Hoffenheim Hoffnung
2026-10-07 18:08:47,516 INFO S7 schreiben (Prio 2, 1 Quellen): Datenanalyse: Werder Bremen hat viel richtig gemacht und mit
2026-10-07 18:08:55,851 INFO   Kandidat: Datenanalyse: Füllkrug macht Werders Offensive kompletter
2026-10-07 18:08:55,851 INFO S7 Abo-Deckel (12 Artikel) erreicht – Rest wartet auf den nächsten Lauf
2026-10-07 18:08:55,863 INFO FinalCheck SKIP: köln/{'rené wagner', 'alessio castro-montes', 'sebastian sebulonsen'} stage=kader bereits in Archiv
2026-10-07 18:08:55,886 INFO FinalCheck SKIP: hsv/{'terem moffi', 'merlin polzin', 'yussuf poulsen'} stage=rueckkehr bereits in Archiv
2026-10-07 18:08:55,888 INFO S9.5 FinalCheck: 10/12 durch
2026-10-07 18:08:56,743 INFO Veröffentlicht: Leverkusens Eichhorn hat Klinikaufenthalt hinter sich
2026-10-07 18:08:56,835 INFO Veröffentlicht: BVB: Chukwuemeka kommt angeschlagen aus Österreich zurück
2026-10-07 18:08:56,929 INFO Veröffentlicht: Augsburg gegen Bayern: Torhungriger FCA trifft auf besten An
2026-10-07 18:08:57,021 INFO Veröffentlicht: Mainz gegen Leverkusen: Zwei Offensivteams mit jeweils siebe
2026-10-07 18:08:57,112 INFO Veröffentlicht: Paderborn empfängt Stuttgart: Duell auf Augenhöhe am Samstag
2026-10-07 18:08:57,203 INFO Veröffentlicht: Union sucht gegen Elversberg den ersten Saisonsieg
2026-10-07 18:08:57,294 INFO Veröffentlicht: Bayern soll Leeds-Verteidiger Muharemovic im Visier haben
2026-10-07 18:08:57,386 INFO Veröffentlicht: Glatzel über HSV-Abschied: „Natürlich musste ich das verarbe
2026-10-07 18:08:57,477 INFO Veröffentlicht: Bonhof vor Derby: „Mit allen zur Verfügung stehenden Mitteln
2026-10-07 18:08:57,568 INFO Veröffentlicht: Datenanalyse: Füllkrug macht Werders Offensive kompletter
2026-10-07 18:08:57,602 INFO Reddit: Keine Credentials – übersprungen
2026-10-07 18:08:57,602 INFO Reddit: Keine Credentials – übersprungen
2026-10-07 18:08:57,603 INFO Reddit: Keine Credentials – übersprungen
2026-10-07 18:08:57,603 INFO Reddit: Keine Credentials – übersprungen
2026-10-07 18:08:57,603 INFO Reddit: Keine Credentials – übersprungen
2026-10-07 18:08:57,604 INFO Reddit: Keine Credentials – übersprungen
2026-10-07 18:08:57,604 INFO Reddit: Keine Credentials – übersprungen
2026-10-07 18:08:57,605 INFO Reddit: Keine Credentials – übersprungen
2026-10-07 18:08:57,605 INFO Reddit: Keine Credentials – übersprungen
2026-10-07 18:08:57,606 INFO Reddit: Keine Credentials – übersprungen
2026-10-07 18:08:57,606 INFO 💶 Kosten: dieser Lauf 0.000 $ (Budget 0.062 $) | heute 0.00 $ | Monat 0.72 / 23 $ | konferenz (abo) 1× 0.000 $, dublette (abo) 14× 0.000 $, schreiben (abo) 15× 0.000 $
2026-10-07 18:08:57,606 INFO 🎫 Abo-Verbrauch: 117,998 Tokens rein (davon Cache gelesen 17,850), 28,799 raus, API-Gegenwert 0.63 $ | konferenz 1×: 6,692/10,507, dublette 14×: 18,364/80, schreiben 15×: 92,942/18,212
2026-10-07 18:08:57,654 INFO Feeds: 60/60 begonnen, nächster Lauf startet bei Nr. 0
2026-10-07 18:08:57,654 INFO URL-Cache gespeichert: 27160 URLs
2026-10-07 18:08:57,654 INFO === Fertig. 10 neue Artikel. feed.json: 1447 ===
2026-10-07 18:08:57,654 INFO Stats: {"ts": "20261007_1801", "ingested": 138, "s2_pre_filter": 28, "s3_relevance": 35, "s4_dedup_early": 0, "gesammelt": 74, "geschichten_neu": 61, "s5_archiv_doppelt": 3, "s5_zusammengefuehrt": 1, "s6_aussortiert": 24, "s7_geschrieben": 15, "s7_verworfen": 4, "s5_fulltext_fail": 35, "s8_qa_rejected": 2, "published": 10, "s5_randthema": 5, "s5_ohne_bezug": 4, "kosten": {"lauf_usd": 0.0, "lauf_budget_usd": 0.0622, "heute_usd": 0.0, "monat_usd": 0.7196, "monatsbudget_usd": 23.0, "aufrufe": {"konferenz (abo)": {"anzahl": 1, "usd": 0.0}, "dublette (abo)": {"anzahl": 14, "usd": 0.0}, "schreiben (abo)": {"anzahl": 15, "usd": 0.0}}, "guthaben_leer": false, "abo": true, "abo_tokens": {"konferenz": {"aufrufe": 1, "ein": 10, "cache_schreiben": 6682, "cache_lesen": 0, "aus": 10507, "api_wert_usd": 0.0659}, "dublette": {"aufrufe": 14, "ein": 28, "cache_schreiben": 18336, "cache_lesen": 0, "aus": 80, "api_wert_usd": 0.0742}, "schreiben": {"aufrufe": 15, "ein": 30, "cache_schreiben": 75062, "cache_lesen": 17850, "aus": 18212, "api_wert_usd": 0.4859}}}}
