2026-10-05 22:45:57,396 INFO 💶 Budget: dieser Lauf 0.108 $ | heute 0.72 $ | Monat 0.72 / 23 $
2026-10-05 22:45:57,626 INFO URL-Cache geladen: 23698 bekannte URLs (letzte 30 Tage)
2026-10-05 22:45:57,626 INFO === Ligaoutsider Generator startet – max. 50 Artikel ===
2026-10-05 22:45:57,626 INFO Feed: https://newsfeed.kicker.de/news/bundesliga
2026-10-05 22:45:57,887 INFO BL-Spielerliste geladen: 1002 Namen
2026-10-05 22:45:57,888 INFO Feed: https://www.sportschau.de/fussball/bundesliga/index~rss2.xml
2026-10-05 22:45:58,433 INFO Feed: https://sportbild.bild.de/feed/sportbild-home.xml
2026-10-05 22:45:58,872 INFO S3 keyword miss: „Das ist eine Lüge!“ - Ronaldo-Wirbel um angebliche Entschul
2026-10-05 22:45:58,946 INFO S3 keyword miss: Darts-Sensation perfekt ++ Superstar Littler raus - Deutsche
2026-10-05 22:45:58,948 INFO Feed: https://www.bild.de/rss-feeds/rss-16725492,feed=fussball-mix.bild.html
2026-10-05 22:45:59,490 INFO S2 blacklist: Immer noch 0 Punkte! - Nächste bittere Türkei-Pleite
2026-10-05 22:45:59,490 INFO Feed: https://www.11freunde.de/feed
2026-10-05 22:46:00,434 INFO Feed: https://www.bundesliga.com/de/bundesliga/news.rss
2026-10-05 22:46:00,596 INFO Feed: https://news.google.com/rss/topics/CAAqJggKIiBDQkFTRWdvSUwyMHZNRFp1ZEdvU0FtUmxHZ0pFUlNnQVAB?hl=de&gl=DE&ceid=DE:de
2026-10-05 22:46:01,380 INFO S3 keyword miss: Medwedew schießt in Peking Fan ab - Djokovic im Finale
2026-10-05 22:46:01,381 INFO S2 blacklist: Was Jonas Urbig im DFB-Team sogar Manuel Neuer voraus hat
2026-10-05 22:46:01,381 INFO S2 blacklist: Edelhelfer Pogacar? Voigt: "Wie Becker als Balljunge"
2026-10-05 22:46:01,382 INFO S2 blacklist: Nach 0:7-Klatsche: Modric erwartet „Reaktion“
2026-10-05 22:46:01,522 INFO S3 keyword miss: (S+) Meinung: Handball-Nationalspieler Johannes Golla will s
2026-10-05 22:46:01,523 INFO S2 blacklist: Frankreich vs. Belgien Tipp, Prognose & Quoten 05.10.2026 - 
2026-10-05 22:46:01,524 INFO S2 blacklist: Nationalmannschaft | Oliver Kahn findet riesige Klopp-Euphor
2026-10-05 22:46:01,656 INFO S3 keyword miss: Ralf Schumacher nach Bahrain-GP: Brisante Aussage über Hamil
2026-10-05 22:46:01,657 INFO S2 blacklist: "Fangen nicht bei null an": Klopp kündigt deutliche Kader-Re
2026-10-05 22:46:01,822 INFO S3 keyword miss: Marktwerte LaLiga: Diomande & Vini Jr. trennen nur 10 Millio
2026-10-05 22:46:01,823 INFO S2 blacklist: Versteckte Rote Karte beim Deutschland-Spiel: Was war da los
2026-10-05 22:46:01,823 INFO Feed: https://news.google.com/rss/search?q=Bundesliga+Testspiel+Ergebnis&hl=de&gl=DE&ceid=DE:de
2026-10-05 22:46:02,225 INFO Feed: https://news.google.com/rss/search?q=Bundesliga+Vorbereitung+Sommertour&hl=de&gl=DE&ceid=DE:de
2026-10-05 22:46:02,568 INFO Feed: https://news.google.com/rss/search?q=Bundesliga+Verletzung+Ausfall+gesperrt&hl=de&gl=DE&ceid=DE:de
2026-10-05 22:46:02,960 INFO Feed: https://news.google.com/rss/search?q=Bundesliga+Transfer+Wechsel+verpflichtet&hl=de&gl=DE&ceid=DE:de
2026-10-05 22:46:03,373 INFO Feed: https://news.google.com/rss/search?q=Bundesliga+Gerücht+Interesse+Angebot&hl=de&gl=DE&ceid=DE:de
2026-10-05 22:46:03,821 INFO Feed: https://news.google.com/rss/search?q=Bundesliga+Vertrag+verlängert+ablösefrei&hl=de&gl=DE&ceid=DE:de
2026-10-05 22:46:04,161 INFO Feed: https://news.google.com/rss/search?q=%22FC+Bayern%22+OR+%22Bayern+M%C3%BCnchen%22+when%3A1d&hl=de&gl=DE&ceid=DE:de
2026-10-05 22:46:04,805 INFO S2 blacklist: Namhafte Transferliste enthüllt: So plant der FC Bayern nach
2026-10-05 22:46:04,842 INFO Feed: https://news.google.com/rss/search?q=BVB+OR+%22Borussia+Dortmund%22+when%3A1d&hl=de&gl=DE&ceid=DE:de
2026-10-05 22:46:05,379 INFO S2 blacklist: 5. Spieltag: Borussia Dortmund - SV Werder Bremen - Werder B
2026-10-05 22:46:05,469 INFO S3 keyword miss: (k+) Das Prinzip Kovac: Ein Crashkurs, "KISS" - und Kritik, 
2026-10-05 22:46:05,552 INFO S3 keyword miss: (k+) Von Zuckerwatte bis zur Frage: "Was wäre gewesen, wenn 
2026-10-05 22:46:05,555 INFO Feed: https://news.google.com/rss/search?q=%22Bayer+Leverkusen%22+OR+%22Bayer+04%22+when%3A1d&hl=de&gl=DE&ceid=DE:de
2026-10-05 22:46:05,894 INFO Feed: https://news.google.com/rss/search?q=%22RB+Leipzig%22+when%3A1d&hl=de&gl=DE&ceid=DE:de
2026-10-05 22:46:06,234 INFO S2 blacklist: EA FC 27 Gameplay: Erste Eindrücke von RBLZ_Ebru
2026-10-05 22:46:06,235 INFO S2 blacklist: RBL-Frauen ziehen fürs Heimspiel gegen Frankfurt in die Red 
2026-10-05 22:46:06,236 INFO S2 blacklist: FC Pro 26 World Championship: Guide zur EA FC-WM in Paris
2026-10-05 22:46:06,268 INFO Feed: https://news.google.com/rss/search?q=%22VfB+Stuttgart%22+when%3A1d&hl=de&gl=DE&ceid=DE:de
2026-10-05 22:46:06,705 INFO Feed: https://news.google.com/rss/search?q=%22Eintracht+Frankfurt%22+when%3A1d&hl=de&gl=DE&ceid=DE:de
2026-10-05 22:46:07,118 INFO S2 blacklist: Eintracht Frankfurt im Frauen-Bundesliga-Spitzenspiel gefrag
2026-10-05 22:46:07,121 INFO Feed: https://news.google.com/rss/search?q=Gladbach+OR+%22Borussia+M%C3%B6nchengladbach%22+when%3A1d&hl=de&gl=DE&ceid=DE:de
2026-10-05 22:46:07,585 INFO S3 keyword miss: Ein Zuhause mit Zukunft – modern, barrierearm und komfortabe
2026-10-05 22:46:07,588 INFO Feed: https://news.google.com/rss/search?q=%22SC+Freiburg%22+when%3A1d&hl=de&gl=DE&ceid=DE:de
2026-10-05 22:46:07,990 INFO Feed: https://news.google.com/rss/search?q=Hoffenheim+when%3A1d&hl=de&gl=DE&ceid=DE:de
2026-10-05 22:46:08,460 INFO S3 keyword miss: Kadir Sefa Bulut
2026-10-05 22:46:08,540 INFO S3 keyword miss: Björn Recktenwald
2026-10-05 22:46:08,541 INFO S2 blacklist: Nations League – Ösi-Schlager schimpft nach 1:1 im Kosovo
2026-10-05 22:46:08,624 INFO S3 keyword miss: U20-Weltmeisterschaft - Abstellungen Honam University
2026-10-05 22:46:08,625 INFO S2 blacklist: XXL 3. Liga Prognose 2025/26 🔥 Wer Sind Die Aufsteiger & Wer
2026-10-05 22:46:08,625 INFO Feed: https://news.google.com/rss/search?q=%22Mainz+05%22+when%3A1d&hl=de&gl=DE&ceid=DE:de
2026-10-05 22:46:09,091 INFO S2 blacklist: 1.FSV Mainz 05 U17 - Spieler von A bis Z | Seite 58
2026-10-05 22:46:09,091 INFO S2 blacklist: 1.FSV Mainz 05 UEFA U19
2026-10-05 22:46:09,173 INFO S3 keyword miss: Christiaan Pförtner
2026-10-05 22:46:09,256 INFO S3 keyword miss: Chris Roosevelt Jones
2026-10-05 22:46:09,256 INFO Feed: https://news.google.com/rss/search?q=%22FC+Augsburg%22+when%3A1d&hl=de&gl=DE&ceid=DE:de
2026-10-05 22:46:09,644 INFO Feed: https://news.google.com/rss/search?q=%22Union+Berlin%22+when%3A1d&hl=de&gl=DE&ceid=DE:de
2026-10-05 22:46:10,006 INFO S2 blacklist: Noack fährt zur U17-WM: Acht Unionerinnen mit ihren National
2026-10-05 22:46:10,093 INFO S3 keyword miss: Boubacar Sanogo
2026-10-05 22:46:10,174 INFO S3 keyword miss: Olaf Seier
2026-10-05 22:46:10,256 INFO S3 keyword miss: Andre Landt
2026-10-05 22:46:10,257 INFO S2 blacklist: Marie-Louise Eta - Eingesetzte Spieler (Galerie) | Seite 2
2026-10-05 22:46:10,258 INFO Feed: https://news.google.com/rss/search?q=%22Werder+Bremen%22+when%3A1d&hl=de&gl=DE&ceid=DE:de
2026-10-05 22:46:10,773 INFO S2 blacklist: U23 Werder Bremen gegen U23 Hannover 96 Vorbericht
2026-10-05 22:46:10,777 INFO S2 blacklist: Werder Bremen: Agu fällt mit Wadenverletzung erneut aus
2026-10-05 22:46:10,777 INFO Feed: https://news.google.com/rss/search?q=HSV+OR+%22Hamburger+SV%22+when%3A1d&hl=de&gl=DE&ceid=DE:de
2026-10-05 22:46:11,231 INFO S2 blacklist: UEFA Nations League B - Abstellungen Hamburger SV | Seite 7
2026-10-05 22:46:11,311 INFO S3 keyword miss: Knut Kircher
2026-10-05 22:46:11,395 INFO S3 keyword miss: Buxtehuder SV
2026-10-05 22:46:11,395 INFO Feed: https://news.google.com/rss/search?q=%221.+FC+K%C3%B6ln%22+OR+%22FC+K%C3%B6ln%22+when%3A1d&hl=de&gl=DE&ceid=DE:de
2026-10-05 22:46:11,947 INFO S3 keyword miss: „Werden gar nicht gefüttert“: Beim FC fehlen vor dem Derby n
2026-10-05 22:46:11,951 INFO Feed: https://news.google.com/rss/search?q=Schalke+when%3A1d&hl=de&gl=DE&ceid=DE:de
2026-10-05 22:46:12,363 INFO S2 blacklist: FC Schalke 04 U19
2026-10-05 22:46:12,365 INFO S2 blacklist: FC Schalke 04 U19
2026-10-05 22:46:12,367 INFO Feed: https://news.google.com/rss/search?q=Elversberg+when%3A1d&hl=de&gl=DE&ceid=DE:de
2026-10-05 22:46:12,801 INFO S3 keyword miss: Lukas Olbrich
2026-10-05 22:46:12,803 INFO Feed: https://news.google.com/rss/search?q=%22SC+Paderborn%22+when%3A1d&hl=de&gl=DE&ceid=DE:de
2026-10-05 22:46:13,188 INFO S2 blacklist: U17 DFB-Nachwuchsliga - Vorrunde Gruppe H - Ausländische Spi
2026-10-05 22:46:13,272 INFO S3 keyword miss: Bernd Wiesner
2026-10-05 22:46:13,273 INFO S2 blacklist: Elmar Volkmann - Eingesetzte Spieler (Galerie)
2026-10-05 22:46:13,356 INFO S3 keyword miss: UIC Flames (University of Illinois at Chicago)
2026-10-05 22:46:13,438 INFO S3 keyword miss: Serdar Erdogmus
2026-10-05 22:46:13,438 INFO Feed: https://www.transfermarkt.de/rss/news
2026-10-05 22:46:13,474 INFO Feed: https://www.waz.de/sport/fussball/rss
2026-10-05 22:46:13,865 INFO Feed: https://www.faz.net/rss/aktuell/sport/fussball/bundesliga/
2026-10-05 22:46:14,542 INFO Feed: https://bulinews.com/rss.xml
2026-10-05 22:46:28,010 INFO Feed: https://www.abendblatt.de/sport/rss
2026-10-05 22:46:28,220 INFO Feed: https://www.merkur.de/sport/fc-bayern/rssfeed.rdf
2026-10-05 22:46:28,886 INFO Feed: https://www.eyefootball.com/rss_news_main.xml
2026-10-05 22:46:29,276 INFO S2 blacklist: Arsenal handed injury boost on centre-back
2026-10-05 22:46:29,277 INFO Feed: https://www.ligaportal.at/international/deutsche-bundesliga?format=feed&type=rss
2026-10-05 22:46:31,555 INFO Feed: https://www.reddit.com/r/soccer/new.rss?limit=100
2026-10-05 22:46:32,423 INFO S2 blacklist: Post Match Thread: Bosnia-Herzegovina 1-0 Poland | UEFA Nati
2026-10-05 22:46:32,535 INFO S3 keyword miss: Jules Kounde on his reduced playing time at Barcelona this s
2026-10-05 22:46:32,628 INFO S3 keyword miss: Dani Olmo's agent revealed that he has been donating 2% of h
2026-10-05 22:46:32,629 INFO S2 blacklist: Post Match Thread: Northern Ireland 0-0 Georgia | UEFA Natio
2026-10-05 22:46:32,713 INFO S3 keyword miss: Northern Ireland 0-0 Georgia: Giorgi Mamardashvili penalty s
2026-10-05 22:46:32,714 INFO S2 blacklist: Post Match Thread: Romania 0-1 Sweden | UEFA Nations League
2026-10-05 22:46:32,715 INFO S2 blacklist: Post Match Thread: France 4-1 Belgium | UEFA Nations League
2026-10-05 22:46:32,715 INFO S2 blacklist: Post Match Thread: Ukraine 1-2 Hungary | UEFA Nations League
2026-10-05 22:46:32,716 INFO S2 blacklist: Post Match Thread: Italy 3-1 Türkiye | UEFA Nations League
2026-10-05 22:46:32,799 INFO S3 keyword miss: Highlights of Niklas Süle playing in goal for 9th tier side 
2026-10-05 22:46:32,800 INFO S2 blacklist: Liechtenstein's national team have not won a competitive mat
2026-10-05 22:46:32,914 INFO S3 keyword miss: Italy [3] - 1 Turkey - Pio Esposito 87'
2026-10-05 22:46:32,995 INFO S3 keyword miss: Ukraine 1 - [2] Hungary - Mark Csinger 85'
2026-10-05 22:46:33,077 INFO S3 keyword miss: Ukraine [1] - 1 Hungary - Roman Yaremchuk 84'
2026-10-05 22:46:33,159 INFO S3 keyword miss: France [2]-1 Belgium - Rayan Cherki 81'
2026-10-05 22:46:33,273 INFO S3 keyword miss: Disallowed goal for Bosnia due to offside
2026-10-05 22:46:33,354 INFO S3 keyword miss: Italy [2] - 1 Turkey - Riccardo Calafiori 65'
2026-10-05 22:46:33,437 INFO S3 keyword miss: [Ekstraklasaboners] Liechtenstein 0-2 Gibraltar - Dylan Borg
2026-10-05 22:46:33,518 INFO S3 keyword miss: Italy 1 - [1] Turkey - Aral Simsir 61'
2026-10-05 22:46:33,599 INFO S3 keyword miss: Ukraine 0-[1] Hungary - Milán Tóth 52'
2026-10-05 22:46:33,694 INFO S3 keyword miss: Turkey's 'Calciopoli': over 448 executives Investigated in b
2026-10-05 22:46:33,837 INFO S3 keyword miss: Guadeloupe 0-1 St. Lucia - Keegan Caull 5'
2026-10-05 22:46:33,919 INFO S3 keyword miss: Italy [1] - 0 Turkey - Gianluca Scamacca 26'
2026-10-05 22:46:34,041 INFO S3 keyword miss: Romania 0 - [1] Sweden - Viktor Gyokeres 14'
2026-10-05 22:46:34,128 INFO S3 keyword miss: [The Atheltic] Crystal Palace hire Raine Group as club seeks
2026-10-05 22:46:34,219 INFO S3 keyword miss: Match Thread: Liechtenstein vs Gibraltar | International Fri
2026-10-05 22:46:34,220 INFO S2 blacklist: Match Thread: Ukraine vs Hungary | UEFA Nations League
2026-10-05 22:46:34,220 INFO S2 blacklist: Match Thread: Bosnia-Herzegovina vs Poland | UEFA Nations Le
2026-10-05 22:46:34,221 INFO S2 blacklist: Match Thread: Northern Ireland vs Georgia | UEFA Nations Lea
2026-10-05 22:46:34,221 INFO S2 blacklist: Match Thread: Italy vs Türkiye | UEFA Nations League
2026-10-05 22:46:34,222 INFO S2 blacklist: Match Thread: Montenegro vs Armenia | UEFA Nations League
2026-10-05 22:46:34,222 INFO S2 blacklist: Match Thread: France vs Belgium | UEFA Nations League
2026-10-05 22:46:34,223 INFO S2 blacklist: Match Thread: Romania vs Sweden | UEFA Nations League
2026-10-05 22:46:34,223 INFO Feed: https://newsfeed.kicker.de/team/fc-bayern-muenchen
2026-10-05 22:46:34,379 INFO Feed: https://newsfeed.kicker.de/team/borussia-dortmund
2026-10-05 22:46:34,431 INFO Feed: https://newsfeed.kicker.de/team/rb-leipzig
2026-10-05 22:46:34,582 INFO Feed: https://newsfeed.kicker.de/team/bayer-04-leverkusen
2026-10-05 22:46:34,729 INFO Feed: https://newsfeed.kicker.de/team/vfb-stuttgart
2026-10-05 22:46:34,879 INFO Feed: https://newsfeed.kicker.de/team/eintracht-frankfurt
2026-10-05 22:46:35,034 INFO Feed: https://newsfeed.kicker.de/team/bor-moenchengladbach
2026-10-05 22:46:35,086 INFO Feed: https://newsfeed.kicker.de/team/sc-freiburg
2026-10-05 22:46:35,233 INFO Feed: https://newsfeed.kicker.de/team/tsg-hoffenheim
2026-10-05 22:46:35,380 INFO Feed: https://newsfeed.kicker.de/team/1-fsv-mainz-05
2026-10-05 22:46:35,541 INFO Feed: https://newsfeed.kicker.de/team/fc-augsburg
2026-10-05 22:46:35,690 INFO Feed: https://newsfeed.kicker.de/team/1-fc-union-berlin
2026-10-05 22:46:35,839 INFO Feed: https://newsfeed.kicker.de/team/werder-bremen
2026-10-05 22:46:35,888 INFO Feed: https://newsfeed.kicker.de/team/hamburger-sv
2026-10-05 22:46:36,036 INFO Feed: https://newsfeed.kicker.de/team/1-fc-koeln
2026-10-05 22:46:36,321 INFO Feed: https://newsfeed.kicker.de/team/fc-schalke-04
2026-10-05 22:46:36,472 INFO Feed: https://newsfeed.kicker.de/team/sv-elversberg
2026-10-05 22:46:36,718 INFO Feed: https://newsfeed.kicker.de/team/sc-paderborn-07
2026-10-05 22:46:37,022 INFO Feed: https://newsfeed.kicker.de/news/champions-league
2026-10-05 22:46:37,069 INFO Feed: ligainsider:themen
2026-10-05 22:47:02,001 INFO LigaInsider (Themenfinder): 135 Meldungen von 18 Vereinsseiten
2026-10-05 22:47:02,003 INFO Eingelesen: 69 Schlagzeilen nach den Gratis-Filtern
2026-10-05 22:47:03,270 INFO S5 kein Bundesliga-Spieler oder -Klub erkennbar: Bobic über Kovac: "Die Spieler müssen Schmerzen aushalten"
2026-10-05 22:47:03,273 INFO S5 Randthema: FC Bayern setzt Verbot via Anwalt durch: Christian Lell darf kein Münc
2026-10-05 22:47:03,275 INFO S5 schon berichtet (BVB-Nationalspieler: Verlängerungshammer, Deb): BVB-Verlängerung von Niko Kovac rückt näher
2026-10-05 22:47:03,278 INFO S5 Sammelartikel: Eintracht Frankfurt News-Ticker: Doan schießt Japan zum Sieg
2026-10-05 22:47:03,281 INFO S5 Randthema: Schalke-Fanclub Bezirk 23: Zimmerner Merkle neuer Leiter
2026-10-05 22:47:03,284 INFO S5 kein Bundesliga-Spieler oder -Klub erkennbar: France 0 - [1] Belgium - Dodi Lukebakio 36'
2026-10-05 22:47:03,285 INFO S5 kein Bundesliga-Spieler oder -Klub erkennbar: Liechtenstein 0-1 Gibraltar - Bernardo Lopes 20'
2026-10-05 22:47:03,285 INFO S5: 50 neue Geschichten, 1 schon berichtet, 9 zu wartenden Geschichten ergänzt, 332 warten
2026-10-05 22:48:52,669 INFO S7 kein Volltext (too_short_48_words): Verletzungspech beim 1. FC Köln
2026-10-05 22:48:52,670 INFO S7 schreiben (Prio 3, 1 Quellen): Verletzungspech beim 1. FC Köln
2026-10-05 22:49:08,085 INFO   Kandidat: Nach Dallinga-Schock: Köln prüft offenbar vereinslose Stürme
2026-10-05 22:49:08,474 INFO S7 kein Volltext (too_short_15_words): Borussia Dortmund steht vor Verlängerung mit Trainer Niko Ko
2026-10-05 22:49:08,845 INFO S7 kein Volltext (too_short_3_words): Borussia Dortmund steht vor Verlängerung mit Trainer Niko Ko
2026-10-05 22:49:08,845 INFO S7 zu wenig Stoff (0 Wörter aus 0 Quellen, Versuch 3/3): Borussia Dortmund steht vor Verlängerung mit Trainer Niko Ko
2026-10-05 22:49:10,073 INFO S7 kein Volltext (too_short_11_words): Verletzungsmisere bei Werder: Droht Torwart Hein der Ausfall
2026-10-05 22:49:11,200 INFO S7 kein Volltext (too_short_11_words): Verletzungsmisere bei Werder: Droht Torwart Hein der Ausfall
2026-10-05 22:49:11,200 INFO S7 zu wenig Stoff (0 Wörter aus 0 Quellen, Versuch 2/3): Verletzungsmisere bei Werder: Droht Torwart Hein der Ausfall
2026-10-05 22:49:11,399 INFO S7 kein Volltext (too_short_17_words): Alvero bricht Werder-Training ab
2026-10-05 22:49:11,399 INFO S7 zu wenig Stoff (0 Wörter aus 0 Quellen, Versuch 3/3): Alvero bricht Werder-Training ab
2026-10-05 22:49:12,542 INFO S7 kein Volltext (too_short_25_words): Durchbruch! Alle Details zum Kane-Deal
2026-10-05 22:49:12,542 INFO S7 zu wenig Stoff (0 Wörter aus 0 Quellen, Versuch 3/3): Durchbruch! Alle Details zum Kane-Deal
2026-10-05 22:49:13,188 INFO S7 kein Volltext (too_short_36_words): HSV zittert um zwei Stürmer, hat aber einen Notfallplan mit 
2026-10-05 22:49:13,188 INFO S7 zu wenig Stoff (0 Wörter aus 0 Quellen, Versuch 3/3): HSV zittert um zwei Stürmer, hat aber einen Notfallplan mit 
2026-10-05 22:49:14,056 INFO S7 kein Volltext (too_short_52_words): Die Ryerson-Verletzung und die Folgen: BVB denkt wieder über
2026-10-05 22:49:14,056 INFO S7 zu wenig Stoff (0 Wörter aus 0 Quellen, Versuch 3/3): Die Ryerson-Verletzung und die Folgen: BVB denkt wieder über
2026-10-05 22:49:14,384 INFO S7 kein Volltext (too_short_42_words): Nach Debakel in Holland - Wochenlange Pause für Werder-Star
2026-10-05 22:49:14,384 INFO S7 zu wenig Stoff (0 Wörter aus 0 Quellen, Versuch 3/3): Nach Debakel in Holland - Wochenlange Pause für Werder-Star
2026-10-05 22:49:14,768 ERROR lxml parsing failed: Document is empty
2026-10-05 22:49:14,768 ERROR lxml parser bytestring Document is empty
2026-10-05 22:49:14,769 ERROR lxml parsing failed: Document is empty
2026-10-05 22:49:14,769 ERROR lxml parser bytestring Document is empty
2026-10-05 22:49:14,769 ERROR empty HTML tree: None
2026-10-05 22:49:14,769 WARNING discarding data: None
2026-10-05 22:49:14,770 INFO S7 kein Volltext (trafilatura_returned_empty): Werder Bremen muss erneut auf Agu verzichten – Verpasste sch
2026-10-05 22:49:14,770 INFO S7 zu wenig Stoff (0 Wörter aus 0 Quellen, Versuch 3/3): Werder Bremen muss erneut auf Agu verzichten – Verpasste sch
2026-10-05 22:49:15,328 INFO S7 kein Volltext (too_short_67_words): Erneuter Verletzungsschock bei Werder
2026-10-05 22:49:15,328 INFO S7 zu wenig Stoff (0 Wörter aus 0 Quellen, Versuch 3/3): Erneuter Verletzungsschock bei Werder
2026-10-05 22:49:19,719 INFO S7 kein Volltext (too_short_40_words): Achtelfinale im DFB-Pokal terminiert: Union trifft am Sonnab
2026-10-05 22:49:19,719 INFO S7 zu wenig Stoff (0 Wörter aus 0 Quellen, Versuch 2/3): Achtelfinale im DFB-Pokal terminiert: Union trifft am Sonnab
2026-10-05 22:49:20,326 INFO S7 kein Volltext (too_short_4_words): Karl Hein kehrt frühzeitig von der Nationalelf zurück
2026-10-05 22:49:20,326 INFO S7 zu wenig Stoff (0 Wörter aus 0 Quellen, Versuch 2/3): Karl Hein kehrt frühzeitig von der Nationalelf zurück
2026-10-05 22:49:21,788 INFO S7 kein Volltext (seite_zu_alt): „Wie Nachhausekommen“: Transfer perfekt – Marvin Friedrich k
2026-10-05 22:49:21,788 INFO S7 zu wenig Stoff (0 Wörter aus 0 Quellen, Versuch 2/3): „Wie Nachhausekommen“: Transfer perfekt – Marvin Friedrich k
2026-10-05 22:49:22,737 INFO S7 kein Volltext (too_short_32_words): Auch gegen Hoffenheim setzt es eine Niederlage: Der Club hän
2026-10-05 22:49:22,737 INFO S7 zu wenig Stoff (0 Wörter aus 0 Quellen, Versuch 2/3): Auch gegen Hoffenheim setzt es eine Niederlage: Der Club hän
2026-10-05 22:49:23,079 ERROR lxml parsing failed: Document is empty
2026-10-05 22:49:23,079 ERROR lxml parser bytestring Document is empty
2026-10-05 22:49:23,079 ERROR lxml parsing failed: Document is empty
2026-10-05 22:49:23,079 ERROR lxml parser bytestring Document is empty
2026-10-05 22:49:23,079 ERROR empty HTML tree: None
2026-10-05 22:49:23,080 WARNING discarding data: None
2026-10-05 22:49:23,080 INFO S7 kein Volltext (trafilatura_returned_empty): Dortmund fügt Siegen die erste Niederlage unter Uluc zu
2026-10-05 22:49:23,080 INFO S7 zu wenig Stoff (0 Wörter aus 0 Quellen, Versuch 2/3): Dortmund fügt Siegen die erste Niederlage unter Uluc zu
2026-10-05 22:49:24,256 INFO S7 kein Volltext (seite_zu_alt): HSV ohne Quintett in Stuttgart - Aufstiegsheld Elfadli bekom
2026-10-05 22:49:24,256 INFO S7 zu wenig Stoff (0 Wörter aus 0 Quellen, Versuch 2/3): HSV ohne Quintett in Stuttgart - Aufstiegsheld Elfadli bekom
2026-10-05 22:49:24,538 WARNING discarding data: None
2026-10-05 22:49:24,539 INFO S7 kein Volltext (trafilatura_returned_empty): Der BVB bangt vor dem Werder-Spiel um Ryerson: Kovac hat auf
2026-10-05 22:49:24,539 INFO S7 zu wenig Stoff (0 Wörter aus 0 Quellen, Versuch 2/3): Der BVB bangt vor dem Werder-Spiel um Ryerson: Kovac hat auf
2026-10-05 22:49:24,955 INFO S7 kein Volltext (too_short_8_words): Raumi feiert Premiere unter Klopp ohne Happy End
2026-10-05 22:49:24,955 INFO S7 zu wenig Stoff (0 Wörter aus 0 Quellen, Versuch 2/3): Raumi feiert Premiere unter Klopp ohne Happy End
2026-10-05 22:49:25,199 INFO S7 kein Volltext (too_short_55_words): Doppelschock vorm Derby - Was das Stürmer-Aus für Köln bedeu
2026-10-05 22:49:25,199 INFO S7 zu wenig Stoff (0 Wörter aus 0 Quellen, Versuch 2/3): Doppelschock vorm Derby - Was das Stürmer-Aus für Köln bedeu
2026-10-05 22:49:25,620 INFO S7 kein Volltext (too_short_75_words): 1. FC Köln: Doppelter Stürmerschock: Kommt ein vertragloser 
2026-10-05 22:49:25,620 INFO S7 zu wenig Stoff (0 Wörter aus 0 Quellen, Versuch 2/3): 1. FC Köln: Doppelter Stürmerschock: Kommt ein vertragloser 
2026-10-05 22:49:26,718 INFO S7 kein Volltext (seite_zu_alt): Heimpleite: Mainz 05 enttäuscht gegen Union Berlin
2026-10-05 22:49:26,719 INFO S7 zu wenig Stoff (0 Wörter aus 0 Quellen, Versuch 2/3): Heimpleite: Mainz 05 enttäuscht gegen Union Berlin
2026-10-05 22:49:27,254 INFO S7 kein Volltext (too_short_31_words): Uzun fehlt Türkei: Leipzig-Spiel wohl nicht in Gefahr
2026-10-05 22:49:27,254 INFO S7 zu wenig Stoff (0 Wörter aus 0 Quellen, Versuch 2/3): Uzun fehlt Türkei: Leipzig-Spiel wohl nicht in Gefahr
2026-10-05 22:49:27,556 INFO S7 kein Volltext (too_short_52_words): Timo Becker bleibt für Freiburg-Spiel fraglich
2026-10-05 22:49:27,556 INFO S7 zu wenig Stoff (0 Wörter aus 0 Quellen, Versuch 2/3): Timo Becker bleibt für Freiburg-Spiel fraglich
2026-10-05 22:49:28,027 INFO S7 kein Volltext (too_short_4_words): MRT bei Agu am Montag
2026-10-05 22:49:28,027 INFO S7 zu wenig Stoff (0 Wörter aus 0 Quellen, Versuch 2/3): MRT bei Agu am Montag
2026-10-05 22:49:28,268 ERROR lxml parsing failed: Document is empty
2026-10-05 22:49:28,269 ERROR lxml parser bytestring Document is empty
2026-10-05 22:49:28,269 ERROR lxml parsing failed: Document is empty
2026-10-05 22:49:28,269 ERROR lxml parser bytestring Document is empty
2026-10-05 22:49:28,269 ERROR empty HTML tree: None
2026-10-05 22:49:28,269 WARNING discarding data: None
2026-10-05 22:49:28,270 INFO S7 kein Volltext (trafilatura_returned_empty): Nach dem doppelten Verletzungsschock: Wer stürmt jetzt für d
2026-10-05 22:49:28,270 INFO S7 zu wenig Stoff (0 Wörter aus 0 Quellen, Versuch 2/3): Nach dem doppelten Verletzungsschock: Wer stürmt jetzt für d
2026-10-05 22:49:29,227 INFO S7 kein Volltext (likely_paywall): Köln duo Dallinga and Ache suffer injuries in draw with Vikt
2026-10-05 22:49:29,228 INFO S7 zu wenig Stoff (0 Wörter aus 0 Quellen, Versuch 2/3): Köln duo Dallinga and Ache suffer injuries in draw with Vikt
2026-10-05 22:49:30,296 INFO S7 schreiben (Prio 3, 1 Quellen): Itten fehlt der Schweiz gegen Slowenien
2026-10-05 22:49:43,364 INFO   Kandidat: Nach Schlag auf den Fuß: Werders Itten fehlt der Schweiz geg
2026-10-05 22:49:45,098 INFO S7 schreiben (Prio 3, 1 Quellen): Coufal muss auch gegen Spanien passen
2026-10-05 22:49:56,050 INFO S7 verworfen (nicht_relevant): Coufal muss auch gegen Spanien passen
2026-10-05 22:50:00,635 INFO S6.5 schon berichtet (VfB: Hendriks nach Handverletzung fraglich, A): Hendriks mit Handproblemen nach Fürth-Test
2026-10-05 22:50:03,470 INFO S7 schreiben (Prio 3, 1 Quellen): Mensah kehrt vorzeitig nach Köln zurück
2026-10-05 22:50:18,569 INFO   Kandidat: Chaos bei Ghana: Mensah kehrt vorzeitig zum 1. FC Köln zurüc
2026-10-05 22:50:18,917 INFO S7 kein Volltext (too_short_42_words): Ruoppi reist vorzeitig aus Finnlands U21 ab
2026-10-05 22:50:18,918 INFO S7 zu wenig Stoff (0 Wörter aus 0 Quellen, Versuch 1/3): Ruoppi reist vorzeitig aus Finnlands U21 ab
2026-10-05 22:50:19,854 INFO S7 kein Volltext (too_short_40_words): Vorzeitige Abreise: DFB-Pause für Gnabry
2026-10-05 22:50:19,854 INFO S7 zu wenig Stoff (0 Wörter aus 0 Quellen, Versuch 1/3): Vorzeitige Abreise: DFB-Pause für Gnabry
2026-10-05 22:50:20,300 INFO S7 kein Volltext (seite_zu_alt): Gantenbein: Fit, aber noch nicht am Ziel
2026-10-05 22:50:20,300 INFO S7 zu wenig Stoff (0 Wörter aus 0 Quellen, Versuch 1/3): Gantenbein: Fit, aber noch nicht am Ziel
2026-10-05 22:50:24,090 INFO S6.5 schon berichtet (Werder: Felix Agu verletzt sich bei Comeback ): Erneut muskuläre Probleme bei Agu
2026-10-05 22:50:26,956 INFO S7 schreiben (Prio 3, 1 Quellen): Lynen macht Fortschritte: Rückkehr offen
2026-10-05 22:50:45,195 INFO   Kandidat: Werder: Lynen „auf einem guten Weg“, Rückkehrtermin weiter o
2026-10-05 22:50:46,131 INFO S7 kein Volltext (seite_zu_alt): 18-jähriges Offensiv-Juwel bei BVB auf der Transferliste: Ho
2026-10-05 22:50:46,387 WARNING discarding data: None
2026-10-05 22:50:46,388 INFO S7 kein Volltext (trafilatura_returned_empty): Der BVB mischt im Rennen um Josh King mit: Fulhams Preisvors
2026-10-05 22:50:47,899 WARNING error in JSON metadata extraction: 'NoneType' object is not iterable
2026-10-05 22:50:48,806 INFO S7 schreiben (Prio 2, 3 Quellen): Transfer-Ticker: BVB-Interesse an WM-Star erkaltet?
2026-10-05 22:51:06,197 INFO   Kandidat: BVB und Kovač einig: Trainer soll bis 2029 verlängern
2026-10-05 22:51:07,303 INFO S7 schreiben (Prio 2, 2 Quellen): Hammer-Gerücht um den FC Bayern
2026-10-05 22:51:11,778 INFO S7 verworfen (nicht_relevant): Hammer-Gerücht um den FC Bayern
2026-10-05 22:51:12,197 INFO S7 kein Volltext (too_short_41_words): Nach 0:7-Strafsitzung - Boss-Forderung bei Werder vor BVB-Kr
2026-10-05 22:51:12,708 INFO S7 kein Volltext (too_short_75_words): Werder Bremen: Außenbahnspieler fällt nach 0:7-Blamage und f
2026-10-05 22:51:13,196 ERROR lxml parsing failed: Document is empty
2026-10-05 22:51:13,196 ERROR lxml parser bytestring Document is empty
2026-10-05 22:51:13,197 ERROR lxml parsing failed: Document is empty
2026-10-05 22:51:13,197 ERROR lxml parser bytestring Document is empty
2026-10-05 22:51:13,197 ERROR empty HTML tree: None
2026-10-05 22:51:13,197 WARNING discarding data: None
2026-10-05 22:51:13,197 INFO S7 kein Volltext (trafilatura_returned_empty): Spielschema | SC Verl - Werder Bremen 0:5 | 1. Spieltag | U-
2026-10-05 22:51:15,185 INFO S7 kein Volltext (too_short_41_words): Werder Bremen: Nach 0:7-Strafsitzung! Boss-Forderung vor BVB
2026-10-05 22:51:21,332 INFO S7 schreiben (Prio 2, 1 Quellen): Nach 0:7: Jetzt zittern Werder-Fans um zwei Profis
2026-10-05 22:51:39,947 INFO   Kandidat: Werder bangt vor Dortmund um Hein, MRT bei Agu
2026-10-05 22:51:41,132 INFO S7 kein Volltext (likely_paywall): „Wusste nicht, dass er meinetwegen da ist“: Eintracht-Star E
2026-10-05 22:51:43,505 INFO S7 schreiben (Prio 2, 4 Quellen): Nach DFB-Hype - So schützt Hütter Eintracht-Star Ebnoutalib
2026-10-05 22:52:00,617 INFO   Kandidat: Fans wählen Ebnoutalib zu Frankfurts Spieler des Monats Sept
2026-10-05 22:52:01,576 INFO S7 kein Volltext (too_short_75_words): Test-Tore und Fan-Liebe: Kommt Undav nun in Schwung?
2026-10-05 22:52:02,573 INFO S7 kein Volltext (too_short_75_words): Test-Tore und Fan-Liebe: Kommt Undav nun in Schwung?
2026-10-05 22:52:05,538 INFO S7 schreiben (Prio 2, 2 Quellen): Test-Tore und Fan-Liebe: Kommt Undav nun in Schwung?
2026-10-05 22:52:23,043 INFO   Kandidat: Doppelpack im Test: Hoeneß hofft bei Undav auf den „kleinen 
2026-10-05 22:52:23,551 INFO S7 kein Volltext (likely_paywall): Vertragsverlängerung oder Karriereende? - Eintracht-Star Cha
2026-10-05 22:52:24,376 INFO S7 kein Volltext (likely_paywall): „Sag niemals nie“: Eintracht-Oldie Chandler deutet plötzlich
2026-10-05 22:52:25,216 INFO S7 kein Volltext (likely_paywall): „Sag niemals nie“: Eintracht-Oldie Chandler deutet plötzlich
2026-10-05 22:52:25,483 WARNING discarding data: None
2026-10-05 22:52:25,484 INFO S7 kein Volltext (trafilatura_returned_empty): Noch lange nicht Schluss? Chandler spricht über seine Zukunf
2026-10-05 22:52:25,673 INFO S7 zu wenig Stoff (0 Wörter aus 0 Quellen, Versuch 1/3): Vertragsverlängerung oder Karriereende? - Eintracht-Star Cha
2026-10-05 22:52:25,965 ERROR lxml parsing failed: Document is empty
2026-10-05 22:52:25,965 ERROR lxml parser bytestring Document is empty
2026-10-05 22:52:25,965 ERROR lxml parsing failed: Document is empty
2026-10-05 22:52:25,965 ERROR lxml parser bytestring Document is empty
2026-10-05 22:52:25,965 ERROR empty HTML tree: None
2026-10-05 22:52:25,965 WARNING discarding data: None
2026-10-05 22:52:25,966 INFO S7 kein Volltext (trafilatura_returned_empty): Pejcinovic über Streben nach Kanes Level & Ablösedruck: „Hab
2026-10-05 22:52:30,362 INFO S7 schreiben (Prio 2, 3 Quellen): VfB-Stürmer Pejcinovic spricht über 25-Millionen-Ablöse und 
2026-10-05 22:52:45,574 INFO   Kandidat: Pejcinovic gelassen trotz Torflaute: „Da bin ich ehrlich“
2026-10-05 22:52:46,106 ERROR lxml parsing failed: Document is empty
2026-10-05 22:52:46,106 ERROR lxml parser bytestring Document is empty
2026-10-05 22:52:46,107 ERROR lxml parsing failed: Document is empty
2026-10-05 22:52:46,107 ERROR lxml parser bytestring Document is empty
2026-10-05 22:52:46,107 ERROR empty HTML tree: None
2026-10-05 22:52:46,107 WARNING discarding data: None
2026-10-05 22:52:46,108 INFO S7 kein Volltext (trafilatura_returned_empty): Spielstatistik | SV Waldhof Mannheim - 1. FSV Mainz 05 | KW4
2026-10-05 22:52:46,578 INFO S7 kein Volltext (too_short_78_words): Das sind die 3 Mainz-Gewinner des Saison-Starts
2026-10-05 22:52:46,875 ERROR lxml parsing failed: Document is empty
2026-10-05 22:52:46,875 ERROR lxml parser bytestring Document is empty
2026-10-05 22:52:46,875 ERROR lxml parsing failed: Document is empty
2026-10-05 22:52:46,875 ERROR lxml parser bytestring Document is empty
2026-10-05 22:52:46,875 ERROR empty HTML tree: None
2026-10-05 22:52:46,875 WARNING discarding data: None
2026-10-05 22:52:46,876 INFO S7 kein Volltext (trafilatura_returned_empty): FC Mainz 05 de Jacqueville
2026-10-05 22:52:47,127 ERROR lxml parsing failed: Document is empty
2026-10-05 22:52:47,127 ERROR lxml parser bytestring Document is empty
2026-10-05 22:52:47,127 ERROR lxml parsing failed: Document is empty
2026-10-05 22:52:47,128 ERROR lxml parser bytestring Document is empty
2026-10-05 22:52:47,128 ERROR empty HTML tree: None
2026-10-05 22:52:47,128 WARNING discarding data: None
2026-10-05 22:52:47,128 INFO S7 kein Volltext (trafilatura_returned_empty): 1.FSV Mainz 05 II
2026-10-05 22:52:47,128 INFO S7 zu wenig Stoff (0 Wörter aus 0 Quellen, Versuch 1/3): Das sind die 3 Mainz-Gewinner des Saison-Starts
2026-10-05 22:52:47,518 INFO S7 kein Volltext (too_short_26_words): HSV siegt gegen Kopenhagen und gewinnt viele wichtige Erkenn
2026-10-05 22:52:51,886 INFO S7 schreiben (Prio 2, 3 Quellen): HSV siegt gegen Kopenhagen und gewinnt viele wichtige Erkenn
2026-10-05 22:53:05,106 INFO S7.6 doppelt (Späte Tore von Amoako und Remberg: HSV schlägt Kop): HSV schlägt Kopenhagen 2:0, Sorgen um Poulsen
2026-10-05 22:53:07,479 INFO S7 schreiben (Prio 2, 3 Quellen): „Wenn Schalke anrufen sollte“: Ex-Talent aus der Knappenschm
2026-10-05 22:53:27,078 INFO   Kandidat: Schalke-Talent Gulasi nach Kreuzbandriss zurück
2026-10-05 22:53:27,875 INFO S7 kein Volltext (seite_zu_alt): „Macht‘s ihm möglich“: Schalke-Coach Muslic im Tanzduell mit
2026-10-05 22:53:28,906 ERROR lxml parsing failed: Document is empty
2026-10-05 22:53:28,906 ERROR lxml parser bytestring Document is empty
2026-10-05 22:53:28,907 ERROR lxml parsing failed: Document is empty
2026-10-05 22:53:28,907 ERROR lxml parser bytestring Document is empty
2026-10-05 22:53:28,907 ERROR empty HTML tree: None
2026-10-05 22:53:28,907 WARNING discarding data: None
2026-10-05 22:53:28,908 INFO S7 kein Volltext (trafilatura_returned_empty): FC Schalke 04
2026-10-05 22:53:30,959 INFO S7 schreiben (Prio 2, 1 Quellen): Die Schalke-Woche: Das plant S04 vor der schweren Aufgabe in
2026-10-05 22:53:42,771 INFO   Kandidat: Schalke vor Freiburg-Spiel: Drei 0:4-Pleiten in Serie im Bre
2026-10-05 22:53:46,732 INFO S7 schreiben (Prio 2, 2 Quellen): Klopp-Gewinner aus Freiburg: Philipp Treu und Derry Scherhan
2026-10-05 22:54:11,089 INFO   Kandidat: Treu und Scherhant: Freiburgs Gewinner im ersten Klopp-Block
2026-10-05 22:54:11,090 INFO S7 Abo-Deckel (12 Artikel) erreicht – Rest wartet auf den nächsten Lauf
2026-10-05 22:54:11,119 INFO FinalCheck SKIP: werder/{'felix agu', 'karl hein'} stage=verletzung bereits in Archiv
2026-10-05 22:54:11,128 INFO S9.5 FinalCheck: 11/12 durch
2026-10-05 22:54:12,328 INFO Veröffentlicht: Nach Dallinga-Schock: Köln prüft offenbar vereinslose Stürme
2026-10-05 22:54:12,437 INFO Veröffentlicht: Nach Schlag auf den Fuß: Werders Itten fehlt der Schweiz geg
2026-10-05 22:54:12,541 INFO Veröffentlicht: Chaos bei Ghana: Mensah kehrt vorzeitig zum 1. FC Köln zurüc
2026-10-05 22:54:12,647 INFO Veröffentlicht: Werder: Lynen „auf einem guten Weg“, Rückkehrtermin weiter o
2026-10-05 22:54:12,751 INFO Veröffentlicht: BVB und Kovač einig: Trainer soll bis 2029 verlängern
2026-10-05 22:54:12,857 INFO Veröffentlicht: Fans wählen Ebnoutalib zu Frankfurts Spieler des Monats Sept
2026-10-05 22:54:12,964 INFO Veröffentlicht: Doppelpack im Test: Hoeneß hofft bei Undav auf den „kleinen 
2026-10-05 22:54:13,070 INFO Veröffentlicht: Pejcinovic gelassen trotz Torflaute: „Da bin ich ehrlich“
2026-10-05 22:54:13,174 INFO Veröffentlicht: Schalke-Talent Gulasi nach Kreuzbandriss zurück
2026-10-05 22:54:13,279 INFO Veröffentlicht: Schalke vor Freiburg-Spiel: Drei 0:4-Pleiten in Serie im Bre
2026-10-05 22:54:13,384 INFO Veröffentlicht: Treu und Scherhant: Freiburgs Gewinner im ersten Klopp-Block
2026-10-05 22:54:13,420 INFO Reddit: Keine Credentials – übersprungen
2026-10-05 22:54:13,421 INFO Reddit: Keine Credentials – übersprungen
2026-10-05 22:54:13,421 INFO Reddit: Keine Credentials – übersprungen
2026-10-05 22:54:13,422 INFO Reddit: Keine Credentials – übersprungen
2026-10-05 22:54:13,422 INFO Reddit: Keine Credentials – übersprungen
2026-10-05 22:54:13,423 INFO Reddit: Keine Credentials – übersprungen
2026-10-05 22:54:13,423 INFO Reddit: Keine Credentials – übersprungen
2026-10-05 22:54:13,424 INFO Reddit: Keine Credentials – übersprungen
2026-10-05 22:54:13,424 INFO Reddit: Keine Credentials – übersprungen
2026-10-05 22:54:13,425 INFO Reddit: Keine Credentials – übersprungen
2026-10-05 22:54:13,425 INFO Reddit: Keine Credentials – übersprungen
2026-10-05 22:54:13,426 INFO 💶 Kosten: dieser Lauf 0.000 $ (Budget 0.108 $) | heute 0.72 $ | Monat 0.72 / 23 $ | konferenz (abo) 1× 0.000 $, schreiben (abo) 15× 0.000 $, dublette (abo) 11× 0.000 $
2026-10-05 22:54:13,474 INFO Feeds: 60/60 begonnen, nächster Lauf startet bei Nr. 0
2026-10-05 22:54:13,474 INFO URL-Cache gespeichert: 23861 URLs
2026-10-05 22:54:13,475 INFO === Fertig. 11 neue Artikel. feed.json: 1261 ===
2026-10-05 22:54:13,475 INFO Stats: {"ts": "20261005_2244", "ingested": 160, "s2_pre_filter": 46, "s3_relevance": 43, "s4_dedup_early": 0, "gesammelt": 69, "geschichten_neu": 50, "s5_archiv_doppelt": 1, "s5_zusammengefuehrt": 9, "s6_aussortiert": 0, "s7_geschrieben": 15, "s7_verworfen": 5, "s5_fulltext_fail": 30, "s8_qa_rejected": 1, "published": 11, "s5_ohne_bezug": 3, "s5_randthema": 3, "kosten": {"lauf_usd": 0.0, "lauf_budget_usd": 0.1079, "heute_usd": 0.7196, "monat_usd": 0.7196, "monatsbudget_usd": 23.0, "aufrufe": {"konferenz (abo)": {"anzahl": 1, "usd": 0.0}, "schreiben (abo)": {"anzahl": 15, "usd": 0.0}, "dublette (abo)": {"anzahl": 11, "usd": 0.0}}, "guthaben_leer": false, "abo": true}}
