2026-10-10 06:02:36,026 INFO 💶 Budget: dieser Lauf 0.104 $ | heute 0.00 $ | Monat 0.72 / 23 $
2026-10-10 06:02:36,470 INFO URL-Cache geladen: 32031 bekannte URLs (letzte 30 Tage)
2026-10-10 06:02:36,470 INFO === Ligaoutsider Generator startet – max. 50 Artikel ===
2026-10-10 06:02:36,470 INFO Feed: https://newsfeed.kicker.de/news/bundesliga
2026-10-10 06:02:36,569 INFO S1 Medienseite ohne Artikeltext: "Ein völlig neues Bremer Qualitätsmerkmal"
2026-10-10 06:02:36,569 INFO Feed: https://www.sportschau.de/fussball/bundesliga/index~rss2.xml
2026-10-10 06:02:37,194 INFO Feed: https://sportbild.bild.de/feed/sportbild-home.xml
2026-10-10 06:02:37,723 INFO S2 blacklist: Formel 1 in Singapur - Läuft das Rennen am Sonntag im Free-T
2026-10-10 06:02:37,724 INFO S2 blacklist: Mit Bayern, Wolfsburg und Mannheim - So sehen Sie Fußball he
2026-10-10 06:02:37,724 INFO Feed: https://www.bild.de/rss-feeds/rss-16725492,feed=fussball-mix.bild.html
2026-10-10 06:02:38,347 INFO BL-Spielerliste geladen: 1002 Namen
2026-10-10 06:02:38,389 INFO S3 keyword miss: Nürnberg vor Oben-Knaller - Justvan: „Wolfsburg hat mehr Dru
2026-10-10 06:02:38,389 INFO S2 blacklist: Er spielte für Erfurt und Chemnitz - Mergel legt sich vorm O
2026-10-10 06:02:38,505 INFO S3 keyword miss: Eine ist schwer verletzt - Wück verrät Stürmerinnen-Liste fü
2026-10-10 06:02:38,581 INFO S3 keyword miss: Vor dem 5. Spieltag - Drei Bundesliga-Trainer unter Druck!
2026-10-10 06:02:38,581 INFO Feed: https://www.11freunde.de/feed
2026-10-10 06:02:39,874 INFO Feed: https://www.bundesliga.com/de/bundesliga/news.rss
2026-10-10 06:02:40,015 INFO Feed: https://news.google.com/rss/topics/CAAqJggKIiBDQkFTRWdvSUwyMHZNRFp1ZEdvU0FtUmxHZ0pFUlNnQVAB?hl=de&gl=DE&ceid=DE:de
2026-10-10 06:02:40,641 INFO S2 blacklist: DFB-Frauen feiern 4:2 gegen Australien
2026-10-10 06:02:40,641 INFO S2 blacklist: "Mag dieses Verhalten nicht": Wu schießt gegen Zverev
2026-10-10 06:02:40,644 INFO S2 blacklist: Ronaldo meldet sich zurück
2026-10-10 06:02:40,647 INFO S2 kein BL-Klub im Titel: Premiere in Magdeburg: Wie viel Jugend traut sich Sandro Wag
2026-10-10 06:02:40,781 INFO S3 keyword miss: Erling Haaland gegen polnischen Handwerker vor Gericht: Wem 
2026-10-10 06:02:40,782 INFO S2 blacklist: Formel 1: Updates als Downdates - Mercedes wirkt ratlos
2026-10-10 06:02:40,783 INFO Feed: https://news.google.com/rss/search?q=Bundesliga+Testspiel+Ergebnis&hl=de&gl=DE&ceid=DE:de
2026-10-10 06:02:41,171 INFO Feed: https://news.google.com/rss/search?q=Bundesliga+Vorbereitung+Sommertour&hl=de&gl=DE&ceid=DE:de
2026-10-10 06:02:41,414 INFO Feed: https://news.google.com/rss/search?q=Bundesliga+Verletzung+Ausfall+gesperrt&hl=de&gl=DE&ceid=DE:de
2026-10-10 06:02:41,902 INFO Feed: https://news.google.com/rss/search?q=Bundesliga+Transfer+Wechsel+verpflichtet&hl=de&gl=DE&ceid=DE:de
2026-10-10 06:02:42,244 INFO Feed: https://news.google.com/rss/search?q=Bundesliga+Gerücht+Interesse+Angebot&hl=de&gl=DE&ceid=DE:de
2026-10-10 06:02:42,597 INFO Feed: https://news.google.com/rss/search?q=Bundesliga+Vertrag+verlängert+ablösefrei&hl=de&gl=DE&ceid=DE:de
2026-10-10 06:02:42,905 INFO Feed: https://news.google.com/rss/search?q=%22FC+Bayern%22+OR+%22Bayern+M%C3%BCnchen%22+when%3A1d&hl=de&gl=DE&ceid=DE:de
2026-10-10 06:02:43,397 INFO S2 blacklist: FC Augsburg vs. FC Bayern München live sehen: TV-Übertragung
2026-10-10 06:02:43,399 INFO S2 blacklist: Wer zeigt / überträgt Augsburg vs. Bayern München heute live
2026-10-10 06:02:43,487 INFO S3 keyword miss: 1,16 Milliarden Euro: Das ist der reichste Fußballverein der
2026-10-10 06:02:43,592 INFO Feed: https://news.google.com/rss/search?q=BVB+OR+%22Borussia+Dortmund%22+when%3A1d&hl=de&gl=DE&ceid=DE:de
2026-10-10 06:02:44,073 INFO Feed: https://news.google.com/rss/search?q=%22Bayer+Leverkusen%22+OR+%22Bayer+04%22+when%3A1d&hl=de&gl=DE&ceid=DE:de
2026-10-10 06:02:44,599 INFO S2 blacklist: Wer zeigt / überträgt Mainz 05 vs. Bayer Leverkusen heute li
2026-10-10 06:02:44,600 INFO S2 blacklist: Fußball-Vereine Frauen Freundschaftsspiele
2026-10-10 06:02:44,683 INFO S3 keyword miss: Jörg Böhme: Bilanz gegen Gegenspieler, Trainer & Vereine
2026-10-10 06:02:44,797 INFO S3 keyword miss: René Schneider: Bilanz gegen Gegenspieler, Trainer & Vereine
2026-10-10 06:02:44,880 INFO S3 keyword miss: Kevin-Prince Boateng: Bilanz gegen Gegenspieler, Trainer & V
2026-10-10 06:02:44,961 INFO S3 keyword miss: Hanno Balitsch: Bilanz gegen Gegenspieler, Trainer & Vereine
2026-10-10 06:02:45,043 INFO S3 keyword miss: Ingo Hertzsch: Bilanz gegen Gegenspieler, Trainer & Vereine
2026-10-10 06:02:45,126 INFO S3 keyword miss: Jörg Schmadtke: Bilanz gegen Gegenspieler, Trainer & Vereine
2026-10-10 06:02:45,160 INFO Feed: https://news.google.com/rss/search?q=%22RB+Leipzig%22+when%3A1d&hl=de&gl=DE&ceid=DE:de
2026-10-10 06:02:45,613 INFO S2 blacklist: Julian Nagelsmann: Rückkehr zu RB Leipzig?
2026-10-10 06:02:45,697 INFO S3 keyword miss: Spielplan UEFA Champions League 2026/27: Alle Spiele der Kön
2026-10-10 06:02:45,698 INFO S2 blacklist: Nagelsmann-Druck: Demichelis setzt auf Klopp-Effekt
2026-10-10 06:02:45,698 INFO S2 blacklist: Julian Nagelsmann: Bilanz als Trainer – Trainerduelle, Verei
2026-10-10 06:02:45,731 INFO Feed: https://news.google.com/rss/search?q=%22VfB+Stuttgart%22+when%3A1d&hl=de&gl=DE&ceid=DE:de
2026-10-10 06:02:46,208 INFO S2 blacklist: Paderborn vs. VfB Stuttgart live sehen: TV-Übertragung, Live
2026-10-10 06:02:46,209 INFO S2 blacklist: Wer zeigt / überträgt Paderborn vs. VfB Stuttgart heute live
2026-10-10 06:02:46,210 INFO S2 blacklist: Meppen vs. VfB Stuttgart II: Live-Stream, TV-Übertragung und
2026-10-10 06:02:46,211 INFO S2 blacklist: 5. Spieltag: SC Paderborn 07 - VfB Stuttgart - VfB Stuttgart
2026-10-10 06:02:46,213 INFO S2 Liveticker übersprungen: 3. Liga: SV Meppen - VfB Stuttgart II live im Ticker - Fußba
2026-10-10 06:02:46,296 INFO S3 keyword miss: Anatoliy Tymoshchuk: Bilanz gegen Gegenspieler, Trainer & Ve
2026-10-10 06:02:46,448 INFO S3 keyword miss: Pierre Littbarski: Bilanz gegen Gegenspieler, Trainer & Vere
2026-10-10 06:02:46,450 INFO Feed: https://news.google.com/rss/search?q=%22Eintracht+Frankfurt%22+when%3A1d&hl=de&gl=DE&ceid=DE:de
2026-10-10 06:02:47,112 INFO S3 keyword miss: Jaroslav Drobný: Bilanz gegen Gegenspieler, Trainer & Verein
2026-10-10 06:02:47,255 INFO S3 keyword miss: Thomas Doll: Bilanz als Trainer & Spieler – Gegner, Trainerd
2026-10-10 06:02:47,255 INFO Feed: https://news.google.com/rss/search?q=Gladbach+OR+%22Borussia+M%C3%B6nchengladbach%22+when%3A1d&hl=de&gl=DE&ceid=DE:de
2026-10-10 06:02:47,817 INFO S3 keyword miss: Alexander Blessin: "das Glas ist immer halb voll"
2026-10-10 06:02:47,832 INFO S2 blacklist: Kesim trifft dreimal: RWO ohne Problem in Bergisch Gladbach 
2026-10-10 06:02:47,916 INFO S3 keyword miss: Aarón Martín: Bilanz gegen Gegenspieler, Trainer & Vereine
2026-10-10 06:02:48,002 INFO S3 keyword miss: Fußball Bundesliga: Düsseldorf gegen Duisburg - Ergebnisse -
2026-10-10 06:02:48,002 INFO Feed: https://news.google.com/rss/search?q=%22SC+Freiburg%22+when%3A1d&hl=de&gl=DE&ceid=DE:de
2026-10-10 06:02:48,451 INFO S2 blacklist: Der SC Freiburg trifft beim Neustart nach der Länderspielpau
2026-10-10 06:02:48,536 INFO S3 keyword miss: Conference League Spielplan
2026-10-10 06:02:48,619 INFO S3 keyword miss: Conference League Spielplan
2026-10-10 06:02:48,701 INFO S3 keyword miss: Conference League Spielplan
2026-10-10 06:02:48,783 INFO S3 keyword miss: Viktoria Schwalm: Bilanz gegen Gegenspieler, Trainer & Verei
2026-10-10 06:02:48,866 INFO S3 keyword miss: Alicia-Sophie Gudorf: Bilanz gegen Gegenspieler, Trainer & V
2026-10-10 06:02:48,947 INFO S3 keyword miss: Julia Stierli: Bilanz gegen Gegenspieler, Trainer & Vereine
2026-10-10 06:02:48,948 INFO Feed: https://news.google.com/rss/search?q=Hoffenheim+when%3A1d&hl=de&gl=DE&ceid=DE:de
2026-10-10 06:02:49,446 INFO S2 blacklist: Wer zeigt / überträgt Hoffenheim vs. Hamburger SV heute live
2026-10-10 06:02:49,447 INFO S2 blacklist: Fußball Bundesliga Frauen: Hoffenheim gegen Hamburg - Übersi
2026-10-10 06:02:49,448 INFO S2 blacklist: Hoffenheim-Coach schimpft auf XXL-Länderspielpause
2026-10-10 06:02:49,451 INFO S2 blacklist: Fußball 3. Liga: Ingolstadt gegen Hoffenheim II - Ergebnisse
2026-10-10 06:02:49,567 INFO S3 keyword miss: Giovanni Reyna: Bilanz gegen Gegenspieler, Trainer & Vereine
2026-10-10 06:02:49,569 INFO Feed: https://news.google.com/rss/search?q=%22Mainz+05%22+when%3A1d&hl=de&gl=DE&ceid=DE:de
2026-10-10 06:02:50,036 INFO S3 keyword miss: Jhon Córdoba: Bilanz gegen Gegenspieler, Trainer & Vereine
2026-10-10 06:02:50,119 INFO S3 keyword miss: Fabian Schonheim: Bilanz gegen Gegenspieler, Trainer & Verei
2026-10-10 06:02:50,200 INFO S3 keyword miss: Jean-Mattéo Bahoya: Bilanz gegen Gegenspieler, Trainer & Ver
2026-10-10 06:02:50,201 INFO Feed: https://news.google.com/rss/search?q=%22FC+Augsburg%22+when%3A1d&hl=de&gl=DE&ceid=DE:de
2026-10-10 06:02:50,748 INFO Feed: https://news.google.com/rss/search?q=%22Union+Berlin%22+when%3A1d&hl=de&gl=DE&ceid=DE:de
2026-10-10 06:02:51,228 INFO S2 blacklist: Union Berlin vs. Elversberg live: TV-Übertragung, Livestream
2026-10-10 06:02:51,228 INFO S2 blacklist: Wer zeigt / überträgt Union Berlin vs. Elversberg heute live
2026-10-10 06:02:51,231 INFO S2 blacklist: Mauro Lustrinelli über sein Leben in Berlin: «Im Vergleich z
2026-10-10 06:02:51,231 INFO S2 blacklist: DFB terminiert zweite Pokalrunde – diese Spiele laufen im Fr
2026-10-10 06:02:51,349 INFO S3 keyword miss: Die Bundesliga im LIVE-STREAM auf DAZN: Diese Spiele zeigt d
2026-10-10 06:02:51,430 INFO S3 keyword miss: Steven Skrzybski: Bilanz gegen Gegenspieler, Trainer & Verei
2026-10-10 06:02:51,430 INFO Feed: https://news.google.com/rss/search?q=%22Werder+Bremen%22+when%3A1d&hl=de&gl=DE&ceid=DE:de
2026-10-10 06:02:51,970 INFO S2 blacklist: 0:0 gegen Delmenhorst: Dominante U23 muss sich mit Remis beg
2026-10-10 06:02:52,043 INFO Feed: https://news.google.com/rss/search?q=HSV+OR+%22Hamburger+SV%22+when%3A1d&hl=de&gl=DE&ceid=DE:de
2026-10-10 06:02:52,530 INFO S3 keyword miss: Björn Andersson: Bilanz gegen Gegenspieler, Trainer & Verein
2026-10-10 06:02:52,531 INFO Feed: https://news.google.com/rss/search?q=%221.+FC+K%C3%B6ln%22+OR+%22FC+K%C3%B6ln%22+when%3A1d&hl=de&gl=DE&ceid=DE:de
2026-10-10 06:02:53,018 INFO S2 blacklist: Sara Agrež: Saison-Stats Frauen-Bundesliga 2024/25 im Ligave
2026-10-10 06:02:53,104 INFO S3 keyword miss: Hans Tilkowski: Bilanz als Trainer & Spieler – Gegner, Train
2026-10-10 06:02:53,104 INFO Feed: https://news.google.com/rss/search?q=Schalke+when%3A1d&hl=de&gl=DE&ceid=DE:de
2026-10-10 06:02:53,576 INFO Feed: https://news.google.com/rss/search?q=Elversberg+when%3A1d&hl=de&gl=DE&ceid=DE:de
2026-10-10 06:02:54,029 INFO S3 keyword miss: Alexander Nollenberger: Bilanz gegen Gegenspieler, Trainer &
2026-10-10 06:02:54,110 INFO S3 keyword miss: John Iredale: Bilanz gegen Gegenspieler, Trainer & Vereine
2026-10-10 06:02:54,192 INFO S3 keyword miss: Bastian Allgeier: Bilanz gegen Gegenspieler, Trainer & Verei
2026-10-10 06:02:54,279 INFO S3 keyword miss: Tobias Schweinsteiger: Bilanz als Trainer & Spieler – Gegner
2026-10-10 06:02:54,279 INFO Feed: https://news.google.com/rss/search?q=%22SC+Paderborn%22+when%3A1d&hl=de&gl=DE&ceid=DE:de
2026-10-10 06:02:54,641 INFO S2 blacklist: Nach Schüller-Ausfall: Martinez stößt zum DFB-Team
2026-10-10 06:02:54,724 INFO S3 keyword miss: 0:1 in Braunschweig: Kieler Sieglos-Serie geht weiter
2026-10-10 06:02:54,806 INFO S3 keyword miss: Luca Itter: Bilanz gegen Gegenspieler, Trainer & Vereine
2026-10-10 06:02:54,807 INFO Feed: https://www.transfermarkt.de/rss/news
2026-10-10 06:02:54,844 INFO Feed: https://www.waz.de/sport/fussball/rss
2026-10-10 06:02:55,366 INFO Feed: https://www.faz.net/rss/aktuell/sport/fussball/bundesliga/
2026-10-10 06:02:56,034 INFO Feed: https://bulinews.com/rss.xml
2026-10-10 06:02:56,625 INFO Feed: https://www.abendblatt.de/sport/rss
2026-10-10 06:02:57,025 INFO Feed: https://www.merkur.de/sport/fc-bayern/rssfeed.rdf
2026-10-10 06:02:57,725 INFO Feed: https://www.eyefootball.com/rss_news_main.xml
2026-10-10 06:02:58,246 INFO Feed: https://www.ligaportal.at/international/deutsche-bundesliga?format=feed&type=rss
2026-10-10 06:03:01,171 INFO Feed: https://www.reddit.com/r/soccer/new.rss?limit=100
2026-10-10 06:03:02,440 INFO S3 keyword miss: 21 years in the making: South Melbourne face Melbourne Victo
2026-10-10 06:03:02,524 INFO S3 keyword miss: Roda JC's Mitchel Paulissen calls for a penalty after taking
2026-10-10 06:03:02,528 INFO S2 kein BL-Klub im Titel: Heidenheim fans unveil Lord of the Rings tifo v. Kaiserslaut
2026-10-10 06:03:02,627 INFO S3 keyword miss: European Cup (Champions League) editions in the 1970s
2026-10-10 06:03:02,714 INFO S3 keyword miss: Daily Discussion | October 10, 2026
2026-10-10 06:03:02,794 INFO S3 keyword miss: Instituto 1 - [1] Boca Juniors - Enner Valencia 23'
2026-10-10 06:03:02,795 INFO Feed: https://newsfeed.kicker.de/team/fc-bayern-muenchen
2026-10-10 06:03:03,001 INFO Feed: https://newsfeed.kicker.de/team/borussia-dortmund
2026-10-10 06:03:03,204 INFO Feed: https://newsfeed.kicker.de/team/rb-leipzig
2026-10-10 06:03:03,415 INFO Feed: https://newsfeed.kicker.de/team/bayer-04-leverkusen
2026-10-10 06:03:03,622 INFO Feed: https://newsfeed.kicker.de/team/vfb-stuttgart
2026-10-10 06:03:03,679 INFO Feed: https://newsfeed.kicker.de/team/eintracht-frankfurt
2026-10-10 06:03:03,995 INFO Feed: https://newsfeed.kicker.de/team/bor-moenchengladbach
2026-10-10 06:03:04,046 INFO Feed: https://newsfeed.kicker.de/team/sc-freiburg
2026-10-10 06:03:04,253 INFO Feed: https://newsfeed.kicker.de/team/tsg-hoffenheim
2026-10-10 06:03:04,460 INFO Feed: https://newsfeed.kicker.de/team/1-fsv-mainz-05
2026-10-10 06:03:04,680 INFO Feed: https://newsfeed.kicker.de/team/fc-augsburg
2026-10-10 06:03:04,883 INFO Feed: https://newsfeed.kicker.de/team/1-fc-union-berlin
2026-10-10 06:03:05,090 INFO Feed: https://newsfeed.kicker.de/team/werder-bremen
2026-10-10 06:03:05,373 INFO Feed: https://newsfeed.kicker.de/team/hamburger-sv
2026-10-10 06:03:05,579 INFO Feed: https://newsfeed.kicker.de/team/1-fc-koeln
2026-10-10 06:03:05,848 INFO Feed: https://newsfeed.kicker.de/team/fc-schalke-04
2026-10-10 06:03:06,052 INFO Feed: https://newsfeed.kicker.de/team/sv-elversberg
2026-10-10 06:03:06,362 INFO Feed: https://newsfeed.kicker.de/team/sc-paderborn-07
2026-10-10 06:03:06,578 INFO Feed: https://newsfeed.kicker.de/news/champions-league
2026-10-10 06:03:06,781 INFO Feed: ligainsider:themen
2026-10-10 06:03:31,013 INFO LigaInsider (Themenfinder): 154 Meldungen von 18 Vereinsseiten
2026-10-10 06:03:31,015 INFO Eingelesen: 128 Schlagzeilen nach den Gratis-Filtern
2026-10-10 06:03:32,967 INFO S5 kein Bundesliga-Spieler oder -Klub erkennbar: Probleme bei Fortunas Top-Spieler - Was Müller noch zum echten Ende-St
2026-10-10 06:03:32,972 INFO S5 schon berichtet (Füllkrug rettet Werder spät einen Punkt in Do): Borussia Dortmund 2:2 Werder Bremen: Füllkrug beendet makell
2026-10-10 06:03:32,987 INFO S5: 71 neue Geschichten, 1 schon berichtet, 0 zu wartenden Geschichten ergänzt, 22 warten
2026-10-10 06:04:54,659 WARNING discarding data: None
2026-10-10 06:04:54,660 INFO S7 kein Volltext (trafilatura_returned_empty): FC Bayern legt XXL-Preisschild fest
2026-10-10 06:04:54,660 INFO S7 zu wenig Stoff (0 Wörter aus 0 Quellen, Versuch 3/3): FC Bayern legt XXL-Preisschild fest
2026-10-10 06:04:59,167 INFO S7 kein Volltext (seite_zu_alt): Fußball Conference League: Trabzon gegen Freiburg - Übersich
2026-10-10 06:04:59,167 INFO S7 zu wenig Stoff (0 Wörter aus 0 Quellen, Versuch 3/3): Fußball Conference League: Trabzon gegen Freiburg - Übersich
2026-10-10 06:04:59,451 WARNING discarding data: None
2026-10-10 06:04:59,452 INFO S7 kein Volltext (trafilatura_returned_empty): Wann steht Jamal Musiala wieder auf dem Platz? Potenzielles 
2026-10-10 06:04:59,452 INFO S7 zu wenig Stoff (0 Wörter aus 0 Quellen, Versuch 3/3): Wann steht Jamal Musiala wieder auf dem Platz? Potenzielles 
2026-10-10 06:05:00,845 INFO S7 kein Volltext (likely_paywall): “Proud” Thioune hails Bremen’s resilience as Hein shares del
2026-10-10 06:05:00,845 INFO S7 zu wenig Stoff (0 Wörter aus 0 Quellen, Versuch 2/3): “Proud” Thioune hails Bremen’s resilience as Hein shares del
2026-10-10 06:05:00,899 ERROR lxml parsing failed: Document is empty
2026-10-10 06:05:00,899 ERROR lxml parser bytestring Document is empty
2026-10-10 06:05:00,900 ERROR lxml parsing failed: Document is empty
2026-10-10 06:05:00,900 ERROR lxml parser bytestring Document is empty
2026-10-10 06:05:00,900 ERROR empty HTML tree: None
2026-10-10 06:05:00,900 WARNING discarding data: None
2026-10-10 06:05:00,901 INFO S7 kein Volltext (trafilatura_returned_empty): Füllkrug: "Da kommt der Champions-League-Fülle raus"
2026-10-10 06:05:00,901 INFO S7 zu wenig Stoff (0 Wörter aus 0 Quellen, Versuch 2/3): Füllkrug: "Da kommt der Champions-League-Fülle raus"
2026-10-10 06:05:00,928 ERROR lxml parsing failed: Document is empty
2026-10-10 06:05:00,928 ERROR lxml parser bytestring Document is empty
2026-10-10 06:05:00,929 ERROR lxml parsing failed: Document is empty
2026-10-10 06:05:00,929 ERROR lxml parser bytestring Document is empty
2026-10-10 06:05:00,929 ERROR empty HTML tree: None
2026-10-10 06:05:00,929 WARNING discarding data: None
2026-10-10 06:05:00,929 INFO S7 kein Volltext (trafilatura_returned_empty): "Wir hatten alles im Griff": Schlotterbeck schwankt zwischen
2026-10-10 06:05:00,930 INFO S7 zu wenig Stoff (0 Wörter aus 0 Quellen, Versuch 2/3): "Wir hatten alles im Griff": Schlotterbeck schwankt zwischen
2026-10-10 06:05:01,739 INFO S7 kein Volltext (too_short_4_words): "Es war eine gute Nacht für uns"
2026-10-10 06:05:01,739 INFO S7 zu wenig Stoff (0 Wörter aus 0 Quellen, Versuch 2/3): "Es war eine gute Nacht für uns"
2026-10-10 06:05:03,165 INFO S7 kein Volltext (too_short_46_words): Werder-Held Füllkrug: "Wir glauben immer dran"
2026-10-10 06:05:03,165 INFO S7 zu wenig Stoff (0 Wörter aus 0 Quellen, Versuch 2/3): Werder-Held Füllkrug: "Wir glauben immer dran"
2026-10-10 06:05:03,918 INFO S7 kein Volltext (seite_zu_alt): «Gänsehaut»: Paderborn-Trainer trifft auf Lieblingsteam
2026-10-10 06:05:03,918 INFO S7 zu wenig Stoff (0 Wörter aus 0 Quellen, Versuch 2/3): «Gänsehaut»: Paderborn-Trainer trifft auf Lieblingsteam
2026-10-10 06:05:04,216 ERROR lxml parsing failed: Document is empty
2026-10-10 06:05:04,216 ERROR lxml parser bytestring Document is empty
2026-10-10 06:05:04,217 ERROR lxml parsing failed: Document is empty
2026-10-10 06:05:04,217 ERROR lxml parser bytestring Document is empty
2026-10-10 06:05:04,217 ERROR empty HTML tree: None
2026-10-10 06:05:04,217 WARNING discarding data: None
2026-10-10 06:05:04,218 INFO S7 kein Volltext (trafilatura_returned_empty): Bei Mainz hat für Fischer das Gefühl gepasst
2026-10-10 06:05:04,218 INFO S7 zu wenig Stoff (0 Wörter aus 0 Quellen, Versuch 3/3): Bei Mainz hat für Fischer das Gefühl gepasst
2026-10-10 06:05:05,134 INFO S7 kein Volltext (seite_zu_alt): Sat.1 NRW - Trainerdebüt im Derby: Köln empfängt Mönchenglad
2026-10-10 06:05:05,134 INFO S7 zu wenig Stoff (0 Wörter aus 0 Quellen, Versuch 3/3): Sat.1 NRW - Trainerdebüt im Derby: Köln empfängt Mönchenglad
2026-10-10 06:05:05,412 WARNING discarding data: None
2026-10-10 06:05:05,413 INFO S7 kein Volltext (trafilatura_returned_empty): Klassenerhalt für Schalke? Das traut Klaus Fischer seinem Ve
2026-10-10 06:05:05,413 INFO S7 zu wenig Stoff (0 Wörter aus 0 Quellen, Versuch 3/3): Klassenerhalt für Schalke? Das traut Klaus Fischer seinem Ve
2026-10-10 06:05:06,840 INFO S7 kein Volltext (too_short_43_words): "Unser einziges Ziel ist, dass die Gladbacher bei null Punkt
2026-10-10 06:05:06,840 INFO S7 zu wenig Stoff (0 Wörter aus 0 Quellen, Versuch 2/3): "Unser einziges Ziel ist, dass die Gladbacher bei null Punkt
2026-10-10 06:05:07,131 INFO S7 kein Volltext (too_short_4_words): Vorbericht vor dem Highlightspiel gegen den Hamburger SV: De
2026-10-10 06:05:07,131 INFO S7 zu wenig Stoff (0 Wörter aus 0 Quellen, Versuch 3/3): Vorbericht vor dem Highlightspiel gegen den Hamburger SV: De
2026-10-10 06:05:07,442 WARNING discarding data: None
2026-10-10 06:05:07,443 INFO S7 kein Volltext (trafilatura_returned_empty): FC Bayern reist schon am Freitag nach Augsburg: Das steckt d
2026-10-10 06:05:07,443 INFO S7 zu wenig Stoff (0 Wörter aus 0 Quellen, Versuch 3/3): FC Bayern reist schon am Freitag nach Augsburg: Das steckt d
2026-10-10 06:05:07,880 ERROR lxml parsing failed: Document is empty
2026-10-10 06:05:07,880 ERROR lxml parser bytestring Document is empty
2026-10-10 06:05:07,880 ERROR lxml parsing failed: Document is empty
2026-10-10 06:05:07,880 ERROR lxml parser bytestring Document is empty
2026-10-10 06:05:07,880 ERROR empty HTML tree: None
2026-10-10 06:05:07,880 WARNING discarding data: None
2026-10-10 06:05:07,881 INFO S7 kein Volltext (trafilatura_returned_empty): Unruhe um Kölns Wagner: „Nehme ich natürlich wahr“ – 5 Train
2026-10-10 06:05:07,881 INFO S7 zu wenig Stoff (0 Wörter aus 0 Quellen, Versuch 3/3): Unruhe um Kölns Wagner: „Nehme ich natürlich wahr“ – 5 Train
2026-10-10 06:05:08,287 ERROR lxml parsing failed: Document is empty
2026-10-10 06:05:08,287 ERROR lxml parser bytestring Document is empty
2026-10-10 06:05:08,287 ERROR lxml parsing failed: Document is empty
2026-10-10 06:05:08,287 ERROR lxml parser bytestring Document is empty
2026-10-10 06:05:08,287 ERROR empty HTML tree: None
2026-10-10 06:05:08,287 WARNING discarding data: None
2026-10-10 06:05:08,288 INFO S7 kein Volltext (trafilatura_returned_empty): "Dickes Ausrufezeichen" von Schalke und "ein ganz, ganz klei
2026-10-10 06:05:08,288 INFO S7 zu wenig Stoff (0 Wörter aus 0 Quellen, Versuch 3/3): "Dickes Ausrufezeichen" von Schalke und "ein ganz, ganz klei
2026-10-10 06:05:09,301 INFO S7 kein Volltext (too_short_12_words): Köln gewinnt, weil es das Derby ist - 1. FC Köln - Sport
2026-10-10 06:05:09,301 INFO S7 zu wenig Stoff (0 Wörter aus 0 Quellen, Versuch 3/3): Köln gewinnt, weil es das Derby ist - 1. FC Köln - Sport
2026-10-10 06:05:10,827 INFO S7 kein Volltext (too_short_49_words): Bayern gegen Augsburg - da war doch was?
2026-10-10 06:05:10,827 INFO S7 zu wenig Stoff (0 Wörter aus 0 Quellen, Versuch 3/3): Bayern gegen Augsburg - da war doch was?
2026-10-10 06:05:11,457 INFO S7 kein Volltext (too_short_45_words): Ilzer vor dem Duell mit dem HSV
2026-10-10 06:05:11,457 INFO S7 zu wenig Stoff (0 Wörter aus 0 Quellen, Versuch 2/3): Ilzer vor dem Duell mit dem HSV
2026-10-10 06:05:11,926 INFO S7 kein Volltext (too_short_45_words): Wagners Aussagen vor dem Duell gegen Gladbach
2026-10-10 06:05:11,926 INFO S7 zu wenig Stoff (0 Wörter aus 0 Quellen, Versuch 2/3): Wagners Aussagen vor dem Duell gegen Gladbach
2026-10-10 06:05:12,412 INFO S7 kein Volltext (too_short_45_words): Kompany über Musiala, Augsburg und die Pause
2026-10-10 06:05:12,412 INFO S7 zu wenig Stoff (0 Wörter aus 0 Quellen, Versuch 2/3): Kompany über Musiala, Augsburg und die Pause
2026-10-10 06:05:12,425 INFO S9.5 FinalCheck: 0/0 durch
2026-10-10 06:05:12,487 INFO 💶 Kosten: dieser Lauf 0.000 $ (Budget 0.104 $) | heute 0.00 $ | Monat 0.72 / 23 $ | konferenz (abo) 1× 0.000 $
2026-10-10 06:05:12,487 INFO 🎫 Abo-Verbrauch: 6,847 Tokens rein (davon Cache gelesen 0), 9,597 raus, API-Gegenwert 0.06 $ | konferenz 1×: 6,847/9,597
2026-10-10 06:05:12,552 INFO Feeds: 60/60 begonnen, nächster Lauf startet bei Nr. 0
2026-10-10 06:05:12,552 INFO URL-Cache gespeichert: 32296 URLs
2026-10-10 06:05:12,553 INFO === Fertig. 0 neue Artikel. feed.json: 1507 ===
2026-10-10 06:05:12,553 INFO Stats: {"ts": "20261010_0601", "ingested": 263, "s2_pre_filter": 90, "s3_relevance": 44, "s4_dedup_early": 0, "gesammelt": 128, "geschichten_neu": 71, "s5_archiv_doppelt": 1, "s5_zusammengefuehrt": 0, "s6_aussortiert": 0, "s7_geschrieben": 0, "s7_verworfen": 0, "s5_fulltext_fail": 22, "s8_qa_rejected": 0, "published": 0, "s5_ohne_bezug": 1, "kosten": {"lauf_usd": 0.0, "lauf_budget_usd": 0.1036, "heute_usd": 0.0, "monat_usd": 0.7196, "monatsbudget_usd": 23.0, "aufrufe": {"konferenz (abo)": {"anzahl": 1, "usd": 0.0}}, "guthaben_leer": false, "abo": true, "abo_tokens": {"konferenz": {"aufrufe": 1, "ein": 10, "cache_schreiben": 6837, "cache_lesen": 0, "aus": 9597, "api_wert_usd": 0.0617}}}}
