2026-10-08 21:02:17,647 INFO 💶 Budget: dieser Lauf 0.065 $ | heute 0.00 $ | Monat 0.72 / 23 $
2026-10-08 21:02:18,090 INFO URL-Cache geladen: 29229 bekannte URLs (letzte 30 Tage)
2026-10-08 21:02:18,090 INFO === Ligaoutsider Generator startet – max. 50 Artikel ===
2026-10-08 21:02:18,090 INFO Feed: https://newsfeed.kicker.de/news/bundesliga
2026-10-08 21:02:18,359 INFO Feed: https://www.sportschau.de/fussball/bundesliga/index~rss2.xml
2026-10-08 21:02:18,886 INFO Feed: https://sportbild.bild.de/feed/sportbild-home.xml
2026-10-08 21:02:19,326 INFO BL-Spielerliste geladen: 1002 Namen
2026-10-08 21:02:19,425 INFO S3 keyword miss: Bei Gidsel-Show - Füchse-Star braucht 8 Sekunden zum Comebac
2026-10-08 21:02:19,485 INFO S3 keyword miss: Eine Woche nach Portugal-Knall - Jetzt spricht Ronaldos Mutt
2026-10-08 21:02:19,546 INFO S3 keyword miss: Spiel in Liverpool wird „brutal“ - Kontroverse Entscheidung 
2026-10-08 21:02:19,609 INFO S3 keyword miss: Superstar war wenig beeindruckt … - Messi und der Schiri – k
2026-10-08 21:02:19,609 INFO S2 blacklist: HSV-Star über Randale in der Nations League - „Schlimmstes S
2026-10-08 21:02:19,610 INFO Feed: https://www.bild.de/rss-feeds/rss-16725492,feed=fussball-mix.bild.html
2026-10-08 21:02:20,199 INFO S3 keyword miss: Großer Zoff in der Nationalelf - Ronaldos Mama klagt: „Sie w
2026-10-08 21:02:20,200 INFO Feed: https://www.11freunde.de/feed
2026-10-08 21:02:21,242 INFO Feed: https://www.bundesliga.com/de/bundesliga/news.rss
2026-10-08 21:02:21,920 INFO Feed: https://news.google.com/rss/topics/CAAqJggKIiBDQkFTRWdvSUwyMHZNRFp1ZEdvU0FtUmxHZ0pFUlNnQVAB?hl=de&gl=DE&ceid=DE:de
2026-10-08 21:02:22,862 INFO S3 keyword miss: UEFA stellt Reformen vor: Gegenkandidat lässt auf sich warte
2026-10-08 21:02:22,987 INFO S3 keyword miss: Aufgeflogen: Strecke abgekürzt und mit dem Rad gefahren – In
2026-10-08 21:02:22,988 INFO S2 blacklist: Eissschnelllauf-Eklat bei DESG: "Sind erschüttert"
2026-10-08 21:02:23,143 INFO S3 keyword miss: Haaland reagiert auf Manchester Citys Finanz-Skandal
2026-10-08 21:02:23,298 INFO S3 keyword miss: Feller exklusiv: "Habe den Zug fast an die Wand gefahren"
2026-10-08 21:02:23,299 INFO S2 blacklist: Weniger Slalom? Shiffrin erklärt überraschende Entscheidung
2026-10-08 21:02:23,373 INFO S3 keyword miss: Fred Vasseur/Ferrari rechnet mit klaren Worten ab: «Das scha
2026-10-08 21:02:23,485 INFO S3 keyword miss: Christoph Kramer schätzt sein Pokémon-Vermögen auf 400.000 E
2026-10-08 21:02:23,486 INFO S2 blacklist: „Sky“: Nagelsmann im Blickfeld von Leipzig – Demichelis hat 
2026-10-08 21:02:23,486 INFO Feed: https://news.google.com/rss/search?q=Bundesliga+Testspiel+Ergebnis&hl=de&gl=DE&ceid=DE:de
2026-10-08 21:02:24,018 INFO Feed: https://news.google.com/rss/search?q=Bundesliga+Vorbereitung+Sommertour&hl=de&gl=DE&ceid=DE:de
2026-10-08 21:02:24,456 INFO Feed: https://news.google.com/rss/search?q=Bundesliga+Verletzung+Ausfall+gesperrt&hl=de&gl=DE&ceid=DE:de
2026-10-08 21:02:25,048 INFO Feed: https://news.google.com/rss/search?q=Bundesliga+Transfer+Wechsel+verpflichtet&hl=de&gl=DE&ceid=DE:de
2026-10-08 21:02:25,624 INFO Feed: https://news.google.com/rss/search?q=Bundesliga+Gerücht+Interesse+Angebot&hl=de&gl=DE&ceid=DE:de
2026-10-08 21:02:26,133 INFO Feed: https://news.google.com/rss/search?q=Bundesliga+Vertrag+verlängert+ablösefrei&hl=de&gl=DE&ceid=DE:de
2026-10-08 21:02:26,570 INFO Feed: https://news.google.com/rss/search?q=%22FC+Bayern%22+OR+%22Bayern+M%C3%BCnchen%22+when%3A1d&hl=de&gl=DE&ceid=DE:de
2026-10-08 21:02:27,344 INFO S2 blacklist: FC Bayern Basketball: Wer zeigt das EuroLeague-Spiel gegen V
2026-10-08 21:02:27,344 INFO S2 blacklist: Vertragsverlängerungen bei Kane und Olise? Das sagt Rummenig
2026-10-08 21:02:27,345 INFO S2 Liveticker übersprungen: Liveticker FC Bayern München - Virtus Bologna | 4. Spieltag,
2026-10-08 21:02:27,347 INFO S2 blacklist: FC Bayern München - Kader im Detail 68/69 (Galerie) | Seite 
2026-10-08 21:02:27,347 INFO Feed: https://news.google.com/rss/search?q=BVB+OR+%22Borussia+Dortmund%22+when%3A1d&hl=de&gl=DE&ceid=DE:de
2026-10-08 21:02:28,112 INFO Feed: https://news.google.com/rss/search?q=%22Bayer+Leverkusen%22+OR+%22Bayer+04%22+when%3A1d&hl=de&gl=DE&ceid=DE:de
2026-10-08 21:02:28,600 INFO Feed: https://news.google.com/rss/search?q=%22RB+Leipzig%22+when%3A1d&hl=de&gl=DE&ceid=DE:de
2026-10-08 21:02:29,138 INFO S2 blacklist: Nach DFB-Aus: Julian Nagelsmann vor Rückkehr?
2026-10-08 21:02:29,138 INFO S2 blacklist: Julian Nagelsmann ist angeblich einer spektakulären Rückkehr
2026-10-08 21:02:29,196 INFO Feed: https://news.google.com/rss/search?q=%22VfB+Stuttgart%22+when%3A1d&hl=de&gl=DE&ceid=DE:de
2026-10-08 21:02:29,965 INFO S2 blacklist: VfB Stuttgart U19
2026-10-08 21:02:29,965 INFO S2 blacklist: VfB Stuttgart U19
2026-10-08 21:02:29,966 INFO Feed: https://news.google.com/rss/search?q=%22Eintracht+Frankfurt%22+when%3A1d&hl=de&gl=DE&ceid=DE:de
2026-10-08 21:02:30,545 INFO Feed: https://news.google.com/rss/search?q=Gladbach+OR+%22Borussia+M%C3%B6nchengladbach%22+when%3A1d&hl=de&gl=DE&ceid=DE:de
2026-10-08 21:02:31,291 INFO S3 keyword miss: Nostalgie als Investment: Christoph Kramer hält seine Pokémo
2026-10-08 21:02:31,296 INFO S2 blacklist: Neuhaus: Gladbach plant mit ihm wieder im Derby
2026-10-08 21:02:31,297 INFO Feed: https://news.google.com/rss/search?q=%22SC+Freiburg%22+when%3A1d&hl=de&gl=DE&ceid=DE:de
2026-10-08 21:02:31,776 INFO S2 blacklist: Elvin Kovac - Gemeinsame Spiele | Seite 5
2026-10-08 21:02:31,777 INFO Feed: https://news.google.com/rss/search?q=Hoffenheim+when%3A1d&hl=de&gl=DE&ceid=DE:de
2026-10-08 21:02:32,292 INFO S2 kein BL-Klub im Titel: MSV Duisburg: Lobinger genau rechtzeitig zurück, gute Erinne
2026-10-08 21:02:32,359 INFO S3 keyword miss: Bundesliga-Prognose: Vorhersage & Tipps zum 5. Spieltag 26/2
2026-10-08 21:02:32,359 INFO Feed: https://news.google.com/rss/search?q=%22Mainz+05%22+when%3A1d&hl=de&gl=DE&ceid=DE:de
2026-10-08 21:02:32,911 INFO S3 keyword miss: Kasper Hjulmand
2026-10-08 21:02:32,912 INFO Feed: https://news.google.com/rss/search?q=%22FC+Augsburg%22+when%3A1d&hl=de&gl=DE&ceid=DE:de
2026-10-08 21:02:33,544 INFO S3 keyword miss: Werner Killmaier
2026-10-08 21:02:33,546 INFO Feed: https://news.google.com/rss/search?q=%22Union+Berlin%22+when%3A1d&hl=de&gl=DE&ceid=DE:de
2026-10-08 21:02:34,043 INFO S2 blacklist: 5. Spieltag: 1.FC Union Berlin - SV 07 Elversberg - SV Elver
2026-10-08 21:02:34,044 INFO S2 blacklist: „Ich habe jeden Tag genossen“ – SVE-Spieler berichten von ih
2026-10-08 21:02:34,045 INFO Feed: https://news.google.com/rss/search?q=%22Werder+Bremen%22+when%3A1d&hl=de&gl=DE&ceid=DE:de
2026-10-08 21:02:34,618 INFO S2 blacklist: Füllkrug? „Schielt mit beiden Augen Richtung Nationalmannsch
2026-10-08 21:02:34,618 INFO Feed: https://news.google.com/rss/search?q=HSV+OR+%22Hamburger+SV%22+when%3A1d&hl=de&gl=DE&ceid=DE:de
2026-10-08 21:02:35,190 INFO S3 keyword miss: „Schlimmstes Spiel meiner Karriere“
2026-10-08 21:02:35,194 INFO S2 blacklist: Hamburger SV - Kader im Detail 55/56 (Galerie) | Seite 6
2026-10-08 21:02:35,195 INFO S2 blacklist: Hamburger SV - Kader im Detail 56/57 (Galerie) | Seite 8
2026-10-08 21:02:35,195 INFO S2 blacklist: Hamburger SV - Kader im Detail 52/53 (Galerie) | Seite 17
2026-10-08 21:02:35,196 INFO S2 blacklist: Hamburger SV - Kader im Detail 62/63 (Galerie) | Seite 8
2026-10-08 21:02:35,196 INFO Feed: https://news.google.com/rss/search?q=%221.+FC+K%C3%B6ln%22+OR+%22FC+K%C3%B6ln%22+when%3A1d&hl=de&gl=DE&ceid=DE:de
2026-10-08 21:02:35,781 INFO Feed: https://news.google.com/rss/search?q=Schalke+when%3A1d&hl=de&gl=DE&ceid=DE:de
2026-10-08 21:02:36,400 INFO S2 blacklist: „Dass ich das mal sage, ist verrückt“: Moderator wird live i
2026-10-08 21:02:36,402 INFO Feed: https://news.google.com/rss/search?q=Elversberg+when%3A1d&hl=de&gl=DE&ceid=DE:de
2026-10-08 21:02:36,843 INFO S2 blacklist: Rückschlag nach der Länderspielpause: Francis Onyeka fehlt E
2026-10-08 21:02:36,844 INFO Feed: https://news.google.com/rss/search?q=%22SC+Paderborn%22+when%3A1d&hl=de&gl=DE&ceid=DE:de
2026-10-08 21:02:37,364 INFO Feed: https://www.transfermarkt.de/rss/news
2026-10-08 21:02:37,447 INFO Feed: https://www.waz.de/sport/fussball/rss
2026-10-08 21:02:38,367 INFO Feed: https://www.faz.net/rss/aktuell/sport/fussball/bundesliga/
2026-10-08 21:02:39,625 INFO Feed: https://bulinews.com/rss.xml
2026-10-08 21:02:40,147 INFO S2 blacklist: Nagelsmann linked with RB Leipzig return amid pressure on De
2026-10-08 21:02:40,150 INFO Feed: https://www.abendblatt.de/sport/rss
2026-10-08 21:02:40,535 INFO Feed: https://www.merkur.de/sport/fc-bayern/rssfeed.rdf
2026-10-08 21:02:41,247 INFO Feed: https://www.eyefootball.com/rss_news_main.xml
2026-10-08 21:02:41,958 INFO S3 keyword miss: Chelsea midfielder won't start against Bournemouth
2026-10-08 21:02:42,027 INFO S3 keyword miss: Arsenal duo set to miss Leeds game with injury
2026-10-08 21:02:42,093 INFO S3 keyword miss: Man Utd fully convinced about signing French star
2026-10-08 21:02:42,095 INFO Feed: https://www.ligaportal.at/international/deutsche-bundesliga?format=feed&type=rss
2026-10-08 21:02:44,549 INFO Feed: https://www.reddit.com/r/soccer/new.rss?limit=100
2026-10-08 21:02:45,677 INFO S3 keyword miss: [Athletic] The BookKeeper: Why did Manchester City introduce
2026-10-08 21:02:45,798 INFO S3 keyword miss: Reigning two-time NBA MVP Shai Gilgeous-Alexander joins Atlé
2026-10-08 21:02:45,865 INFO S3 keyword miss: Top 10 most valuable players in the world following Transfer
2026-10-08 21:02:45,868 INFO S2 kein BL-Klub im Titel: [Hertha BSC] A visit to the stadium should remain a football
2026-10-08 21:02:46,014 INFO S3 keyword miss: European football sets out FIFA reform agenda and calls for 
2026-10-08 21:02:46,015 INFO Feed: https://newsfeed.kicker.de/team/fc-bayern-muenchen
2026-10-08 21:02:46,067 INFO Feed: https://newsfeed.kicker.de/team/borussia-dortmund
2026-10-08 21:02:46,117 INFO Feed: https://newsfeed.kicker.de/team/rb-leipzig
2026-10-08 21:02:46,168 INFO Feed: https://newsfeed.kicker.de/team/bayer-04-leverkusen
2026-10-08 21:02:46,221 INFO Feed: https://newsfeed.kicker.de/team/vfb-stuttgart
2026-10-08 21:02:46,384 INFO Feed: https://newsfeed.kicker.de/team/eintracht-frankfurt
2026-10-08 21:02:46,437 INFO Feed: https://newsfeed.kicker.de/team/bor-moenchengladbach
2026-10-08 21:02:46,485 INFO Feed: https://newsfeed.kicker.de/team/sc-freiburg
2026-10-08 21:02:46,537 INFO Feed: https://newsfeed.kicker.de/team/tsg-hoffenheim
2026-10-08 21:02:46,587 INFO Feed: https://newsfeed.kicker.de/team/1-fsv-mainz-05
2026-10-08 21:02:46,645 INFO Feed: https://newsfeed.kicker.de/team/fc-augsburg
2026-10-08 21:02:46,697 INFO Feed: https://newsfeed.kicker.de/team/1-fc-union-berlin
2026-10-08 21:02:46,747 INFO Feed: https://newsfeed.kicker.de/team/werder-bremen
2026-10-08 21:02:46,794 INFO Feed: https://newsfeed.kicker.de/team/hamburger-sv
2026-10-08 21:02:46,843 INFO Feed: https://newsfeed.kicker.de/team/1-fc-koeln
2026-10-08 21:02:46,892 INFO Feed: https://newsfeed.kicker.de/team/fc-schalke-04
2026-10-08 21:02:46,941 INFO Feed: https://newsfeed.kicker.de/team/sv-elversberg
2026-10-08 21:02:47,116 INFO Feed: https://newsfeed.kicker.de/team/sc-paderborn-07
2026-10-08 21:02:47,174 INFO Feed: https://newsfeed.kicker.de/news/champions-league
2026-10-08 21:02:47,332 INFO Feed: ligainsider:themen
2026-10-08 21:03:35,708 INFO LigaInsider (Themenfinder): 141 Meldungen von 18 Vereinsseiten
2026-10-08 21:03:35,709 INFO Eingelesen: 69 Schlagzeilen nach den Gratis-Filtern
2026-10-08 21:03:37,313 INFO S5 kein Bundesliga-Spieler oder -Klub erkennbar: „Leute sollten sich schämen“ - Biathlon-Star sauer über Rücktrittsgerü
2026-10-08 21:03:37,313 INFO S5 kein Bundesliga-Spieler oder -Klub erkennbar: Alexander Zverev so gut wie sicher Nummer 1 der Weltrangliste - das fe
2026-10-08 21:03:37,313 INFO S5 kein Bundesliga-Spieler oder -Klub erkennbar: Spektakuläres Formel-1-Comeback offenbar beschlossen
2026-10-08 21:03:37,315 INFO S5 schon berichtet (Kovac lobt Anton: „Er spielt Weltklasse“ – BV): BVB plant Verlängerung mit DFB-Nationalspieler Waldemar Anto
2026-10-08 21:03:37,319 INFO S5 kein Bundesliga-Spieler oder -Klub erkennbar: Was braucht ein neuer FIFA-Präsident? UEFA umreißt Profil eines möglic
2026-10-08 21:03:37,322 INFO S5 Randthema: Reuter gibt Hauptsponsorschaft bei Borussia Mönchengladbach ab
2026-10-08 21:03:37,328 INFO S5 Sammelartikel: News-Update: Werder muss beim BVB ran, Füllkrug als Fremdenführer – un
2026-10-08 21:03:37,331 INFO S5 schon berichtet (Schalke: Gespräche mit Hasan Kurucay sollen z): Verlängert Muslic seinen Schalke-Vertrag? Neue Details enthü
2026-10-08 21:03:37,332 INFO S5 Fan-Wahl/Nachwuchs: Teutonia Schalke Jugend
2026-10-08 21:03:37,337 INFO S5 kein Bundesliga-Spieler oder -Klub erkennbar: [ESPN NL] Ouazane enjoyed the conversations and Uno while with Morocco
2026-10-08 21:03:37,337 INFO S5: 54 neue Geschichten, 2 schon berichtet, 2 zu wartenden Geschichten ergänzt, 52 warten
2026-10-08 21:06:36,400 INFO S6 aussortiert (prio_0): Bayerns Haltung auf dem Transfermarkt: Bosse reagieren auf Preisanstie
2026-10-08 21:06:36,400 INFO S6 aussortiert (doppelt): Interessanter Name auf der Liste! Bayern behalten diesen Torwart im Au
2026-10-08 21:06:36,400 INFO S6 aussortiert (doppelt): Klassiker FC Bayern gegen Borussia Dortmund am Samstagabend
2026-10-08 21:06:36,401 INFO S6 aussortiert (prio_0): Emotionale Haaland-Sätze über Skandal: Ex-BVB-Superstar wendet sich an
2026-10-08 21:06:36,401 INFO S6 aussortiert (doppelt): Ex-Leipzig-Profi unterstützt Martín Demichelis
2026-10-08 21:06:36,401 INFO S6 aussortiert (prio_1): RB Leipzig DHL Ausbau der Partnerschaft Official Partner Logistikpartn
2026-10-08 21:06:36,401 INFO S6 aussortiert (prio_1): VfB-Profi Mittelstädt verkündet Baby-News
2026-10-08 21:06:36,402 INFO S6 aussortiert (prio_1): VfB Stuttgart: Wichtige Hinweise für Fans in Paderborn
2026-10-08 21:06:36,402 INFO S6 aussortiert (prio_0): 5. Spieltag: SC Paderborn 07 - VfB Stuttgart - VfB Stuttgart - Forum |
2026-10-08 21:06:36,402 INFO S6 aussortiert (prio_0): „Ihr seid feige Schweine!“: Ex-Eintracht-Trainer offenbart schlimmste 
2026-10-08 21:06:36,402 INFO S6 aussortiert (prio_0): FC Bayern Alzenau
2026-10-08 21:06:36,402 INFO S6 aussortiert (doppelt): Eintracht Frankfurt droht ein schmerzhafter Verlust: Scouting-Chef Seb
2026-10-08 21:06:36,403 INFO S6 aussortiert (doppelt): Trikot-Zukunft offen: Gladbach verliert Hauptsponsor zur neuen Saison
2026-10-08 21:06:36,403 INFO S6 aussortiert (prio_0): 1. FC Köln - Borussia Mönchengladbach Wett Tipp & Quoten 11.10.2026
2026-10-08 21:06:36,403 INFO S6 aussortiert (doppelt): Köln und Gladbach gehen mit Trainerdruck ins Derby
2026-10-08 21:06:36,403 INFO S6 aussortiert (prio_0): Auffahrunfall in Bergisch Gladbach
2026-10-08 21:06:36,403 INFO S6 aussortiert (prio_0): SC Freiburg - FC Schalke 04 Wett Tipp & Quoten 11.10.2026
2026-10-08 21:06:36,404 INFO S6 aussortiert (prio_0): 1. FC Union Berlin
2026-10-08 21:06:36,404 INFO S6 aussortiert (prio_0): 5. Spieltag: Borussia Dortmund - SV Werder Bremen - Werder Bremen - Fo
2026-10-08 21:06:36,404 INFO S6 aussortiert (prio_0): 5. Spieltag: 1.FC Köln - Borussia Mönchengladbach - 1. FC Köln - Forum
2026-10-08 21:06:36,404 INFO S6 aussortiert (prio_1): Derby-Kracher in Köln: Neue Taktik der Polizei – Fans jetzt in der Pfl
2026-10-08 21:06:36,404 INFO S6 aussortiert (doppelt): Nach scharfer Großkreutz-Kritik: Ex-Schalker Fährmann schlägt zurück u
2026-10-08 21:06:36,405 INFO S6 aussortiert (prio_1): "Dinge, auf die ich Lust habe": Haare ab: Elversberg-Trainer völlig ve
2026-10-08 21:06:36,405 INFO S6 aussortiert (prio_0): Test gegen Osnabrück - News-Profis - Profis - Teams
2026-10-08 21:06:36,405 INFO S6 aussortiert (prio_0): SC Paderborn 07 gegen VfL Osnabrück im Datenvergleich | KW41 | Fußball
2026-10-08 21:06:36,405 INFO S6 aussortiert (prio_0): Sportfreunde Lotte - SC Paderborn 07 II Statistiken: Fußball Ergebniss
2026-10-08 21:06:36,405 INFO S6 aussortiert (prio_1): Nach Horror-Sturz im Training: Hamburger kämpft bei Ironman-WM um den 
2026-10-08 21:06:37,325 WARNING discarding data: None
2026-10-08 21:06:37,333 INFO S7 kein Volltext (trafilatura_returned_empty): Entscheidung auf der Torwartposition: Hoeneß macht Seimen zu
2026-10-08 21:06:37,827 WARNING discarding data: None
2026-10-08 21:06:37,828 INFO S7 kein Volltext (trafilatura_returned_empty): Entscheidung auf der Torwartposition: Hoeneß macht Seimen zu
2026-10-08 21:06:38,347 ERROR lxml parsing failed: Document is empty
2026-10-08 21:06:38,348 ERROR lxml parser bytestring Document is empty
2026-10-08 21:06:38,348 ERROR lxml parsing failed: Document is empty
2026-10-08 21:06:38,348 ERROR lxml parser bytestring Document is empty
2026-10-08 21:06:38,348 ERROR empty HTML tree: None
2026-10-08 21:06:38,348 WARNING discarding data: None
2026-10-08 21:06:38,349 INFO S7 kein Volltext (trafilatura_returned_empty): "Von Jobsharing will ich nicht sprechen": Hoeneß erklärt Ent
2026-10-08 21:06:38,946 ERROR lxml parsing failed: Document is empty
2026-10-08 21:06:38,946 ERROR lxml parser bytestring Document is empty
2026-10-08 21:06:38,947 ERROR lxml parsing failed: Document is empty
2026-10-08 21:06:38,947 ERROR lxml parser bytestring Document is empty
2026-10-08 21:06:38,947 ERROR empty HTML tree: None
2026-10-08 21:06:38,947 WARNING discarding data: None
2026-10-08 21:06:38,947 INFO S7 kein Volltext (trafilatura_returned_empty): "Von Jobsharing will ich nicht sprechen": Hoeneß erklärt Ent
2026-10-08 21:06:38,948 INFO S7 zu wenig Stoff (0 Wörter aus 0 Quellen, Versuch 3/3): "Von Jobsharing will ich nicht sprechen": Hoeneß erklärt Ent
2026-10-08 21:06:38,976 ERROR lxml parsing failed: Document is empty
2026-10-08 21:06:38,976 ERROR lxml parser bytestring Document is empty
2026-10-08 21:06:38,977 ERROR lxml parsing failed: Document is empty
2026-10-08 21:06:38,977 ERROR lxml parser bytestring Document is empty
2026-10-08 21:06:38,977 ERROR empty HTML tree: None
2026-10-08 21:06:38,977 WARNING discarding data: None
2026-10-08 21:06:38,977 INFO S7 kein Volltext (trafilatura_returned_empty): Jaquez ist wieder im Mannschaftstraining
2026-10-08 21:06:39,616 ERROR lxml parsing failed: Document is empty
2026-10-08 21:06:39,616 ERROR lxml parser bytestring Document is empty
2026-10-08 21:06:39,616 ERROR lxml parsing failed: Document is empty
2026-10-08 21:06:39,616 ERROR lxml parser bytestring Document is empty
2026-10-08 21:06:39,616 ERROR empty HTML tree: None
2026-10-08 21:06:39,616 WARNING discarding data: None
2026-10-08 21:06:39,617 INFO S7 kein Volltext (trafilatura_returned_empty): VfB Stuttgart: Luca Jaquez ist wieder im Mannschaftstraining
2026-10-08 21:06:39,617 INFO S7 zu wenig Stoff (0 Wörter aus 0 Quellen, Versuch 2/3): VfB Stuttgart: Luca Jaquez ist wieder im Mannschaftstraining
2026-10-08 21:06:41,143 INFO S7 kein Volltext (too_short_15_words): Fußball-Bundesliga: Debüt unter Druck: Seimen nun Nummer ein
2026-10-08 21:06:47,766 INFO S7 schreiben (Prio 3, 1 Quellen): Fußball-Bundesliga: Debüt unter Druck: Seimen nun Nummer ein
2026-10-08 21:06:55,790 INFO   Kandidat: Seimen debütiert in Paderborn, Jaquez vor der Rückkehr
2026-10-08 21:06:58,381 INFO S6.5 schon berichtet (Matanovic im Visier der Premier League: Freib): Igor Matanovic ready to join Man Utd
2026-10-08 21:07:03,618 INFO S7 schreiben (Prio 3, 1 Quellen): „Ab dem Moment ...“ Wann steigt das Vuskovic-Comeback? HSV-T
2026-10-08 21:07:38,953 INFO   Kandidat: Vuskovic-Comeback: Polzin plant mit Bedacht, Nordderby als T
2026-10-08 21:07:42,264 INFO S6.5 schon berichtet (Kovac lobt Anton: „Er spielt Weltklasse“ – BV): Dortmund keen to fend off interest in Man United-linked defe
2026-10-08 21:07:48,334 INFO S7 schreiben (Prio 3, 1 Quellen): Summer transfer increasingly likely for Real Madrid- and Man
2026-10-08 21:07:55,293 INFO   Kandidat: Stiller: Abschied vom VfB Stuttgart wird laut Sky wahrschein
2026-10-08 21:08:04,570 INFO S6.5 schon berichtet (Arsenal und Manchester United haken bei Lever): Kofane pushes for Premier League move with Arsenal, Manchest
2026-10-08 21:08:07,507 INFO S6.5 schon berichtet (Bayern spricht erneut mit Gabriel, Spanien bl): Bayern Munich hold fresh talks over Man United prodigy amid 
2026-10-08 21:08:10,261 INFO S6.5 schon berichtet (Schalke vor Freiburg: Karaman trotzt der Ausw): SC Freiburg - FC Schalke 04: Harte Nuss für Schalke 04 - Bun
2026-10-08 21:08:13,114 INFO S7 schreiben (Prio 3, 1 Quellen): War das schlecht! RB Leipzig geht völlig verdient beim Champ
2026-10-08 21:08:20,409 INFO   Kandidat: Leipzig patzt bei Champions-League-Comeback: 1:4 bei Como 19
2026-10-08 21:08:20,922 INFO S7 kein Volltext (too_short_15_words): Matchplan – 5. Spieltag: RB Leipzig gegen Frankfurt
2026-10-08 21:08:20,923 INFO S7 zu wenig Stoff (0 Wörter aus 0 Quellen, Versuch 1/3): Matchplan – 5. Spieltag: RB Leipzig gegen Frankfurt
2026-10-08 21:08:22,378 INFO S7 kein Volltext (too_short_63_words): Fehlt noch ein Stammspieler? So kämpft der HSV um El Ouahdi
2026-10-08 21:08:22,378 INFO S7 zu wenig Stoff (0 Wörter aus 0 Quellen, Versuch 2/3): Fehlt noch ein Stammspieler? So kämpft der HSV um El Ouahdi
2026-10-08 21:08:22,888 INFO S7 kein Volltext (too_short_44_words): Andeutung nach Waden-Schreck - So fit ist HSV-Stürmer Poulse
2026-10-08 21:08:22,889 INFO S7 zu wenig Stoff (0 Wörter aus 0 Quellen, Versuch 3/3): Andeutung nach Waden-Schreck - So fit ist HSV-Stürmer Poulse
2026-10-08 21:08:23,619 INFO S7 kein Volltext (too_short_35_words): Das größte Fragezeichen beim HSV: Neue Vuskovic-Prognose von
2026-10-08 21:08:23,620 INFO S7 zu wenig Stoff (0 Wörter aus 0 Quellen, Versuch 2/3): Das größte Fragezeichen beim HSV: Neue Vuskovic-Prognose von
2026-10-08 21:08:23,894 INFO S7 kein Volltext (too_short_15_words): Kofane-Verlängerung bei Bayer 04 Leverkusen stockt: Stürmer 
2026-10-08 21:08:23,894 INFO S7 zu wenig Stoff (0 Wörter aus 0 Quellen, Versuch 2/3): Kofane-Verlängerung bei Bayer 04 Leverkusen stockt: Stürmer 
2026-10-08 21:08:24,367 INFO S7 kein Volltext (too_short_15_words): Waldemar Anton: Borussia Dortmund plant Vertragsverlängerung
2026-10-08 21:08:24,368 INFO S7 zu wenig Stoff (0 Wörter aus 0 Quellen, Versuch 2/3): Waldemar Anton: Borussia Dortmund plant Vertragsverlängerung
2026-10-08 21:08:24,665 INFO S7 kein Volltext (too_short_78_words): Was noch nicht vom Tisch ist - Neue Details aus Bayerns Kane
2026-10-08 21:08:24,665 INFO S7 zu wenig Stoff (0 Wörter aus 0 Quellen, Versuch 3/3): Was noch nicht vom Tisch ist - Neue Details aus Bayerns Kane
2026-10-08 21:08:25,501 INFO S7 kein Volltext (too_short_52_words): Neuer Schalke-Vertrag? Jetzt wäre es für Muslic-Verhandlunge
2026-10-08 21:08:25,501 INFO S7 zu wenig Stoff (0 Wörter aus 0 Quellen, Versuch 2/3): Neuer Schalke-Vertrag? Jetzt wäre es für Muslic-Verhandlunge
2026-10-08 21:08:25,807 WARNING discarding data: None
2026-10-08 21:08:25,808 INFO S7 kein Volltext (trafilatura_returned_empty): Musiala fällt weiter aus - so könnte Bayern gegen Augsburg s
2026-10-08 21:08:25,808 INFO S7 zu wenig Stoff (0 Wörter aus 0 Quellen, Versuch 1/3): Musiala fällt weiter aus - so könnte Bayern gegen Augsburg s
2026-10-08 21:08:26,100 WARNING discarding data: None
2026-10-08 21:08:26,100 INFO S7 kein Volltext (trafilatura_returned_empty): Kane und Co. zurück an der Säbener Straße: Bayern bereitet s
2026-10-08 21:08:26,101 INFO S7 zu wenig Stoff (0 Wörter aus 0 Quellen, Versuch 1/3): Kane und Co. zurück an der Säbener Straße: Bayern bereitet s
2026-10-08 21:08:26,354 INFO S7 kein Volltext (too_short_15_words): VfB-Trainer Sebastian Hoeneß kündigt Debüt von Dennis Seimen
2026-10-08 21:08:26,354 INFO S7 zu wenig Stoff (0 Wörter aus 0 Quellen, Versuch 3/3): VfB-Trainer Sebastian Hoeneß kündigt Debüt von Dennis Seimen
2026-10-08 21:08:26,721 ERROR lxml parsing failed: Document is empty
2026-10-08 21:08:26,721 ERROR lxml parser bytestring Document is empty
2026-10-08 21:08:26,722 ERROR lxml parsing failed: Document is empty
2026-10-08 21:08:26,722 ERROR lxml parser bytestring Document is empty
2026-10-08 21:08:26,722 ERROR empty HTML tree: None
2026-10-08 21:08:26,722 WARNING discarding data: None
2026-10-08 21:08:26,722 INFO S7 kein Volltext (trafilatura_returned_empty): Droht Bayern Abgang von Top-Talent Prescott? Große Klubs lau
2026-10-08 21:08:26,723 INFO S7 zu wenig Stoff (0 Wörter aus 0 Quellen, Versuch 2/3): Droht Bayern Abgang von Top-Talent Prescott? Große Klubs lau
2026-10-08 21:08:27,516 INFO S7 kein Volltext (too_short_27_words): Ljubicic bekommt besonderes Geschenk vom Ex-Klub Schalke hof
2026-10-08 21:08:27,516 INFO S7 zu wenig Stoff (0 Wörter aus 0 Quellen, Versuch 3/3): Ljubicic bekommt besonderes Geschenk vom Ex-Klub Schalke hof
2026-10-08 21:08:27,998 INFO S7 kein Volltext (too_short_35_words): Sturm-Sorgen beim HSV: Jetzt droht auch noch ein weiterer Au
2026-10-08 21:08:27,998 INFO S7 zu wenig Stoff (0 Wörter aus 0 Quellen, Versuch 3/3): Sturm-Sorgen beim HSV: Jetzt droht auch noch ein weiterer Au
2026-10-08 21:08:28,357 INFO S7 kein Volltext (too_short_20_words): Bodö/Glimt - Borussia Dortmund live ► Die Übertragung auf DA
2026-10-08 21:08:28,357 INFO S7 zu wenig Stoff (0 Wörter aus 0 Quellen, Versuch 3/3): Bodö/Glimt - Borussia Dortmund live ► Die Übertragung auf DA
2026-10-08 21:08:29,529 INFO S7 kein Volltext (too_short_34_words): Europa League: Olympique Lyon gegen Bayer Leverkusen
2026-10-08 21:08:29,529 INFO S7 zu wenig Stoff (0 Wörter aus 0 Quellen, Versuch 3/3): Europa League: Olympique Lyon gegen Bayer Leverkusen
2026-10-08 21:08:30,359 INFO S7 kein Volltext (too_short_34_words): Europa League: OFI Heraklion gegen Bayer Leverkusen
2026-10-08 21:08:30,360 INFO S7 zu wenig Stoff (0 Wörter aus 0 Quellen, Versuch 3/3): Europa League: OFI Heraklion gegen Bayer Leverkusen
2026-10-08 21:08:31,113 INFO S7 kein Volltext (too_short_38_words): Europa League: SC Freiburg gegen Twente Enschede
2026-10-08 21:08:31,113 INFO S7 zu wenig Stoff (0 Wörter aus 0 Quellen, Versuch 3/3): Europa League: SC Freiburg gegen Twente Enschede
2026-10-08 21:08:31,915 INFO S7 kein Volltext (too_short_36_words): Europa League: SC Freiburg gegen FK Jablonec
2026-10-08 21:08:31,915 INFO S7 zu wenig Stoff (0 Wörter aus 0 Quellen, Versuch 1/3): Europa League: SC Freiburg gegen FK Jablonec
2026-10-08 21:08:33,137 INFO S7 kein Volltext (seite_zu_alt): Pejcinovic-Deal perfekt: VfB Stuttgart verpflichtet Wolfsbur
2026-10-08 21:08:33,137 INFO S7 zu wenig Stoff (0 Wörter aus 0 Quellen, Versuch 1/3): Pejcinovic-Deal perfekt: VfB Stuttgart verpflichtet Wolfsbur
2026-10-08 21:08:33,409 INFO S7 kein Volltext (too_short_15_words): Werder Bremen holt Alexander Schlager aus Salzburg
2026-10-08 21:08:33,409 INFO S7 zu wenig Stoff (0 Wörter aus 0 Quellen, Versuch 2/3): Werder Bremen holt Alexander Schlager aus Salzburg
2026-10-08 21:08:33,798 INFO S7 kein Volltext (too_short_38_words): BVB-Rückkehr mit Werder - Spezial-Job für Füllkrug
2026-10-08 21:08:34,067 ERROR lxml parsing failed: Document is empty
2026-10-08 21:08:34,067 ERROR lxml parser bytestring Document is empty
2026-10-08 21:08:34,068 ERROR lxml parsing failed: Document is empty
2026-10-08 21:08:34,068 ERROR lxml parser bytestring Document is empty
2026-10-08 21:08:34,068 ERROR empty HTML tree: None
2026-10-08 21:08:34,068 WARNING discarding data: None
2026-10-08 21:08:34,069 INFO S7 kein Volltext (trafilatura_returned_empty): Füllkrug über BVB: „Das beste Jahr meiner Karriere“ – Rückke
2026-10-08 21:08:34,652 INFO S7 kein Volltext (too_short_38_words): Werder Bremen: Bei BVB-Rückkehr: Spezial-Job für Niclas Füll
2026-10-08 21:08:34,652 INFO S7 zu wenig Stoff (0 Wörter aus 0 Quellen, Versuch 3/3): BVB-Rückkehr mit Werder - Spezial-Job für Füllkrug
2026-10-08 21:08:34,993 WARNING discarding data: None
2026-10-08 21:08:34,994 INFO S7 kein Volltext (trafilatura_returned_empty): Kampf um den Stammplatz: Andrich äußert sich zu seiner neuen
2026-10-08 21:08:35,279 WARNING discarding data: None
2026-10-08 21:08:35,280 INFO S7 kein Volltext (trafilatura_returned_empty): Kampf um den Stammplatz: Andrich äußert sich zu seiner neuen
2026-10-08 21:08:35,280 INFO S7 zu wenig Stoff (0 Wörter aus 0 Quellen, Versuch 3/3): Kampf um den Stammplatz: Andrich äußert sich zu seiner neuen
2026-10-08 21:08:39,772 INFO S6.5 schon berichtet (Thioune über Füllkrug: „Wird motiviert sein“ ): Werders Füllkrug heiß auf Wiedersehen mit BVB – trifft er en
2026-10-08 21:08:42,342 INFO S6.5 schon berichtet (Gladbach vor dem Derby: Sander trifft am lieb): FC aufgepasst: Gladbachs Derby-Spezialist plant den dritten 
2026-10-08 21:08:42,796 INFO S7 kein Volltext (too_short_70_words): „Vielleicht ist dieses Derby der Zünder“: Gladbachs Robin Ha
2026-10-08 21:08:42,796 INFO S7 zu wenig Stoff (0 Wörter aus 0 Quellen, Versuch 1/3): „Vielleicht ist dieses Derby der Zünder“: Gladbachs Robin Ha
2026-10-08 21:08:47,769 INFO S7 schreiben (Prio 2, 1 Quellen): BVB: Klare Meinung zu Reggiani
2026-10-08 21:08:54,014 INFO S7.6 doppelt (BVB: Reggiani denkt über Winter-Abschied nach): Reggiani: BVB-Fans wollen keinen Verkauf im Winter
2026-10-08 21:09:05,915 INFO S6.5 schon berichtet (Gladbachs Youngster-Trio macht vor dem Derby ): Unter Polanski chancenlos: Blüht ein Gladbach-Neuzugang dank
2026-10-08 21:09:09,889 INFO S6.5 schon berichtet (Leipzig gegen Frankfurt: Duell zweier Teams i): "Schmeiße ich nicht an die Wand": Eintracht-Coach Hütter häl
2026-10-08 21:09:10,970 INFO S7 kein Volltext (too_short_38_words): Thioune hat viel Respekt vor Werders nächstem Gegner
2026-10-08 21:09:10,970 INFO S7 zu wenig Stoff (0 Wörter aus 0 Quellen, Versuch 1/3): Thioune hat viel Respekt vor Werders nächstem Gegner
2026-10-08 21:09:11,341 INFO S7 kein Volltext (too_short_15_words): 1. FC Köln: Druck auf Rene Wagner wächst wieder - Derby gege
2026-10-08 21:09:11,341 INFO S7 zu wenig Stoff (0 Wörter aus 0 Quellen, Versuch 2/3): 1. FC Köln: Druck auf Rene Wagner wächst wieder - Derby gege
2026-10-08 21:09:12,537 INFO S7 kein Volltext (too_short_56_words): Hansen liebt Herausforderungen: Paderborns Blondschopf und d
2026-10-08 21:09:12,537 INFO S7 zu wenig Stoff (0 Wörter aus 0 Quellen, Versuch 2/3): Hansen liebt Herausforderungen: Paderborns Blondschopf und d
2026-10-08 21:09:13,916 INFO S7 kein Volltext (seite_zu_alt): Mega-Lob für HSV-Profi: Rayan Philippe der bisherige Gewinne
2026-10-08 21:09:13,916 INFO S7 zu wenig Stoff (0 Wörter aus 0 Quellen, Versuch 1/3): Mega-Lob für HSV-Profi: Rayan Philippe der bisherige Gewinne
2026-10-08 21:09:14,247 INFO S7 kein Volltext (too_short_42_words): Das wäre ganz bitter - HSV zittert um Top-Transfer
2026-10-08 21:09:14,247 INFO S7 zu wenig Stoff (0 Wörter aus 0 Quellen, Versuch 3/3): Das wäre ganz bitter - HSV zittert um Top-Transfer
2026-10-08 21:09:15,476 INFO S7 kein Volltext (too_short_38_words): Paderborns Trainer freut sich auf seinen Ex-Keeper
2026-10-08 21:09:15,476 INFO S7 zu wenig Stoff (0 Wörter aus 0 Quellen, Versuch 3/3): Paderborns Trainer freut sich auf seinen Ex-Keeper
2026-10-08 21:09:15,875 INFO S7 kein Volltext (too_short_15_words): 1. FC Union vor Elversberg: Lustrinelli plant den Befreiungs
2026-10-08 21:09:15,875 INFO S7 zu wenig Stoff (0 Wörter aus 0 Quellen, Versuch 3/3): 1. FC Union vor Elversberg: Lustrinelli plant den Befreiungs
2026-10-08 21:09:16,914 INFO S7 kein Volltext (likely_paywall): Keine Chance beim FC Bayern! Ito ist der große Saisonstart-V
2026-10-08 21:09:16,914 INFO S7 zu wenig Stoff (0 Wörter aus 0 Quellen, Versuch 3/3): Keine Chance beim FC Bayern! Ito ist der große Saisonstart-V
2026-10-08 21:09:17,739 INFO S7 kein Volltext (likely_paywall): Rückkehr in den grauen Bayern-Alltag: Ito vor Abschied im Wi
2026-10-08 21:09:17,740 INFO S7 zu wenig Stoff (0 Wörter aus 0 Quellen, Versuch 3/3): Rückkehr in den grauen Bayern-Alltag: Ito vor Abschied im Wi
2026-10-08 21:09:18,312 INFO S7 kein Volltext (too_short_15_words): Hütter: "Müssen viel laufen in Leipzig"
2026-10-08 21:09:18,312 INFO S7 zu wenig Stoff (0 Wörter aus 0 Quellen, Versuch 1/3): Hütter: "Müssen viel laufen in Leipzig"
2026-10-08 21:09:18,629 WARNING discarding data: None
2026-10-08 21:09:18,630 INFO S7 kein Volltext (trafilatura_returned_empty): Kovac tüftelt am BVB-Mittelfeld: Diese Variante könnte gegen
2026-10-08 21:09:18,630 INFO S7 zu wenig Stoff (0 Wörter aus 0 Quellen, Versuch 2/3): Kovac tüftelt am BVB-Mittelfeld: Diese Variante könnte gegen
2026-10-08 21:09:19,095 ERROR lxml parsing failed: Document is empty
2026-10-08 21:09:19,095 ERROR lxml parser bytestring Document is empty
2026-10-08 21:09:19,095 ERROR lxml parsing failed: Document is empty
2026-10-08 21:09:19,095 ERROR lxml parser bytestring Document is empty
2026-10-08 21:09:19,095 ERROR empty HTML tree: None
2026-10-08 21:09:19,095 WARNING discarding data: None
2026-10-08 21:09:19,096 INFO S7 kein Volltext (trafilatura_returned_empty): "Dann brennt der Baum richtig": Große Derby-Vorschau auf Köl
2026-10-08 21:09:19,096 INFO S7 zu wenig Stoff (0 Wörter aus 0 Quellen, Versuch 3/3): "Dann brennt der Baum richtig": Große Derby-Vorschau auf Köl
2026-10-08 21:09:19,995 INFO S7 kein Volltext (too_short_58_words): Koch: „Müssen stabiler werden“
2026-10-08 21:09:19,995 INFO S7 zu wenig Stoff (0 Wörter aus 0 Quellen, Versuch 3/3): Koch: „Müssen stabiler werden“
2026-10-08 21:09:20,533 ERROR lxml parsing failed: Document is empty
2026-10-08 21:09:20,533 ERROR lxml parser bytestring Document is empty
2026-10-08 21:09:20,534 ERROR lxml parsing failed: Document is empty
2026-10-08 21:09:20,534 ERROR lxml parser bytestring Document is empty
2026-10-08 21:09:20,534 ERROR empty HTML tree: None
2026-10-08 21:09:20,534 WARNING discarding data: None
2026-10-08 21:09:20,535 INFO S7 kein Volltext (trafilatura_returned_empty): Droht Bayern Abgang von Top-Talent Prescott? Große Klubs lau
2026-10-08 21:09:20,535 INFO S7 zu wenig Stoff (0 Wörter aus 0 Quellen, Versuch 3/3): Droht Bayern Abgang von Top-Talent Prescott? Große Klubs lau
2026-10-08 21:09:20,563 ERROR lxml parsing failed: Document is empty
2026-10-08 21:09:20,563 ERROR lxml parser bytestring Document is empty
2026-10-08 21:09:20,563 ERROR lxml parsing failed: Document is empty
2026-10-08 21:09:20,563 ERROR lxml parser bytestring Document is empty
2026-10-08 21:09:20,564 ERROR empty HTML tree: None
2026-10-08 21:09:20,564 WARNING discarding data: None
2026-10-08 21:09:20,564 INFO S7 kein Volltext (trafilatura_returned_empty): Wie Hütter die Eintracht stabilisieren will - und ein spanne
2026-10-08 21:09:20,564 INFO S7 zu wenig Stoff (0 Wörter aus 0 Quellen, Versuch 3/3): Wie Hütter die Eintracht stabilisieren will - und ein spanne
2026-10-08 21:09:21,519 INFO S7 kein Volltext (too_short_20_words): Bellingham muss um BVB-Platz kämpfen Veerman positioniert si
2026-10-08 21:09:21,519 INFO S7 zu wenig Stoff (0 Wörter aus 0 Quellen, Versuch 3/3): Bellingham muss um BVB-Platz kämpfen Veerman positioniert si
2026-10-08 21:09:22,368 INFO S7 kein Volltext (likely_paywall): „Hat ein tolles Dribbling und viel Power“: Eintracht-Trainer
2026-10-08 21:09:22,368 INFO S7 zu wenig Stoff (0 Wörter aus 0 Quellen, Versuch 3/3): „Hat ein tolles Dribbling und viel Power“: Eintracht-Trainer
2026-10-08 21:09:23,434 INFO S7 kein Volltext (likely_paywall): Personal, Taktik und alte Bekannte: So geht der SC Paderborn
2026-10-08 21:09:23,434 INFO S7 zu wenig Stoff (0 Wörter aus 0 Quellen, Versuch 3/3): Personal, Taktik und alte Bekannte: So geht der SC Paderborn
2026-10-08 21:09:23,711 INFO S7 kein Volltext (too_short_15_words): Hütter: ''Als Mannschaft versuchen, solche Spieler wie Nusa 
2026-10-08 21:09:23,711 INFO S7 zu wenig Stoff (0 Wörter aus 0 Quellen, Versuch 3/3): Hütter: ''Als Mannschaft versuchen, solche Spieler wie Nusa 
2026-10-08 21:09:24,551 INFO S7 kein Volltext (likely_paywall): Augsburgs unglaubliche Stärke gegen den FC Bayern
2026-10-08 21:09:24,551 INFO S7 zu wenig Stoff (0 Wörter aus 0 Quellen, Versuch 3/3): Augsburgs unglaubliche Stärke gegen den FC Bayern
2026-10-08 21:09:25,241 INFO S7 kein Volltext (seite_zu_alt): Karetsas-Traumtor beim Debüt: BVB schlägt englischen Meister
2026-10-08 21:09:25,241 INFO S7 zu wenig Stoff (0 Wörter aus 0 Quellen, Versuch 2/3): Karetsas-Traumtor beim Debüt: BVB schlägt englischen Meister
2026-10-08 21:09:25,531 INFO S7 kein Volltext (too_short_15_words): Hütter: ''Müssen viel laufen in Leipzig''
2026-10-08 21:09:25,531 INFO S7 zu wenig Stoff (0 Wörter aus 0 Quellen, Versuch 3/3): Hütter: ''Müssen viel laufen in Leipzig''
2026-10-08 21:09:26,212 INFO S7 kein Volltext (too_short_29_words): HSV Pressekonferenz vor dem Auswärtsspiel beim TSG Hoffenhei
2026-10-08 21:09:26,212 INFO S7 zu wenig Stoff (0 Wörter aus 0 Quellen, Versuch 3/3): HSV Pressekonferenz vor dem Auswärtsspiel beim TSG Hoffenhei
2026-10-08 21:09:26,754 WARNING discarding data: None
2026-10-08 21:09:26,755 INFO S7 kein Volltext (trafilatura_returned_empty): Neustart in Gladbach? Diese Spieler können unter Blessin dur
2026-10-08 21:09:26,755 INFO S7 zu wenig Stoff (0 Wörter aus 0 Quellen, Versuch 3/3): Neustart in Gladbach? Diese Spieler können unter Blessin dur
2026-10-08 21:09:27,233 INFO S7 kein Volltext (too_short_29_words): "Anspruchsvolle Aufgabe": HSV-Trainer Polzin vor dem Duell g
2026-10-08 21:09:27,233 INFO S7 zu wenig Stoff (0 Wörter aus 0 Quellen, Versuch 3/3): "Anspruchsvolle Aufgabe": HSV-Trainer Polzin vor dem Duell g
2026-10-08 21:09:27,560 ERROR lxml parsing failed: Document is empty
2026-10-08 21:09:27,560 ERROR lxml parser bytestring Document is empty
2026-10-08 21:09:27,561 ERROR lxml parsing failed: Document is empty
2026-10-08 21:09:27,561 ERROR lxml parser bytestring Document is empty
2026-10-08 21:09:27,561 ERROR empty HTML tree: None
2026-10-08 21:09:27,561 WARNING discarding data: None
2026-10-08 21:09:27,562 INFO S7 kein Volltext (trafilatura_returned_empty): Mit "halbvollem Tank" ans Ziel? Auch Moffi ist eine Kaderopt
2026-10-08 21:09:27,562 INFO S7 zu wenig Stoff (0 Wörter aus 0 Quellen, Versuch 3/3): Mit "halbvollem Tank" ans Ziel? Auch Moffi ist eine Kaderopt
2026-10-08 21:09:39,111 INFO S6.5 schon berichtet (Leipzig gegen Frankfurt: Duell zweier Teams i): Wer purzelt gegen RB raus? Uzun oder Ebnoutalib?
2026-10-08 21:09:39,411 WARNING discarding data: None
2026-10-08 21:09:39,412 INFO S7 kein Volltext (trafilatura_returned_empty): Flut an auslaufenden Verträgen: Hier muss Stuttgart ganz gen
2026-10-08 21:09:39,412 INFO S7 zu wenig Stoff (0 Wörter aus 0 Quellen, Versuch 3/3): Flut an auslaufenden Verträgen: Hier muss Stuttgart ganz gen
2026-10-08 21:09:39,838 INFO S7 kein Volltext (too_short_20_words): Slovan Bratislava - VfB Stuttgart live ► Die Übertragung auf
2026-10-08 21:09:39,838 INFO S7 zu wenig Stoff (0 Wörter aus 0 Quellen, Versuch 3/3): Slovan Bratislava - VfB Stuttgart live ► Die Übertragung auf
2026-10-08 21:09:41,542 INFO S7 kein Volltext (too_short_38_words): Sturmsorgen beim HSV: Moffi und Poulsen Optionen für Kader
2026-10-08 21:09:41,543 INFO S7 zu wenig Stoff (0 Wörter aus 0 Quellen, Versuch 1/3): Sturmsorgen beim HSV: Moffi und Poulsen Optionen für Kader
2026-10-08 21:09:48,910 INFO S7 schreiben (Prio 2, 1 Quellen): FC Bayern München: Rummenigge glaubt an Vertragsverlängerung
2026-10-08 21:09:58,246 INFO   Kandidat: Rummenigge zuversichtlich: Kane und Olise sollen bei Bayern 
2026-10-08 21:10:03,298 INFO S6.5 schon berichtet (Onyeka verletzt von der U21 abgereist: Elvers): Fußball: Neuer Look, unveränderte Vorzeichen: Wagner vor Uni
2026-10-08 21:10:03,636 WARNING discarding data: None
2026-10-08 21:10:03,637 INFO S7 kein Volltext (trafilatura_returned_empty): Vom Bayern-Kader zum FCA: Trainer Manuel Baum spricht über d
2026-10-08 21:10:03,637 INFO S7 zu wenig Stoff (0 Wörter aus 0 Quellen, Versuch 3/3): Vom Bayern-Kader zum FCA: Trainer Manuel Baum spricht über d
2026-10-08 21:10:03,938 WARNING discarding data: None
2026-10-08 21:10:03,939 INFO S7 kein Volltext (trafilatura_returned_empty): Konkurrenzkampf im Mittelfeld: Fernandez-Reise eröffnet Andr
2026-10-08 21:10:03,939 INFO S7 zu wenig Stoff (0 Wörter aus 0 Quellen, Versuch 3/3): Konkurrenzkampf im Mittelfeld: Fernandez-Reise eröffnet Andr
2026-10-08 21:10:07,253 INFO S7 schreiben (Prio 2, 1 Quellen): FC Schalke 04: Fährmann meldet sich nach Großkreutz-Vorwürfe
2026-10-08 21:10:11,577 INFO S7 verworfen (nicht_relevant): FC Schalke 04: Fährmann meldet sich nach Großkreutz-Vorwürfe
2026-10-08 21:10:12,434 INFO S7 kein Volltext (too_short_27_words): Schalkes früheres Millionen-Versprechen ist zurück: Hibernia
2026-10-08 21:10:12,434 INFO S7 zu wenig Stoff (0 Wörter aus 0 Quellen, Versuch 2/3): Schalkes früheres Millionen-Versprechen ist zurück: Hibernia
2026-10-08 21:10:13,550 INFO S7 kein Volltext (seite_zu_alt): Big Match Preview: RB Leipzig vs. Eintracht Frankfurt
2026-10-08 21:10:13,550 INFO S7 zu wenig Stoff (0 Wörter aus 0 Quellen, Versuch 2/3): Big Match Preview: RB Leipzig vs. Eintracht Frankfurt
2026-10-08 21:10:14,210 INFO S7 kein Volltext (seite_zu_alt): Big Match Preview: Paderborn vs. VFB Stuttgart
2026-10-08 21:10:14,210 INFO S7 zu wenig Stoff (0 Wörter aus 0 Quellen, Versuch 3/3): Big Match Preview: Paderborn vs. VFB Stuttgart
2026-10-08 21:10:15,155 INFO S7 kein Volltext (seite_zu_alt): Gladbach prepare for away derby against FC Köln
2026-10-08 21:10:15,155 INFO S7 zu wenig Stoff (0 Wörter aus 0 Quellen, Versuch 2/3): Gladbach prepare for away derby against FC Köln
2026-10-08 21:10:15,169 INFO FinalCheck SKIP: stuttgart/{'luca jaquez', 'dennis seimen', 'sebastian hoeneß'} stage=kader bereits in Archiv
2026-10-08 21:10:15,173 INFO FinalCheck SKIP: hsv/{'mario vuskovic', 'merlin polzin'} stage=rueckkehr bereits in Archiv
2026-10-08 21:10:15,177 INFO FinalCheck SKIP: stuttgart/{'angelo stiller'} stage=geruecht bereits in Archiv
2026-10-08 21:10:15,184 INFO FinalCheck SKIP: bayern/{'michael olise', 'karl-heinz rummenigge', 'harry kane'} stage=vertrag bereits in Archiv
2026-10-08 21:10:15,184 INFO S9.5 FinalCheck: 1/5 durch
2026-10-08 21:10:16,354 INFO Veröffentlicht: Leipzig patzt bei Champions-League-Comeback: 1:4 bei Como 19
2026-10-08 21:10:16,397 INFO Reddit: Keine Credentials – übersprungen
2026-10-08 21:10:16,397 INFO 💶 Kosten: dieser Lauf 0.000 $ (Budget 0.065 $) | heute 0.00 $ | Monat 0.72 / 23 $ | konferenz (abo) 1× 0.000 $, dublette (abo) 27× 0.000 $, schreiben (abo) 7× 0.000 $
2026-10-08 21:10:16,398 INFO 🎫 Abo-Verbrauch: 86,185 Tokens rein (davon Cache gelesen 7,650), 29,375 raus, API-Gegenwert 0.50 $ | konferenz 1×: 6,007/20,118, dublette 27×: 35,796/2,191, schreiben 7×: 44,382/7,066
2026-10-08 21:10:16,466 INFO Feeds: 60/60 begonnen, nächster Lauf startet bei Nr. 0
2026-10-08 21:10:16,467 INFO URL-Cache gespeichert: 29358 URLs
2026-10-08 21:10:16,467 INFO === Fertig. 1 neue Artikel. feed.json: 1513 ===
2026-10-08 21:10:16,467 INFO Stats: {"ts": "20261008_2101", "ingested": 123, "s2_pre_filter": 30, "s3_relevance": 23, "s4_dedup_early": 0, "gesammelt": 69, "geschichten_neu": 54, "s5_archiv_doppelt": 2, "s5_zusammengefuehrt": 2, "s6_aussortiert": 27, "s7_geschrieben": 7, "s7_verworfen": 13, "s5_fulltext_fail": 61, "s8_qa_rejected": 4, "published": 1, "s5_ohne_bezug": 5, "s5_randthema": 3, "kosten": {"lauf_usd": 0.0, "lauf_budget_usd": 0.0648, "heute_usd": 0.0, "monat_usd": 0.7196, "monatsbudget_usd": 23.0, "aufrufe": {"konferenz (abo)": {"anzahl": 1, "usd": 0.0}, "dublette (abo)": {"anzahl": 27, "usd": 0.0}, "schreiben (abo)": {"anzahl": 7, "usd": 0.0}}, "guthaben_leer": false, "abo": true, "abo_tokens": {"konferenz": {"aufrufe": 1, "ein": 10, "cache_schreiben": 5997, "cache_lesen": 0, "aus": 20118, "api_wert_usd": 0.1126}, "dublette": {"aufrufe": 27, "ein": 54, "cache_schreiben": 35742, "cache_lesen": 0, "aus": 2191, "api_wert_usd": 0.165}, "schreiben": {"aufrufe": 7, "ein": 14, "cache_schreiben": 36718, "cache_lesen": 7650, "aus": 7066, "api_wert_usd": 0.2191}}}}
