2026-10-06 13:31:42,151 INFO 💶 Budget: dieser Lauf 0.060 $ | heute 0.00 $ | Monat 0.72 / 23 $
2026-10-06 13:31:42,539 INFO URL-Cache geladen: 24614 bekannte URLs (letzte 30 Tage)
2026-10-06 13:31:42,539 INFO === Ligaoutsider Generator startet – max. 50 Artikel ===
2026-10-06 13:31:42,539 INFO Feed: https://newsfeed.kicker.de/news/bundesliga
2026-10-06 13:31:42,872 INFO BL-Spielerliste geladen: 1002 Namen
2026-10-06 13:31:42,918 INFO S3 keyword miss: Langwierige Gerichtsprozesse vermeiden: Bundesliga-Präsidium
2026-10-06 13:31:42,919 INFO Feed: https://www.sportschau.de/fussball/bundesliga/index~rss2.xml
2026-10-06 13:31:43,506 INFO Feed: https://sportbild.bild.de/feed/sportbild-home.xml
2026-10-06 13:31:43,920 INFO S3 keyword miss: „Bin nur noch die Partnerin von“ - Freundin von Fußball-Lege
2026-10-06 13:31:43,996 INFO S3 keyword miss: Super-Nachricht für Flick - Barça-Star verlängert Vertrag
2026-10-06 13:31:44,074 INFO S3 keyword miss: Kracher in der Champions League - Dieser Füchse-Held will Ma
2026-10-06 13:31:44,151 INFO S3 keyword miss: Mitspieler bemerkten es erst gar nicht - Verletzungs-Drama u
2026-10-06 13:31:44,152 INFO Feed: https://www.bild.de/rss-feeds/rss-16725492,feed=fussball-mix.bild.html
2026-10-06 13:31:44,818 INFO S3 keyword miss: Glückslose für Lok und Chemie – aber: - Chemnitz muss zum Po
2026-10-06 13:31:44,885 INFO S2 blacklist: Neuer Deal perfekt - TV-Zukunft der Frauen-Länderspiele ents
2026-10-06 13:31:44,886 INFO Feed: https://www.11freunde.de/feed
2026-10-06 13:31:46,009 INFO S3 keyword miss: „This team will fight for you!“
2026-10-06 13:31:46,010 INFO Feed: https://www.bundesliga.com/de/bundesliga/news.rss
2026-10-06 13:31:46,265 INFO S3 keyword miss: Voraussichtliche Aufstellungen am 5. Spieltag
2026-10-06 13:31:46,266 INFO Feed: https://news.google.com/rss/topics/CAAqJggKIiBDQkFTRWdvSUwyMHZNRFp1ZEdvU0FtUmxHZ0pFUlNnQVAB?hl=de&gl=DE&ceid=DE:de
2026-10-06 13:31:46,465 INFO S2 blacklist: München hat bei Olympia-Bewerbung sechs Konkurrenten
2026-10-06 13:31:46,602 INFO S3 keyword miss: Saison-Aus! Sinners Knie braucht mehr Zeit - Weg zur Nummer 
2026-10-06 13:31:46,733 INFO S3 keyword miss: Die Türkei erlebt einen „Albtraum“
2026-10-06 13:31:46,867 INFO S3 keyword miss: Tennis-Star Medvedev spricht über Eklat um Fan
2026-10-06 13:31:46,952 INFO S3 keyword miss: Calmund schildert dramatische Stunden: „Tut der sich nichts 
2026-10-06 13:31:47,083 INFO S3 keyword miss: Weltweit einzigartig: Der Bundesliga-Plan zu 50+1
2026-10-06 13:31:47,213 INFO S3 keyword miss: Bottas radelt zum nächsten Formel 1-Rennen
2026-10-06 13:31:47,261 INFO Feed: https://news.google.com/rss/search?q=Bundesliga+Testspiel+Ergebnis&hl=de&gl=DE&ceid=DE:de
2026-10-06 13:31:47,708 INFO Feed: https://news.google.com/rss/search?q=Bundesliga+Vorbereitung+Sommertour&hl=de&gl=DE&ceid=DE:de
2026-10-06 13:31:47,940 INFO Feed: https://news.google.com/rss/search?q=Bundesliga+Verletzung+Ausfall+gesperrt&hl=de&gl=DE&ceid=DE:de
2026-10-06 13:31:48,313 INFO Feed: https://news.google.com/rss/search?q=Bundesliga+Transfer+Wechsel+verpflichtet&hl=de&gl=DE&ceid=DE:de
2026-10-06 13:31:48,658 INFO Feed: https://news.google.com/rss/search?q=Bundesliga+Gerücht+Interesse+Angebot&hl=de&gl=DE&ceid=DE:de
2026-10-06 13:31:49,039 INFO Feed: https://news.google.com/rss/search?q=Bundesliga+Vertrag+verlängert+ablösefrei&hl=de&gl=DE&ceid=DE:de
2026-10-06 13:31:49,343 INFO Feed: https://news.google.com/rss/search?q=%22FC+Bayern%22+OR+%22Bayern+M%C3%BCnchen%22+when%3A1d&hl=de&gl=DE&ceid=DE:de
2026-10-06 13:31:49,967 INFO S3 keyword miss: Gianluca Rocchi
2026-10-06 13:31:49,968 INFO Feed: https://news.google.com/rss/search?q=BVB+OR+%22Borussia+Dortmund%22+when%3A1d&hl=de&gl=DE&ceid=DE:de
2026-10-06 13:31:50,568 INFO S2 blacklist: Borussia Dortmund UEFA U19
2026-10-06 13:31:50,603 INFO S2 blacklist: 5. Spieltag: Borussia Dortmund - SV Werder Bremen - Werder B
2026-10-06 13:31:50,683 INFO S3 keyword miss: Sascha Zimmermann
2026-10-06 13:31:50,719 INFO Feed: https://news.google.com/rss/search?q=%22Bayer+Leverkusen%22+OR+%22Bayer+04%22+when%3A1d&hl=de&gl=DE&ceid=DE:de
2026-10-06 13:31:51,159 INFO S3 keyword miss: PSG an Transfer direkt von Manchester United interessiert
2026-10-06 13:31:51,160 INFO S2 blacklist: CONCACAF Nations League Finals - Abstellungen Al-Qadsiah FC 
2026-10-06 13:31:51,160 INFO Feed: https://news.google.com/rss/search?q=%22RB+Leipzig%22+when%3A1d&hl=de&gl=DE&ceid=DE:de
2026-10-06 13:31:51,587 INFO S3 keyword miss: Catering-Chaos bei Red Bull: RB reagiert nach Fankritik auf 
2026-10-06 13:31:51,676 INFO S3 keyword miss: „War schon etwas unglücklich“: Ex-DFB-Torhüter Oliver Kahn k
2026-10-06 13:31:51,677 INFO S2 blacklist: Sachsenpokal: Chemnitzer FC muss zu Aue-Schreck FC Eilenburg
2026-10-06 13:31:51,762 INFO S3 keyword miss: Unter Pizarro und Ribéry: RB-Legende spielt jetzt Icon Leagu
2026-10-06 13:31:51,763 INFO S2 blacklist: Vinicius Junior - Bilanz gegen RB Leipzig | Seite 7
2026-10-06 13:31:51,764 INFO Feed: https://news.google.com/rss/search?q=%22VfB+Stuttgart%22+when%3A1d&hl=de&gl=DE&ceid=DE:de
2026-10-06 13:31:52,179 INFO S2 blacklist: VfB Stuttgart U19
2026-10-06 13:31:52,266 INFO S3 keyword miss: José María Andrés Baixauli News: Aktuelle Nachrichten & Tran
2026-10-06 13:31:52,300 INFO S2 blacklist: 3. Liga, alle Informationen zur Übertragung auf einen Blick:
2026-10-06 13:31:52,301 INFO S2 blacklist: Macht Klopp Urbig zur Nummer 1 im DFB-Team? Babbel: "Das wür
2026-10-06 13:31:52,301 INFO Feed: https://news.google.com/rss/search?q=%22Eintracht+Frankfurt%22+when%3A1d&hl=de&gl=DE&ceid=DE:de
2026-10-06 13:31:52,691 INFO S2 blacklist: Geteiltes Fazit zur Fußball-WM 2026: Eintracht-Boss Hellmann
2026-10-06 13:31:52,776 INFO S3 keyword miss: Real und Barcelona im Transfer-Duell um Bundesliga-Talent
2026-10-06 13:31:52,780 INFO Feed: https://news.google.com/rss/search?q=Gladbach+OR+%22Borussia+M%C3%B6nchengladbach%22+when%3A1d&hl=de&gl=DE&ceid=DE:de
2026-10-06 13:31:53,424 INFO S3 keyword miss: Eriksen, Pfiffe und ein berühmter Namensvetter: Wolfsburg-Tr
2026-10-06 13:31:53,424 INFO Feed: https://news.google.com/rss/search?q=%22SC+Freiburg%22+when%3A1d&hl=de&gl=DE&ceid=DE:de
2026-10-06 13:31:53,807 INFO Feed: https://news.google.com/rss/search?q=Hoffenheim+when%3A1d&hl=de&gl=DE&ceid=DE:de
2026-10-06 13:31:54,251 INFO S3 keyword miss: Alfons Higl
2026-10-06 13:31:54,333 INFO S3 keyword miss: Bundesliga 26/27
2026-10-06 13:31:54,416 INFO S3 keyword miss: Tobias Reichel
2026-10-06 13:31:54,420 INFO S2 kein BL-Klub im Titel: Niederrheinpokal: Dingden heiß auf MSV Duisburg - "Wir wolle
2026-10-06 13:31:54,420 INFO Feed: https://news.google.com/rss/search?q=%22Mainz+05%22+when%3A1d&hl=de&gl=DE&ceid=DE:de
2026-10-06 13:31:54,914 INFO S3 keyword miss: Luca Götz
2026-10-06 13:31:55,041 INFO S3 keyword miss: Vechta-Krise verschärft sich: Löwen feiern nächsten Sieg | B
2026-10-06 13:31:55,132 INFO S3 keyword miss: Zidanes trotz zehn-Punkte-Start: "Gibt noch Dinge, die wir v
2026-10-06 13:31:55,133 INFO Feed: https://news.google.com/rss/search?q=%22FC+Augsburg%22+when%3A1d&hl=de&gl=DE&ceid=DE:de
2026-10-06 13:31:55,494 INFO S2 kein BL-Klub im Titel: Rot-Weiss Essen: Dardari siegt mit Luxemburg - Koschinat mit
2026-10-06 13:31:55,494 INFO Feed: https://news.google.com/rss/search?q=%22Union+Berlin%22+when%3A1d&hl=de&gl=DE&ceid=DE:de
2026-10-06 13:31:55,858 INFO S2 blacklist: Spielinfo | Hamburger SV - 1. FC Union Berlin : | Achtelfina
2026-10-06 13:31:55,943 INFO S3 keyword miss: TeBe besiegt den BFC: Als es noch Mett­brötchen regnete
2026-10-06 13:31:56,057 INFO S3 keyword miss: Adam Nemec
2026-10-06 13:31:56,058 INFO S2 blacklist: Bundesliga - Ausländische Spieler - Details 26/27 (Galerie)
2026-10-06 13:31:56,058 INFO S2 blacklist: DFB-Frauen: TV-Übertragung der Länderspiele bis 2031 bei ARD
2026-10-06 13:31:56,092 INFO S2 blacklist: Sportpolitik: IOC: Sechs Konkurrenten für München um Olympia
2026-10-06 13:31:56,093 INFO Feed: https://news.google.com/rss/search?q=%22Werder+Bremen%22+when%3A1d&hl=de&gl=DE&ceid=DE:de
2026-10-06 13:31:56,621 INFO S3 keyword miss: Eklat im Video: Hier trifft Medvedev einen Zuschauer im Gesi
2026-10-06 13:31:56,622 INFO Feed: https://news.google.com/rss/search?q=HSV+OR+%22Hamburger+SV%22+when%3A1d&hl=de&gl=DE&ceid=DE:de
2026-10-06 13:31:57,145 INFO Feed: https://news.google.com/rss/search?q=%221.+FC+K%C3%B6ln%22+OR+%22FC+K%C3%B6ln%22+when%3A1d&hl=de&gl=DE&ceid=DE:de
2026-10-06 13:31:57,602 INFO S3 keyword miss: Der Sport-Tag: Erst Spieler, dann an der Seitenlinie: Bundes
2026-10-06 13:31:57,685 INFO S3 keyword miss: FC: Sturm-Überraschung im Derby?
2026-10-06 13:31:57,771 INFO S3 keyword miss: Personal beim FC: Zeit vor Derby wird knapp: Rückkehrer am B
2026-10-06 13:31:57,771 INFO Feed: https://news.google.com/rss/search?q=Schalke+when%3A1d&hl=de&gl=DE&ceid=DE:de
2026-10-06 13:31:58,282 INFO Feed: https://news.google.com/rss/search?q=Elversberg+when%3A1d&hl=de&gl=DE&ceid=DE:de
2026-10-06 13:31:58,749 INFO S3 keyword miss: Polizei-News Neunkirchen, 06.10.26: Zeugenaufruf nach Verkeh
2026-10-06 13:31:58,750 INFO Feed: https://news.google.com/rss/search?q=%22SC+Paderborn%22+when%3A1d&hl=de&gl=DE&ceid=DE:de
2026-10-06 13:31:59,106 INFO S2 blacklist: Regionalliga: RWO-Topscorer schwärmt von Torjäger Kesim - "E
2026-10-06 13:31:59,107 INFO S2 blacklist: Thorsten Koch - Eingesetzte Spieler (Galerie)
2026-10-06 13:31:59,107 INFO S2 blacklist: IOC: Sechs Konkurrenten für München um Olympia 2036
2026-10-06 13:31:59,191 INFO S3 keyword miss: Das WM-Nachspiel der Superstars: Buhlen um Ballon d'Or
2026-10-06 13:31:59,192 INFO Feed: https://www.transfermarkt.de/rss/news
2026-10-06 13:31:59,229 INFO Feed: https://www.waz.de/sport/fussball/rss
2026-10-06 13:31:59,689 INFO Feed: https://www.faz.net/rss/aktuell/sport/fussball/bundesliga/
2026-10-06 13:32:00,473 INFO Feed: https://bulinews.com/rss.xml
2026-10-06 13:32:00,952 INFO S3 keyword miss: “I was extremely nervous” – Nicolo Tresoldi reveals details 
2026-10-06 13:32:00,955 INFO Feed: https://www.abendblatt.de/sport/rss
2026-10-06 13:32:01,375 INFO S2 blacklist: IOC verkündet sechs Konkurrenten für München bei der Bewerbu
2026-10-06 13:32:01,375 INFO Feed: https://www.merkur.de/sport/fc-bayern/rssfeed.rdf
2026-10-06 13:32:02,076 INFO Feed: https://www.eyefootball.com/rss_news_main.xml
2026-10-06 13:32:02,506 INFO Feed: https://www.ligaportal.at/international/deutsche-bundesliga?format=feed&type=rss
2026-10-06 13:32:04,787 INFO Feed: https://www.reddit.com/r/soccer/new.rss?limit=100
2026-10-06 13:32:05,918 INFO S3 keyword miss: South Korea [1] - 0 Uzbekistan - Son Heung-min freekick 6’
2026-10-06 13:32:06,010 INFO S3 keyword miss: Match Thread: China vs Tajikistan | International Friendly
2026-10-06 13:32:06,095 INFO S3 keyword miss: Alban Lafont with a ridiculous goalkeeping error on Saturday
2026-10-06 13:32:06,189 INFO S3 keyword miss: Akın Gürlek (Turkish minister of Justice): "We want referees
2026-10-06 13:32:06,274 INFO S3 keyword miss: UEFA to investigate spitting incident at Ireland-Israel game
2026-10-06 13:32:06,366 INFO S3 keyword miss: Match Thread: South Korea vs Uzbekistan | International Frie
2026-10-06 13:32:06,450 INFO S3 keyword miss: Stephen Welsh: Born into Celtic, made at Motherwell, defende
2026-10-06 13:32:06,543 INFO S3 keyword miss: Montella after Turkey's loss to Italy "We certainly played a
2026-10-06 13:32:06,679 INFO S3 keyword miss: Seven years after row with Klopp over City’s spending Berrad
2026-10-06 13:32:06,753 INFO Feed: https://newsfeed.kicker.de/team/fc-bayern-muenchen
2026-10-06 13:32:06,901 INFO Feed: https://newsfeed.kicker.de/team/borussia-dortmund
2026-10-06 13:32:07,051 INFO Feed: https://newsfeed.kicker.de/team/rb-leipzig
2026-10-06 13:32:07,206 INFO Feed: https://newsfeed.kicker.de/team/bayer-04-leverkusen
2026-10-06 13:32:07,267 INFO Feed: https://newsfeed.kicker.de/team/vfb-stuttgart
2026-10-06 13:32:07,418 INFO Feed: https://newsfeed.kicker.de/team/eintracht-frankfurt
2026-10-06 13:32:07,566 INFO Feed: https://newsfeed.kicker.de/team/bor-moenchengladbach
2026-10-06 13:32:07,619 INFO Feed: https://newsfeed.kicker.de/team/sc-freiburg
2026-10-06 13:32:07,770 INFO Feed: https://newsfeed.kicker.de/team/tsg-hoffenheim
2026-10-06 13:32:07,830 INFO Feed: https://newsfeed.kicker.de/team/1-fsv-mainz-05
2026-10-06 13:32:07,988 INFO Feed: https://newsfeed.kicker.de/team/fc-augsburg
2026-10-06 13:32:08,041 INFO Feed: https://newsfeed.kicker.de/team/1-fc-union-berlin
2026-10-06 13:32:08,191 INFO Feed: https://newsfeed.kicker.de/team/werder-bremen
2026-10-06 13:32:08,245 INFO Feed: https://newsfeed.kicker.de/team/hamburger-sv
2026-10-06 13:32:08,392 INFO Feed: https://newsfeed.kicker.de/team/1-fc-koeln
2026-10-06 13:32:08,566 INFO Feed: https://newsfeed.kicker.de/team/fc-schalke-04
2026-10-06 13:32:08,715 INFO Feed: https://newsfeed.kicker.de/team/sv-elversberg
2026-10-06 13:32:08,877 INFO Feed: https://newsfeed.kicker.de/team/sc-paderborn-07
2026-10-06 13:32:09,035 INFO Feed: https://newsfeed.kicker.de/news/champions-league
2026-10-06 13:32:09,088 INFO Feed: ligainsider:themen
2026-10-06 13:32:33,029 INFO LigaInsider (Themenfinder): 125 Meldungen von 18 Vereinsseiten
2026-10-06 13:32:34,320 INFO Eingelesen: 93 Schlagzeilen nach den Gratis-Filtern
2026-10-06 13:32:35,839 INFO S5 kein Bundesliga-Spieler oder -Klub erkennbar: Nach Portugal-Eklat - Nicht mehr „Homelander“: Neuer Look bei Ronaldo
2026-10-06 13:32:35,840 INFO S5 kein Bundesliga-Spieler oder -Klub erkennbar: Stellungnahme des Bundesliga-Präsidiums zur 50+1-Regel
2026-10-06 13:32:35,841 INFO S5 kein Bundesliga-Spieler oder -Klub erkennbar: Kimi Antonelli: Mercedes-Update ein Flop? Lehrstunde von Max Verstappe
2026-10-06 13:32:35,841 INFO S5 Randthema: Promi Big Brother: Christian Lell bekam vom FC Bayern ein Trikot-Verbo
2026-10-06 13:32:35,841 INFO S5 schon berichtet (Tuchel schwärmt von Kane: „Fehlen mir fast di): Harry Kane steht kurz vor Verlängerung beim FC Bayern
2026-10-06 13:32:35,849 INFO S5 Randthema: So bekommt man Tickets für Real Madrid gegen RB Leipzig: Preise in der
2026-10-06 13:32:35,850 INFO S5 Fan-Wahl/Nachwuchs: VfB Stuttgart Jugend
2026-10-06 13:32:35,852 INFO S5 kein Bundesliga-Spieler oder -Klub erkennbar: Neuer Trainer, erste Fortschritte – doch ein Problem beim Tabellenletz
2026-10-06 13:32:35,853 INFO S5 kein Bundesliga-Spieler oder -Klub erkennbar: SG KHD gewinnt 4:1 – Trainer: „Ergebnis war das Beste"
2026-10-06 13:32:35,855 INFO S5 Randthema: Beumer Group und Schalke 04: So kam der Trikotsponsoring-Deal zustande
2026-10-06 13:32:35,858 INFO S5 schon berichtet (Schalke-Profi Tanaka gewinnt mit Japan den Ki): Schalke Fans beim Testspiel in Lustenau
2026-10-06 13:32:35,859 INFO S5 kein Bundesliga-Spieler oder -Klub erkennbar: CR7's Portugal fallout: the 'f*** off' moment with Jorge Jesus
2026-10-06 13:32:35,859 INFO S5 kein Bundesliga-Spieler oder -Klub erkennbar: BWSL2 MATCHWEEK 5 REVIEW: NEWCASTLE ON A ROLL, SUNDERLAND ON THEIR TAI
2026-10-06 13:32:35,859 INFO S5: 69 neue Geschichten, 2 schon berichtet, 4 zu wartenden Geschichten ergänzt, 288 warten
2026-10-06 13:34:27,854 INFO S6 aussortiert (prio_1): VfB-Star im Liebesglück - Hendriks verlobt sich an Traumstrand
2026-10-06 13:34:27,855 INFO S6 aussortiert (doppelt): Spannender Vorgang - Russland-Reise von Bundesliga-Star abgesagt
2026-10-06 13:34:27,855 INFO S6 aussortiert (doppelt): Transfer-Duell zwischen FC Bayern und BVB?
2026-10-06 13:34:27,855 INFO S6 aussortiert (doppelt): Bayern-Star Olise einfach "nicht zu stoppen"
2026-10-06 13:34:27,855 INFO S6 aussortiert (doppelt): 100 Millionen Euro? ManCity-Flirt mit Bayern-Star enthüllt
2026-10-06 13:34:27,856 INFO S6 aussortiert (prio_0): FC Bayern München
2026-10-06 13:34:27,856 INFO S6 aussortiert (doppelt): Neue Details zu möglichem BVB-Transfer enthüllt
2026-10-06 13:34:27,856 INFO S6 aussortiert (prio_1): Bericht: BVB-Tendenz in der umstrittenen Rheinmetall-Frage
2026-10-06 13:34:27,856 INFO S6 aussortiert (prio_0): Spannende Bundesliga? Vor allem hinter Dortmund und Bayern
2026-10-06 13:34:27,857 INFO S6 aussortiert (prio_0): Neustart in Schwarz-Gelb: Popp auf Aufstiegsmission beim BVB
2026-10-06 13:34:27,857 INFO S6 aussortiert (doppelt): Wunschspieler für acht Millionen Euro? BVB könnte für Überraschungstra
2026-10-06 13:34:27,857 INFO S6 aussortiert (prio_1): „Vandalismus kennt keine Grenzen“ Leser diskutieren über schwarzgelbe 
2026-10-06 13:34:27,857 INFO S6 aussortiert (prio_0): Defektes BVB-Tram am Bankverein legte Innenstadt lahm
2026-10-06 13:34:27,858 INFO S6 aussortiert (prio_0): Dortmunds Defensive überzeugt – für den Titel fehlt der Beleg
2026-10-06 13:34:27,858 INFO S6 aussortiert (prio_0): Borussia Dortmund - SV Werder Bremen Wett Tipp & KI-Prognose 09.10.202
2026-10-06 13:34:27,858 INFO S6 aussortiert (prio_1): Neuer Trainer: Was bei Bayer Leverkusen unter Trainer Martínez neu ist
2026-10-06 13:34:27,858 INFO S6 aussortiert (prio_0): Bayer 04 Leverkusen
2026-10-06 13:34:27,858 INFO S6 aussortiert (prio_0): Sachsenpokal: CFC gegen den Aue-Bezwinger, Losglück für Lok und Chemie
2026-10-06 13:34:27,859 INFO S6 aussortiert (prio_1): Timo Hildebrand bei „SOKO Stuttgart“: Ex-Nationalkeeper spielt Mordopf
2026-10-06 13:34:27,859 INFO S6 aussortiert (prio_1): Cannstatter Wasen: Ex-VfB-Star Cacau scheitert an Bierfass
2026-10-06 13:34:27,859 INFO S6 aussortiert (prio_1): Frankfurter Sportgala: Eintracht-Athleten hoffen auf begehrte Auszeich
2026-10-06 13:34:27,859 INFO S6 aussortiert (prio_0): Eintracht Frankfurt mit Personal- und Termin-Updates
2026-10-06 13:34:27,860 INFO S6 aussortiert (prio_0): Eintracht Frankfurt II
2026-10-06 13:34:27,860 INFO S6 aussortiert (prio_0): 1. FC Köln - Borussia Mönchengladbach live sehen ► Die Übertragung auf
2026-10-06 13:34:27,860 INFO S6 aussortiert (prio_0): Immer mehr Kinder in GL brauchen eine Schulbegleitung
2026-10-06 13:34:27,860 INFO S6 aussortiert (doppelt): Sorgen um Kleindienst
2026-10-06 13:34:27,860 INFO S6 aussortiert (prio_0): SC Freiburg - FC Schalke 04 live sehen ► Die Übertragung auf DAZN ✅
2026-10-06 13:34:27,861 INFO S6 aussortiert (doppelt): SC Freiburg verkündet Ginter-Knall
2026-10-06 13:34:27,861 INFO S6 aussortiert (doppelt): SC Freiburg bindet Ginter – Laufzeit bleibt offen
2026-10-06 13:34:27,861 INFO S6 aussortiert (prio_0): FC Augsburg
2026-10-06 13:34:27,861 INFO S6 aussortiert (prio_0): André Meyer
2026-10-06 13:34:27,862 INFO S6 aussortiert (prio_1): Biathlon auf Schalke in der VELTINS-Arena
2026-10-06 13:34:27,862 INFO S6 aussortiert (prio_1): „Verstehe bis heute nicht ganz, warum“ – Ex-Schalker irritiert sein Ab
2026-10-06 13:34:27,862 INFO S6 aussortiert (prio_1): „Olé auf Schalke“: Mia Julia und Mickie Krause verwandeln Arena in Par
2026-10-06 13:34:27,862 INFO S6 aussortiert (prio_1): NRW-Traditionsmasters: Legenden kehren zurück - 20. Auflage mit S04, V
2026-10-06 13:34:27,863 INFO S6 aussortiert (prio_0): SC Paderborn 07
2026-10-06 13:34:27,863 INFO S6 aussortiert (doppelt): New details emerge on potential Borussia Dortmund transfer
2026-10-06 13:34:27,863 INFO S6 aussortiert (prio_1): „Raus aus dem Volkspark!“: Darum sind HSV-Fans wütend auf den eigenen 
2026-10-06 13:34:27,863 INFO S6 aussortiert (doppelt): Kann Dzeko noch Bundesliga? Ex-Schalke-Stürmer geben ihr Urteil ab
2026-10-06 13:34:27,863 INFO S6 aussortiert (prio_0): FC Schalke 04
2026-10-06 13:34:27,864 INFO S6 aussortiert (doppelt): Dzeko „nicht der richtige“ für Schalke-Fußball?
2026-10-06 13:34:27,864 INFO S6 aussortiert (prio_0): Kurzfristig geschlossen
2026-10-06 13:34:27,864 INFO S6 aussortiert (doppelt): Thomas Tuchel's assistant names Harry Kane as a better ball striker th
2026-10-06 13:34:28,395 ERROR lxml parsing failed: Document is empty
2026-10-06 13:34:28,395 ERROR lxml parser bytestring Document is empty
2026-10-06 13:34:28,395 ERROR lxml parsing failed: Document is empty
2026-10-06 13:34:28,395 ERROR lxml parser bytestring Document is empty
2026-10-06 13:34:28,395 ERROR empty HTML tree: None
2026-10-06 13:34:28,396 WARNING discarding data: None
2026-10-06 13:34:28,396 INFO S7 kein Volltext (trafilatura_returned_empty): Ginter verlängert beim SC Freiburg: „Eine Säule unserer Mann
2026-10-06 13:34:28,737 INFO S7 kein Volltext (too_short_15_words): Matthias Ginter verlängert beim SC Freiburg: Weltmeister ble
2026-10-06 13:34:29,140 ERROR lxml parsing failed: Document is empty
2026-10-06 13:34:29,140 ERROR lxml parser bytestring Document is empty
2026-10-06 13:34:29,140 ERROR lxml parsing failed: Document is empty
2026-10-06 13:34:29,141 ERROR lxml parser bytestring Document is empty
2026-10-06 13:34:29,141 ERROR empty HTML tree: None
2026-10-06 13:34:29,141 WARNING discarding data: None
2026-10-06 13:34:29,142 INFO S7 kein Volltext (trafilatura_returned_empty): "Eine Säule unserer Mannschaft": Ginter verlängert in Freibu
2026-10-06 13:34:30,123 INFO S7 schreiben (Prio 3, 1 Quellen): Ginter verlängert beim SC Freiburg: „Eine Säule unserer Mann
2026-10-06 13:34:37,354 INFO   Kandidat: Freiburg verlängert mit Innenverteidiger Matthias Ginter
2026-10-06 13:34:37,668 INFO S7 kein Volltext (too_short_61_words): Sponsoring-Vertrag läuft 2027 aus - BVB trifft erste Rheinme
2026-10-06 13:34:38,075 WARNING discarding data: None
2026-10-06 13:34:38,076 INFO S7 kein Volltext (trafilatura_returned_empty): BVB-Ziel erhält 100-Millionen-Klausel - Erster Profivertrag 
2026-10-06 13:34:38,520 INFO S7 kein Volltext (too_short_61_words): BVB trifft erste Rheinmetall-Entscheidung über auslaufenden 
2026-10-06 13:34:38,520 INFO S7 zu wenig Stoff (0 Wörter aus 0 Quellen, Versuch 2/3): BVB-Ziel erhält 100-Millionen-Klausel - Erster Profivertrag 
2026-10-06 13:34:39,417 INFO S7 kein Volltext (too_short_4_words): Wadenverletzung: Alvero fällt vorerst aus
2026-10-06 13:34:42,018 INFO S7 schreiben (Prio 3, 1 Quellen): Wadenverletzung: Alvero fällt vorerst aus
2026-10-06 13:34:52,118 INFO   Kandidat: Werder: Alvero fehlt mit Wadenverletzung, Hein trainiert ind
2026-10-06 13:34:53,520 INFO S7 schreiben (Prio 3, 2 Quellen): Borussia Mönchengladbach mit dem neuen Trainer Alexander Ble
2026-10-06 13:35:01,652 INFO   Kandidat: Gladbach vor dem Derby in Köln: Blessin setzt auf 3-4-3
2026-10-06 13:35:02,469 INFO S7 schreiben (Prio 3, 1 Quellen): Union Berlin: Friedrich vor Kader-Comeback, Sorgen um Stürme
2026-10-06 13:35:11,373 INFO   Kandidat: Union: Friedrich vor Kader-Comeback, Latte Lath bricht Train
2026-10-06 13:35:11,518 ERROR lxml parsing failed: Document is empty
2026-10-06 13:35:11,518 ERROR lxml parser bytestring Document is empty
2026-10-06 13:35:11,518 ERROR lxml parsing failed: Document is empty
2026-10-06 13:35:11,518 ERROR lxml parser bytestring Document is empty
2026-10-06 13:35:11,518 ERROR empty HTML tree: None
2026-10-06 13:35:11,518 WARNING discarding data: None
2026-10-06 13:35:11,519 INFO S7 kein Volltext (trafilatura_returned_empty): Gute Nachrichten für Mainz-Coach Fischer: Ein Trio um Nebel 
2026-10-06 13:35:11,519 INFO S7 zu wenig Stoff (0 Wörter aus 0 Quellen, Versuch 1/3): Gute Nachrichten für Mainz-Coach Fischer: Ein Trio um Nebel 
2026-10-06 13:35:18,303 INFO S7 schreiben (Prio 3, 1 Quellen): Nächste Vertragsauflösung bei Werder? Entscheidung um Alvero
2026-10-06 13:35:25,846 INFO   Kandidat: Werder: Keine Vertragsauflösung bei Skelly Alvero
2026-10-06 13:35:31,308 INFO S7 schreiben (Prio 3, 1 Quellen): Entwarnung beim BVB: Dauerbrenner fehlt wohl nur gegen Werde
2026-10-06 13:35:40,116 INFO   Kandidat: BVB: Ryerson fehlt wohl nur gegen Werder Bremen
2026-10-06 13:35:41,329 INFO S7 kein Volltext (seite_zu_alt): Österreichs WM-Torwart Schlager wechselt zu Werder – Konkurr
2026-10-06 13:35:41,329 INFO S7 zu wenig Stoff (0 Wörter aus 0 Quellen, Versuch 1/3): Österreichs WM-Torwart Schlager wechselt zu Werder – Konkurr
2026-10-06 13:35:41,541 ERROR lxml parsing failed: Document is empty
2026-10-06 13:35:41,541 ERROR lxml parser bytestring Document is empty
2026-10-06 13:35:41,541 ERROR lxml parsing failed: Document is empty
2026-10-06 13:35:41,541 ERROR lxml parser bytestring Document is empty
2026-10-06 13:35:41,541 ERROR empty HTML tree: None
2026-10-06 13:35:41,542 WARNING discarding data: None
2026-10-06 13:35:41,542 INFO S7 kein Volltext (trafilatura_returned_empty): Papais Tänzchen reicht nicht: TSG dreht die Partie beim Club
2026-10-06 13:35:41,542 INFO S7 zu wenig Stoff (0 Wörter aus 0 Quellen, Versuch 2/3): Papais Tänzchen reicht nicht: TSG dreht die Partie beim Club
2026-10-06 13:35:42,341 INFO S7 schreiben (Prio 3, 1 Quellen): Verlängerung beim FC Bayern könnte Kanes Karrieretraum in Ge
2026-10-06 13:35:50,026 INFO   Kandidat: Kane vor Verlängerung bis 2029: Premier-League-Rekord rückt 
2026-10-06 13:35:50,763 INFO S7 kein Volltext (seite_zu_alt): Lech Posen - Bayer Leverkusen
2026-10-06 13:35:50,763 INFO S7 zu wenig Stoff (0 Wörter aus 0 Quellen, Versuch 2/3): Lech Posen - Bayer Leverkusen
2026-10-06 13:35:51,105 WARNING discarding data: None
2026-10-06 13:35:51,106 INFO S7 kein Volltext (trafilatura_returned_empty): 1.FC Köln : Alle Spieler Im Training!!! Wen Streicht Wagner 
2026-10-06 13:35:51,106 INFO S7 zu wenig Stoff (0 Wörter aus 0 Quellen, Versuch 2/3): 1.FC Köln : Alle Spieler Im Training!!! Wen Streicht Wagner 
2026-10-06 13:35:51,451 INFO S7 kein Volltext (too_short_36_words): BILD klärt auf - Das ist dran am Bayern-Gerücht um Baumann
2026-10-06 13:35:51,879 INFO S7 kein Volltext (too_short_36_words): TSG Hoffenheim: Das ist dran am Bayern-Gerücht um Baumann
2026-10-06 13:35:51,879 INFO S7 zu wenig Stoff (0 Wörter aus 0 Quellen, Versuch 1/3): BILD klärt auf - Das ist dran am Bayern-Gerücht um Baumann
2026-10-06 13:35:52,152 INFO S7 kein Volltext (too_short_69_words): Auch läuferisch hat das Team Probleme - Mainz-Sorgen um Top-
2026-10-06 13:35:52,649 INFO S7 kein Volltext (too_short_69_words): Mainz 05: Sorgen um Top-Star Amiri
2026-10-06 13:35:52,649 INFO S7 zu wenig Stoff (0 Wörter aus 0 Quellen, Versuch 2/3): Auch läuferisch hat das Team Probleme - Mainz-Sorgen um Top-
2026-10-06 13:35:53,817 INFO S7 kein Volltext (seite_zu_alt): Woltemade-Doppelgänger zum VfB? Stuttgart arbeit an Transfer
2026-10-06 13:35:54,608 INFO S7 schreiben (Prio 2, 1 Quellen): Woltemade-Doppelgänger zum VfB? Stuttgart arbeit an Transfer
2026-10-06 13:36:05,179 INFO   Kandidat: Stuttgart und Frankfurt beobachten Linksverteidiger Lucas Es
2026-10-06 13:36:05,658 ERROR lxml parsing failed: Document is empty
2026-10-06 13:36:05,658 ERROR lxml parser bytestring Document is empty
2026-10-06 13:36:05,659 ERROR lxml parsing failed: Document is empty
2026-10-06 13:36:05,659 ERROR lxml parser bytestring Document is empty
2026-10-06 13:36:05,659 ERROR empty HTML tree: None
2026-10-06 13:36:05,659 WARNING discarding data: None
2026-10-06 13:36:05,660 INFO S7 kein Volltext (trafilatura_returned_empty): Kahn kritisiert Klopp wegen Urbig: "Schon etwas unglücklich"
2026-10-06 13:36:10,823 INFO S7 schreiben (Prio 2, 1 Quellen): Kahn kritisiert Klopp wegen Urbig: "Schon etwas unglücklich"
2026-10-06 13:36:18,131 INFO   Kandidat: Kahn kritisiert Klopp: Urbig-Einsatz „schon etwas unglücklic
2026-10-06 13:36:21,805 INFO S6.5 schon berichtet (Union: Friedrich vor Kader-Comeback, Latte La): Vor Elversberg-Spiel - Union bangt um den nächsten Stürmer
2026-10-06 13:36:25,791 INFO S7 schreiben (Prio 2, 1 Quellen): Nicht der FC Bayern! Wechselt Wirtz bald zu diesem Klub?
2026-10-06 13:36:33,554 INFO S7 verworfen (kein_bl_hauptklub): Bierhoff sieht Wirtz auch beim FC Barcelona, Bayern winkt ab
2026-10-06 13:36:34,182 INFO S7 kein Volltext (too_short_36_words): Was der HSV am Kopenhagen-Test verdient hat – aber droht ein
2026-10-06 13:36:34,182 INFO S7 zu wenig Stoff (0 Wörter aus 0 Quellen, Versuch 1/3): Was der HSV am Kopenhagen-Test verdient hat – aber droht ein
2026-10-06 13:36:36,430 INFO S7 schreiben (Prio 2, 1 Quellen): Eintracht Frankfurt muss um Toptalent bangen
2026-10-06 13:36:41,002 INFO S7 verworfen (nicht_relevant): Eintracht Frankfurt muss um Toptalent bangen
2026-10-06 13:36:41,549 INFO S7 kein Volltext (too_short_31_words): Eintracht Frankfurt: Russland-Reise von Bundesliga-Star abge
2026-10-06 13:36:41,549 INFO S7 zu wenig Stoff (0 Wörter aus 0 Quellen, Versuch 1/3): Eintracht Frankfurt: Russland-Reise von Bundesliga-Star abge
2026-10-06 13:36:45,897 INFO S7 schreiben (Prio 2, 1 Quellen): Min-jae Kim vom FC Bayern reist ab
2026-10-06 13:36:52,184 INFO   Kandidat: Kim fehlt Südkorea gegen Usbekistan, Bayern-Einsatz nicht ge
2026-10-06 13:36:52,615 INFO S7 schreiben (Prio 2, 1 Quellen): Zu viel des Guten? Bosnien treibt es mit Schalke-Star Katic 
2026-10-06 13:36:59,930 INFO   Kandidat: Schalke: Katic kehrt nach vier Startelfeinsätzen mit Bosnien
2026-10-06 13:37:00,162 WARNING discarding data: None
2026-10-06 13:37:00,163 INFO S7 kein Volltext (trafilatura_returned_empty): Bayer-Leverkusen-Talent im Visier der Giganten. Real Madrid 
2026-10-06 13:37:00,164 INFO S7 zu wenig Stoff (0 Wörter aus 0 Quellen, Versuch 1/3): Bayer-Leverkusen-Talent im Visier der Giganten. Real Madrid 
2026-10-06 13:37:02,899 INFO S6.5 schon berichtet (Weisers Werder-Comeback: Nach 483 Tagen Träne): Weiser macht seine Rückkehr mit spätem Werder-Siegtor perfek
2026-10-06 13:37:05,688 INFO S6.5 schon berichtet (Kim fehlt Südkorea gegen Usbekistan, Bayern-E): Bayern's Kim Min-jae left out of South Korea squad for Uzbek
2026-10-06 13:37:08,684 INFO S7 schreiben (Prio 2, 1 Quellen): Ex-BVB-Star vor besonderem Wiedersehen
2026-10-06 13:37:17,387 INFO   Kandidat: Füllkrug trifft mit Werder erstmals auf seinen Ex-Klub Dortm
2026-10-06 13:37:17,387 INFO S7 Abo-Deckel (12 Artikel) erreicht – Rest wartet auf den nächsten Lauf
2026-10-06 13:37:17,408 INFO FinalCheck SKIP: werder/{'moussa ndiaye', 'skelly alvero', 'karl hein'} stage=verletzung bereits in Archiv
2026-10-06 13:37:17,415 INFO FinalCheck SKIP: dortmund/{'julian ryerson'} stage=ausfall bereits in Archiv
2026-10-06 13:37:17,427 INFO S9.5 FinalCheck: 10/12 durch
2026-10-06 13:37:18,602 INFO Veröffentlicht: Freiburg verlängert mit Innenverteidiger Matthias Ginter
2026-10-06 13:37:18,710 INFO Veröffentlicht: Gladbach vor dem Derby in Köln: Blessin setzt auf 3-4-3
2026-10-06 13:37:18,817 INFO Veröffentlicht: Union: Friedrich vor Kader-Comeback, Latte Lath bricht Train
2026-10-06 13:37:18,922 INFO Veröffentlicht: Werder: Keine Vertragsauflösung bei Skelly Alvero
2026-10-06 13:37:19,033 INFO Veröffentlicht: Kane vor Verlängerung bis 2029: Premier-League-Rekord rückt 
2026-10-06 13:37:19,141 INFO Veröffentlicht: Stuttgart und Frankfurt beobachten Linksverteidiger Lucas Es
2026-10-06 13:37:19,250 INFO Veröffentlicht: Kahn kritisiert Klopp: Urbig-Einsatz „schon etwas unglücklic
2026-10-06 13:37:19,360 INFO Veröffentlicht: Kim fehlt Südkorea gegen Usbekistan, Bayern-Einsatz nicht ge
2026-10-06 13:37:19,468 INFO Veröffentlicht: Schalke: Katic kehrt nach vier Startelfeinsätzen mit Bosnien
2026-10-06 13:37:19,576 INFO Veröffentlicht: Füllkrug trifft mit Werder erstmals auf seinen Ex-Klub Dortm
2026-10-06 13:37:19,615 INFO Reddit: Keine Credentials – übersprungen
2026-10-06 13:37:19,615 INFO Reddit: Keine Credentials – übersprungen
2026-10-06 13:37:19,616 INFO Reddit: Keine Credentials – übersprungen
2026-10-06 13:37:19,616 INFO Reddit: Keine Credentials – übersprungen
2026-10-06 13:37:19,617 INFO Reddit: Keine Credentials – übersprungen
2026-10-06 13:37:19,617 INFO Reddit: Keine Credentials – übersprungen
2026-10-06 13:37:19,618 INFO Reddit: Keine Credentials – übersprungen
2026-10-06 13:37:19,618 INFO Reddit: Keine Credentials – übersprungen
2026-10-06 13:37:19,619 INFO Reddit: Keine Credentials – übersprungen
2026-10-06 13:37:19,622 INFO Reddit: Keine Credentials – übersprungen
2026-10-06 13:37:19,622 INFO 💶 Kosten: dieser Lauf 0.000 $ (Budget 0.060 $) | heute 0.00 $ | Monat 0.72 / 23 $ | konferenz (abo) 2× 0.000 $, schreiben (abo) 14× 0.000 $, dublette (abo) 21× 0.000 $
2026-10-06 13:37:19,623 INFO 🎫 Abo-Verbrauch: 130,448 Tokens rein (davon Cache gelesen 16,575), 26,400 raus, API-Gegenwert 0.65 $ | konferenz 2×: 9,710/11,040, schreiben 14×: 91,982/15,240, dublette 21×: 28,756/120
2026-10-06 13:37:19,674 INFO Feeds: 60/60 begonnen, nächster Lauf startet bei Nr. 0
2026-10-06 13:37:19,674 INFO URL-Cache gespeichert: 24795 URLs
2026-10-06 13:37:19,674 INFO === Fertig. 10 neue Artikel. feed.json: 1315 ===
2026-10-06 13:37:19,674 INFO Stats: {"ts": "20261006_1330", "ingested": 173, "s2_pre_filter": 32, "s3_relevance": 47, "s4_dedup_early": 0, "gesammelt": 93, "geschichten_neu": 69, "s5_archiv_doppelt": 2, "s5_zusammengefuehrt": 4, "s6_aussortiert": 43, "s7_geschrieben": 14, "s7_verworfen": 5, "s5_fulltext_fail": 11, "s8_qa_rejected": 2, "published": 10, "s5_ohne_bezug": 7, "s5_randthema": 4, "kosten": {"lauf_usd": 0.0, "lauf_budget_usd": 0.0597, "heute_usd": 0.0, "monat_usd": 0.7196, "monatsbudget_usd": 23.0, "aufrufe": {"konferenz (abo)": {"anzahl": 2, "usd": 0.0}, "schreiben (abo)": {"anzahl": 14, "usd": 0.0}, "dublette (abo)": {"anzahl": 21, "usd": 0.0}}, "guthaben_leer": false, "abo": true, "abo_tokens": {"konferenz": {"aufrufe": 2, "ein": 2395, "cache_schreiben": 7315, "cache_lesen": 0, "aus": 11040, "api_wert_usd": 0.0722}, "schreiben": {"aufrufe": 14, "ein": 28, "cache_schreiben": 75379, "cache_lesen": 16575, "aus": 15240, "api_wert_usd": 0.4572}, "dublette": {"aufrufe": 21, "ein": 42, "cache_schreiben": 28714, "cache_lesen": 0, "aus": 120, "api_wert_usd": 0.116}}}}
