2026-10-09 13:31:48,045 INFO 💶 Budget: dieser Lauf 0.100 $ | heute 0.00 $ | Monat 0.72 / 23 $
2026-10-09 13:31:48,352 INFO URL-Cache geladen: 30272 bekannte URLs (letzte 30 Tage)
2026-10-09 13:31:48,352 INFO === Ligaoutsider Generator startet – max. 50 Artikel ===
2026-10-09 13:31:48,353 INFO Feed: https://newsfeed.kicker.de/news/bundesliga
2026-10-09 13:31:48,644 INFO S1 Medienseite ohne Artikeltext: 3:2 nach 0:2 in der 89. Minute: Das wundersame Werder-Comeba
2026-10-09 13:31:48,649 INFO S2 blacklist: VfB-Spielplan bis zur nächsten Länderspielpause: Das XXL-Pro
2026-10-09 13:31:48,650 INFO S2 blacklist: Bayerns XXL-Programm bis zur nächsten Länderspielpause
2026-10-09 13:31:48,651 INFO Feed: https://www.sportschau.de/fussball/bundesliga/index~rss2.xml
2026-10-09 13:31:49,101 INFO Feed: https://sportbild.bild.de/feed/sportbild-home.xml
2026-10-09 13:31:49,566 INFO BL-Spielerliste geladen: 1002 Namen
2026-10-09 13:31:49,592 INFO S3 keyword miss: Keine Fotos, keine Trikots - Deutscher Trainer enttäuscht vo
2026-10-09 13:31:49,684 INFO S3 keyword miss: Basketball-Video mit Megastar - Jackie Chan geht mit diesem 
2026-10-09 13:31:49,731 INFO S3 keyword miss: „Emotionaler Tag“ - Liverpool-Star spricht von Abschied
2026-10-09 13:31:49,732 INFO Feed: https://www.bild.de/rss-feeds/rss-16725492,feed=fussball-mix.bild.html
2026-10-09 13:31:50,294 INFO S2 kein BL-Klub im Titel: So läuft das vor Spielen - Bett-Geschichten von Hannover 96
2026-10-09 13:31:50,294 INFO S2 blacklist: Trotz gutem Energie-Start - Abstiegskampf-Ansage von Wollitz
2026-10-09 13:31:50,294 INFO S2 blacklist: Er war Team-Kollege von Messi - Hier prügelt sich ein Olympi
2026-10-09 13:31:50,295 INFO S2 blacklist: Titel weg wegen Finanz-Skandal? - Kompany weicht Man-City-Fr
2026-10-09 13:31:50,341 INFO S3 keyword miss: Kritik vor Abstiegsduell - Zu lahm? Stamm zählt die Dynamo-J
2026-10-09 13:31:50,343 INFO Feed: https://www.11freunde.de/feed
2026-10-09 13:31:51,280 INFO Feed: https://www.bundesliga.com/de/bundesliga/news.rss
2026-10-09 13:31:51,488 INFO Feed: https://news.google.com/rss/topics/CAAqJggKIiBDQkFTRWdvSUwyMHZNRFp1ZEdvU0FtUmxHZ0pFUlNnQVAB?hl=de&gl=DE&ceid=DE:de
2026-10-09 13:31:52,299 INFO S3 keyword miss: "Ich habe ihm gesagt, er solle ruhig bleiben": Mutter von Cr
2026-10-09 13:31:52,300 INFO S2 blacklist: Hier läuft die Formel 1 live im TV und Stream
2026-10-09 13:31:52,385 INFO S3 keyword miss: Kurioses Gesetz! Formel-1-Teams verzichten auf Kaugummis
2026-10-09 13:31:52,385 INFO S2 blacklist: DFB-Frauen: Cleverer und erfahrener - Mahmutovic will im DFB
2026-10-09 13:31:52,469 INFO S3 keyword miss: Pyros, Proteste, Polizei: City droht im Rivalen-Duell ein hä
2026-10-09 13:31:52,663 INFO S3 keyword miss: (S+) Lindsey Vonn: Wieso die 41 Jahre alte Skifahrerin wiede
2026-10-09 13:31:52,663 INFO S2 blacklist: Topspiel-Hammer unter Flutlicht in Nürnberg: Klose-Truppe em
2026-10-09 13:31:52,746 INFO S3 keyword miss: FCN - Nach Test-Traumtor für Nürnberg: Klose sieht Auftrieb 
2026-10-09 13:31:52,746 INFO Feed: https://news.google.com/rss/search?q=Bundesliga+Testspiel+Ergebnis&hl=de&gl=DE&ceid=DE:de
2026-10-09 13:31:53,108 INFO Feed: https://news.google.com/rss/search?q=Bundesliga+Vorbereitung+Sommertour&hl=de&gl=DE&ceid=DE:de
2026-10-09 13:31:53,364 INFO Feed: https://news.google.com/rss/search?q=Bundesliga+Verletzung+Ausfall+gesperrt&hl=de&gl=DE&ceid=DE:de
2026-10-09 13:31:53,734 INFO Feed: https://news.google.com/rss/search?q=Bundesliga+Transfer+Wechsel+verpflichtet&hl=de&gl=DE&ceid=DE:de
2026-10-09 13:31:54,072 INFO Feed: https://news.google.com/rss/search?q=Bundesliga+Gerücht+Interesse+Angebot&hl=de&gl=DE&ceid=DE:de
2026-10-09 13:31:54,544 INFO Feed: https://news.google.com/rss/search?q=Bundesliga+Vertrag+verlängert+ablösefrei&hl=de&gl=DE&ceid=DE:de
2026-10-09 13:31:54,870 INFO Feed: https://news.google.com/rss/search?q=%22FC+Bayern%22+OR+%22Bayern+M%C3%BCnchen%22+when%3A1d&hl=de&gl=DE&ceid=DE:de
2026-10-09 13:31:55,342 INFO S2 blacklist: Bayerns XXL-Programm bis zur nächsten Länderspielpause
2026-10-09 13:31:55,345 INFO S2 blacklist: FC Bayern München UEFA U19
2026-10-09 13:31:55,346 INFO S2 blacklist: 5. Spieltag: FC Augsburg - FC Bayern München - FC Bayern Mün
2026-10-09 13:31:55,442 INFO S3 keyword miss: Ex-Fußballer: Vor „Promi Big Brother“ war Christian Lell mit
2026-10-09 13:31:55,471 INFO S2 blacklist: 5. Spieltag: FC Augsburg - FC Bayern München - FC Augsburg -
2026-10-09 13:31:55,472 INFO Feed: https://news.google.com/rss/search?q=BVB+OR+%22Borussia+Dortmund%22+when%3A1d&hl=de&gl=DE&ceid=DE:de
2026-10-09 13:31:55,932 INFO S2 blacklist: Borussia Dortmund – Werder Bremen heute live: TV-Übertragung
2026-10-09 13:31:55,936 INFO S2 blacklist: Aufstellung | Borussia Dortmund - FSV Gütersloh 2009 6:0 | 6
2026-10-09 13:31:55,938 INFO S2 blacklist: VfB Waltrop U17 international Testspiel gegen BVB-Auswahl au
2026-10-09 13:31:55,958 INFO Feed: https://news.google.com/rss/search?q=%22Bayer+Leverkusen%22+OR+%22Bayer+04%22+when%3A1d&hl=de&gl=DE&ceid=DE:de
2026-10-09 13:31:56,420 INFO Feed: https://news.google.com/rss/search?q=%22RB+Leipzig%22+when%3A1d&hl=de&gl=DE&ceid=DE:de
2026-10-09 13:31:56,844 INFO S2 blacklist: Achterbahnfahrt bei Ex-Klub: Kehrt Nagelsmann zurück?
2026-10-09 13:31:56,846 INFO S2 blacklist: Bundesliga: Landet Ex-DFB-Trainer Nagelsmann bei seinem Ex-K
2026-10-09 13:31:56,846 INFO Feed: https://news.google.com/rss/search?q=%22VfB+Stuttgart%22+when%3A1d&hl=de&gl=DE&ceid=DE:de
2026-10-09 13:31:57,301 INFO S2 blacklist: VfB-Spielplan bis zur nächsten Länderspielpause: Das XXL-Pro
2026-10-09 13:31:57,345 INFO Feed: https://news.google.com/rss/search?q=%22Eintracht+Frankfurt%22+when%3A1d&hl=de&gl=DE&ceid=DE:de
2026-10-09 13:31:57,766 INFO S2 blacklist: Eintracht Frankfurt - News zum Verein | Seite 371
2026-10-09 13:31:57,789 INFO Feed: https://news.google.com/rss/search?q=Gladbach+OR+%22Borussia+M%C3%B6nchengladbach%22+when%3A1d&hl=de&gl=DE&ceid=DE:de
2026-10-09 13:31:58,316 INFO S3 keyword miss: Nächste Trainer-Entlassung in der Bundesliga bahnt sich an
2026-10-09 13:31:58,317 INFO S2 Liveticker übersprungen: Samstag im Liveticker: Schalkes U23 plant Punkte-Coup in Ber
2026-10-09 13:31:58,373 INFO S3 keyword miss: „Dann ist das Geschäft so hart“: Littbarski blickt skeptisch
2026-10-09 13:31:58,374 INFO S2 blacklist: Finanzieller Dämpfer für Gladbach: Borussia verliert Hauptsp
2026-10-09 13:31:58,376 INFO Feed: https://news.google.com/rss/search?q=%22SC+Freiburg%22+when%3A1d&hl=de&gl=DE&ceid=DE:de
2026-10-09 13:31:58,795 INFO S2 blacklist: U19 und U17 gegen Topteams
2026-10-09 13:31:58,843 INFO S3 keyword miss: Interview mit Jochen Saier
2026-10-09 13:31:58,846 INFO S2 blacklist: 1. FC-TSG Königstein U15
2026-10-09 13:31:58,848 INFO Feed: https://news.google.com/rss/search?q=Hoffenheim+when%3A1d&hl=de&gl=DE&ceid=DE:de
2026-10-09 13:31:59,284 INFO S2 blacklist: Marktwerte 3. Liga: Millionenplus für TSG-Duo Dedic & Zor – 
2026-10-09 13:31:59,285 INFO Feed: https://news.google.com/rss/search?q=%22Mainz+05%22+when%3A1d&hl=de&gl=DE&ceid=DE:de
2026-10-09 13:31:59,725 INFO S3 keyword miss: Lampard, sobre el caso del Manchester City: "Esperaremos el 
2026-10-09 13:31:59,874 INFO S3 keyword miss: Arteta: "Unire la gente è la cosa più forte che abbiamo crea
2026-10-09 13:31:59,875 INFO Feed: https://news.google.com/rss/search?q=%22FC+Augsburg%22+when%3A1d&hl=de&gl=DE&ceid=DE:de
2026-10-09 13:32:00,326 INFO S3 keyword miss: St. Pauli: Fujita bestätigt Wechselwunsch
2026-10-09 13:32:00,328 INFO Feed: https://news.google.com/rss/search?q=%22Union+Berlin%22+when%3A1d&hl=de&gl=DE&ceid=DE:de
2026-10-09 13:32:00,699 INFO S2 blacklist: SV Elversberg reist nach der Länderspielpause zu Union Berli
2026-10-09 13:32:00,701 INFO Feed: https://news.google.com/rss/search?q=%22Werder+Bremen%22+when%3A1d&hl=de&gl=DE&ceid=DE:de
2026-10-09 13:32:01,177 INFO S2 blacklist: Juniorinnen der WERDERFRAUEN dreimal auswärts gefordert
2026-10-09 13:32:01,257 INFO S3 keyword miss: Kurz vor Abschluss - Krallt sich Italo-Klub österreichischen
2026-10-09 13:32:01,258 INFO S2 blacklist: Bundesliga: Hier läuft BVB gegen Werder Bremen live im TV un
2026-10-09 13:32:01,258 INFO Feed: https://news.google.com/rss/search?q=HSV+OR+%22Hamburger+SV%22+when%3A1d&hl=de&gl=DE&ceid=DE:de
2026-10-09 13:32:01,689 INFO S2 blacklist: Hamburger SV - Rekord-Abgänge (Galerie) | Seite 5
2026-10-09 13:32:01,690 INFO S2 blacklist: Hamburger SV - Spieler von A bis Z (Galerie) | Seite 71
2026-10-09 13:32:01,692 INFO S2 blacklist: Hamburger SV - Kader im Detail 62/63 (Galerie) | Seite 22
2026-10-09 13:32:01,695 INFO S2 blacklist: Sparta Rotterdam U21
2026-10-09 13:32:01,695 INFO S2 blacklist: HSV Wasmeer Jugend - Marktwert beim Debüt (Detailansicht)
2026-10-09 13:32:01,744 INFO S3 keyword miss: Heeres SV Innsbruck (-1938)
2026-10-09 13:32:01,745 INFO Feed: https://news.google.com/rss/search?q=%221.+FC+K%C3%B6ln%22+OR+%22FC+K%C3%B6ln%22+when%3A1d&hl=de&gl=DE&ceid=DE:de
2026-10-09 13:32:02,116 INFO Feed: https://news.google.com/rss/search?q=Schalke+when%3A1d&hl=de&gl=DE&ceid=DE:de
2026-10-09 13:32:02,638 INFO S3 keyword miss: Borek Dockal
2026-10-09 13:32:02,659 INFO Feed: https://news.google.com/rss/search?q=Elversberg+when%3A1d&hl=de&gl=DE&ceid=DE:de
2026-10-09 13:32:02,999 INFO Feed: https://news.google.com/rss/search?q=%22SC+Paderborn%22+when%3A1d&hl=de&gl=DE&ceid=DE:de
2026-10-09 13:32:03,418 INFO S2 blacklist: Das große Quiz rund um Paderborn: SCP, Dom und Landesgartens
2026-10-09 13:32:03,469 INFO S3 keyword miss: Ceferin strebt Wiederwahl als UEFA-Präsident an
2026-10-09 13:32:03,469 INFO Feed: https://www.transfermarkt.de/rss/news
2026-10-09 13:32:03,567 INFO Feed: https://www.waz.de/sport/fussball/rss
2026-10-09 13:32:03,932 INFO Feed: https://www.faz.net/rss/aktuell/sport/fussball/bundesliga/
2026-10-09 13:32:04,390 INFO Feed: https://bulinews.com/rss.xml
2026-10-09 13:32:04,799 INFO Feed: https://www.abendblatt.de/sport/rss
2026-10-09 13:32:05,323 INFO S2 blacklist: Bald Bundesliga? St. Pauli trifft wichtige Entscheidung für 
2026-10-09 13:32:05,324 INFO Feed: https://www.merkur.de/sport/fc-bayern/rssfeed.rdf
2026-10-09 13:32:05,985 INFO Feed: https://www.eyefootball.com/rss_news_main.xml
2026-10-09 13:32:06,333 INFO Feed: https://www.ligaportal.at/international/deutsche-bundesliga?format=feed&type=rss
2026-10-09 13:32:08,837 INFO Feed: https://www.reddit.com/r/soccer/new.rss?limit=100
2026-10-09 13:32:09,656 INFO S3 keyword miss: Everton, an asking price of about £800m, inclusive of debts 
2026-10-09 13:32:09,740 INFO S3 keyword miss: John Achterberg (former Liverpool coach) on City "I remember
2026-10-09 13:32:09,793 INFO S3 keyword miss: Fortuna Sittard has reached an agreement with Daley Sinkgrav
2026-10-09 13:32:09,853 INFO S3 keyword miss: Enzo Maresca press conference: I won the Championship with L
2026-10-09 13:32:09,905 INFO S3 keyword miss: [Match Thread] Kashima Antlers vs. Gamba Osaka (J.League off
2026-10-09 13:32:09,906 INFO Feed: https://newsfeed.kicker.de/team/fc-bayern-muenchen
2026-10-09 13:32:10,043 INFO Feed: https://newsfeed.kicker.de/team/borussia-dortmund
2026-10-09 13:32:10,175 INFO Feed: https://newsfeed.kicker.de/team/rb-leipzig
2026-10-09 13:32:10,317 INFO Feed: https://newsfeed.kicker.de/team/bayer-04-leverkusen
2026-10-09 13:32:10,357 INFO Feed: https://newsfeed.kicker.de/team/vfb-stuttgart
2026-10-09 13:32:10,402 INFO Feed: https://newsfeed.kicker.de/team/eintracht-frankfurt
2026-10-09 13:32:10,539 INFO Feed: https://newsfeed.kicker.de/team/bor-moenchengladbach
2026-10-09 13:32:10,765 INFO Feed: https://newsfeed.kicker.de/team/sc-freiburg
2026-10-09 13:32:10,903 INFO Feed: https://newsfeed.kicker.de/team/tsg-hoffenheim
2026-10-09 13:32:10,953 INFO Feed: https://newsfeed.kicker.de/team/1-fsv-mainz-05
2026-10-09 13:32:11,097 INFO Feed: https://newsfeed.kicker.de/team/fc-augsburg
2026-10-09 13:32:11,369 INFO Feed: https://newsfeed.kicker.de/team/1-fc-union-berlin
2026-10-09 13:32:11,412 INFO Feed: https://newsfeed.kicker.de/team/werder-bremen
2026-10-09 13:32:11,547 INFO Feed: https://newsfeed.kicker.de/team/hamburger-sv
2026-10-09 13:32:11,584 INFO Feed: https://newsfeed.kicker.de/team/1-fc-koeln
2026-10-09 13:32:11,721 INFO Feed: https://newsfeed.kicker.de/team/fc-schalke-04
2026-10-09 13:32:11,862 INFO Feed: https://newsfeed.kicker.de/team/sv-elversberg
2026-10-09 13:32:12,006 INFO Feed: https://newsfeed.kicker.de/team/sc-paderborn-07
2026-10-09 13:32:12,149 INFO Feed: https://newsfeed.kicker.de/news/champions-league
2026-10-09 13:32:12,190 INFO Feed: ligainsider:themen
2026-10-09 13:32:34,991 INFO LigaInsider (Themenfinder): 150 Meldungen von 18 Vereinsseiten
2026-10-09 13:32:40,505 INFO Eingelesen: 110 Schlagzeilen nach den Gratis-Filtern
2026-10-09 13:32:41,890 INFO S5 schon berichtet (Thioune über Füllkrug: „Wird motiviert sein“ ): "Bestes Jahr meiner Karriere": Füllkrug freut sich auf Rückk
2026-10-09 13:32:41,890 INFO S5 kein Bundesliga-Spieler oder -Klub erkennbar: Ausgleich verhindert – Playoff-Aus! - New Yorker wütend auf DIESEN Fan
2026-10-09 13:32:41,891 INFO S5 kein Bundesliga-Spieler oder -Klub erkennbar: Zverev siegt nach Schrecksekunde und macht Sprung an Spitze der Weltra
2026-10-09 13:32:41,892 INFO S5 kein Bundesliga-Spieler oder -Klub erkennbar: Drei Strafen für George Russell/Mercedes: Jetzt gegen Antonelli chance
2026-10-09 13:32:41,892 INFO S5 kein Bundesliga-Spieler oder -Klub erkennbar: DTM-BoP Hockenheim: Droht Titelfavorit Thomas Preining ein Norisring-S
2026-10-09 13:32:41,893 INFO S5 schon berichtet (Bayern gastiert in Augsburg: Erinnerung an di): Kompany hat Bayern-Niederlage gegen Augsburg nicht vergessen
2026-10-09 13:32:41,894 INFO S5 kein Bundesliga-Spieler oder -Klub erkennbar: Müller-Schock in der MLS
2026-10-09 13:32:41,894 INFO S5 kein Bundesliga-Spieler oder -Klub erkennbar: Kompany wird nach Bischof gefragt – und enthüllt plötzlich pikante Jac
2026-10-09 13:32:41,897 INFO S5 Randthema: buten un binnen: Friedls kuriose Dortmund-Torbilanz und 4 weitere Werd
2026-10-09 13:32:41,903 INFO S5 Randthema: Gladbach beendet Hauptsponsoring mit Reuter nach drei Jahren
2026-10-09 13:32:41,903 INFO S5 Randthema: SC-Mitgliederversammlung wählt neuen Aufsichtsrat
2026-10-09 13:32:41,904 INFO S5 Randthema: Teure HSV-Tickets in Hoffenheim? Das ist der Preis, den die Fans bezah
2026-10-09 13:32:41,904 INFO S5 kein Bundesliga-Spieler oder -Klub erkennbar: Melhores momentos: Santos 2 x 2 Flamengo (Brasileirão Betano)
2026-10-09 13:32:41,904 INFO S5 kein Bundesliga-Spieler oder -Klub erkennbar: Wohnhausbrand mit starker Rauchentwicklung: Haus unbewohnbar, Katze st
2026-10-09 13:32:41,906 INFO S5 schon berichtet (Bayern gastiert in Augsburg: Erinnerung an di): "Unsere einzige Niederlage": Vincent Kompany warnt vor dem s
2026-10-09 13:32:41,906 INFO S5 kein Bundesliga-Spieler oder -Klub erkennbar: Füllkrugs besondere Rückkehr: „Bestes Jahr meiner Karriere“
2026-10-09 13:32:41,910 INFO S5 kein Bundesliga-Spieler oder -Klub erkennbar: Thomas Müller muss bitteren Verletzungsrückschlag hinnehmen
2026-10-09 13:32:41,911 INFO S5: 86 neue Geschichten, 3 schon berichtet, 1 zu wartenden Geschichten ergänzt, 23 warten
2026-10-09 13:34:47,877 INFO S6 aussortiert (prio_1): Brisanz im Wahlausschuss - Steht der neue Werder-Präsident schon fest?
2026-10-09 13:34:47,878 INFO S6 aussortiert (prio_1): Die Haare sind ab bei Vincent Wagner – rasiert die SV Elversberg weite
2026-10-09 13:34:47,878 INFO S6 aussortiert (doppelt): Fußball Bundesliga: FC Bayern gegen Bochum - Übersicht über die Karten
2026-10-09 13:34:47,878 INFO S6 aussortiert (prio_0): Er spielte einst für den FC Bayern! Wird ein Ex-Profi neuer Sportdirek
2026-10-09 13:34:47,878 INFO S6 aussortiert (prio_1): Viking gegen Bayern live: Bei diesem Anbieter läuft das Spiel exklusiv
2026-10-09 13:34:47,878 INFO S6 aussortiert (prio_0): Die Top-Stats: Augsburg vs. FC Bayern
2026-10-09 13:34:47,878 INFO S6 aussortiert (prio_0): EuroLeague: Mumbrú schlägt seine Nationalspieler beim FC Bayern
2026-10-09 13:34:47,879 INFO S6 aussortiert (prio_1): Nach BVB-Abschied: Julian Brandt erhält besondere Ehrung
2026-10-09 13:34:47,879 INFO S6 aussortiert (prio_1): Christian Dingert leitet das Werder-Spiel bei Borussia Dortmund
2026-10-09 13:34:47,879 INFO S6 aussortiert (prio_0): Absurde Statistik lässt BVB weiter von Platz eins träumen
2026-10-09 13:34:47,879 INFO S6 aussortiert (prio_0): BVB – Werder Bremen: Quotenboost bei NEO.bet + 25€ Freiwetten sichern
2026-10-09 13:34:47,879 INFO S6 aussortiert (prio_0): Flop-Wert bei 0,38 Zählern: Die BVB-Trainer mit dem niedrigsten Punkte
2026-10-09 13:34:47,879 INFO S6 aussortiert (prio_0): Borussia Dortmund vs Werder Bremen - Prognose, Übertragung, Anstoßzeit
2026-10-09 13:34:47,880 INFO S6 aussortiert (prio_0): Borussia Dortmund - SV Werder Bremen Statistiken: Fußball Ergebnisse &
2026-10-09 13:34:47,880 INFO S6 aussortiert (prio_1): Dortmund vs. Bremen live: Hier läuft heute die Bundesliga
2026-10-09 13:34:47,880 INFO S6 aussortiert (prio_1): Trauerfeier in Leverkusen: Bayer 04 nimmt Abschied von Peter Hermann
2026-10-09 13:34:47,880 INFO S6 aussortiert (doppelt): Bayer: Boniface-Überraschung?
2026-10-09 13:34:47,880 INFO S6 aussortiert (prio_1): RB Leipzig gegen Eintracht Frankfurt live: Bundesliga-Übertragung in T
2026-10-09 13:34:47,880 INFO S6 aussortiert (prio_0): Semesterstart mit Rekordjahrgang
2026-10-09 13:34:47,880 INFO S6 aussortiert (doppelt): Mittelfeld des VfB Stuttgart: Stiller und Prömel – das Problem mit den
2026-10-09 13:34:47,880 INFO S6 aussortiert (doppelt): Fußball Bundesliga: Stuttgart gegen Uerdingen - Übersicht über die Lau
2026-10-09 13:34:47,881 INFO S6 aussortiert (doppelt): „Ihm gehört die Zukunft“: Hoeneß schwärmt von VfB-Verteidiger
2026-10-09 13:34:47,881 INFO S6 aussortiert (doppelt): Fußball Bundesliga: Bochum gegen Stuttgart - Elfmeter - 18. Spieltag -
2026-10-09 13:34:47,881 INFO S6 aussortiert (doppelt): Fußball Bundesliga: Schalke gegen Stuttgart - Übersicht über die Karte
2026-10-09 13:34:47,881 INFO S6 aussortiert (prio_0): VfB Stuttgart II: "Da müssen wir dagegenhalten"
2026-10-09 13:34:47,881 INFO S6 aussortiert (prio_0): RB Leipzig - Eintracht Frankfurt Statistiken: Fußball Ergebnisse & Inf
2026-10-09 13:34:47,881 INFO S6 aussortiert (doppelt): Fußball Bundesliga: E. Frankfurt gegen Leverkusen - Übersicht über die
2026-10-09 13:34:47,881 INFO S6 aussortiert (prio_0): „Warum sind da keine jüngeren Spieler?“ NLZ-Leiter der Eintracht zeigt
2026-10-09 13:34:47,882 INFO S6 aussortiert (doppelt): Fußball Bundesliga: M'gladbach gegen Bochum - Übersicht über die Laufl
2026-10-09 13:34:47,882 INFO S6 aussortiert (prio_0): Aufwind trifft Pokalsieger: Bergisch Gladbach empfängt Wegberg-Beeck
2026-10-09 13:34:47,882 INFO S6 aussortiert (doppelt): SC Freiburg
2026-10-09 13:34:47,882 INFO S6 aussortiert (prio_1): Irre Zahlen: So groß ist der finanzielle Unterschied zwischen Schalke 
2026-10-09 13:34:47,882 INFO S6 aussortiert (prio_0): (k+) Viele Wege, ein Ziel: Freiburgs nächste Generation drängt nach ob
2026-10-09 13:34:47,882 INFO S6 aussortiert (prio_1): Dieser Schiedsrichter pfeift das HSV-Spiel in Hoffenheim
2026-10-09 13:34:47,882 INFO S6 aussortiert (prio_1): TSG Hoffenheim vs Hamburger SV Tipp, Prognose & Quoten 10.10.2026
2026-10-09 13:34:47,882 INFO S6 aussortiert (prio_0): 1. FC Union Berlin gegen SV 07 Elversberg Tabelle - Bundesliga 5. Spie
2026-10-09 13:34:47,882 INFO S6 aussortiert (doppelt): 1. FC Union Berlin - SV Elversberg
2026-10-09 13:34:47,882 INFO S6 aussortiert (prio_1): 1. FC Union Berlin vs SV Elversberg Tipp, Prognose & Quoten 10.10.2026
2026-10-09 13:34:47,883 INFO S6 aussortiert (prio_0): Borussia Dortmund: Vor dem Duell gegen SV Werder Bremen - Die Lage bei
2026-10-09 13:34:47,883 INFO S6 aussortiert (prio_0): TSG 1899 Hoffenheim - Hamburger SV Statistiken: Fußball Ergebnisse & I
2026-10-09 13:34:47,883 INFO S6 aussortiert (prio_0): Heimspiel gegen HSV Neuwied: Marvin Schulzki bleibt im Liebshausener K
2026-10-09 13:34:47,883 INFO S6 aussortiert (doppelt): FC.de
2026-10-09 13:34:47,883 INFO S6 aussortiert (doppelt): Fußball Bundesliga: Oberhausen gegen Schalke - Statistik: Zweikämpfe -
2026-10-09 13:34:47,883 INFO S6 aussortiert (doppelt): Historisch: Als der Kaiser verschnupft war
2026-10-09 13:34:47,883 INFO S6 aussortiert (prio_1): Dynamo Dresden: Pokalspiel gegen Schalke 04 ist ausverkauft
2026-10-09 13:34:47,883 INFO S6 aussortiert (doppelt): FC Schalke 04
2026-10-09 13:34:47,883 INFO S6 aussortiert (prio_0): Geführt "wie ein Musikverein": Unruhe bei Schalkes Pokalgegner Dresden
2026-10-09 13:34:47,884 INFO S6 aussortiert (prio_1): Rekord, Rekord, Rekord: Freiburger in neuer Flughöhe
2026-10-09 13:34:47,884 INFO S6 aussortiert (prio_0): Brauchte Polizeischutz - Karius verrät: Sogar Familie erhielt Morddroh
2026-10-09 13:34:47,884 INFO S6 aussortiert (prio_1): Hauptstadt gegen Fußball-Dorf: Elversberg ist das, was Union mal war
2026-10-09 13:34:47,884 INFO S6 aussortiert (prio_1): Lange Haare ab! Elversberg-Trainer Wagner zeigt sich völlig verändert
2026-10-09 13:34:47,884 INFO S6 aussortiert (prio_0): Bundesliga trio among the 10 most valuable players aged 18 or under
2026-10-09 13:34:47,884 INFO S6 aussortiert (prio_1): Kompany erinnert sich plötzlich an Jacuzzi-Szene mit Weltstars
2026-10-09 13:34:47,884 INFO S6 aussortiert (prio_1): Preisträger Kompany vom FC Bayern: "Sehr, sehr persönliche Einstellung
2026-10-09 13:34:48,840 INFO S7 kein Volltext (too_short_43_words): Zwei Schalker trainieren vor Freiburg nicht mit: Eine Katic-
2026-10-09 13:34:49,707 INFO S7 kein Volltext (too_short_43_words): Zwei Schalker trainieren vor Freiburg nicht mit: Eine Katic-
2026-10-09 13:34:49,707 INFO S7 zu wenig Stoff (0 Wörter aus 0 Quellen, Versuch 2/3): Zwei Schalker trainieren vor Freiburg nicht mit: Eine Katic-
2026-10-09 13:34:54,362 INFO S6.5 schon berichtet (Onyeka verletzt von der U21 abgereist: Elvers): Mokwa wieder voll belastbar
2026-10-09 13:34:58,089 INFO S6.5 schon berichtet (Onyeka verletzt von der U21 abgereist: Elvers): Sie hatten ihn extra geschont - DIESER Elversberger wackelt 
2026-10-09 13:35:02,936 INFO S6.5 schon berichtet (Augsburgs Baum fordert gegen Bayern: „Wie ein): Es geht auch um drei DFB-Stars  - Drei wichtige Startelf-Fra
2026-10-09 13:35:06,222 INFO S6.5 schon berichtet (Augsburgs Baum fordert gegen Bayern: „Wie ein): Die Bayern wollen gegen den FCA eine Rechnung begleichen: Ko
2026-10-09 13:35:10,866 INFO S7 schreiben (Prio 3, 1 Quellen): Wirft Wagner ihn ins kalte Derby-Wasser? Köln-Talent plötzli
2026-10-09 13:35:22,153 INFO   Kandidat: Köln vor dem Derby: Ekweribe trainiert nach Ausfällen bei de
2026-10-09 13:35:22,478 WARNING discarding data: None
2026-10-09 13:35:22,479 INFO S7 kein Volltext (trafilatura_returned_empty): Wechsel rückt in weite Ferne: BVB-Flirt vor Vertragsverlänge
2026-10-09 13:35:22,479 INFO S7 zu wenig Stoff (0 Wörter aus 0 Quellen, Versuch 1/3): Wechsel rückt in weite Ferne: BVB-Flirt vor Vertragsverlänge
2026-10-09 13:35:23,030 INFO S7 kein Volltext (likely_paywall): VfB Stuttgart: Abschied? Das ist der Stand bei Stiller
2026-10-09 13:35:23,030 INFO S7 zu wenig Stoff (0 Wörter aus 0 Quellen, Versuch 1/3): VfB Stuttgart: Abschied? Das ist der Stand bei Stiller
2026-10-09 13:35:28,274 INFO S6.5 schon berichtet (Leverkusen ohne Kofane, Einsatz von Maza offe): Leverkusen to make late call on Maza's availability for Main
2026-10-09 13:35:32,365 INFO S7 schreiben (Prio 3, 1 Quellen): Pech ohne Ende: Zwei VfB-Profis fehlen schon wieder
2026-10-09 13:35:39,190 INFO   Kandidat: VfB ohne Diehl und Al-Dakhil in Paderborn
2026-10-09 13:35:39,825 INFO S7 kein Volltext (too_short_34_words): „Macht einfach Spaß“: Fast vergessener HSV-Profi kurz vor Co
2026-10-09 13:35:39,825 INFO S7 zu wenig Stoff (0 Wörter aus 0 Quellen, Versuch 2/3): „Macht einfach Spaß“: Fast vergessener HSV-Profi kurz vor Co
2026-10-09 13:35:40,052 INFO S7 kein Volltext (too_short_8_words): Frankfurt kommt zu früh für Reitz
2026-10-09 13:35:40,052 INFO S7 zu wenig Stoff (0 Wörter aus 0 Quellen, Versuch 3/3): Frankfurt kommt zu früh für Reitz
2026-10-09 13:35:40,240 ERROR lxml parsing failed: Document is empty
2026-10-09 13:35:40,241 ERROR lxml parser bytestring Document is empty
2026-10-09 13:35:40,241 ERROR lxml parsing failed: Document is empty
2026-10-09 13:35:40,241 ERROR lxml parser bytestring Document is empty
2026-10-09 13:35:40,241 ERROR empty HTML tree: None
2026-10-09 13:35:40,241 WARNING discarding data: None
2026-10-09 13:35:40,242 INFO S7 kein Volltext (trafilatura_returned_empty): Diehl und Al-Dakhil kommen beim VfB nicht auf die Beine
2026-10-09 13:35:40,242 INFO S7 zu wenig Stoff (0 Wörter aus 0 Quellen, Versuch 2/3): Diehl und Al-Dakhil kommen beim VfB nicht auf die Beine
2026-10-09 13:35:50,682 INFO S6.5 schon berichtet (Werder ohne Agu und Alvero in Dortmund, Hein ): Nach erneuter Muskelverletzung: Werder Bremen geht bei Pechv
2026-10-09 13:35:51,838 INFO S7 kein Volltext (too_short_57_words): So stark kommt Vuskovic zurück: HSV-Coach gibt Prognose ab
2026-10-09 13:35:51,838 INFO S7 zu wenig Stoff (0 Wörter aus 0 Quellen, Versuch 2/3): So stark kommt Vuskovic zurück: HSV-Coach gibt Prognose ab
2026-10-09 13:35:52,086 ERROR lxml parsing failed: Document is empty
2026-10-09 13:35:52,086 ERROR lxml parser bytestring Document is empty
2026-10-09 13:35:52,086 ERROR lxml parsing failed: Document is empty
2026-10-09 13:35:52,086 ERROR lxml parser bytestring Document is empty
2026-10-09 13:35:52,086 ERROR empty HTML tree: None
2026-10-09 13:35:52,086 WARNING discarding data: None
2026-10-09 13:35:52,087 INFO S7 kein Volltext (trafilatura_returned_empty): Polzins Verlängerung beim HSV ist ausgehandelt
2026-10-09 13:35:52,087 INFO S7 zu wenig Stoff (0 Wörter aus 0 Quellen, Versuch 1/3): Polzins Verlängerung beim HSV ist ausgehandelt
2026-10-09 13:35:56,542 INFO S6.5 schon berichtet (Leverkusen ohne Kofane, Einsatz von Maza offe): Nach enttäuschendem Start - Boniface plötzlich wieder wichti
2026-10-09 13:36:01,639 INFO S6.5 schon berichtet (Werder will nach turbulenter Pause in Dortmun): Werder will sich nach dem Testspiel-Debakel beim BVB rehabil
2026-10-09 13:36:10,339 INFO S6.5 schon berichtet (Mainz: Nebel, Widmer und Gruber trainieren wi): Nach Nebel-Rückkehr - So geht's jetzt im Mainz-Mittelfeld we
2026-10-09 13:36:12,576 INFO S7 schreiben (Prio 2, 1 Quellen): Union-Trainerin sprach über Geld - Stimmen Etas Gehalts-Enth
2026-10-09 13:36:17,867 INFO S7 verworfen (nicht_relevant): Union-Trainerin sprach über Geld - Stimmen Etas Gehalts-Enth
2026-10-09 13:36:17,892 ERROR lxml parsing failed: Document is empty
2026-10-09 13:36:17,892 ERROR lxml parser bytestring Document is empty
2026-10-09 13:36:17,893 ERROR lxml parsing failed: Document is empty
2026-10-09 13:36:17,893 ERROR lxml parser bytestring Document is empty
2026-10-09 13:36:17,893 ERROR empty HTML tree: None
2026-10-09 13:36:17,893 WARNING discarding data: None
2026-10-09 13:36:17,894 INFO S7 kein Volltext (trafilatura_returned_empty): Leverkusen plant mit Maza - Boniface "eine Option"
2026-10-09 13:36:17,894 INFO S7 zu wenig Stoff (0 Wörter aus 0 Quellen, Versuch 1/3): Leverkusen plant mit Maza - Boniface "eine Option"
2026-10-09 13:36:24,253 INFO S6.5 schon berichtet (Köln: Wagner geht mit Rückendeckung für ein S): Doch ein Endspiel? Wagner wackelt beim 1. FC Köln
2026-10-09 13:36:25,211 INFO S7 kein Volltext (seite_zu_alt): Mit Sieg an die Tabellenspitze heranrücken
2026-10-09 13:36:25,211 INFO S7 zu wenig Stoff (0 Wörter aus 0 Quellen, Versuch 1/3): Mit Sieg an die Tabellenspitze heranrücken
2026-10-09 13:36:31,703 INFO S7 schreiben (Prio 2, 1 Quellen): Brisante Olise-Forderung an den FC Bayern geleakt
2026-10-09 13:36:39,352 INFO S7.6 doppelt (Kompany über Olise: „Spieler zum Weltspieler mache): Olise soll Ausstiegsklausel für ausgewählte Klubs 
2026-10-09 13:36:42,919 INFO S6.5 schon berichtet (Augsburgs Baum fordert gegen Bayern: „Wie ein): Bayern mit «super Kader» in volle Tage - Kompany vor Ehrung
2026-10-09 13:36:45,188 INFO S6.5 schon berichtet (Bayern beobachtet Brightons Luka Vuskovic wei): Bericht: Top-Star will "unbedingt" zum FC Bayern
2026-10-09 13:36:52,627 INFO S7 schreiben (Prio 2, 1 Quellen): Bayern chief insists there is “no time pressure” over Olise 
2026-10-09 13:36:59,291 INFO   Kandidat: Freund zu Olise: „Es gibt keinen Zeitdruck“
2026-10-09 13:37:02,038 INFO S6.5 schon berichtet (Kompany zur Kimmich-Debatte: „Mini-Debatten“): BR24 Sport: Mit Jacuzzi-Ankedote: Kompany stärkt Kimmich den
2026-10-09 13:37:04,683 INFO S7 schreiben (Prio 2, 1 Quellen): Kevin Behrens blickt mit Wehmut auf Union: „Fußballerisch me
2026-10-09 13:37:07,818 INFO S7 verworfen (nicht_relevant): Kevin Behrens blickt mit Wehmut auf Union: „Fußballerisch me
2026-10-09 13:37:12,632 INFO S6.5 schon berichtet (Bayern trainiert vor Viking Stavanger schon i): Darum bricht der FC Bayern vor Stavanger-Spiel mit einer Tra
2026-10-09 13:37:21,459 INFO S7 schreiben (Prio 2, 1 Quellen): Gebt dem FC Bayern, was er will! Kane-Kauf gefordert
2026-10-09 13:37:28,730 INFO   Kandidat: Dublin über Kane: „In jeder Premier-League-Mannschaft in der
2026-10-09 13:37:28,994 INFO S7 kein Volltext (too_short_15_words): FC Bayern und BVB vor dem Klassiker: Diese Hammer-Wochen war
2026-10-09 13:37:28,994 INFO S7 zu wenig Stoff (0 Wörter aus 0 Quellen, Versuch 2/3): FC Bayern und BVB vor dem Klassiker: Diese Hammer-Wochen war
2026-10-09 13:37:30,029 INFO S7 kein Volltext (likely_paywall): Eintracht Frankfurt vor Leipzig-Spiel: Koch beantwortet Fan-
2026-10-09 13:37:30,029 INFO S7 zu wenig Stoff (0 Wörter aus 0 Quellen, Versuch 2/3): Eintracht Frankfurt vor Leipzig-Spiel: Koch beantwortet Fan-
2026-10-09 13:37:31,330 INFO S7 kein Volltext (likely_paywall): „Als Erstes vorangehen“: Eintracht-Kapitän Koch fordert defe
2026-10-09 13:37:31,330 INFO S7 zu wenig Stoff (0 Wörter aus 0 Quellen, Versuch 2/3): „Als Erstes vorangehen“: Eintracht-Kapitän Koch fordert defe
2026-10-09 13:37:31,549 ERROR lxml parsing failed: Document is empty
2026-10-09 13:37:31,550 ERROR lxml parser bytestring Document is empty
2026-10-09 13:37:31,550 ERROR lxml parsing failed: Document is empty
2026-10-09 13:37:31,550 ERROR lxml parser bytestring Document is empty
2026-10-09 13:37:31,550 ERROR empty HTML tree: None
2026-10-09 13:37:31,550 WARNING discarding data: None
2026-10-09 13:37:31,551 INFO S7 kein Volltext (trafilatura_returned_empty): Kompany: "Die Jungs müssen erstmal müde werden"
2026-10-09 13:37:31,551 INFO S7 zu wenig Stoff (0 Wörter aus 0 Quellen, Versuch 2/3): Kompany: "Die Jungs müssen erstmal müde werden"
2026-10-09 13:37:31,787 WARNING discarding data: None
2026-10-09 13:37:31,788 INFO S7 kein Volltext (trafilatura_returned_empty): Vor Duell gegen FC Bayern: So plant Augsburg-Trainer Baum
2026-10-09 13:37:31,788 INFO S7 zu wenig Stoff (0 Wörter aus 0 Quellen, Versuch 2/3): Vor Duell gegen FC Bayern: So plant Augsburg-Trainer Baum
2026-10-09 13:37:32,074 INFO S7 kein Volltext (too_short_15_words): ''Sie haben vielleicht mehr individuelle Qualitäten, als die
2026-10-09 13:37:32,074 INFO S7 zu wenig Stoff (0 Wörter aus 0 Quellen, Versuch 2/3): ''Sie haben vielleicht mehr individuelle Qualitäten, als die
2026-10-09 13:37:35,302 INFO S7 schreiben (Prio 2, 1 Quellen): Zwölf Jahre beim BVB: Freiburgs Beste über das Duell mit Sch
2026-10-09 13:37:42,970 INFO   Kandidat: Freiburgs Beste warnt vor Schalkes Ruhrpott-Mentalität
2026-10-09 13:37:43,838 INFO S7 kein Volltext (seite_zu_alt): Big Match Preview: Köln vs. Borussia Mönchengladbach
2026-10-09 13:37:43,838 INFO S7 zu wenig Stoff (0 Wörter aus 0 Quellen, Versuch 2/3): Big Match Preview: Köln vs. Borussia Mönchengladbach
2026-10-09 13:37:44,324 INFO S7 kein Volltext (seite_zu_alt): Big Match Preview: SC Freiburg vs. Schalke 04
2026-10-09 13:37:44,324 INFO S7 zu wenig Stoff (0 Wörter aus 0 Quellen, Versuch 2/3): Big Match Preview: SC Freiburg vs. Schalke 04
2026-10-09 13:37:50,933 INFO S6.5 schon berichtet (Leipzig gegen Frankfurt: Duell zweier Teams i): Hütter zu Knauff: "Er ist retour, er ist fit"
2026-10-09 13:37:51,162 ERROR lxml parsing failed: Document is empty
2026-10-09 13:37:51,162 ERROR lxml parser bytestring Document is empty
2026-10-09 13:37:51,162 ERROR lxml parsing failed: Document is empty
2026-10-09 13:37:51,162 ERROR lxml parser bytestring Document is empty
2026-10-09 13:37:51,162 ERROR empty HTML tree: None
2026-10-09 13:37:51,162 WARNING discarding data: None
2026-10-09 13:37:51,163 INFO S7 kein Volltext (trafilatura_returned_empty): Ernüchterung nach Transfer-Hype: "Vieira allein kann diesem 
2026-10-09 13:37:51,163 INFO S7 zu wenig Stoff (0 Wörter aus 0 Quellen, Versuch 2/3): Ernüchterung nach Transfer-Hype: "Vieira allein kann diesem 
2026-10-09 13:38:03,538 INFO S6.5 schon berichtet (Pherai über Eklat in Guatemala: „Das schlimms): „Das schlimmste Spiel meiner Karriere“: HSV-Profi erlebt Ras
2026-10-09 13:38:03,757 ERROR lxml parsing failed: Document is empty
2026-10-09 13:38:03,758 ERROR lxml parser bytestring Document is empty
2026-10-09 13:38:03,758 ERROR lxml parsing failed: Document is empty
2026-10-09 13:38:03,758 ERROR lxml parser bytestring Document is empty
2026-10-09 13:38:03,758 ERROR empty HTML tree: None
2026-10-09 13:38:03,758 WARNING discarding data: None
2026-10-09 13:38:03,759 INFO S7 kein Volltext (trafilatura_returned_empty): Hlozek in Topform und die Baumann-Frage | Michael Pfeifer au
2026-10-09 13:38:03,759 INFO S7 zu wenig Stoff (0 Wörter aus 0 Quellen, Versuch 2/3): Hlozek in Topform und die Baumann-Frage | Michael Pfeifer au
2026-10-09 13:38:04,787 INFO S7 kein Volltext (too_short_56_words): Paderborns Abwehrchef hat auch vor Stuttgarts Edel-Offensive
2026-10-09 13:38:04,787 INFO S7 zu wenig Stoff (0 Wörter aus 0 Quellen, Versuch 3/3): Paderborns Abwehrchef hat auch vor Stuttgarts Edel-Offensive
2026-10-09 13:38:06,074 INFO S7 kein Volltext (likely_paywall): „Sind für unsere Struktur wichtig...“ Eintracht Deutschland 
2026-10-09 13:38:06,074 INFO S7 zu wenig Stoff (0 Wörter aus 0 Quellen, Versuch 3/3): „Sind für unsere Struktur wichtig...“ Eintracht Deutschland 
2026-10-09 13:38:06,285 ERROR lxml parsing failed: Document is empty
2026-10-09 13:38:06,285 ERROR lxml parser bytestring Document is empty
2026-10-09 13:38:06,285 ERROR lxml parsing failed: Document is empty
2026-10-09 13:38:06,285 ERROR lxml parser bytestring Document is empty
2026-10-09 13:38:06,285 ERROR empty HTML tree: None
2026-10-09 13:38:06,285 WARNING discarding data: None
2026-10-09 13:38:06,286 INFO S7 kein Volltext (trafilatura_returned_empty): Elversberg-Coach Wagner: "Muss klären, was stiller Protest k
2026-10-09 13:38:06,286 INFO S7 zu wenig Stoff (0 Wörter aus 0 Quellen, Versuch 3/3): Elversberg-Coach Wagner: "Muss klären, was stiller Protest k
2026-10-09 13:38:14,353 INFO S6.5 schon berichtet (Mohya schwärmt von Gladbach-Trainer Blessin: ): Sander über Gladbach-Coach Blessin: "Trainer, der sehr klar 
2026-10-09 13:38:14,616 ERROR lxml parsing failed: Document is empty
2026-10-09 13:38:14,616 ERROR lxml parser bytestring Document is empty
2026-10-09 13:38:14,617 ERROR lxml parsing failed: Document is empty
2026-10-09 13:38:14,617 ERROR lxml parser bytestring Document is empty
2026-10-09 13:38:14,617 ERROR empty HTML tree: None
2026-10-09 13:38:14,617 WARNING discarding data: None
2026-10-09 13:38:14,617 INFO S7 kein Volltext (trafilatura_returned_empty): "Dickes Ausrufezeichen" von Schalke und "ein ganz, ganz klei
2026-10-09 13:38:14,618 INFO S7 zu wenig Stoff (0 Wörter aus 0 Quellen, Versuch 3/3): "Dickes Ausrufezeichen" von Schalke und "ein ganz, ganz klei
2026-10-09 13:38:15,491 INFO S7 kein Volltext (seite_zu_alt): „Würde mich freuen, wenn er zurückkommt“: Kehrt Ex-Schalke-S
2026-10-09 13:38:15,491 INFO S7 zu wenig Stoff (0 Wörter aus 0 Quellen, Versuch 3/3): „Würde mich freuen, wenn er zurückkommt“: Kehrt Ex-Schalke-S
2026-10-09 13:38:18,701 INFO S7 schreiben (Prio 2, 1 Quellen): Er ließ den BVB abblitzen: Top-Talent äußert sich
2026-10-09 13:38:27,226 INFO   Kandidat: Mikey Moore erklärt: Darum sagte er dem BVB für Köln ab
2026-10-09 13:38:27,853 INFO S7 kein Volltext (too_short_8_words): RB Leipzig: Exklusives Interview mit dem künftigen Leader Ma
2026-10-09 13:38:27,853 INFO S7 zu wenig Stoff (0 Wörter aus 0 Quellen, Versuch 3/3): RB Leipzig: Exklusives Interview mit dem künftigen Leader Ma
2026-10-09 13:38:31,465 INFO S6.5 schon berichtet (Leipzig gegen Frankfurt: Duell zweier Teams i): Eintracht-Coach Hütter beschäftigt mehr als die Systemfrage
2026-10-09 13:38:31,840 ERROR lxml parsing failed: Document is empty
2026-10-09 13:38:31,840 ERROR lxml parser bytestring Document is empty
2026-10-09 13:38:31,841 ERROR lxml parsing failed: Document is empty
2026-10-09 13:38:31,841 ERROR lxml parser bytestring Document is empty
2026-10-09 13:38:31,841 ERROR empty HTML tree: None
2026-10-09 13:38:31,841 WARNING discarding data: None
2026-10-09 13:38:31,842 INFO S7 kein Volltext (trafilatura_returned_empty): Köln empfängt Gladbach zum Derby: Kannst du das Puzzle lösen
2026-10-09 13:38:31,842 INFO S7 zu wenig Stoff (0 Wörter aus 0 Quellen, Versuch 2/3): Köln empfängt Gladbach zum Derby: Kannst du das Puzzle lösen
2026-10-09 13:38:32,171 INFO S7 kein Volltext (seite_zu_alt): Gerüchte um Sammer-Zukunft: BVB spricht Machtwort
2026-10-09 13:38:32,172 INFO S7 zu wenig Stoff (0 Wörter aus 0 Quellen, Versuch 2/3): Gerüchte um Sammer-Zukunft: BVB spricht Machtwort
2026-10-09 13:38:32,183 INFO FinalCheck SKIP: köln/{'rené wagner', 'marius bülter', 'kevin ekweribe'} stage=kader bereits in Archiv
2026-10-09 13:38:32,189 INFO FinalCheck SKIP: bayern/{'michael olise', 'christoph freund'} stage=vertrag bereits in Archiv
2026-10-09 13:38:32,197 INFO S9.5 FinalCheck: 4/6 durch
2026-10-09 13:38:33,058 INFO Veröffentlicht: VfB ohne Diehl und Al-Dakhil in Paderborn
2026-10-09 13:38:33,153 INFO Veröffentlicht: Dublin über Kane: „In jeder Premier-League-Mannschaft in der
2026-10-09 13:38:33,277 INFO Veröffentlicht: Freiburgs Beste warnt vor Schalkes Ruhrpott-Mentalität
2026-10-09 13:38:33,370 INFO Veröffentlicht: Mikey Moore erklärt: Darum sagte er dem BVB für Köln ab
2026-10-09 13:38:33,404 INFO Reddit: Keine Credentials – übersprungen
2026-10-09 13:38:33,404 INFO Reddit: Keine Credentials – übersprungen
2026-10-09 13:38:33,405 INFO Reddit: Keine Credentials – übersprungen
2026-10-09 13:38:33,405 INFO Reddit: Keine Credentials – übersprungen
2026-10-09 13:38:33,406 INFO 💶 Kosten: dieser Lauf 0.000 $ (Budget 0.100 $) | heute 0.00 $ | Monat 0.72 / 23 $ | konferenz (abo) 2× 0.000 $, dublette (abo) 42× 0.000 $, schreiben (abo) 9× 0.000 $
2026-10-09 13:38:33,406 INFO 🎫 Abo-Verbrauch: 130,690 Tokens rein (davon Cache gelesen 16,762), 28,480 raus, API-Gegenwert 0.64 $ | konferenz 2×: 10,661/15,248, dublette 42×: 54,953/3,870, schreiben 9×: 65,076/9,362
2026-10-09 13:38:33,460 INFO Feeds: 60/60 begonnen, nächster Lauf startet bei Nr. 0
2026-10-09 13:38:33,460 INFO URL-Cache gespeichert: 30467 URLs
2026-10-09 13:38:33,460 INFO === Fertig. 4 neue Artikel. feed.json: 1531 ===
2026-10-09 13:38:33,460 INFO Stats: {"ts": "20261009_1330", "ingested": 181, "s2_pre_filter": 45, "s3_relevance": 25, "s4_dedup_early": 0, "gesammelt": 110, "geschichten_neu": 86, "s5_archiv_doppelt": 3, "s5_zusammengefuehrt": 1, "s6_aussortiert": 54, "s7_geschrieben": 9, "s7_verworfen": 21, "s5_fulltext_fail": 28, "s8_qa_rejected": 2, "published": 4, "s5_ohne_bezug": 10, "s5_randthema": 4, "kosten": {"lauf_usd": 0.0, "lauf_budget_usd": 0.0999, "heute_usd": 0.0, "monat_usd": 0.7196, "monatsbudget_usd": 23.0, "aufrufe": {"konferenz (abo)": {"anzahl": 2, "usd": 0.0}, "dublette (abo)": {"anzahl": 42, "usd": 0.0}, "schreiben (abo)": {"anzahl": 9, "usd": 0.0}}, "guthaben_leer": false, "abo": true, "abo_tokens": {"konferenz": {"aufrufe": 2, "ein": 2842, "cache_schreiben": 7819, "cache_lesen": 0, "aus": 15248, "api_wert_usd": 0.0947}, "dublette": {"aufrufe": 42, "ein": 84, "cache_schreiben": 54869, "cache_lesen": 0, "aus": 3870, "api_wert_usd": 0.2585}, "schreiben": {"aufrufe": 9, "ein": 20, "cache_schreiben": 48294, "cache_lesen": 16762, "aus": 9362, "api_wert_usd": 0.2903}}}}
